<?xml version="1.0" encoding="ISO-8859-1" ?>
<link_info>
   <banner>TMS320C2000 Linker PC v18.12.3.LTS</banner>
   <copyright>Copyright (c) 1996-2018 Texas Instruments Incorporated</copyright>
   <link_time>0x61ada711</link_time>
   <link_errors>0x0</link_errors>
   <output_file>proj_lab01.out</output_file>
   <entry_point>
      <name>_c_int00</name>
      <address>0xa5af</address>
   </entry_point>
   <input_file_list>
      <input_file id="fl-5">
         <path>.\</path>
         <kind>object</kind>
         <file>adc.obj</file>
         <name>adc.obj</name>
      </input_file>
      <input_file id="fl-6">
         <path>.\</path>
         <kind>object</kind>
         <file>clk.obj</file>
         <name>clk.obj</name>
      </input_file>
      <input_file id="fl-7">
         <path>.\</path>
         <kind>object</kind>
         <file>cpu.obj</file>
         <name>cpu.obj</name>
      </input_file>
      <input_file id="fl-8">
         <path>.\</path>
         <kind>object</kind>
         <file>drv8301.obj</file>
         <name>drv8301.obj</name>
      </input_file>
      <input_file id="fl-9">
         <path>.\</path>
         <kind>object</kind>
         <file>flash.obj</file>
         <name>flash.obj</name>
      </input_file>
      <input_file id="fl-a">
         <path>.\</path>
         <kind>object</kind>
         <file>gpio.obj</file>
         <name>gpio.obj</name>
      </input_file>
      <input_file id="fl-b">
         <path>.\</path>
         <kind>object</kind>
         <file>hal.obj</file>
         <name>hal.obj</name>
      </input_file>
      <input_file id="fl-c">
         <path>.\</path>
         <kind>object</kind>
         <file>osc.obj</file>
         <name>osc.obj</name>
      </input_file>
      <input_file id="fl-d">
         <path>.\</path>
         <kind>object</kind>
         <file>pie.obj</file>
         <name>pie.obj</name>
      </input_file>
      <input_file id="fl-e">
         <path>.\</path>
         <kind>object</kind>
         <file>pll.obj</file>
         <name>pll.obj</name>
      </input_file>
      <input_file id="fl-f">
         <path>.\</path>
         <kind>object</kind>
         <file>proj_lab01.obj</file>
         <name>proj_lab01.obj</name>
      </input_file>
      <input_file id="fl-10">
         <path>.\</path>
         <kind>object</kind>
         <file>pwm.obj</file>
         <name>pwm.obj</name>
      </input_file>
      <input_file id="fl-11">
         <path>.\</path>
         <kind>object</kind>
         <file>pwr.obj</file>
         <name>pwr.obj</name>
      </input_file>
      <input_file id="fl-12">
         <path>.\</path>
         <kind>object</kind>
         <file>spi.obj</file>
         <name>spi.obj</name>
      </input_file>
      <input_file id="fl-13">
         <path>.\</path>
         <kind>object</kind>
         <file>timer.obj</file>
         <name>timer.obj</name>
      </input_file>
      <input_file id="fl-14">
         <path>.\</path>
         <kind>object</kind>
         <file>usDelay.obj</file>
         <name>usDelay.obj</name>
      </input_file>
      <input_file id="fl-15">
         <path>.\</path>
         <kind>object</kind>
         <file>user.obj</file>
         <name>user.obj</name>
      </input_file>
      <input_file id="fl-16">
         <path>.\</path>
         <kind>object</kind>
         <file>wdog.obj</file>
         <name>wdog.obj</name>
      </input_file>
      <input_file id="fl-19">
         <kind>object</kind>
         <file>&lt;internal&gt;</file>
         <name>&lt;internal&gt;</name>
      </input_file>
      <input_file id="fl-1a">
         <path>C:\ti\ccs920\ccs\tools\compiler\ti-cgt-c2000_18.12.3.LTS\lib\</path>
         <kind>archive</kind>
         <file>rts2800_ml.lib</file>
         <name>fd_mpy28.asm.obj</name>
      </input_file>
      <input_file id="fl-1b">
         <path>C:\ti\ccs920\ccs\tools\compiler\ti-cgt-c2000_18.12.3.LTS\lib\</path>
         <kind>archive</kind>
         <file>rts2800_ml.lib</file>
         <name>fd_tol28.asm.obj</name>
      </input_file>
      <input_file id="fl-1c">
         <path>C:\ti\ccs920\ccs\tools\compiler\ti-cgt-c2000_18.12.3.LTS\lib\</path>
         <kind>archive</kind>
         <file>rts2800_ml.lib</file>
         <name>fs_div28.asm.obj</name>
      </input_file>
      <input_file id="fl-1d">
         <path>C:\ti\ccs920\ccs\tools\compiler\ti-cgt-c2000_18.12.3.LTS\lib\</path>
         <kind>archive</kind>
         <file>rts2800_ml.lib</file>
         <name>fs_mpy28.asm.obj</name>
      </input_file>
      <input_file id="fl-1e">
         <path>C:\ti\ccs920\ccs\tools\compiler\ti-cgt-c2000_18.12.3.LTS\lib\</path>
         <kind>archive</kind>
         <file>rts2800_ml.lib</file>
         <name>fs_neg28.asm.obj</name>
      </input_file>
      <input_file id="fl-1f">
         <path>C:\ti\ccs920\ccs\tools\compiler\ti-cgt-c2000_18.12.3.LTS\lib\</path>
         <kind>archive</kind>
         <file>rts2800_ml.lib</file>
         <name>fs_tofd28.asm.obj</name>
      </input_file>
      <input_file id="fl-20">
         <path>C:\ti\ccs920\ccs\tools\compiler\ti-cgt-c2000_18.12.3.LTS\lib\</path>
         <kind>archive</kind>
         <file>rts2800_ml.lib</file>
         <name>fs_toi28.asm.obj</name>
      </input_file>
      <input_file id="fl-21">
         <path>C:\ti\ccs920\ccs\tools\compiler\ti-cgt-c2000_18.12.3.LTS\lib\</path>
         <kind>archive</kind>
         <file>rts2800_ml.lib</file>
         <name>fs_tou28.asm.obj</name>
      </input_file>
      <input_file id="fl-22">
         <path>C:\ti\ccs920\ccs\tools\compiler\ti-cgt-c2000_18.12.3.LTS\lib\</path>
         <kind>archive</kind>
         <file>rts2800_ml.lib</file>
         <name>fs_toul28.asm.obj</name>
      </input_file>
      <input_file id="fl-23">
         <path>C:\ti\ccs920\ccs\tools\compiler\ti-cgt-c2000_18.12.3.LTS\lib\</path>
         <kind>archive</kind>
         <file>rts2800_ml.lib</file>
         <name>i_tofs28.asm.obj</name>
      </input_file>
      <input_file id="fl-24">
         <path>C:\ti\ccs920\ccs\tools\compiler\ti-cgt-c2000_18.12.3.LTS\lib\</path>
         <kind>archive</kind>
         <file>rts2800_ml.lib</file>
         <name>u_tofs28.asm.obj</name>
      </input_file>
      <input_file id="fl-25">
         <path>C:\ti\ccs920\ccs\tools\compiler\ti-cgt-c2000_18.12.3.LTS\lib\</path>
         <kind>archive</kind>
         <file>rts2800_ml.lib</file>
         <name>ul_tofs28.asm.obj</name>
      </input_file>
      <input_file id="fl-26">
         <path>E:\motor control\Motor_control-master\motorware\sw\modules\fast\lib\32b\f28x\f2806x\</path>
         <kind>archive</kind>
         <file>2806xRevB_FastSpinROMSymbols.lib</file>
         <name>TMS320x2806x_REVB_boot_rom_out__CTRL_setGains_tmp.obj</name>
      </input_file>
      <input_file id="fl-27">
         <path>E:\motor control\Motor_control-master\motorware\sw\modules\fast\lib\32b\f28x\f2806x\</path>
         <kind>archive</kind>
         <file>2806xRevB_FastSpinROMSymbols.lib</file>
         <name>TMS320x2806x_REVB_boot_rom_out__EST_getFlux_pu_tmp.obj</name>
      </input_file>
      <input_file id="fl-28">
         <path>E:\motor control\Motor_control-master\motorware\sw\modules\fast\lib\32b\f28x\f2806x\</path>
         <kind>archive</kind>
         <file>2806xRevB_FastSpinROMSymbols.lib</file>
         <name>TMS320x2806x_REVB_boot_rom_out__EST_getLs_coarse_max_pu_tmp.obj</name>
      </input_file>
      <input_file id="fl-29">
         <path>E:\motor control\Motor_control-master\motorware\sw\modules\fast\lib\32b\f28x\f2806x\</path>
         <kind>archive</kind>
         <file>2806xRevB_FastSpinROMSymbols.lib</file>
         <name>TMS320x2806x_REVB_boot_rom_out__EST_getLs_d_H_tmp.obj</name>
      </input_file>
      <input_file id="fl-2a">
         <path>E:\motor control\Motor_control-master\motorware\sw\modules\fast\lib\32b\f28x\f2806x\</path>
         <kind>archive</kind>
         <file>2806xRevB_FastSpinROMSymbols.lib</file>
         <name>TMS320x2806x_REVB_boot_rom_out__EST_getLs_d_pu_tmp.obj</name>
      </input_file>
      <input_file id="fl-2b">
         <path>E:\motor control\Motor_control-master\motorware\sw\modules\fast\lib\32b\f28x\f2806x\</path>
         <kind>archive</kind>
         <file>2806xRevB_FastSpinROMSymbols.lib</file>
         <name>TMS320x2806x_REVB_boot_rom_out__EST_getLs_q_H_tmp.obj</name>
      </input_file>
      <input_file id="fl-2c">
         <path>E:\motor control\Motor_control-master\motorware\sw\modules\fast\lib\32b\f28x\f2806x\</path>
         <kind>archive</kind>
         <file>2806xRevB_FastSpinROMSymbols.lib</file>
         <name>TMS320x2806x_REVB_boot_rom_out__EST_getLs_q_pu_tmp.obj</name>
      </input_file>
      <input_file id="fl-2d">
         <path>E:\motor control\Motor_control-master\motorware\sw\modules\fast\lib\32b\f28x\f2806x\</path>
         <kind>archive</kind>
         <file>2806xRevB_FastSpinROMSymbols.lib</file>
         <name>TMS320x2806x_REVB_boot_rom_out__EST_getRs_Ohm_tmp.obj</name>
      </input_file>
      <input_file id="fl-2e">
         <path>E:\motor control\Motor_control-master\motorware\sw\modules\fast\lib\32b\f28x\f2806x\</path>
         <kind>archive</kind>
         <file>2806xRevB_FastSpinROMSymbols.lib</file>
         <name>TMS320x2806x_REVB_boot_rom_out__EST_setLs_d_pu_tmp.obj</name>
      </input_file>
      <input_file id="fl-2f">
         <path>E:\motor control\Motor_control-master\motorware\sw\modules\fast\lib\32b\f28x\f2806x\</path>
         <kind>archive</kind>
         <file>2806xRevB_FastSpinROMSymbols.lib</file>
         <name>TMS320x2806x_REVB_boot_rom_out__EST_setLs_qFmt_tmp.obj</name>
      </input_file>
      <input_file id="fl-30">
         <path>E:\motor control\Motor_control-master\motorware\sw\modules\fast\lib\32b\f28x\f2806x\</path>
         <kind>archive</kind>
         <file>2806xRevB_FastSpinROMSymbols.lib</file>
         <name>TMS320x2806x_REVB_boot_rom_out__EST_setLs_q_pu_tmp.obj</name>
      </input_file>
      <input_file id="fl-31">
         <path>E:\motor control\Motor_control-master\motorware\sw\modules\fast\lib\32b\f28x\f2806x\</path>
         <kind>archive</kind>
         <file>2806xRevB_FastSpinROMSymbols.lib</file>
         <name>TMS320x2806x_REVB_boot_rom_out__OFFSET_init_tmp.obj</name>
      </input_file>
      <input_file id="fl-32">
         <path>E:\motor control\Motor_control-master\motorware\sw\modules\fast\lib\32b\f28x\f2806x\</path>
         <kind>archive</kind>
         <file>2806xRevB_FastSpinROMSymbols.lib</file>
         <name>TMS320x2806x_REVB_boot_rom_out__OFFSET_setBeta_tmp.obj</name>
      </input_file>
      <input_file id="fl-33">
         <path>E:\motor control\Motor_control-master\motorware\sw\modules\fast\lib\32b\f28x\f2806x\</path>
         <kind>archive</kind>
         <file>2806xRevB_FastSpinROMSymbols.lib</file>
         <name>TMS320x2806x_REVB_boot_rom_out__OFFSET_setInitCond_tmp.obj</name>
      </input_file>
      <input_file id="fl-34">
         <path>E:\motor control\Motor_control-master\motorware\sw\modules\fast\lib\32b\f28x\f2806x\</path>
         <kind>archive</kind>
         <file>2806xRevB_FastSpinROMSymbols.lib</file>
         <name>TMS320x2806x_REVB_boot_rom_out__OFFSET_setOffset_tmp.obj</name>
      </input_file>
      <input_file id="fl-35">
         <path>E:\motor control\Motor_control-master\motorware\sw\modules\iqmath\lib\f28x\32b\</path>
         <kind>archive</kind>
         <file>IQmath.lib</file>
         <name>IQ30toF.obj</name>
      </input_file>
      <input_file id="fl-36">
         <path>C:\ti\ccs920\ccs\tools\compiler\ti-cgt-c2000_18.12.3.LTS\lib\</path>
         <kind>archive</kind>
         <file>rts2800_ml.lib</file>
         <name>boot28.asm.obj</name>
      </input_file>
      <input_file id="fl-37">
         <path>C:\ti\ccs920\ccs\tools\compiler\ti-cgt-c2000_18.12.3.LTS\lib\</path>
         <kind>archive</kind>
         <file>rts2800_ml.lib</file>
         <name>args_main.c.obj</name>
      </input_file>
      <input_file id="fl-38">
         <path>C:\ti\ccs920\ccs\tools\compiler\ti-cgt-c2000_18.12.3.LTS\lib\</path>
         <kind>archive</kind>
         <file>rts2800_ml.lib</file>
         <name>startup.c.obj</name>
      </input_file>
      <input_file id="fl-39">
         <path>C:\ti\ccs920\ccs\tools\compiler\ti-cgt-c2000_18.12.3.LTS\lib\</path>
         <kind>archive</kind>
         <file>rts2800_ml.lib</file>
         <name>pre_init.c.obj</name>
      </input_file>
      <input_file id="fl-3a">
         <path>C:\ti\ccs920\ccs\tools\compiler\ti-cgt-c2000_18.12.3.LTS\lib\</path>
         <kind>archive</kind>
         <file>rts2800_ml.lib</file>
         <name>s_ceilf.c.obj</name>
      </input_file>
      <input_file id="fl-3b">
         <path>C:\ti\ccs920\ccs\tools\compiler\ti-cgt-c2000_18.12.3.LTS\lib\</path>
         <kind>archive</kind>
         <file>rts2800_ml.lib</file>
         <name>fs_add28.asm.obj</name>
      </input_file>
      <input_file id="fl-3c">
         <path>C:\ti\ccs920\ccs\tools\compiler\ti-cgt-c2000_18.12.3.LTS\lib\</path>
         <kind>archive</kind>
         <file>rts2800_ml.lib</file>
         <name>fs_cmp28.asm.obj</name>
      </input_file>
      <input_file id="fl-3d">
         <path>C:\ti\ccs920\ccs\tools\compiler\ti-cgt-c2000_18.12.3.LTS\lib\</path>
         <kind>archive</kind>
         <file>rts2800_ml.lib</file>
         <name>cpy_tbl.c.obj</name>
      </input_file>
      <input_file id="fl-3e">
         <path>C:\ti\ccs920\ccs\tools\compiler\ti-cgt-c2000_18.12.3.LTS\lib\</path>
         <kind>archive</kind>
         <file>rts2800_ml.lib</file>
         <name>exit.c.obj</name>
      </input_file>
      <input_file id="fl-3f">
         <path>C:\ti\ccs920\ccs\tools\compiler\ti-cgt-c2000_18.12.3.LTS\lib\</path>
         <kind>archive</kind>
         <file>rts2800_ml.lib</file>
         <name>_lock.c.obj</name>
      </input_file>
      <input_file id="fl-40">
         <path>C:\ti\ccs920\ccs\tools\compiler\ti-cgt-c2000_18.12.3.LTS\lib\</path>
         <kind>archive</kind>
         <file>rts2800_ml.lib</file>
         <name>e_logf.c.obj</name>
      </input_file>
      <input_file id="fl-41">
         <path>C:\ti\ccs920\ccs\tools\compiler\ti-cgt-c2000_18.12.3.LTS\lib\</path>
         <kind>archive</kind>
         <file>rts2800_ml.lib</file>
         <name>l_tofs28.asm.obj</name>
      </input_file>
      <input_file id="fl-42">
         <path>C:\ti\ccs920\ccs\tools\compiler\ti-cgt-c2000_18.12.3.LTS\lib\</path>
         <kind>archive</kind>
         <file>rts2800_ml.lib</file>
         <name>errno.c.obj</name>
      </input_file>
      <input_file id="fl-43">
         <path>C:\ti\ccs920\ccs\tools\compiler\ti-cgt-c2000_18.12.3.LTS\lib\</path>
         <kind>archive</kind>
         <file>rts2800_ml.lib</file>
         <name>memcpy.c.obj</name>
      </input_file>
      <input_file id="fl-44">
         <path>C:\ti\ccs920\ccs\tools\compiler\ti-cgt-c2000_18.12.3.LTS\lib\</path>
         <kind>archive</kind>
         <file>rts2800_ml.lib</file>
         <name>e_powf.c.obj</name>
      </input_file>
      <input_file id="fl-45">
         <path>C:\ti\ccs920\ccs\tools\compiler\ti-cgt-c2000_18.12.3.LTS\lib\</path>
         <kind>archive</kind>
         <file>rts2800_ml.lib</file>
         <name>s_scalbnf.c.obj</name>
      </input_file>
      <input_file id="fl-46">
         <path>C:\ti\ccs920\ccs\tools\compiler\ti-cgt-c2000_18.12.3.LTS\lib\</path>
         <kind>archive</kind>
         <file>rts2800_ml.lib</file>
         <name>s_copysignf.c.obj</name>
      </input_file>
      <input_file id="fl-47">
         <path>C:\ti\ccs920\ccs\tools\compiler\ti-cgt-c2000_18.12.3.LTS\lib\</path>
         <kind>archive</kind>
         <file>rts2800_ml.lib</file>
         <name>e_sqrtf.c.obj</name>
      </input_file>
   </input_file_list>
   <object_component_list>
      <object_component id="oc-13b">
         <name>ramfuncs</name>
         <load_address>0x114</load_address>
         <run_address>0x114</run_address>
         <size>0x32</size>
         <input_file_ref idref="fl-9"/>
      </object_component>
      <object_component id="oc-78">
         <name>ramfuncs</name>
         <load_address>0x146</load_address>
         <run_address>0x146</run_address>
         <size>0x4</size>
         <input_file_ref idref="fl-14"/>
      </object_component>
      <object_component id="oc-130">
         <name>.text</name>
         <load_address>0x8000</load_address>
         <run_address>0x8000</run_address>
         <size>0xaf3</size>
         <input_file_ref idref="fl-b"/>
      </object_component>
      <object_component id="oc-131">
         <name>.text</name>
         <load_address>0x8af3</load_address>
         <run_address>0x8af3</run_address>
         <size>0x424</size>
         <input_file_ref idref="fl-15"/>
      </object_component>
      <object_component id="oc-144">
         <name>.text</name>
         <load_address>0x8f17</load_address>
         <run_address>0x8f17</run_address>
         <size>0x41e</size>
         <input_file_ref idref="fl-44"/>
      </object_component>
      <object_component id="oc-138">
         <name>.text</name>
         <load_address>0x9335</load_address>
         <run_address>0x9335</run_address>
         <size>0x2f7</size>
         <input_file_ref idref="fl-10"/>
      </object_component>
      <object_component id="oc-134">
         <name>.text</name>
         <load_address>0x962c</load_address>
         <run_address>0x962c</run_address>
         <size>0x2d2</size>
         <input_file_ref idref="fl-8"/>
      </object_component>
      <object_component id="oc-13c">
         <name>.text</name>
         <load_address>0x98fe</load_address>
         <run_address>0x98fe</run_address>
         <size>0x1ee</size>
         <input_file_ref idref="fl-5"/>
      </object_component>
      <object_component id="oc-137">
         <name>.text</name>
         <load_address>0x9aec</load_address>
         <run_address>0x9aec</run_address>
         <size>0x18a</size>
         <input_file_ref idref="fl-6"/>
      </object_component>
      <object_component id="oc-142">
         <name>.text</name>
         <load_address>0x9c76</load_address>
         <run_address>0x9c76</run_address>
         <size>0x187</size>
         <input_file_ref idref="fl-40"/>
      </object_component>
      <object_component id="oc-12b">
         <name>.text</name>
         <load_address>0x9dfd</load_address>
         <run_address>0x9dfd</run_address>
         <size>0x17f</size>
         <input_file_ref idref="fl-a"/>
      </object_component>
      <object_component id="oc-13a">
         <name>.text</name>
         <load_address>0x9f7c</load_address>
         <run_address>0x9f7c</run_address>
         <size>0x102</size>
         <input_file_ref idref="fl-d"/>
      </object_component>
      <object_component id="oc-5f">
         <name>.text:retain</name>
         <load_address>0xa07e</load_address>
         <run_address>0xa07e</run_address>
         <size>0xb5</size>
         <input_file_ref idref="fl-f"/>
      </object_component>
      <object_component id="oc-136">
         <name>.text</name>
         <load_address>0xa133</load_address>
         <run_address>0xa133</run_address>
         <size>0xa9</size>
         <input_file_ref idref="fl-12"/>
      </object_component>
      <object_component id="oc-88">
         <name>.text</name>
         <load_address>0xa1dc</load_address>
         <run_address>0xa1dc</run_address>
         <size>0x83</size>
         <input_file_ref idref="fl-1a"/>
      </object_component>
      <object_component id="oc-92">
         <name>.text</name>
         <load_address>0xa25f</load_address>
         <run_address>0xa25f</run_address>
         <size>0x83</size>
         <input_file_ref idref="fl-1c"/>
      </object_component>
      <object_component id="oc-e0">
         <name>.text</name>
         <load_address>0xa2e2</load_address>
         <run_address>0xa2e2</run_address>
         <size>0x78</size>
         <input_file_ref idref="fl-3b"/>
      </object_component>
      <object_component id="oc-146">
         <name>.text</name>
         <load_address>0xa35a</load_address>
         <run_address>0xa35a</run_address>
         <size>0x75</size>
         <input_file_ref idref="fl-47"/>
      </object_component>
      <object_component id="oc-143">
         <name>.text</name>
         <load_address>0xa3cf</load_address>
         <run_address>0xa3cf</run_address>
         <size>0x69</size>
         <input_file_ref idref="fl-3a"/>
      </object_component>
      <object_component id="oc-12d">
         <name>.text</name>
         <load_address>0xa438</load_address>
         <run_address>0xa438</run_address>
         <size>0x65</size>
         <input_file_ref idref="fl-f"/>
      </object_component>
      <object_component id="oc-14a">
         <name>.text</name>
         <load_address>0xa49d</load_address>
         <run_address>0xa49d</run_address>
         <size>0x5d</size>
         <input_file_ref idref="fl-45"/>
      </object_component>
      <object_component id="oc-139">
         <name>.text</name>
         <load_address>0xa4fa</load_address>
         <run_address>0xa4fa</run_address>
         <size>0x5b</size>
         <input_file_ref idref="fl-e"/>
      </object_component>
      <object_component id="oc-97">
         <name>.text</name>
         <load_address>0xa555</load_address>
         <run_address>0xa555</run_address>
         <size>0x5a</size>
         <input_file_ref idref="fl-1d"/>
      </object_component>
      <object_component id="oc-14">
         <name>.text</name>
         <load_address>0xa5af</load_address>
         <run_address>0xa5af</run_address>
         <size>0x54</size>
         <input_file_ref idref="fl-36"/>
      </object_component>
      <object_component id="oc-13f">
         <name>.text</name>
         <load_address>0xa603</load_address>
         <run_address>0xa603</run_address>
         <size>0x46</size>
         <input_file_ref idref="fl-16"/>
      </object_component>
      <object_component id="oc-141">
         <name>.text</name>
         <load_address>0xa649</load_address>
         <run_address>0xa649</run_address>
         <size>0x44</size>
         <input_file_ref idref="fl-11"/>
      </object_component>
      <object_component id="oc-135">
         <name>.text</name>
         <load_address>0xa68d</load_address>
         <run_address>0xa68d</run_address>
         <size>0x32</size>
         <input_file_ref idref="fl-13"/>
      </object_component>
      <object_component id="oc-13d">
         <name>.text</name>
         <load_address>0xa6bf</load_address>
         <run_address>0xa6bf</run_address>
         <size>0x2d</size>
         <input_file_ref idref="fl-c"/>
      </object_component>
      <object_component id="oc-12a">
         <name>.text</name>
         <load_address>0xa6ec</load_address>
         <run_address>0xa6ec</run_address>
         <size>0x29</size>
         <input_file_ref idref="fl-3e"/>
      </object_component>
      <object_component id="oc-13e">
         <name>.text</name>
         <load_address>0xa715</load_address>
         <run_address>0xa715</run_address>
         <size>0x25</size>
         <input_file_ref idref="fl-7"/>
      </object_component>
      <object_component id="oc-a6">
         <name>.text</name>
         <load_address>0xa73a</load_address>
         <run_address>0xa73a</run_address>
         <size>0x25</size>
         <input_file_ref idref="fl-20"/>
      </object_component>
      <object_component id="oc-127">
         <name>.text</name>
         <load_address>0xa75f</load_address>
         <run_address>0xa75f</run_address>
         <size>0x24</size>
         <input_file_ref idref="fl-3d"/>
      </object_component>
      <object_component id="oc-b0">
         <name>.text</name>
         <load_address>0xa783</load_address>
         <run_address>0xa783</run_address>
         <size>0x21</size>
         <input_file_ref idref="fl-22"/>
      </object_component>
      <object_component id="oc-140">
         <name>.text</name>
         <load_address>0xa7a4</load_address>
         <run_address>0xa7a4</run_address>
         <size>0x20</size>
         <input_file_ref idref="fl-9"/>
      </object_component>
      <object_component id="oc-8d">
         <name>.text</name>
         <load_address>0xa7c4</load_address>
         <run_address>0xa7c4</run_address>
         <size>0x1f</size>
         <input_file_ref idref="fl-1b"/>
      </object_component>
      <object_component id="oc-ab">
         <name>.text</name>
         <load_address>0xa7e3</load_address>
         <run_address>0xa7e3</run_address>
         <size>0x1d</size>
         <input_file_ref idref="fl-21"/>
      </object_component>
      <object_component id="oc-12c">
         <name>.text</name>
         <load_address>0xa800</load_address>
         <run_address>0xa800</run_address>
         <size>0x1d</size>
         <input_file_ref idref="fl-43"/>
      </object_component>
      <object_component id="oc-a1">
         <name>.text</name>
         <load_address>0xa81d</load_address>
         <run_address>0xa81d</run_address>
         <size>0x1c</size>
         <input_file_ref idref="fl-1f"/>
      </object_component>
      <object_component id="oc-b5">
         <name>.text</name>
         <load_address>0xa839</load_address>
         <run_address>0xa839</run_address>
         <size>0x1a</size>
         <input_file_ref idref="fl-23"/>
      </object_component>
      <object_component id="oc-101">
         <name>.text</name>
         <load_address>0xa853</load_address>
         <run_address>0xa853</run_address>
         <size>0x1a</size>
         <input_file_ref idref="fl-41"/>
      </object_component>
      <object_component id="oc-129">
         <name>.text</name>
         <load_address>0xa86d</load_address>
         <run_address>0xa86d</run_address>
         <size>0x19</size>
         <input_file_ref idref="fl-37"/>
      </object_component>
      <object_component id="oc-e5">
         <name>.text</name>
         <load_address>0xa886</load_address>
         <run_address>0xa886</run_address>
         <size>0x17</size>
         <input_file_ref idref="fl-3c"/>
      </object_component>
      <object_component id="oc-bf">
         <name>.text</name>
         <load_address>0xa89d</load_address>
         <run_address>0xa89d</run_address>
         <size>0x13</size>
         <input_file_ref idref="fl-25"/>
      </object_component>
      <object_component id="oc-ba">
         <name>.text</name>
         <load_address>0xa8b0</load_address>
         <run_address>0xa8b0</run_address>
         <size>0x10</size>
         <input_file_ref idref="fl-24"/>
      </object_component>
      <object_component id="oc-14b">
         <name>.text</name>
         <load_address>0xa8c0</load_address>
         <run_address>0xa8c0</run_address>
         <size>0xa</size>
         <input_file_ref idref="fl-46"/>
      </object_component>
      <object_component id="oc-132">
         <name>.text</name>
         <load_address>0xa8ca</load_address>
         <run_address>0xa8ca</run_address>
         <size>0x9</size>
         <input_file_ref idref="fl-3f"/>
      </object_component>
      <object_component id="oc-52">
         <name>.text:retain</name>
         <load_address>0xa8d3</load_address>
         <run_address>0xa8d3</run_address>
         <size>0x5</size>
         <input_file_ref idref="fl-d"/>
      </object_component>
      <object_component id="oc-9c">
         <name>.text</name>
         <load_address>0xa8d8</load_address>
         <run_address>0xa8d8</run_address>
         <size>0x5</size>
         <input_file_ref idref="fl-1e"/>
      </object_component>
      <object_component id="oc-126">
         <name>.text</name>
         <load_address>0xa8dd</load_address>
         <run_address>0xa8dd</run_address>
         <size>0x2</size>
         <input_file_ref idref="fl-39"/>
      </object_component>
      <object_component id="oc-128">
         <name>.text</name>
         <load_address>0xa8df</load_address>
         <run_address>0xa8df</run_address>
         <size>0x1</size>
         <input_file_ref idref="fl-38"/>
      </object_component>
      <object_component id="oc-5d">
         <name>.cinit</name>
         <load_address>0x50</load_address>
         <run_address>0x50</run_address>
         <size>0xa2</size>
         <input_file_ref idref="fl-f"/>
      </object_component>
      <object_component id="oc-f0">
         <name>.cinit</name>
         <load_address>0xf2</load_address>
         <run_address>0xf2</run_address>
         <size>0xe</size>
         <input_file_ref idref="fl-3e"/>
      </object_component>
      <object_component id="oc-12f">
         <name>.cinit:__lock</name>
         <load_address>0x100</load_address>
         <run_address>0x100</run_address>
         <size>0x5</size>
         <input_file_ref idref="fl-3f"/>
      </object_component>
      <object_component id="oc-133">
         <name>.cinit:__unlock</name>
         <load_address>0x105</load_address>
         <run_address>0x105</run_address>
         <size>0x5</size>
         <input_file_ref idref="fl-3f"/>
      </object_component>
      <object_component id="oc-35">
         <name>.cinit</name>
         <load_address>0x10a</load_address>
         <run_address>0x10a</run_address>
         <size>0x4</size>
         <input_file_ref idref="fl-8"/>
      </object_component>
      <object_component id="oc-107">
         <name>.cinit</name>
         <load_address>0x10e</load_address>
         <run_address>0x10e</run_address>
         <size>0x4</size>
         <input_file_ref idref="fl-42"/>
      </object_component>
      <object_component id="oc-c6">
         <name>.reset</name>
         <load_address>0x3fffc0</load_address>
         <run_address>0x3fffc0</run_address>
         <size>0x2</size>
         <input_file_ref idref="fl-36"/>
      </object_component>
      <object_component id="oc-c5">
         <name>.stack</name>
         <uninitialized>true</uninitialized>
         <run_address>0x400</run_address>
         <size>0x0</size>
         <input_file_ref idref="fl-36"/>
      </object_component>
      <object_component id="oc-169">
         <name>.stack</name>
         <uninitialized>true</uninitialized>
         <run_address>0x400</run_address>
         <size>0x0</size>
      </object_component>
      <object_component id="oc-2f">
         <name>.ebss</name>
         <uninitialized>true</uninitialized>
         <run_address>0xa8ec</run_address>
         <size>0x1</size>
         <input_file_ref idref="fl-7"/>
      </object_component>
      <object_component id="oc-36">
         <name>.ebss</name>
         <uninitialized>true</uninitialized>
         <run_address>0xa8ea</run_address>
         <size>0x2</size>
         <input_file_ref idref="fl-8"/>
      </object_component>
      <object_component id="oc-46">
         <name>.ebss</name>
         <uninitialized>true</uninitialized>
         <run_address>0xaa80</run_address>
         <size>0xaa</size>
         <input_file_ref idref="fl-b"/>
      </object_component>
      <object_component id="oc-5e">
         <name>.ebss</name>
         <uninitialized>true</uninitialized>
         <run_address>0xa900</run_address>
         <size>0x16c</size>
         <input_file_ref idref="fl-f"/>
      </object_component>
      <object_component id="oc-f1">
         <name>.ebss</name>
         <uninitialized>true</uninitialized>
         <run_address>0xa8e0</run_address>
         <size>0x6</size>
         <input_file_ref idref="fl-3e"/>
      </object_component>
      <object_component id="oc-12e">
         <name>.ebss:__lock</name>
         <uninitialized>true</uninitialized>
         <run_address>0xa8e6</run_address>
         <size>0x2</size>
         <input_file_ref idref="fl-3f"/>
      </object_component>
      <object_component id="oc-145">
         <name>.ebss:__unlock</name>
         <uninitialized>true</uninitialized>
         <run_address>0xa8e8</run_address>
         <size>0x2</size>
         <input_file_ref idref="fl-3f"/>
      </object_component>
      <object_component id="oc-108">
         <name>.ebss</name>
         <uninitialized>true</uninitialized>
         <run_address>0xa8ed</run_address>
         <size>0x1</size>
         <input_file_ref idref="fl-42"/>
      </object_component>
      <object_component id="oc-110">
         <name>.econst</name>
         <load_address>0xab2a</load_address>
         <run_address>0xab2a</run_address>
         <size>0x32</size>
         <input_file_ref idref="fl-44"/>
      </object_component>
      <object_component id="oc-fc">
         <name>.econst</name>
         <load_address>0xab5c</load_address>
         <run_address>0xab5c</run_address>
         <size>0x10</size>
         <input_file_ref idref="fl-40"/>
      </object_component>
      <object_component id="oc-7e">
         <name>.econst</name>
         <load_address>0xab6c</load_address>
         <run_address>0xab6c</run_address>
         <size>0x8</size>
         <input_file_ref idref="fl-15"/>
      </object_component>
      <object_component id="oc-116">
         <name>.econst</name>
         <load_address>0xab74</load_address>
         <run_address>0xab74</run_address>
         <size>0x6</size>
         <input_file_ref idref="fl-45"/>
      </object_component>
      <object_component id="oc-147">
         <name>.econst:_bp</name>
         <load_address>0xab7a</load_address>
         <run_address>0xab7a</run_address>
         <size>0x4</size>
         <input_file_ref idref="fl-44"/>
      </object_component>
      <object_component id="oc-148">
         <name>.econst:_dp_h</name>
         <load_address>0xab7e</load_address>
         <run_address>0xab7e</run_address>
         <size>0x4</size>
         <input_file_ref idref="fl-44"/>
      </object_component>
      <object_component id="oc-149">
         <name>.econst:_dp_l</name>
         <load_address>0xab82</load_address>
         <run_address>0xab82</run_address>
         <size>0x4</size>
         <input_file_ref idref="fl-44"/>
      </object_component>
      <object_component id="oc-47">
         <name>.econst</name>
         <load_address>0xab86</load_address>
         <run_address>0xab86</run_address>
         <size>0x4</size>
         <input_file_ref idref="fl-b"/>
      </object_component>
      <object_component id="oc-121">
         <name>.econst</name>
         <load_address>0xab8a</load_address>
         <run_address>0xab8a</run_address>
         <size>0x4</size>
         <input_file_ref idref="fl-47"/>
      </object_component>
      <object_component id="oc-db">
         <name>.econst</name>
         <load_address>0xab8e</load_address>
         <run_address>0xab8e</run_address>
         <size>0x2</size>
         <input_file_ref idref="fl-3a"/>
      </object_component>
      <object_component id="oc-c4">
         <name>IQmath</name>
         <load_address>0xab90</load_address>
         <run_address>0xab90</run_address>
         <size>0x14</size>
         <input_file_ref idref="fl-35"/>
      </object_component>
      <object_component id="oc-24">
         <name>.debug_info</name>
         <load_address>0x0</load_address>
         <run_address>0x0</run_address>
         <size>0x46ed</size>
         <input_file_ref idref="fl-5"/>
      </object_component>
      <object_component id="oc-29">
         <name>.debug_info</name>
         <load_address>0x46ed</load_address>
         <run_address>0x46ed</run_address>
         <size>0x4f84</size>
         <input_file_ref idref="fl-6"/>
      </object_component>
      <object_component id="oc-2e">
         <name>.debug_info</name>
         <load_address>0x9671</load_address>
         <run_address>0x9671</run_address>
         <size>0x1182</size>
         <input_file_ref idref="fl-7"/>
      </object_component>
      <object_component id="oc-34">
         <name>.debug_info</name>
         <load_address>0xa7f3</load_address>
         <run_address>0xa7f3</run_address>
         <size>0x5034</size>
         <input_file_ref idref="fl-8"/>
      </object_component>
      <object_component id="oc-3b">
         <name>.debug_info</name>
         <load_address>0xf827</load_address>
         <run_address>0xf827</run_address>
         <size>0x21d8</size>
         <input_file_ref idref="fl-9"/>
      </object_component>
      <object_component id="oc-40">
         <name>.debug_info</name>
         <load_address>0x119ff</load_address>
         <run_address>0x119ff</run_address>
         <size>0x389b</size>
         <input_file_ref idref="fl-a"/>
      </object_component>
      <object_component id="oc-45">
         <name>.debug_info</name>
         <load_address>0x1529a</load_address>
         <run_address>0x1529a</run_address>
         <size>0x12ab0</size>
         <input_file_ref idref="fl-b"/>
      </object_component>
      <object_component id="oc-4c">
         <name>.debug_info</name>
         <load_address>0x27d4a</load_address>
         <run_address>0x27d4a</run_address>
         <size>0xaa7</size>
         <input_file_ref idref="fl-c"/>
      </object_component>
      <object_component id="oc-51">
         <name>.debug_info</name>
         <load_address>0x287f1</load_address>
         <run_address>0x287f1</run_address>
         <size>0x47ca</size>
         <input_file_ref idref="fl-d"/>
      </object_component>
      <object_component id="oc-57">
         <name>.debug_info</name>
         <load_address>0x2cfbb</load_address>
         <run_address>0x2cfbb</run_address>
         <size>0x1bee</size>
         <input_file_ref idref="fl-e"/>
      </object_component>
      <object_component id="oc-5c">
         <name>.debug_info</name>
         <load_address>0x2eba9</load_address>
         <run_address>0x2eba9</run_address>
         <size>0x6fc5</size>
         <input_file_ref idref="fl-f"/>
      </object_component>
      <object_component id="oc-64">
         <name>.debug_info</name>
         <load_address>0x35b6e</load_address>
         <run_address>0x35b6e</run_address>
         <size>0xb807</size>
         <input_file_ref idref="fl-10"/>
      </object_component>
      <object_component id="oc-69">
         <name>.debug_info</name>
         <load_address>0x41375</load_address>
         <run_address>0x41375</run_address>
         <size>0x1440</size>
         <input_file_ref idref="fl-11"/>
      </object_component>
      <object_component id="oc-6e">
         <name>.debug_info</name>
         <load_address>0x427b5</load_address>
         <run_address>0x427b5</run_address>
         <size>0x3e2d</size>
         <input_file_ref idref="fl-12"/>
      </object_component>
      <object_component id="oc-73">
         <name>.debug_info</name>
         <load_address>0x465e2</load_address>
         <run_address>0x465e2</run_address>
         <size>0xff5</size>
         <input_file_ref idref="fl-13"/>
      </object_component>
      <object_component id="oc-7a">
         <name>.debug_info</name>
         <load_address>0x475d7</load_address>
         <run_address>0x475d7</run_address>
         <size>0x1d2</size>
         <input_file_ref idref="fl-14"/>
      </object_component>
      <object_component id="oc-7d">
         <name>.debug_info</name>
         <load_address>0x477a9</load_address>
         <run_address>0x477a9</run_address>
         <size>0x4ade</size>
         <input_file_ref idref="fl-15"/>
      </object_component>
      <object_component id="oc-83">
         <name>.debug_info</name>
         <load_address>0x4c287</load_address>
         <run_address>0x4c287</run_address>
         <size>0x13ee</size>
         <input_file_ref idref="fl-16"/>
      </object_component>
      <object_component id="oc-89">
         <name>.debug_info</name>
         <load_address>0x4d675</load_address>
         <run_address>0x4d675</run_address>
         <size>0x115</size>
         <input_file_ref idref="fl-1a"/>
      </object_component>
      <object_component id="oc-8e">
         <name>.debug_info</name>
         <load_address>0x4d78a</load_address>
         <run_address>0x4d78a</run_address>
         <size>0x115</size>
         <input_file_ref idref="fl-1b"/>
      </object_component>
      <object_component id="oc-93">
         <name>.debug_info</name>
         <load_address>0x4d89f</load_address>
         <run_address>0x4d89f</run_address>
         <size>0x115</size>
         <input_file_ref idref="fl-1c"/>
      </object_component>
      <object_component id="oc-98">
         <name>.debug_info</name>
         <load_address>0x4d9b4</load_address>
         <run_address>0x4d9b4</run_address>
         <size>0x115</size>
         <input_file_ref idref="fl-1d"/>
      </object_component>
      <object_component id="oc-9d">
         <name>.debug_info</name>
         <load_address>0x4dac9</load_address>
         <run_address>0x4dac9</run_address>
         <size>0x115</size>
         <input_file_ref idref="fl-1e"/>
      </object_component>
      <object_component id="oc-a2">
         <name>.debug_info</name>
         <load_address>0x4dbde</load_address>
         <run_address>0x4dbde</run_address>
         <size>0x118</size>
         <input_file_ref idref="fl-1f"/>
      </object_component>
      <object_component id="oc-a7">
         <name>.debug_info</name>
         <load_address>0x4dcf6</load_address>
         <run_address>0x4dcf6</run_address>
         <size>0x121</size>
         <input_file_ref idref="fl-20"/>
      </object_component>
      <object_component id="oc-ac">
         <name>.debug_info</name>
         <load_address>0x4de17</load_address>
         <run_address>0x4de17</run_address>
         <size>0x121</size>
         <input_file_ref idref="fl-21"/>
      </object_component>
      <object_component id="oc-b1">
         <name>.debug_info</name>
         <load_address>0x4df38</load_address>
         <run_address>0x4df38</run_address>
         <size>0x124</size>
         <input_file_ref idref="fl-22"/>
      </object_component>
      <object_component id="oc-b6">
         <name>.debug_info</name>
         <load_address>0x4e05c</load_address>
         <run_address>0x4e05c</run_address>
         <size>0x11f</size>
         <input_file_ref idref="fl-23"/>
      </object_component>
      <object_component id="oc-bb">
         <name>.debug_info</name>
         <load_address>0x4e17b</load_address>
         <run_address>0x4e17b</run_address>
         <size>0x119</size>
         <input_file_ref idref="fl-24"/>
      </object_component>
      <object_component id="oc-c0">
         <name>.debug_info</name>
         <load_address>0x4e294</load_address>
         <run_address>0x4e294</run_address>
         <size>0x11c</size>
         <input_file_ref idref="fl-25"/>
      </object_component>
      <object_component id="oc-c7">
         <name>.debug_info</name>
         <load_address>0x4e3b0</load_address>
         <run_address>0x4e3b0</run_address>
         <size>0x174</size>
         <input_file_ref idref="fl-36"/>
      </object_component>
      <object_component id="oc-cb">
         <name>.debug_info</name>
         <load_address>0x4e524</load_address>
         <run_address>0x4e524</run_address>
         <size>0x401</size>
         <input_file_ref idref="fl-37"/>
      </object_component>
      <object_component id="oc-d0">
         <name>.debug_info</name>
         <load_address>0x4e925</load_address>
         <run_address>0x4e925</run_address>
         <size>0x344</size>
         <input_file_ref idref="fl-38"/>
      </object_component>
      <object_component id="oc-d5">
         <name>.debug_info</name>
         <load_address>0x4ec69</load_address>
         <run_address>0x4ec69</run_address>
         <size>0x347</size>
         <input_file_ref idref="fl-39"/>
      </object_component>
      <object_component id="oc-da">
         <name>.debug_info</name>
         <load_address>0x4efb0</load_address>
         <run_address>0x4efb0</run_address>
         <size>0x412</size>
         <input_file_ref idref="fl-3a"/>
      </object_component>
      <object_component id="oc-e1">
         <name>.debug_info</name>
         <load_address>0x4f3c2</load_address>
         <run_address>0x4f3c2</run_address>
         <size>0x115</size>
         <input_file_ref idref="fl-3b"/>
      </object_component>
      <object_component id="oc-e6">
         <name>.debug_info</name>
         <load_address>0x4f4d7</load_address>
         <run_address>0x4f4d7</run_address>
         <size>0x115</size>
         <input_file_ref idref="fl-3c"/>
      </object_component>
      <object_component id="oc-ea">
         <name>.debug_info</name>
         <load_address>0x4f5ec</load_address>
         <run_address>0x4f5ec</run_address>
         <size>0x4fb</size>
         <input_file_ref idref="fl-3d"/>
      </object_component>
      <object_component id="oc-ef">
         <name>.debug_info</name>
         <load_address>0x4fae7</load_address>
         <run_address>0x4fae7</run_address>
         <size>0x4de</size>
         <input_file_ref idref="fl-3e"/>
      </object_component>
      <object_component id="oc-f6">
         <name>.debug_info</name>
         <load_address>0x4ffc5</load_address>
         <run_address>0x4ffc5</run_address>
         <size>0x466</size>
         <input_file_ref idref="fl-3f"/>
      </object_component>
      <object_component id="oc-fb">
         <name>.debug_info</name>
         <load_address>0x5042b</load_address>
         <run_address>0x5042b</run_address>
         <size>0x73b</size>
         <input_file_ref idref="fl-40"/>
      </object_component>
      <object_component id="oc-102">
         <name>.debug_info</name>
         <load_address>0x50b66</load_address>
         <run_address>0x50b66</run_address>
         <size>0x11f</size>
         <input_file_ref idref="fl-41"/>
      </object_component>
      <object_component id="oc-106">
         <name>.debug_info</name>
         <load_address>0x50c85</load_address>
         <run_address>0x50c85</run_address>
         <size>0x1c7</size>
         <input_file_ref idref="fl-42"/>
      </object_component>
      <object_component id="oc-10a">
         <name>.debug_info</name>
         <load_address>0x50e4c</load_address>
         <run_address>0x50e4c</run_address>
         <size>0x3d4</size>
         <input_file_ref idref="fl-43"/>
      </object_component>
      <object_component id="oc-10f">
         <name>.debug_info</name>
         <load_address>0x51220</load_address>
         <run_address>0x51220</run_address>
         <size>0xe2a</size>
         <input_file_ref idref="fl-44"/>
      </object_component>
      <object_component id="oc-115">
         <name>.debug_info</name>
         <load_address>0x5204a</load_address>
         <run_address>0x5204a</run_address>
         <size>0x476</size>
         <input_file_ref idref="fl-45"/>
      </object_component>
      <object_component id="oc-11b">
         <name>.debug_info</name>
         <load_address>0x524c0</load_address>
         <run_address>0x524c0</run_address>
         <size>0x387</size>
         <input_file_ref idref="fl-46"/>
      </object_component>
      <object_component id="oc-120">
         <name>.debug_info</name>
         <load_address>0x52847</load_address>
         <run_address>0x52847</run_address>
         <size>0x43f</size>
         <input_file_ref idref="fl-47"/>
      </object_component>
      <object_component id="oc-16a">
         <name>.debug_info</name>
         <load_address>0x52c86</load_address>
         <run_address>0x52c86</run_address>
         <size>0x103</size>
      </object_component>
      <object_component id="oc-25">
         <name>.debug_frame</name>
         <load_address>0x0</load_address>
         <run_address>0x0</run_address>
         <size>0x320</size>
         <input_file_ref idref="fl-5"/>
      </object_component>
      <object_component id="oc-2a">
         <name>.debug_frame</name>
         <load_address>0x320</load_address>
         <run_address>0x320</run_address>
         <size>0x5a8</size>
         <input_file_ref idref="fl-6"/>
      </object_component>
      <object_component id="oc-30">
         <name>.debug_frame</name>
         <load_address>0x8c8</load_address>
         <run_address>0x8c8</run_address>
         <size>0x128</size>
         <input_file_ref idref="fl-7"/>
      </object_component>
      <object_component id="oc-37">
         <name>.debug_frame</name>
         <load_address>0x9f0</load_address>
         <run_address>0x9f0</run_address>
         <size>0x424</size>
         <input_file_ref idref="fl-8"/>
      </object_component>
      <object_component id="oc-3c">
         <name>.debug_frame</name>
         <load_address>0xe14</load_address>
         <run_address>0xe14</run_address>
         <size>0x1a0</size>
         <input_file_ref idref="fl-9"/>
      </object_component>
      <object_component id="oc-41">
         <name>.debug_frame</name>
         <load_address>0xfb4</load_address>
         <run_address>0xfb4</run_address>
         <size>0x18c</size>
         <input_file_ref idref="fl-a"/>
      </object_component>
      <object_component id="oc-48">
         <name>.debug_frame</name>
         <load_address>0x1140</load_address>
         <run_address>0x1140</run_address>
         <size>0x4ec</size>
         <input_file_ref idref="fl-b"/>
      </object_component>
      <object_component id="oc-4d">
         <name>.debug_frame</name>
         <load_address>0x162c</load_address>
         <run_address>0x162c</run_address>
         <size>0x80</size>
         <input_file_ref idref="fl-c"/>
      </object_component>
      <object_component id="oc-53">
         <name>.debug_frame</name>
         <load_address>0x16ac</load_address>
         <run_address>0x16ac</run_address>
         <size>0x2a8</size>
         <input_file_ref idref="fl-d"/>
      </object_component>
      <object_component id="oc-58">
         <name>.debug_frame</name>
         <load_address>0x1954</load_address>
         <run_address>0x1954</run_address>
         <size>0x1b8</size>
         <input_file_ref idref="fl-e"/>
      </object_component>
      <object_component id="oc-60">
         <name>.debug_frame</name>
         <load_address>0x1b0c</load_address>
         <run_address>0x1b0c</run_address>
         <size>0x90</size>
         <input_file_ref idref="fl-f"/>
      </object_component>
      <object_component id="oc-65">
         <name>.debug_frame</name>
         <load_address>0x1b9c</load_address>
         <run_address>0x1b9c</run_address>
         <size>0xa28</size>
         <input_file_ref idref="fl-10"/>
      </object_component>
      <object_component id="oc-6a">
         <name>.debug_frame</name>
         <load_address>0x25c4</load_address>
         <run_address>0x25c4</run_address>
         <size>0xc8</size>
         <input_file_ref idref="fl-11"/>
      </object_component>
      <object_component id="oc-6f">
         <name>.debug_frame</name>
         <load_address>0x268c</load_address>
         <run_address>0x268c</run_address>
         <size>0x410</size>
         <input_file_ref idref="fl-12"/>
      </object_component>
      <object_component id="oc-74">
         <name>.debug_frame</name>
         <load_address>0x2a9c</load_address>
         <run_address>0x2a9c</run_address>
         <size>0xe0</size>
         <input_file_ref idref="fl-13"/>
      </object_component>
      <object_component id="oc-7f">
         <name>.debug_frame</name>
         <load_address>0x2b7c</load_address>
         <run_address>0x2b7c</run_address>
         <size>0x210</size>
         <input_file_ref idref="fl-15"/>
      </object_component>
      <object_component id="oc-84">
         <name>.debug_frame</name>
         <load_address>0x2d8c</load_address>
         <run_address>0x2d8c</run_address>
         <size>0x128</size>
         <input_file_ref idref="fl-16"/>
      </object_component>
      <object_component id="oc-cc">
         <name>.debug_frame</name>
         <load_address>0x2eb4</load_address>
         <run_address>0x2eb4</run_address>
         <size>0x38</size>
         <input_file_ref idref="fl-37"/>
      </object_component>
      <object_component id="oc-d1">
         <name>.debug_frame</name>
         <load_address>0x2eec</load_address>
         <run_address>0x2eec</run_address>
         <size>0x38</size>
         <input_file_ref idref="fl-38"/>
      </object_component>
      <object_component id="oc-d6">
         <name>.debug_frame</name>
         <load_address>0x2f24</load_address>
         <run_address>0x2f24</run_address>
         <size>0x38</size>
         <input_file_ref idref="fl-39"/>
      </object_component>
      <object_component id="oc-dc">
         <name>.debug_frame</name>
         <load_address>0x2f5c</load_address>
         <run_address>0x2f5c</run_address>
         <size>0x58</size>
         <input_file_ref idref="fl-3a"/>
      </object_component>
      <object_component id="oc-eb">
         <name>.debug_frame</name>
         <load_address>0x2fb4</load_address>
         <run_address>0x2fb4</run_address>
         <size>0x58</size>
         <input_file_ref idref="fl-3d"/>
      </object_component>
      <object_component id="oc-f2">
         <name>.debug_frame</name>
         <load_address>0x300c</load_address>
         <run_address>0x300c</run_address>
         <size>0x58</size>
         <input_file_ref idref="fl-3e"/>
      </object_component>
      <object_component id="oc-f7">
         <name>.debug_frame</name>
         <load_address>0x3064</load_address>
         <run_address>0x3064</run_address>
         <size>0x68</size>
         <input_file_ref idref="fl-3f"/>
      </object_component>
      <object_component id="oc-fd">
         <name>.debug_frame</name>
         <load_address>0x30cc</load_address>
         <run_address>0x30cc</run_address>
         <size>0x58</size>
         <input_file_ref idref="fl-40"/>
      </object_component>
      <object_component id="oc-10b">
         <name>.debug_frame</name>
         <load_address>0x3124</load_address>
         <run_address>0x3124</run_address>
         <size>0x38</size>
         <input_file_ref idref="fl-43"/>
      </object_component>
      <object_component id="oc-111">
         <name>.debug_frame</name>
         <load_address>0x315c</load_address>
         <run_address>0x315c</run_address>
         <size>0x58</size>
         <input_file_ref idref="fl-44"/>
      </object_component>
      <object_component id="oc-117">
         <name>.debug_frame</name>
         <load_address>0x31b4</load_address>
         <run_address>0x31b4</run_address>
         <size>0x48</size>
         <input_file_ref idref="fl-45"/>
      </object_component>
      <object_component id="oc-11c">
         <name>.debug_frame</name>
         <load_address>0x31fc</load_address>
         <run_address>0x31fc</run_address>
         <size>0x38</size>
         <input_file_ref idref="fl-46"/>
      </object_component>
      <object_component id="oc-122">
         <name>.debug_frame</name>
         <load_address>0x3234</load_address>
         <run_address>0x3234</run_address>
         <size>0x48</size>
         <input_file_ref idref="fl-47"/>
      </object_component>
      <object_component id="oc-26">
         <name>.debug_line</name>
         <load_address>0x0</load_address>
         <run_address>0x0</run_address>
         <size>0x37b</size>
         <input_file_ref idref="fl-5"/>
      </object_component>
      <object_component id="oc-2b">
         <name>.debug_line</name>
         <load_address>0x37b</load_address>
         <run_address>0x37b</run_address>
         <size>0x591</size>
         <input_file_ref idref="fl-6"/>
      </object_component>
      <object_component id="oc-31">
         <name>.debug_line</name>
         <load_address>0x90c</load_address>
         <run_address>0x90c</run_address>
         <size>0x158</size>
         <input_file_ref idref="fl-7"/>
      </object_component>
      <object_component id="oc-38">
         <name>.debug_line</name>
         <load_address>0xa64</load_address>
         <run_address>0xa64</run_address>
         <size>0x5b3</size>
         <input_file_ref idref="fl-8"/>
      </object_component>
      <object_component id="oc-3d">
         <name>.debug_line</name>
         <load_address>0x1017</load_address>
         <run_address>0x1017</run_address>
         <size>0x1e0</size>
         <input_file_ref idref="fl-9"/>
      </object_component>
      <object_component id="oc-42">
         <name>.debug_line</name>
         <load_address>0x11f7</load_address>
         <run_address>0x11f7</run_address>
         <size>0x2be</size>
         <input_file_ref idref="fl-a"/>
      </object_component>
      <object_component id="oc-49">
         <name>.debug_line</name>
         <load_address>0x14b5</load_address>
         <run_address>0x14b5</run_address>
         <size>0xd7f</size>
         <input_file_ref idref="fl-b"/>
      </object_component>
      <object_component id="oc-4e">
         <name>.debug_line</name>
         <load_address>0x2234</load_address>
         <run_address>0x2234</run_address>
         <size>0xe0</size>
         <input_file_ref idref="fl-c"/>
      </object_component>
      <object_component id="oc-54">
         <name>.debug_line</name>
         <load_address>0x2314</load_address>
         <run_address>0x2314</run_address>
         <size>0x30a</size>
         <input_file_ref idref="fl-d"/>
      </object_component>
      <object_component id="oc-59">
         <name>.debug_line</name>
         <load_address>0x261e</load_address>
         <run_address>0x261e</run_address>
         <size>0x1ef</size>
         <input_file_ref idref="fl-e"/>
      </object_component>
      <object_component id="oc-61">
         <name>.debug_line</name>
         <load_address>0x280d</load_address>
         <run_address>0x280d</run_address>
         <size>0x3c8</size>
         <input_file_ref idref="fl-f"/>
      </object_component>
      <object_component id="oc-66">
         <name>.debug_line</name>
         <load_address>0x2bd5</load_address>
         <run_address>0x2bd5</run_address>
         <size>0xa3d</size>
         <input_file_ref idref="fl-10"/>
      </object_component>
      <object_component id="oc-6b">
         <name>.debug_line</name>
         <load_address>0x3612</load_address>
         <run_address>0x3612</run_address>
         <size>0x118</size>
         <input_file_ref idref="fl-11"/>
      </object_component>
      <object_component id="oc-70">
         <name>.debug_line</name>
         <load_address>0x372a</load_address>
         <run_address>0x372a</run_address>
         <size>0x41c</size>
         <input_file_ref idref="fl-12"/>
      </object_component>
      <object_component id="oc-75">
         <name>.debug_line</name>
         <load_address>0x3b46</load_address>
         <run_address>0x3b46</run_address>
         <size>0x12d</size>
         <input_file_ref idref="fl-13"/>
      </object_component>
      <object_component id="oc-79">
         <name>.debug_line</name>
         <load_address>0x3c73</load_address>
         <run_address>0x3c73</run_address>
         <size>0x8c</size>
         <input_file_ref idref="fl-14"/>
      </object_component>
      <object_component id="oc-80">
         <name>.debug_line</name>
         <load_address>0x3cff</load_address>
         <run_address>0x3cff</run_address>
         <size>0x45a</size>
         <input_file_ref idref="fl-15"/>
      </object_component>
      <object_component id="oc-85">
         <name>.debug_line</name>
         <load_address>0x4159</load_address>
         <run_address>0x4159</run_address>
         <size>0x177</size>
         <input_file_ref idref="fl-16"/>
      </object_component>
      <object_component id="oc-8a">
         <name>.debug_line</name>
         <load_address>0x42d0</load_address>
         <run_address>0x42d0</run_address>
         <size>0xa2</size>
         <input_file_ref idref="fl-1a"/>
      </object_component>
      <object_component id="oc-8f">
         <name>.debug_line</name>
         <load_address>0x4372</load_address>
         <run_address>0x4372</run_address>
         <size>0x58</size>
         <input_file_ref idref="fl-1b"/>
      </object_component>
      <object_component id="oc-94">
         <name>.debug_line</name>
         <load_address>0x43ca</load_address>
         <run_address>0x43ca</run_address>
         <size>0xab</size>
         <input_file_ref idref="fl-1c"/>
      </object_component>
      <object_component id="oc-99">
         <name>.debug_line</name>
         <load_address>0x4475</load_address>
         <run_address>0x4475</run_address>
         <size>0x8d</size>
         <input_file_ref idref="fl-1d"/>
      </object_component>
      <object_component id="oc-9e">
         <name>.debug_line</name>
         <load_address>0x4502</load_address>
         <run_address>0x4502</run_address>
         <size>0x41</size>
         <input_file_ref idref="fl-1e"/>
      </object_component>
      <object_component id="oc-a3">
         <name>.debug_line</name>
         <load_address>0x4543</load_address>
         <run_address>0x4543</run_address>
         <size>0x56</size>
         <input_file_ref idref="fl-1f"/>
      </object_component>
      <object_component id="oc-a8">
         <name>.debug_line</name>
         <load_address>0x4599</load_address>
         <run_address>0x4599</run_address>
         <size>0x5e</size>
         <input_file_ref idref="fl-20"/>
      </object_component>
      <object_component id="oc-ad">
         <name>.debug_line</name>
         <load_address>0x45f7</load_address>
         <run_address>0x45f7</run_address>
         <size>0x56</size>
         <input_file_ref idref="fl-21"/>
      </object_component>
      <object_component id="oc-b2">
         <name>.debug_line</name>
         <load_address>0x464d</load_address>
         <run_address>0x464d</run_address>
         <size>0x59</size>
         <input_file_ref idref="fl-22"/>
      </object_component>
      <object_component id="oc-b7">
         <name>.debug_line</name>
         <load_address>0x46a6</load_address>
         <run_address>0x46a6</run_address>
         <size>0x52</size>
         <input_file_ref idref="fl-23"/>
      </object_component>
      <object_component id="oc-bc">
         <name>.debug_line</name>
         <load_address>0x46f8</load_address>
         <run_address>0x46f8</run_address>
         <size>0x49</size>
         <input_file_ref idref="fl-24"/>
      </object_component>
      <object_component id="oc-c1">
         <name>.debug_line</name>
         <load_address>0x4741</load_address>
         <run_address>0x4741</run_address>
         <size>0x4f</size>
         <input_file_ref idref="fl-25"/>
      </object_component>
      <object_component id="oc-c8">
         <name>.debug_line</name>
         <load_address>0x4790</load_address>
         <run_address>0x4790</run_address>
         <size>0x7d</size>
         <input_file_ref idref="fl-36"/>
      </object_component>
      <object_component id="oc-cd">
         <name>.debug_line</name>
         <load_address>0x480d</load_address>
         <run_address>0x480d</run_address>
         <size>0x55</size>
         <input_file_ref idref="fl-37"/>
      </object_component>
      <object_component id="oc-d2">
         <name>.debug_line</name>
         <load_address>0x4862</load_address>
         <run_address>0x4862</run_address>
         <size>0x3a</size>
         <input_file_ref idref="fl-38"/>
      </object_component>
      <object_component id="oc-d7">
         <name>.debug_line</name>
         <load_address>0x489c</load_address>
         <run_address>0x489c</run_address>
         <size>0x3e</size>
         <input_file_ref idref="fl-39"/>
      </object_component>
      <object_component id="oc-dd">
         <name>.debug_line</name>
         <load_address>0x48da</load_address>
         <run_address>0x48da</run_address>
         <size>0x7f</size>
         <input_file_ref idref="fl-3a"/>
      </object_component>
      <object_component id="oc-e2">
         <name>.debug_line</name>
         <load_address>0x4959</load_address>
         <run_address>0x4959</run_address>
         <size>0xa9</size>
         <input_file_ref idref="fl-3b"/>
      </object_component>
      <object_component id="oc-e7">
         <name>.debug_line</name>
         <load_address>0x4a02</load_address>
         <run_address>0x4a02</run_address>
         <size>0x52</size>
         <input_file_ref idref="fl-3c"/>
      </object_component>
      <object_component id="oc-ec">
         <name>.debug_line</name>
         <load_address>0x4a54</load_address>
         <run_address>0x4a54</run_address>
         <size>0x50</size>
         <input_file_ref idref="fl-3d"/>
      </object_component>
      <object_component id="oc-f3">
         <name>.debug_line</name>
         <load_address>0x4aa4</load_address>
         <run_address>0x4aa4</run_address>
         <size>0x65</size>
         <input_file_ref idref="fl-3e"/>
      </object_component>
      <object_component id="oc-f8">
         <name>.debug_line</name>
         <load_address>0x4b09</load_address>
         <run_address>0x4b09</run_address>
         <size>0x5e</size>
         <input_file_ref idref="fl-3f"/>
      </object_component>
      <object_component id="oc-fe">
         <name>.debug_line</name>
         <load_address>0x4b67</load_address>
         <run_address>0x4b67</run_address>
         <size>0xb9</size>
         <input_file_ref idref="fl-40"/>
      </object_component>
      <object_component id="oc-103">
         <name>.debug_line</name>
         <load_address>0x4c20</load_address>
         <run_address>0x4c20</run_address>
         <size>0x53</size>
         <input_file_ref idref="fl-41"/>
      </object_component>
      <object_component id="oc-10c">
         <name>.debug_line</name>
         <load_address>0x4c73</load_address>
         <run_address>0x4c73</run_address>
         <size>0x62</size>
         <input_file_ref idref="fl-43"/>
      </object_component>
      <object_component id="oc-112">
         <name>.debug_line</name>
         <load_address>0x4cd5</load_address>
         <run_address>0x4cd5</run_address>
         <size>0x1d8</size>
         <input_file_ref idref="fl-44"/>
      </object_component>
      <object_component id="oc-118">
         <name>.debug_line</name>
         <load_address>0x4ead</load_address>
         <run_address>0x4ead</run_address>
         <size>0x73</size>
         <input_file_ref idref="fl-45"/>
      </object_component>
      <object_component id="oc-11d">
         <name>.debug_line</name>
         <load_address>0x4f20</load_address>
         <run_address>0x4f20</run_address>
         <size>0x49</size>
         <input_file_ref idref="fl-46"/>
      </object_component>
      <object_component id="oc-123">
         <name>.debug_line</name>
         <load_address>0x4f69</load_address>
         <run_address>0x4f69</run_address>
         <size>0xb5</size>
         <input_file_ref idref="fl-47"/>
      </object_component>
      <object_component id="oc-27">
         <name>.debug_abbrev</name>
         <load_address>0x0</load_address>
         <run_address>0x0</run_address>
         <size>0x18a</size>
         <input_file_ref idref="fl-5"/>
      </object_component>
      <object_component id="oc-2c">
         <name>.debug_abbrev</name>
         <load_address>0x18a</load_address>
         <run_address>0x18a</run_address>
         <size>0x16b</size>
         <input_file_ref idref="fl-6"/>
      </object_component>
      <object_component id="oc-32">
         <name>.debug_abbrev</name>
         <load_address>0x2f5</load_address>
         <run_address>0x2f5</run_address>
         <size>0x112</size>
         <input_file_ref idref="fl-7"/>
      </object_component>
      <object_component id="oc-39">
         <name>.debug_abbrev</name>
         <load_address>0x407</load_address>
         <run_address>0x407</run_address>
         <size>0x1d6</size>
         <input_file_ref idref="fl-8"/>
      </object_component>
      <object_component id="oc-3e">
         <name>.debug_abbrev</name>
         <load_address>0x5dd</load_address>
         <run_address>0x5dd</run_address>
         <size>0x157</size>
         <input_file_ref idref="fl-9"/>
      </object_component>
      <object_component id="oc-43">
         <name>.debug_abbrev</name>
         <load_address>0x734</load_address>
         <run_address>0x734</run_address>
         <size>0x162</size>
         <input_file_ref idref="fl-a"/>
      </object_component>
      <object_component id="oc-4a">
         <name>.debug_abbrev</name>
         <load_address>0x896</load_address>
         <run_address>0x896</run_address>
         <size>0x232</size>
         <input_file_ref idref="fl-b"/>
      </object_component>
      <object_component id="oc-4f">
         <name>.debug_abbrev</name>
         <load_address>0xac8</load_address>
         <run_address>0xac8</run_address>
         <size>0x100</size>
         <input_file_ref idref="fl-c"/>
      </object_component>
      <object_component id="oc-55">
         <name>.debug_abbrev</name>
         <load_address>0xbc8</load_address>
         <run_address>0xbc8</run_address>
         <size>0x189</size>
         <input_file_ref idref="fl-d"/>
      </object_component>
      <object_component id="oc-5a">
         <name>.debug_abbrev</name>
         <load_address>0xd51</load_address>
         <run_address>0xd51</run_address>
         <size>0x16b</size>
         <input_file_ref idref="fl-e"/>
      </object_component>
      <object_component id="oc-62">
         <name>.debug_abbrev</name>
         <load_address>0xebc</load_address>
         <run_address>0xebc</run_address>
         <size>0x196</size>
         <input_file_ref idref="fl-f"/>
      </object_component>
      <object_component id="oc-67">
         <name>.debug_abbrev</name>
         <load_address>0x1052</load_address>
         <run_address>0x1052</run_address>
         <size>0x174</size>
         <input_file_ref idref="fl-10"/>
      </object_component>
      <object_component id="oc-6c">
         <name>.debug_abbrev</name>
         <load_address>0x11c6</load_address>
         <run_address>0x11c6</run_address>
         <size>0x114</size>
         <input_file_ref idref="fl-11"/>
      </object_component>
      <object_component id="oc-71">
         <name>.debug_abbrev</name>
         <load_address>0x12da</load_address>
         <run_address>0x12da</run_address>
         <size>0x16b</size>
         <input_file_ref idref="fl-12"/>
      </object_component>
      <object_component id="oc-76">
         <name>.debug_abbrev</name>
         <load_address>0x1445</load_address>
         <run_address>0x1445</run_address>
         <size>0x112</size>
         <input_file_ref idref="fl-13"/>
      </object_component>
      <object_component id="oc-7b">
         <name>.debug_abbrev</name>
         <load_address>0x1557</load_address>
         <run_address>0x1557</run_address>
         <size>0x2f</size>
         <input_file_ref idref="fl-14"/>
      </object_component>
      <object_component id="oc-81">
         <name>.debug_abbrev</name>
         <load_address>0x1586</load_address>
         <run_address>0x1586</run_address>
         <size>0x1a6</size>
         <input_file_ref idref="fl-15"/>
      </object_component>
      <object_component id="oc-86">
         <name>.debug_abbrev</name>
         <load_address>0x172c</load_address>
         <run_address>0x172c</run_address>
         <size>0x114</size>
         <input_file_ref idref="fl-16"/>
      </object_component>
      <object_component id="oc-8b">
         <name>.debug_abbrev</name>
         <load_address>0x1840</load_address>
         <run_address>0x1840</run_address>
         <size>0x38</size>
         <input_file_ref idref="fl-1a"/>
      </object_component>
      <object_component id="oc-90">
         <name>.debug_abbrev</name>
         <load_address>0x1878</load_address>
         <run_address>0x1878</run_address>
         <size>0x38</size>
         <input_file_ref idref="fl-1b"/>
      </object_component>
      <object_component id="oc-95">
         <name>.debug_abbrev</name>
         <load_address>0x18b0</load_address>
         <run_address>0x18b0</run_address>
         <size>0x38</size>
         <input_file_ref idref="fl-1c"/>
      </object_component>
      <object_component id="oc-9a">
         <name>.debug_abbrev</name>
         <load_address>0x18e8</load_address>
         <run_address>0x18e8</run_address>
         <size>0x38</size>
         <input_file_ref idref="fl-1d"/>
      </object_component>
      <object_component id="oc-9f">
         <name>.debug_abbrev</name>
         <load_address>0x1920</load_address>
         <run_address>0x1920</run_address>
         <size>0x38</size>
         <input_file_ref idref="fl-1e"/>
      </object_component>
      <object_component id="oc-a4">
         <name>.debug_abbrev</name>
         <load_address>0x1958</load_address>
         <run_address>0x1958</run_address>
         <size>0x38</size>
         <input_file_ref idref="fl-1f"/>
      </object_component>
      <object_component id="oc-a9">
         <name>.debug_abbrev</name>
         <load_address>0x1990</load_address>
         <run_address>0x1990</run_address>
         <size>0x38</size>
         <input_file_ref idref="fl-20"/>
      </object_component>
      <object_component id="oc-ae">
         <name>.debug_abbrev</name>
         <load_address>0x19c8</load_address>
         <run_address>0x19c8</run_address>
         <size>0x38</size>
         <input_file_ref idref="fl-21"/>
      </object_component>
      <object_component id="oc-b3">
         <name>.debug_abbrev</name>
         <load_address>0x1a00</load_address>
         <run_address>0x1a00</run_address>
         <size>0x38</size>
         <input_file_ref idref="fl-22"/>
      </object_component>
      <object_component id="oc-b8">
         <name>.debug_abbrev</name>
         <load_address>0x1a38</load_address>
         <run_address>0x1a38</run_address>
         <size>0x38</size>
         <input_file_ref idref="fl-23"/>
      </object_component>
      <object_component id="oc-bd">
         <name>.debug_abbrev</name>
         <load_address>0x1a70</load_address>
         <run_address>0x1a70</run_address>
         <size>0x38</size>
         <input_file_ref idref="fl-24"/>
      </object_component>
      <object_component id="oc-c2">
         <name>.debug_abbrev</name>
         <load_address>0x1aa8</load_address>
         <run_address>0x1aa8</run_address>
         <size>0x38</size>
         <input_file_ref idref="fl-25"/>
      </object_component>
      <object_component id="oc-c9">
         <name>.debug_abbrev</name>
         <load_address>0x1ae0</load_address>
         <run_address>0x1ae0</run_address>
         <size>0x46</size>
         <input_file_ref idref="fl-36"/>
      </object_component>
      <object_component id="oc-ce">
         <name>.debug_abbrev</name>
         <load_address>0x1b26</load_address>
         <run_address>0x1b26</run_address>
         <size>0xee</size>
         <input_file_ref idref="fl-37"/>
      </object_component>
      <object_component id="oc-d3">
         <name>.debug_abbrev</name>
         <load_address>0x1c14</load_address>
         <run_address>0x1c14</run_address>
         <size>0x66</size>
         <input_file_ref idref="fl-38"/>
      </object_component>
      <object_component id="oc-d8">
         <name>.debug_abbrev</name>
         <load_address>0x1c7a</load_address>
         <run_address>0x1c7a</run_address>
         <size>0x68</size>
         <input_file_ref idref="fl-39"/>
      </object_component>
      <object_component id="oc-de">
         <name>.debug_abbrev</name>
         <load_address>0x1ce2</load_address>
         <run_address>0x1ce2</run_address>
         <size>0xad</size>
         <input_file_ref idref="fl-3a"/>
      </object_component>
      <object_component id="oc-e3">
         <name>.debug_abbrev</name>
         <load_address>0x1d8f</load_address>
         <run_address>0x1d8f</run_address>
         <size>0x38</size>
         <input_file_ref idref="fl-3b"/>
      </object_component>
      <object_component id="oc-e8">
         <name>.debug_abbrev</name>
         <load_address>0x1dc7</load_address>
         <run_address>0x1dc7</run_address>
         <size>0x38</size>
         <input_file_ref idref="fl-3c"/>
      </object_component>
      <object_component id="oc-ed">
         <name>.debug_abbrev</name>
         <load_address>0x1dff</load_address>
         <run_address>0x1dff</run_address>
         <size>0xe3</size>
         <input_file_ref idref="fl-3d"/>
      </object_component>
      <object_component id="oc-f4">
         <name>.debug_abbrev</name>
         <load_address>0x1ee2</load_address>
         <run_address>0x1ee2</run_address>
         <size>0x130</size>
         <input_file_ref idref="fl-3e"/>
      </object_component>
      <object_component id="oc-f9">
         <name>.debug_abbrev</name>
         <load_address>0x2012</load_address>
         <run_address>0x2012</run_address>
         <size>0xb2</size>
         <input_file_ref idref="fl-3f"/>
      </object_component>
      <object_component id="oc-ff">
         <name>.debug_abbrev</name>
         <load_address>0x20c4</load_address>
         <run_address>0x20c4</run_address>
         <size>0xbd</size>
         <input_file_ref idref="fl-40"/>
      </object_component>
      <object_component id="oc-104">
         <name>.debug_abbrev</name>
         <load_address>0x2181</load_address>
         <run_address>0x2181</run_address>
         <size>0x38</size>
         <input_file_ref idref="fl-41"/>
      </object_component>
      <object_component id="oc-109">
         <name>.debug_abbrev</name>
         <load_address>0x21b9</load_address>
         <run_address>0x21b9</run_address>
         <size>0x31</size>
         <input_file_ref idref="fl-42"/>
      </object_component>
      <object_component id="oc-10d">
         <name>.debug_abbrev</name>
         <load_address>0x21ea</load_address>
         <run_address>0x21ea</run_address>
         <size>0xa8</size>
         <input_file_ref idref="fl-43"/>
      </object_component>
      <object_component id="oc-113">
         <name>.debug_abbrev</name>
         <load_address>0x2292</load_address>
         <run_address>0x2292</run_address>
         <size>0xea</size>
         <input_file_ref idref="fl-44"/>
      </object_component>
      <object_component id="oc-119">
         <name>.debug_abbrev</name>
         <load_address>0x237c</load_address>
         <run_address>0x237c</run_address>
         <size>0xd6</size>
         <input_file_ref idref="fl-45"/>
      </object_component>
      <object_component id="oc-11e">
         <name>.debug_abbrev</name>
         <load_address>0x2452</load_address>
         <run_address>0x2452</run_address>
         <size>0x8f</size>
         <input_file_ref idref="fl-46"/>
      </object_component>
      <object_component id="oc-124">
         <name>.debug_abbrev</name>
         <load_address>0x24e1</load_address>
         <run_address>0x24e1</run_address>
         <size>0xbd</size>
         <input_file_ref idref="fl-47"/>
      </object_component>
      <object_component id="oc-16b">
         <name>.debug_abbrev</name>
         <load_address>0x259e</load_address>
         <run_address>0x259e</run_address>
         <size>0xf</size>
      </object_component>
      <object_component id="oc-28">
         <name>.debug_aranges</name>
         <load_address>0x0</load_address>
         <run_address>0x0</run_address>
         <size>0x118</size>
         <input_file_ref idref="fl-5"/>
      </object_component>
      <object_component id="oc-2d">
         <name>.debug_aranges</name>
         <load_address>0x118</load_address>
         <run_address>0x118</run_address>
         <size>0x1f0</size>
         <input_file_ref idref="fl-6"/>
      </object_component>
      <object_component id="oc-33">
         <name>.debug_aranges</name>
         <load_address>0x308</load_address>
         <run_address>0x308</run_address>
[...]
         <value>0xa1bc</value>
         <object_component_ref idref="oc-136"/>
      </symbol>
      <symbol id="sm-2f2">
         <name>_SPI_disableOverRunInt</name>
         <value>0xa1c7</value>
         <object_component_ref idref="oc-136"/>
      </symbol>
      <symbol id="sm-2f3">
         <name>_SPI_setPriority</name>
         <value>0xa159</value>
         <object_component_ref idref="oc-136"/>
      </symbol>
      <symbol id="sm-2f4">
         <name>_SPI_setCharLength</name>
         <value>0xa168</value>
         <object_component_ref idref="oc-136"/>
      </symbol>
      <symbol id="sm-2f5">
         <name>_SPI_disableTxFifoInt</name>
         <value>0xa1b8</value>
         <object_component_ref idref="oc-136"/>
      </symbol>
      <symbol id="sm-2f6">
         <name>_SPI_enableTxFifoInt</name>
         <value>0xa191</value>
         <object_component_ref idref="oc-136"/>
      </symbol>
      <symbol id="sm-2f7">
         <name>_SPI_enableTxFifoEnh</name>
         <value>0xa195</value>
         <object_component_ref idref="oc-136"/>
      </symbol>
      <symbol id="sm-2f8">
         <name>_SPI_disableRxFifoInt</name>
         <value>0xa1c3</value>
         <object_component_ref idref="oc-136"/>
      </symbol>
      <symbol id="sm-2f9">
         <name>_SPI_init</name>
         <value>0xa17d</value>
         <object_component_ref idref="oc-136"/>
      </symbol>
      <symbol id="sm-2fa">
         <name>_SPI_clearRxFifoInt</name>
         <value>0xa1d8</value>
         <object_component_ref idref="oc-136"/>
      </symbol>
      <symbol id="sm-2fb">
         <name>_SPI_resetChannels</name>
         <value>0xa176</value>
         <object_component_ref idref="oc-136"/>
      </symbol>
      <symbol id="sm-2fc">
         <name>_SPI_disableTx</name>
         <value>0xa1c0</value>
         <object_component_ref idref="oc-136"/>
      </symbol>
      <symbol id="sm-2fd">
         <name>_SPI_setRxFifoIntLevel</name>
         <value>0xa152</value>
         <object_component_ref idref="oc-136"/>
      </symbol>
      <symbol id="sm-2fe">
         <name>_SPI_setTxDelay</name>
         <value>0xa13a</value>
         <object_component_ref idref="oc-136"/>
      </symbol>
      <symbol id="sm-2ff">
         <name>_SPI_setMode</name>
         <value>0xa160</value>
         <object_component_ref idref="oc-136"/>
      </symbol>
      <symbol id="sm-300">
         <name>_SPI_setTxFifoIntLevel</name>
         <value>0xa133</value>
         <object_component_ref idref="oc-136"/>
      </symbol>
      <symbol id="sm-301">
         <name>_SPI_setBaudRate</name>
         <value>0xa16c</value>
         <object_component_ref idref="oc-136"/>
      </symbol>
      <symbol id="sm-302">
         <name>_SPI_reset</name>
         <value>0xa17a</value>
         <object_component_ref idref="oc-136"/>
      </symbol>
      <symbol id="sm-303">
         <name>_SPI_setSuspend</name>
         <value>0xa144</value>
         <object_component_ref idref="oc-136"/>
      </symbol>
      <symbol id="sm-304">
         <name>_SPI_setClkPolarity</name>
         <value>0xa162</value>
         <object_component_ref idref="oc-136"/>
      </symbol>
      <symbol id="sm-305">
         <name>_SPI_enableTx</name>
         <value>0xa19d</value>
         <object_component_ref idref="oc-136"/>
      </symbol>
      <symbol id="sm-306">
         <name>_SPI_enableLoopBack</name>
         <value>0xa1ab</value>
         <object_component_ref idref="oc-136"/>
      </symbol>
      <symbol id="sm-307">
         <name>_SPI_clearRxFifoOvf</name>
         <value>0xa1d4</value>
         <object_component_ref idref="oc-136"/>
      </symbol>
      <symbol id="sm-308">
         <name>_SPI_clearTxFifoInt</name>
         <value>0xa1d0</value>
         <object_component_ref idref="oc-136"/>
      </symbol>
      <symbol id="sm-309">
         <name>_SPI_setSteInv</name>
         <value>0xa14b</value>
         <object_component_ref idref="oc-136"/>
      </symbol>
      <symbol id="sm-30a">
         <name>_SPI_enableRxFifoInt</name>
         <value>0xa1a0</value>
         <object_component_ref idref="oc-136"/>
      </symbol>
      <symbol id="sm-30b">
         <name>_SPI_getTxFifoStatus</name>
         <value>0xa183</value>
         <object_component_ref idref="oc-136"/>
      </symbol>
      <symbol id="sm-30c">
         <name>_SPI_setTriWire</name>
         <value>0xa13d</value>
         <object_component_ref idref="oc-136"/>
      </symbol>
      <symbol id="sm-30d">
         <name>_SPI_disableInt</name>
         <value>0xa1cd</value>
         <object_component_ref idref="oc-136"/>
      </symbol>
      <symbol id="sm-30e">
         <name>_SPI_enableTxFifo</name>
         <value>0xa199</value>
         <object_component_ref idref="oc-136"/>
      </symbol>
      <symbol id="sm-30f">
         <name>_SPI_enableRxFifo</name>
         <value>0xa1a4</value>
         <object_component_ref idref="oc-136"/>
      </symbol>
      <symbol id="sm-310">
         <name>_SPI_enableInt</name>
         <value>0xa1ae</value>
         <object_component_ref idref="oc-136"/>
      </symbol>
      <symbol id="sm-31d">
         <name>_TIMER_setEmulationMode</name>
         <value>0xa69b</value>
         <object_component_ref idref="oc-135"/>
      </symbol>
      <symbol id="sm-31e">
         <name>_TIMER_disableInt</name>
         <value>0xa6b9</value>
         <object_component_ref idref="oc-135"/>
      </symbol>
      <symbol id="sm-31f">
         <name>_TIMER_setPreScaler</name>
         <value>0xa68d</value>
         <object_component_ref idref="oc-135"/>
      </symbol>
      <symbol id="sm-320">
         <name>_TIMER_setDecimationFactor</name>
         <value>0xa69f</value>
         <object_component_ref idref="oc-135"/>
      </symbol>
      <symbol id="sm-321">
         <name>_TIMER_getStatus</name>
         <value>0xa6b3</value>
         <object_component_ref idref="oc-135"/>
      </symbol>
      <symbol id="sm-322">
         <name>_TIMER_init</name>
         <value>0xa6ad</value>
         <object_component_ref idref="oc-135"/>
      </symbol>
      <symbol id="sm-323">
         <name>_TIMER_clearFlag</name>
         <value>0xa6bc</value>
         <object_component_ref idref="oc-135"/>
      </symbol>
      <symbol id="sm-324">
         <name>_TIMER_enableInt</name>
         <value>0xa6b6</value>
         <object_component_ref idref="oc-135"/>
      </symbol>
      <symbol id="sm-330">
         <name>_usDelay</name>
         <value>0x146</value>
         <object_component_ref idref="oc-78"/>
      </symbol>
      <symbol id="sm-340">
         <name>_USER_computeFlux_pu_to_VpHz_sf</name>
         <value>0x8e05</value>
         <object_component_ref idref="oc-131"/>
      </symbol>
      <symbol id="sm-341">
         <name>_USER_calcPIgains</name>
         <value>0x8e52</value>
         <object_component_ref idref="oc-131"/>
      </symbol>
      <symbol id="sm-342">
         <name>_USER_computeTorque_Ls_Id_Iq_pu_to_Nm_sf</name>
         <value>0x8d57</value>
         <object_component_ref idref="oc-131"/>
      </symbol>
      <symbol id="sm-343">
         <name>_USER_computeTorque_lbin</name>
         <value>0x8cb2</value>
         <object_component_ref idref="oc-131"/>
      </symbol>
      <symbol id="sm-344">
         <name>_USER_getErrorCode</name>
         <value>0x8caf</value>
         <object_component_ref idref="oc-131"/>
      </symbol>
      <symbol id="sm-345">
         <name>_USER_computeFlux</name>
         <value>0x8e40</value>
         <object_component_ref idref="oc-131"/>
      </symbol>
      <symbol id="sm-346">
         <name>_USER_checkForErrors</name>
         <value>0x8e4e</value>
         <object_component_ref idref="oc-131"/>
      </symbol>
      <symbol id="sm-347">
         <name>_USER_computeFlux_pu_to_Wb_sf</name>
         <value>0x8dca</value>
         <object_component_ref idref="oc-131"/>
      </symbol>
      <symbol id="sm-348">
         <name>_USER_computeTorque_Flux_Iq_pu_to_Nm_sf</name>
         <value>0x8d8f</value>
         <object_component_ref idref="oc-131"/>
      </symbol>
      <symbol id="sm-349">
         <name>_USER_softwareUpdate1p6</name>
         <value>0x8af3</value>
         <object_component_ref idref="oc-131"/>
      </symbol>
      <symbol id="sm-34a">
         <name>_USER_setErrorCode</name>
         <value>0x8cac</value>
         <object_component_ref idref="oc-131"/>
      </symbol>
      <symbol id="sm-34b">
         <name>_USER_setParams</name>
         <value>0x8b76</value>
         <object_component_ref idref="oc-131"/>
      </symbol>
      <symbol id="sm-34c">
         <name>_USER_computeTorque_Nm</name>
         <value>0x8d0a</value>
         <object_component_ref idref="oc-131"/>
      </symbol>
      <symbol id="sm-359">
         <name>_WDOG_disableInt</name>
         <value>0xa633</value>
         <object_component_ref idref="oc-13f"/>
      </symbol>
      <symbol id="sm-35a">
         <name>_WDOG_setPreScaler</name>
         <value>0xa603</value>
         <object_component_ref idref="oc-13f"/>
      </symbol>
      <symbol id="sm-35b">
         <name>_WDOG_enableInt</name>
         <value>0xa61e</value>
         <object_component_ref idref="oc-13f"/>
      </symbol>
      <symbol id="sm-35c">
         <name>_WDOG_enable</name>
         <value>0xa624</value>
         <object_component_ref idref="oc-13f"/>
      </symbol>
      <symbol id="sm-35d">
         <name>_WDOG_setCount</name>
         <value>0xa60d</value>
         <object_component_ref idref="oc-13f"/>
      </symbol>
      <symbol id="sm-35e">
         <name>_WDOG_init</name>
         <value>0xa60f</value>
         <object_component_ref idref="oc-13f"/>
      </symbol>
      <symbol id="sm-35f">
         <name>_WDOG_getIntStatus</name>
         <value>0xa615</value>
         <object_component_ref idref="oc-13f"/>
      </symbol>
      <symbol id="sm-360">
         <name>_WDOG_disable</name>
         <value>0xa639</value>
         <object_component_ref idref="oc-13f"/>
      </symbol>
      <symbol id="sm-361">
         <name>_WDOG_enableOverRide</name>
         <value>0xa618</value>
         <object_component_ref idref="oc-13f"/>
      </symbol>
      <symbol id="sm-362">
         <name>_WDOG_disableOverRide</name>
         <value>0xa62d</value>
         <object_component_ref idref="oc-13f"/>
      </symbol>
      <symbol id="sm-363">
         <name>_WDOG_clearCounter</name>
         <value>0xa641</value>
         <object_component_ref idref="oc-13f"/>
      </symbol>
      <symbol id="sm-375">
         <name>FD$$MPY</name>
         <value>0xa1dc</value>
         <object_component_ref idref="oc-88"/>
      </symbol>
      <symbol id="sm-384">
         <name>FD$$TOL</name>
         <value>0xa7c4</value>
         <object_component_ref idref="oc-8d"/>
      </symbol>
      <symbol id="sm-395">
         <name>FS$$DIV</name>
         <value>0xa25f</value>
         <object_component_ref idref="oc-92"/>
      </symbol>
      <symbol id="sm-3a6">
         <name>FS$$MPY</name>
         <value>0xa555</value>
         <object_component_ref idref="oc-97"/>
      </symbol>
      <symbol id="sm-3b3">
         <name>FS$$NEG</name>
         <value>0xa8d8</value>
         <object_component_ref idref="oc-9c"/>
      </symbol>
      <symbol id="sm-3c3">
         <name>FS$$TOFD</name>
         <value>0xa81d</value>
         <object_component_ref idref="oc-a1"/>
      </symbol>
      <symbol id="sm-3d4">
         <name>FS$$TOI</name>
         <value>0xa73a</value>
         <object_component_ref idref="oc-a6"/>
      </symbol>
      <symbol id="sm-3e5">
         <name>FS$$TOU</name>
         <value>0xa7e3</value>
         <object_component_ref idref="oc-ab"/>
      </symbol>
      <symbol id="sm-3f6">
         <name>FS$$TOUL</name>
         <value>0xa783</value>
         <object_component_ref idref="oc-b0"/>
      </symbol>
      <symbol id="sm-405">
         <name>I$$TOFS</name>
         <value>0xa839</value>
         <object_component_ref idref="oc-b5"/>
      </symbol>
      <symbol id="sm-413">
         <name>U$$TOFS</name>
         <value>0xa8b0</value>
         <object_component_ref idref="oc-ba"/>
      </symbol>
      <symbol id="sm-423">
         <name>UL$$TOFS</name>
         <value>0xa89d</value>
         <object_component_ref idref="oc-bf"/>
      </symbol>
      <symbol id="sm-425">
         <name>_CTRL_setGains</name>
         <value>0x3fa83e</value>
      </symbol>
      <symbol id="sm-427">
         <name>_EST_getFlux_pu</name>
         <value>0x3f96ab</value>
      </symbol>
      <symbol id="sm-429">
         <name>_EST_getLs_coarse_max_pu</name>
         <value>0x3f95ff</value>
      </symbol>
      <symbol id="sm-42b">
         <name>_EST_getLs_d_H</name>
         <value>0x3f95f5</value>
      </symbol>
      <symbol id="sm-42d">
         <name>_EST_getLs_d_pu</name>
         <value>0x3f95f0</value>
      </symbol>
      <symbol id="sm-42f">
         <name>_EST_getLs_q_H</name>
         <value>0x3f95ce</value>
      </symbol>
      <symbol id="sm-431">
         <name>_EST_getLs_q_pu</name>
         <value>0x3f95c9</value>
      </symbol>
      <symbol id="sm-433">
         <name>_EST_getRs_Ohm</name>
         <value>0x3f9513</value>
      </symbol>
      <symbol id="sm-435">
         <name>_EST_setLs_d_pu</name>
         <value>0x3f8b45</value>
      </symbol>
      <symbol id="sm-437">
         <name>_EST_setLs_qFmt</name>
         <value>0x3f8af1</value>
      </symbol>
      <symbol id="sm-439">
         <name>_EST_setLs_q_pu</name>
         <value>0x3f8ae7</value>
      </symbol>
      <symbol id="sm-43b">
         <name>_OFFSET_init</name>
         <value>0x3fb4dc</value>
      </symbol>
      <symbol id="sm-43d">
         <name>_OFFSET_setBeta</name>
         <value>0x3fb4c6</value>
      </symbol>
      <symbol id="sm-43f">
         <name>_OFFSET_setInitCond</name>
         <value>0x3fb4bd</value>
      </symbol>
      <symbol id="sm-441">
         <name>_OFFSET_setOffset</name>
         <value>0x3fb4bb</value>
      </symbol>
      <symbol id="sm-44b">
         <name>__IQ30toF</name>
         <value>0xab90</value>
         <object_component_ref idref="oc-c4"/>
      </symbol>
      <symbol id="sm-466">
         <name>_c_int00</name>
         <value>0xa5af</value>
         <object_component_ref idref="oc-14"/>
      </symbol>
      <symbol id="sm-467">
         <name>__stack</name>
         <value>0x400</value>
         <object_component_ref idref="oc-c5"/>
      </symbol>
      <symbol id="sm-476">
         <name>__args_main</name>
         <value>0xa86d</value>
         <object_component_ref idref="oc-129"/>
      </symbol>
      <symbol id="sm-483">
         <name>__system_post_cinit</name>
         <value>0xa8df</value>
         <object_component_ref idref="oc-128"/>
      </symbol>
      <symbol id="sm-48f">
         <name>__system_pre_init</name>
         <value>0xa8dd</value>
         <object_component_ref idref="oc-126"/>
      </symbol>
      <symbol id="sm-4a7">
         <name>_ceilf</name>
         <value>0xa3cf</value>
         <object_component_ref idref="oc-143"/>
      </symbol>
      <symbol id="sm-4a8">
         <name>_ceil</name>
         <value>0xa3cf</value>
         <object_component_ref idref="oc-143"/>
      </symbol>
      <symbol id="sm-4c2">
         <name>FS$$ADD</name>
         <value>0xa2e7</value>
         <object_component_ref idref="oc-e0"/>
      </symbol>
      <symbol id="sm-4c3">
         <name>FS$$SUB</name>
         <value>0xa2e2</value>
         <object_component_ref idref="oc-e0"/>
      </symbol>
      <symbol id="sm-4d5">
         <name>FS$$CMP</name>
         <value>0xa886</value>
         <object_component_ref idref="oc-e5"/>
      </symbol>
      <symbol id="sm-4e4">
         <name>_copy_in</name>
         <value>0xa75f</value>
         <object_component_ref idref="oc-127"/>
      </symbol>
      <symbol id="sm-4f8">
         <name>C$$EXIT</name>
         <value>0xa6ec</value>
         <object_component_ref idref="oc-12a"/>
      </symbol>
      <symbol id="sm-4f9">
         <name>_exit</name>
         <value>0xa6ee</value>
         <object_component_ref idref="oc-12a"/>
      </symbol>
      <symbol id="sm-4fa">
         <name>___TI_cleanup_ptr</name>
         <value>0xa8e2</value>
         <object_component_ref idref="oc-f1"/>
      </symbol>
      <symbol id="sm-4fb">
         <name>___TI_enable_exit_profile_output</name>
         <value>0xa8e0</value>
         <object_component_ref idref="oc-f1"/>
      </symbol>
      <symbol id="sm-4fc">
         <name>_abort</name>
         <value>0xa6ec</value>
         <object_component_ref idref="oc-12a"/>
      </symbol>
      <symbol id="sm-4fd">
         <name>___TI_dtors_ptr</name>
         <value>0xa8e4</value>
         <object_component_ref idref="oc-f1"/>
      </symbol>
      <symbol id="sm-511">
         <name>__unlock</name>
         <value>0xa8e8</value>
         <object_component_ref idref="oc-145"/>
      </symbol>
      <symbol id="sm-512">
         <name>__lock</name>
         <value>0xa8e6</value>
         <object_component_ref idref="oc-12e"/>
      </symbol>
      <symbol id="sm-513">
         <name>__register_lock</name>
         <value>0xa8ce</value>
         <object_component_ref idref="oc-132"/>
      </symbol>
      <symbol id="sm-514">
         <name>__nop</name>
         <value>0xa8d2</value>
         <object_component_ref idref="oc-132"/>
      </symbol>
      <symbol id="sm-515">
         <name>__register_unlock</name>
         <value>0xa8ca</value>
         <object_component_ref idref="oc-132"/>
      </symbol>
      <symbol id="sm-53d">
         <name>_logf</name>
         <value>0x9c76</value>
         <object_component_ref idref="oc-142"/>
      </symbol>
      <symbol id="sm-53e">
         <name>_log</name>
         <value>0x9c76</value>
         <object_component_ref idref="oc-142"/>
      </symbol>
      <symbol id="sm-54d">
         <name>L$$TOFS</name>
         <value>0xa853</value>
         <object_component_ref idref="oc-101"/>
      </symbol>
      <symbol id="sm-557">
         <name>_errno</name>
         <value>0xa8ed</value>
         <object_component_ref idref="oc-108"/>
      </symbol>
      <symbol id="sm-568">
         <name>_memcpy</name>
         <value>0xa800</value>
         <object_component_ref idref="oc-12c"/>
      </symbol>
      <symbol id="sm-5c2">
         <name>_powf</name>
         <value>0x8f17</value>
         <object_component_ref idref="oc-144"/>
      </symbol>
      <symbol id="sm-5c3">
         <name>_pow</name>
         <value>0x8f17</value>
         <object_component_ref idref="oc-144"/>
      </symbol>
      <symbol id="sm-5dc">
         <name>_scalbn</name>
         <value>0xa49d</value>
         <object_component_ref idref="oc-14a"/>
      </symbol>
      <symbol id="sm-5dd">
         <name>_ldexp</name>
         <value>0xa49d</value>
         <object_component_ref idref="oc-14a"/>
      </symbol>
      <symbol id="sm-5de">
         <name>_scalbnf</name>
         <value>0xa49d</value>
         <object_component_ref idref="oc-14a"/>
      </symbol>
      <symbol id="sm-5df">
         <name>_ldexpf</name>
         <value>0xa49d</value>
         <object_component_ref idref="oc-14a"/>
      </symbol>
      <symbol id="sm-5eb">
         <name>_copysignf</name>
         <value>0xa8c0</value>
         <object_component_ref idref="oc-14b"/>
      </symbol>
      <symbol id="sm-5ec">
         <name>_copysign</name>
         <value>0xa8c0</value>
         <object_component_ref idref="oc-14b"/>
      </symbol>
      <symbol id="sm-607">
         <name>_sqrtf</name>
         <value>0xa35a</value>
         <object_component_ref idref="oc-146"/>
      </symbol>
      <symbol id="sm-608">
         <name>_sqrt</name>
         <value>0xa35a</value>
         <object_component_ref idref="oc-146"/>
      </symbol>
   </symbol_table>
   <title>Link successful</title>
</link_info>
