******************************************************************************
             TMS320C2000 Linker PC v18.12.3                    
******************************************************************************
>> Linked Sun Jul 19 13:57:31 2020

OUTPUT FILE NAME:   <proj_lab06a.out>
ENTRY POINT SYMBOL: "_c_int00"  address: 0000ba99


MEMORY CONFIGURATION

         name            origin    length      used     unused   attr    fill
----------------------  --------  ---------  --------  --------  ----  --------
PAGE 0:
  BEGIN                 00000000   00000002  00000002  00000000  RWIX
  RAMM0                 00000050   000003b0  000000f8  000002b8  RWIX
  RAML0_L8              00008000   0000b800  0000451e  000072e2  RWIX
  FPUTABLES             003fd590   000006a0  00000000  000006a0  RWIX
  IQTABLES              003fdc30   00000b50  00000b50  00000000  RWIX
  IQTABLES2             003fe780   0000008c  00000000  0000008c  RWIX
  IQTABLES3             003fe80c   000000aa  00000000  000000aa  RWIX
  BOOTROM               003ff3b0   00000c10  00000000  00000c10  RWIX
  RESET                 003fffc0   00000002  00000000  00000002  RWIX

PAGE 1:
  BOOT_RSVD             00000002   0000004e  00000000  0000004e  RWIX
  RAMM1                 00000400   00000400  000003b0  00000050  RWIX
  USB_RAM               00040000   00000800  00000000  00000800  RWIX


SECTION ALLOCATION MAP

 output                                  attributes/
section   page    origin      length       input sections
--------  ----  ----------  ----------   ----------------
codestart 
*          0    00000000    00000002     
                  00000000    00000002     CodeStartBranch.obj (codestart)

.cinit     0    00000050    000000c2     
                  00000050    000000a0     proj_lab06a.obj (.cinit)
                  000000f0    0000000e     rts2800_ml.lib : exit.c.obj (.cinit)
                  000000fe    00000005                    : _lock.c.obj (.cinit:__lock)
                  00000103    00000005                    : _lock.c.obj (.cinit:__unlock)
                  00000108    00000004     drv8301.obj (.cinit)
                  0000010c    00000004     rts2800_ml.lib : errno.c.obj (.cinit)
                  00000110    00000002     --HOLE-- [fill = 0]

ramfuncs   0    00000112    00000036     
                  00000112    00000032     flash.obj (ramfuncs)
                  00000144    00000004     usDelay.obj (ramfuncs)

.text      0    00008000    00003f70     
                  00008000    00000acd     hal.obj (.text)
                  00008acd    00000994     ctrl.obj (.text)
                  00009461    00000534     proj_lab06a.obj (.text)
                  00009995    00000452     SpinTAC.lib : spintac_vel_move.obj (.text:_STVELMOVE_run)
                  00009de7    0000042c     user.obj (.text)
                  0000a213    0000041e     rts2800_ml.lib : e_powf.c.obj (.text)
                  0000a631    000002f7     pwm.obj (.text)
                  0000a928    000002d1     drv8301.obj (.text)
                  0000abf9    00000238     SpinTAC.lib : spintac_vel_ctl.obj (.text:_STVELCTL_run)
                  0000ae31    000001ee     adc.obj (.text)
                  0000b01f    0000018a     clk.obj (.text)
                  0000b1a9    00000187     rts2800_ml.lib : e_logf.c.obj (.text)
                  0000b330    0000017f     gpio.obj (.text)
                  0000b4af    00000102     pie.obj (.text)
                  0000b5b1    000000d1     proj_lab06a.obj (.text:retain)
                  0000b682    000000a9     spi.obj (.text)
                  0000b72b    00000083     rts2800_ml.lib : fd_mpy28.asm.obj (.text)
                  0000b7ae    00000083                    : fs_div28.asm.obj (.text)
                  0000b831    00000078                    : fs_add28.asm.obj (.text)
                  0000b8a9    00000075                    : e_sqrtf.c.obj (.text)
                  0000b91e    00000069                    : s_ceilf.c.obj (.text)
                  0000b987    0000005d                    : s_scalbnf.c.obj (.text)
                  0000b9e4    0000005b     pll.obj (.text)
                  0000ba3f    0000005a     rts2800_ml.lib : fs_mpy28.asm.obj (.text)
                  0000ba99    00000054                    : boot28.asm.obj (.text)
                  0000baed    00000047     offset.obj (.text)
                  0000bb34    00000046     wdog.obj (.text)
                  0000bb7a    00000044     pwr.obj (.text)
                  0000bbbe    00000035     SpinTAC.lib : spintac_pos_conv.obj (.text:_STPOSCONV_init)
                  0000bbf3    00000032     timer.obj (.text)
                  0000bc25    00000031     SpinTAC.lib : spintac_version.obj (.text:_ST_initVersion)
                  0000bc56    0000002d     osc.obj (.text)
                  0000bc83    0000002b     SpinTAC.lib : spintac_vel_id.obj (.text:_STVELID_init)
                  0000bcae    0000002b                 : spintac_vel_move.obj (.text:_STVELMOVE_init)
                  0000bcd9    0000002a                 : spintac_vel_ctl.obj (.text:_STVELCTL_init)
                  0000bd03    0000002a     rts2800_ml.lib : l_div28.asm.obj (.text)
                  0000bd2d    00000029                    : exit.c.obj (.text)
                  0000bd56    00000026     SpinTAC.lib : spintac_vel_plan.obj (.text:_STVELPLAN_init)
                  0000bd7c    00000025     cpu.obj (.text)
                  0000bda1    00000025     rts2800_ml.lib : fs_toi28.asm.obj (.text)
                  0000bdc6    00000024                    : cpy_tbl.c.obj (.text)
                  0000bdea    00000021     filter_fo.obj (.text)
                  0000be0b    00000021     rts2800_ml.lib : fs_toul28.asm.obj (.text)
                  0000be2c    00000020     flash.obj (.text)
                  0000be4c    0000001f     rts2800_ml.lib : fd_tol28.asm.obj (.text)
                  0000be6b    0000001d                    : fs_tou28.asm.obj (.text)
                  0000be88    0000001d                    : memcpy.c.obj (.text)
                  0000bea5    0000001c                    : fs_tofd28.asm.obj (.text)
                  0000bec1    0000001a                    : i_tofs28.asm.obj (.text)
                  0000bedb    0000001a                    : l_tofs28.asm.obj (.text)
                  0000bef5    00000019                    : args_main.c.obj (.text)
                  0000bf0e    00000017                    : fs_cmp28.asm.obj (.text)
                  0000bf25    00000013                    : ul_tofs28.asm.obj (.text)
                  0000bf38    00000010                    : u_tofs28.asm.obj (.text)
                  0000bf48    0000000a                    : s_copysignf.c.obj (.text)
                  0000bf52    00000009                    : _lock.c.obj (.text)
                  0000bf5b    00000008     CodeStartBranch.obj (.text)
                  0000bf63    00000005     pie.obj (.text:retain)
                  0000bf68    00000005     rts2800_ml.lib : fs_neg28.asm.obj (.text)
                  0000bf6d    00000002                    : pre_init.c.obj (.text)
                  0000bf6f    00000001                    : startup.c.obj (.text)

.pinit     0    00000050    00000000     UNINITIALIZED

.reset     0    003fffc0    00000002     DSECT
                  003fffc0    00000002     rts2800_ml.lib : boot28.asm.obj (.reset)

.ebss      0    0000bf70    000003f8     UNINITIALIZED
                  0000bf70    00000006     rts2800_ml.lib : exit.c.obj (.ebss)
                  0000bf76    00000002                    : _lock.c.obj (.ebss:__lock)
                  0000bf78    00000002                    : _lock.c.obj (.ebss:__unlock)
                  0000bf7a    00000002     drv8301.obj (.ebss)
                  0000bf7c    00000001     cpu.obj (.ebss)
                  0000bf7d    00000001     rts2800_ml.lib : errno.c.obj (.ebss)
                  0000bf7e    00000002     --HOLE--
                  0000bf80    0000031a     proj_lab06a.obj (.ebss)
                  0000c29a    00000026     --HOLE--
                  0000c2c0    000000a8     hal.obj (.ebss)

.econst    0    0000c49c    00000082     
                  0000c49c    00000032     rts2800_ml.lib : e_powf.c.obj (.econst)
                  0000c4ce    00000010                    : e_logf.c.obj (.econst)
                  0000c4de    00000008     user.obj (.econst)
                  0000c4e6    00000006     rts2800_ml.lib : s_scalbnf.c.obj (.econst)
                  0000c4ec    00000004     ctrl.obj (.econst:_$P$T0$1)
                  0000c4f0    00000004     ctrl.obj (.econst:_$P$T1$2)
                  0000c4f4    00000004     ctrl.obj (.econst:_$P$T2$3)
                  0000c4f8    00000004     ctrl.obj (.econst:_$P$T3$4)
                  0000c4fc    00000004     ctrl.obj (.econst:_$P$T4$5)
                  0000c500    00000004     ctrl.obj (.econst:_$P$T5$6)
                  0000c504    00000004     rts2800_ml.lib : e_powf.c.obj (.econst:_bp)
                  0000c508    00000004                    : e_powf.c.obj (.econst:_dp_h)
                  0000c50c    00000004                    : e_powf.c.obj (.econst:_dp_l)
                  0000c510    00000004     ctrl.obj (.econst)
                  0000c514    00000004     hal.obj (.econst)
                  0000c518    00000004     rts2800_ml.lib : e_sqrtf.c.obj (.econst)
                  0000c51c    00000002                    : s_ceilf.c.obj (.econst)

.stack     1    00000400    000003b0     UNINITIALIZED
                  00000400    000003b0     --HOLE--

IQmath     0    0000c368    00000134     
                  0000c368    00000047     IQmath.lib : IQ20div.obj (IQmath)
                  0000c3af    00000047                : IQ24div.obj (IQmath)
                  0000c3f6    00000042                : IQ24sqrt.obj (IQmath)
                  0000c438    00000029                : IQ24sinPU.obj (IQmath)
                  0000c461    00000027                : IQ24cosPU.obj (IQmath)
                  0000c488    00000014                : IQ30toF.obj (IQmath)

IQmathTables 
*          0    003fdc30    00000b50     NOLOAD SECTION
                  003fdc30    00000b50     IQmath.lib : IQmathTables.obj (IQmathTables)

MODULE SUMMARY

       Module                 code    initialized data   uninitialized data
       ------                 ----    ----------------   ------------------
    .\
       hal.obj                2765    4                  168               
       proj_lab06a.obj        1541    160                794               
       ctrl.obj               2452    28                 0                 
       user.obj               1068    8                  0                 
       pwm.obj                759     0                  0                 
       drv8301.obj            721     4                  2                 
       adc.obj                494     0                  0                 
       clk.obj                394     0                  0                 
       gpio.obj               383     0                  0                 
       pie.obj                263     0                  0                 
       spi.obj                169     0                  0                 
       pll.obj                91      0                  0                 
       flash.obj              82      0                  0                 
       offset.obj             71      0                  0                 
       wdog.obj               70      0                  0                 
       pwr.obj                68      0                  0                 
       timer.obj              50      0                  0                 
       osc.obj                45      0                  0                 
       cpu.obj                37      0                  1                 
       filter_fo.obj          33      0                  0                 
       CodeStartBranch.obj    10      0                  0                 
       usDelay.obj            4       0                  0                 
    +--+----------------------+-------+------------------+--------------------+
       Total:                 11570   204                965               
                                                                           
    G:/TI/ccs920/ccs/tools/compiler/ti-cgt-c2000_18.12.3.LTS/lib/rts2800_ml.lib
       e_powf.c.obj           1054    62                 0                 
       e_logf.c.obj           391     16                 0                 
       fd_mpy28.asm.obj       131     0                  0                 
       fs_div28.asm.obj       131     0                  0                 
       e_sqrtf.c.obj          117     4                  0                 
       fs_add28.asm.obj       120     0                  0                 
       s_ceilf.c.obj          105     2                  0                 
       s_scalbnf.c.obj        93      6                  0                 
       fs_mpy28.asm.obj       90      0                  0                 
       boot28.asm.obj         84      0                  0                 
       exit.c.obj             41      14                 6                 
       l_div28.asm.obj        42      0                  0                 
       fs_toi28.asm.obj       37      0                  0                 
       cpy_tbl.c.obj          36      0                  0                 
       fs_toul28.asm.obj      33      0                  0                 
       fd_tol28.asm.obj       31      0                  0                 
       fs_tou28.asm.obj       29      0                  0                 
       memcpy.c.obj           29      0                  0                 
       fs_tofd28.asm.obj      28      0                  0                 
       i_tofs28.asm.obj       26      0                  0                 
       l_tofs28.asm.obj       26      0                  0                 
       args_main.c.obj        25      0                  0                 
       _lock.c.obj            9       10                 4                 
       fs_cmp28.asm.obj       23      0                  0                 
       ul_tofs28.asm.obj      19      0                  0                 
       u_tofs28.asm.obj       16      0                  0                 
       s_copysignf.c.obj      10      0                  0                 
       errno.c.obj            0       4                  1                 
       fs_neg28.asm.obj       5       0                  0                 
       pre_init.c.obj         2       0                  0                 
       startup.c.obj          1       0                  0                 
    +--+----------------------+-------+------------------+--------------------+
       Total:                 2784    118                11                
                                                                           
    G:/motor_control/motorware_1_01_00_18/sw/modules/iqmath/lib/f28x/32b/IQmath.lib
       IQmathTables.obj       0       2896               0                 
       IQ20div.obj            0       71                 0                 
       IQ24div.obj            0       71                 0                 
       IQ24sqrt.obj           0       66                 0                 
       IQ24sinPU.obj          0       41                 0                 
       IQ24cosPU.obj          0       39                 0                 
       IQ30toF.obj            0       20                 0                 
    +--+----------------------+-------+------------------+--------------------+
       Total:                 0       3204               0                 
                                                                           
    G:/motor_control/motorware_1_01_00_18/sw/modules/spintac/lib/32b/SpinTAC.lib
       spintac_vel_move.obj   1149    0                  0                 
       spintac_vel_ctl.obj    610     0                  0                 
       spintac_pos_conv.obj   53      0                  0                 
       spintac_version.obj    49      0                  0                 
       spintac_vel_id.obj     43      0                  0                 
       spintac_vel_plan.obj   38      0                  0                 
    +--+----------------------+-------+------------------+--------------------+
       Total:                 1942    0                  0                 
                                                                           
       Stack:                 0       0                  944               
    +--+----------------------+-------+------------------+--------------------+
       Grand Total:           16296   3526               1920              


GLOBAL DATA SYMBOLS: SORTED BY DATA PAGE

address     data page           name
--------    ----------------    ----
00000400      10 (00000400)     __stack

0000bf70     2fd (0000bf40)     ___TI_enable_exit_profile_output
0000bf72     2fd (0000bf40)     ___TI_cleanup_ptr
0000bf74     2fd (0000bf40)     ___TI_dtors_ptr
0000bf76     2fd (0000bf40)     __lock
0000bf78     2fd (0000bf40)     __unlock
0000bf7c     2fd (0000bf40)     _cpu
0000bf7d     2fd (0000bf40)     _errno

0000bf80     2fe (0000bf80)     _gCounter_updateGlobals
0000bf81     2fe (0000bf80)     _Flag_Latch_softwareUpdate
0000bf82     2fe (0000bf80)     _gLEDcnt
0000bf84     2fe (0000bf80)     _ctrlHandle
0000bf86     2fe (0000bf80)     _halHandle
0000bf88     2fe (0000bf80)     _gMaxCurrentSlope
0000bf8a     2fe (0000bf80)     _controller_obj
0000bf8c     2fe (0000bf80)     _stHandle
0000bf8e     2fe (0000bf80)     _gFlux_pu_to_Wb_sf
0000bf90     2fe (0000bf80)     _gFlux_pu_to_VpHz_sf
0000bf92     2fe (0000bf80)     _gTorque_Ls_Id_Iq_pu_to_Nm_sf
0000bf94     2fe (0000bf80)     _gTorque_Flux_Iq_pu_to_Nm_sf
0000bf96     2fe (0000bf80)     _gPwmData
0000bf9c     2fe (0000bf80)     _gAdcData

0000bfc0     2ff (0000bfc0)     _gDrvSpi8301Vars

0000c000     300 (0000c000)     _gMotorVars

0000c080     302 (0000c080)     _gUserParams

0000c140     305 (0000c140)     _st_obj

0000c2c0     30b (0000c2c0)     _hal

0000c368     30d (0000c340)     __IQ20div

0000c3af     30e (0000c380)     __IQ24div

0000c3f6     30f (0000c3c0)     __IQ24sqrt

0000c438     310 (0000c400)     __IQ24sinPU

0000c461     311 (0000c440)     __IQ24cosPU

0000c488     312 (0000c480)     __IQ30toF

003fdc30    ff70 (003fdc00)     _IQsinTable

003fdd30    ff74 (003fdd00)     _IQcosTable

003fe030    ff80 (003fe000)     _IQsinTableEnd

003fe132    ff84 (003fe100)     _IQcosTableEnd
003fe132    ff84 (003fe100)     _IQdivRoundSatTable

003fe140    ff85 (003fe140)     _IQdivTable

003fe342    ff8d (003fe340)     _IQdivTableEnd
003fe342    ff8d (003fe340)     _IQisqrtRoundSatTable
003fe342    ff8d (003fe340)     _IQsqrtRoundSatTable
003fe352    ff8d (003fe340)     _IQisqrtTable
003fe352    ff8d (003fe340)     _IQsqrtTable

003fe454    ff91 (003fe440)     _IQatan2HalfPITable
003fe454    ff91 (003fe440)     _IQisqrtTableEnd
003fe454    ff91 (003fe440)     _IQsqrtTableEnd

003fe492    ff92 (003fe480)     _IQatan2Table

003fe618    ff98 (003fe600)     _IQ30mpyRndSatTable
003fe618    ff98 (003fe600)     _IQatan2TableEnd
003fe618    ff98 (003fe600)     _IQmpyRndSatTable
003fe624    ff98 (003fe600)     _IQ29mpyRndSatTable
003fe630    ff98 (003fe600)     _IQ28mpyRndSatTable
003fe63c    ff98 (003fe600)     _IQ27mpyRndSatTable

003fe648    ff99 (003fe640)     _IQ26mpyRndSatTable
003fe654    ff99 (003fe640)     _IQ25mpyRndSatTable
003fe660    ff99 (003fe640)     _IQ24mpyRndSatTable
003fe66c    ff99 (003fe640)     _IQ23mpyRndSatTable
003fe678    ff99 (003fe640)     _IQ22mpyRndSatTable

003fe684    ff9a (003fe680)     _IQ21mpyRndSatTable
003fe690    ff9a (003fe680)     _IQ20mpyRndSatTable
003fe69c    ff9a (003fe680)     _IQ19mpyRndSatTable
003fe6a8    ff9a (003fe680)     _IQ18mpyRndSatTable
003fe6b4    ff9a (003fe680)     _IQ17mpyRndSatTable

003fe6c0    ff9b (003fe6c0)     _IQ16mpyRndSatTable
003fe6cc    ff9b (003fe6c0)     _IQ15mpyRndSatTable
003fe6d8    ff9b (003fe6c0)     _IQ14mpyRndSatTable
003fe6e4    ff9b (003fe6c0)     _IQ13mpyRndSatTable
003fe6f0    ff9b (003fe6c0)     _IQ12mpyRndSatTable
003fe6fc    ff9b (003fe6c0)     _IQ11mpyRndSatTable

003fe708    ff9c (003fe700)     _IQ10mpyRndSatTable
003fe714    ff9c (003fe700)     _IQ9mpyRndSatTable
003fe720    ff9c (003fe700)     _IQ8mpyRndSatTable
003fe72c    ff9c (003fe700)     _IQ7mpyRndSatTable
003fe738    ff9c (003fe700)     _IQ6mpyRndSatTable

003fe744    ff9d (003fe740)     _IQ5mpyRndSatTable
003fe750    ff9d (003fe740)     _IQ4mpyRndSatTable
003fe75c    ff9d (003fe740)     _IQ3mpyRndSatTable
003fe768    ff9d (003fe740)     _IQ2mpyRndSatTable
003fe774    ff9d (003fe740)     _IQ1mpyRndSatTable

003fe780    ff9e (003fe780)     _IQmpyRndSatTableEnd


GLOBAL SYMBOLS: SORTED ALPHABETICALLY BY Name 

page  address   name                                             
----  -------   ----                                             
0     00008000  .text                                            
0     0000bd2d  C$$EXIT                                          
0     0000b72b  FD$$MPY                                          
0     0000be4c  FD$$TOL                                          
0     0000b836  FS$$ADD                                          
0     0000bf0e  FS$$CMP                                          
0     0000b7ae  FS$$DIV                                          
0     0000ba3f  FS$$MPY                                          
0     0000bf68  FS$$NEG                                          
0     0000b831  FS$$SUB                                          
0     0000bea5  FS$$TOFD                                         
0     0000bda1  FS$$TOI                                          
0     0000be6b  FS$$TOU                                          
0     0000be0b  FS$$TOUL                                         
0     0000bec1  I$$TOFS                                          
0     0000bd03  L$$DIV                                           
0     0000bd12  L$$MOD                                           
0     0000bedb  L$$TOFS                                          
0     0000bf38  U$$TOFS                                          
0     0000bd20  UL$$DIV                                          
0     0000bd27  UL$$MOD                                          
0     0000bf25  UL$$TOFS                                         
0     0000b015  _ADC_disable                                     
0     0000b00b  _ADC_disableBandGap                              
0     0000aff4  _ADC_disableInt                                  
0     0000afea  _ADC_disableNoOverlapMode                        
0     0000afe0  _ADC_disableRefBuffers                           
0     0000afd6  _ADC_disableVoltRefLoConv                        
0     0000afcc  _ADC_enable                                      
0     0000afc2  _ADC_enableBandGap                               
0     0000afac  _ADC_enableInt                                   
0     0000afa2  _ADC_enableNoOverlapMode                         
0     0000af98  _ADC_enableRefBuffers                            
0     0000af8e  _ADC_enableVoltRefLoConv                         
0     0000af86  _ADC_getDivideSelect                             
0     0000af7e  _ADC_init                                        
0     0000af74  _ADC_powerDown                                   
0     0000af6a  _ADC_powerUp                                     
0     0000af60  _ADC_reset                                       
0     0000af4f  _ADC_setDivideSelect                             
0     0000af2e  _ADC_setIntMode                                  
0     0000af1d  _ADC_setIntPulseGenMode                          
0     0000aefc  _ADC_setIntSrc                                   
0     0000aef5  _ADC_setOffTrim                                  
0     0000aede  _ADC_setSampleMode                               
0     0000aecb  _ADC_setSampleOverlapMode                        
0     0000aeb7  _ADC_setSocChanNumber                            
0     0000aead  _ADC_setSocFrc                                   
0     0000aea6  _ADC_setSocFrcWord                               
0     0000ae92  _ADC_setSocSampleDelay                           
0     0000ae7e  _ADC_setSocTrigSrc                               
0     0000ae6d  _ADC_setTempSensorSrc                            
0     0000ae5c  _ADC_setVoltRefSrc                               
0     0000ae31  _ADC_setupSocTrigSrc                             
0     0000b1a2  _CLK_disableAdcClock                             
0     0000b19b  _CLK_disableClaClock                             
0     0000b195  _CLK_disableClkIn                                
0     0000b191  _CLK_disableCompClock                            
0     0000b18a  _CLK_disableCpuTimerClock                        
0     0000b184  _CLK_disableCrystalOsc                           
0     0000b17d  _CLK_disableEcanaClock                           
0     0000b176  _CLK_disableEcap1Clock                           
0     0000b16f  _CLK_disableEqep1Clock                           
0     0000b168  _CLK_disableEqep2Clock                           
0     0000b161  _CLK_disableGpioInputClock                       
0     0000b15a  _CLK_disableHrPwmClock                           
0     0000b153  _CLK_disableI2cClock                             
0     0000b14c  _CLK_disableLinAClock                            
0     0000b146  _CLK_disableOsc1                                 
0     0000b140  _CLK_disableOsc1HaltMode                         
0     0000b13a  _CLK_disableOsc2                                 
0     0000b134  _CLK_disableOsc2HaltMode                         
0     0000b12a  _CLK_disablePwmClock                             
0     0000b123  _CLK_disableSciaClock                            
0     0000b11c  _CLK_disableScibClock                            
0     0000b115  _CLK_disableSpiaClock                            
0     0000b111  _CLK_disableSpibClock                            
0     0000b10a  _CLK_disableTbClockSync                          
0     0000b104  _CLK_disableWatchDogHaltMode                     
0     0000b0fd  _CLK_enableAdcClock                              
0     0000b0f6  _CLK_enableClaClock                              
0     0000b0f0  _CLK_enableClkIn                                 
0     0000b0ea  _CLK_enableCompClock                             
0     0000b0e4  _CLK_enableCpuTimerClock                         
0     0000b0de  _CLK_enableCrystalOsc                            
0     0000b0d7  _CLK_enableEcanaClock                            
0     0000b0d0  _CLK_enableEcap1Clock                            
0     0000b0c9  _CLK_enableEqep1Clock                            
0     0000b0c2  _CLK_enableEqep2Clock                            
0     0000b0bb  _CLK_enableGpioInputClock                        
0     0000b0b4  _CLK_enableHrPwmClock                            
0     0000b0ad  _CLK_enableI2cClock                              
0     0000b0a6  _CLK_enableLinAClock                             
0     0000b0a0  _CLK_enableOsc1                                  
0     0000b09a  _CLK_enableOsc1HaltMode                          
0     0000b094  _CLK_enableOsc2                                  
0     0000b08e  _CLK_enableOsc2HaltMode                          
0     0000b085  _CLK_enablePwmClock                              
0     0000b07e  _CLK_enableSciaClock                             
0     0000b077  _CLK_enableScibClock                             
0     0000b070  _CLK_enableSpiaClock                             
0     0000b069  _CLK_enableSpibClock                             
0     0000b062  _CLK_enableTbClockSync                           
0     0000b05c  _CLK_enableWatchDogHaltMode                      
0     0000b056  _CLK_init                                        
0     0000b04f  _CLK_setClkOutPreScaler                          
0     0000b049  _CLK_setLowSpdPreScaler                          
0     0000b042  _CLK_setOsc2Src                                  
0     0000b03b  _CLK_setOscSrc                                   
0     0000b034  _CLK_setTimer2PreScale                           
0     0000b02d  _CLK_setTimer2Src                                
0     0000b026  _CLK_setWatchDogSrc                              
0     0000b01f  _CLK_setXClkInSrc                                
0     0000bd9e  _CPU_clearIntFlags                               
0     0000bd9b  _CPU_disableDebugInt                             
0     0000bd98  _CPU_disableGlobalInts                           
0     0000bd93  _CPU_disableInt                                  
0     0000bd90  _CPU_disableInts                                 
0     0000bd8d  _CPU_disableProtectedRegisterWrite               
0     0000bd8a  _CPU_enableDebugInt                              
0     0000bd87  _CPU_enableGlobalInts                            
0     0000bd83  _CPU_enableInt                                   
0     0000bd80  _CPU_enableProtectedRegisterWrite                
0     0000bd7c  _CPU_init                                        
0     00009425  _CTRL_getGains                                   
0     0000941e  _CTRL_getIab_filt_pu                             
0     00009417  _CTRL_getIab_in_pu                               
0     00009410  _CTRL_getIdq_in_pu                               
0     00009409  _CTRL_getIdq_ref_pu                              
0     0000945e  _CTRL_getMagCurrent_pu                           
0     0000945b  _CTRL_getMaximumSpeed_pu                         
0     00009402  _CTRL_getVab_in_pu                               
0     000093fb  _CTRL_getVab_out_pu                              
0     000093f4  _CTRL_getVdq_out_pu                              
abs   003fa721  _CTRL_getVersion                                 
0     000093eb  _CTRL_getWaitTimes                               
abs   003fa6fb  _CTRL_initCtrl                                   
0     00008ebc  _CTRL_run                                        
abs   003fa5d1  _CTRL_runTraj                                    
abs   003f9e64  _CTRL_setEstParams                               
0     00008c35  _CTRL_setGains                                   
0     00009458  _CTRL_setMagCurrent_pu                           
0     00009455  _CTRL_setMaximumSpeed_pu                         
0     00008c5d  _CTRL_setParams                                  
0     00008c22  _CTRL_setSpd_ref_krpm                            
0     00008c1f  _CTRL_setSpd_ref_pu                              
abs   003f9d31  _CTRL_setUserMotorParams                         
0     00008c16  _CTRL_setWaitTimes                               
0     00008c0c  _CTRL_setup                                      
0     00008bf0  _CTRL_setupClarke_I                              
0     00008bda  _CTRL_setupClarke_V                              
abs   003f9b43  _CTRL_setupCtrl                                  
abs   003f99a5  _CTRL_setupEstIdleState                          
abs   003f996a  _CTRL_setupEstOnLineState                        
abs   003f9806  _CTRL_setupTraj                                  
0     00008b80  _CTRL_setup_user                                 
0     00008acd  _CTRL_updateState                                
0     0000abd7  _DRV8301_enable                                  
0     0000abc5  _DRV8301_getDcCalMode                            
0     0000abaa  _DRV8301_getFaultType                            
0     0000aba4  _DRV8301_getId                                   
0     0000ab9d  _DRV8301_getOcLevel                              
0     0000ab96  _DRV8301_getOcMode                               
0     0000ab8f  _DRV8301_getOcOffTimeMode                        
0     0000ab88  _DRV8301_getOcTwMode                             
0     0000ab81  _DRV8301_getPeakCurrent                          
0     0000ab7a  _DRV8301_getPwmMode                              
0     0000ab73  _DRV8301_getShuntAmpGain                         
0     0000ab6a  _DRV8301_init                                    
0     0000ab64  _DRV8301_isFault                                 
0     0000ab5d  _DRV8301_isReset                                 
0     0000aae7  _DRV8301_readData                                
0     0000a968  _DRV8301_readSpi                                 
0     0000aad8  _DRV8301_reset                                   
0     0000aab9  _DRV8301_setDcCalMode                            
0     0000aab7  _DRV8301_setGpioHandle                           
0     0000aab5  _DRV8301_setGpioNumber                           
0     0000aaa1  _DRV8301_setOcLevel                              
0     0000aa8d  _DRV8301_setOcMode                               
0     0000aa79  _DRV8301_setOcOffTimeMode                        
0     0000aa65  _DRV8301_setOcTwMode                             
0     0000aa51  _DRV8301_setPeakCurrent                          
0     0000aa3d  _DRV8301_setPwmMode                              
0     0000aa29  _DRV8301_setShuntAmpGain                         
0     0000aa27  _DRV8301_setSpiHandle                            
0     0000a9a0  _DRV8301_setupSpi                                
0     0000a93f  _DRV8301_writeData                               
0     0000a928  _DRV8301_writeSpi                                
abs   003f9760  _EST_doCurrentCtrl                               
abs   003f9758  _EST_doSpeedCtrl                                 
abs   003f8c0d  _EST_getAngle_pu                                 
abs   003f96be  _EST_getFlux_VpHz                                
abs   003f96ab  _EST_getFlux_pu                                  
abs   003f968e  _EST_getFm_pu                                    
abs   003f9632  _EST_getIdRated                                  
abs   003f95ff  _EST_getLs_coarse_max_pu                         
abs   003f95f5  _EST_getLs_d_H                                   
abs   003f95f0  _EST_getLs_d_pu                                  
abs   003f95ce  _EST_getLs_q_H                                   
abs   003f95c9  _EST_getLs_q_pu                                  
abs   003f95bd  _EST_getMaxCurrentSlope_pu                       
abs   003f95b3  _EST_getOneOverDcBus_pu                          
abs   003f95ad  _EST_getRr_Ohm                                   
abs   003f9513  _EST_getRs_Ohm                                   
abs   003f94c6  _EST_getSpeed_krpm                               
abs   003f861b  _EST_getState                                    
abs   003f9458  _EST_get_krpm_to_pu_sf                           
abs   003f9453  _EST_get_pu_to_krpm_sf                           
abs   003f938d  _EST_isError                                     
abs   003f9386  _EST_isIdle                                      
abs   003f937f  _EST_isLockRotor                                 
abs   003f8679  _EST_isMotorIdentified                           
abs   003f9378  _EST_isOnLine                                    
abs   003f927b  _EST_run                                         
abs   003f8bdb  _EST_setFlag_enableForceAngle                    
abs   003f8bd3  _EST_setFlag_enableRsRecalc                      
abs   003f8b80  _EST_setId_ref_pu                                
abs   003f8b7a  _EST_setIdle                                     
abs   003f8b67  _EST_setIdle_all                                 
abs   003f8b63  _EST_setIq_ref_pu                                
abs   003f8b45  _EST_setLs_d_pu                                  
abs   003f8af1  _EST_setLs_qFmt                                  
abs   003f8ae7  _EST_setLs_q_pu                                  
abs   003f8adb  _EST_setMaxCurrentSlope_pu                       
abs   003f8a18  _EST_setRs_pu                                    
abs   003f89f5  _EST_updateId_ref_pu                             
abs   003f8713  _EST_updateState                                 
abs   003f861d  _EST_useZeroIq_ref                               
0     0000be08  _FILTER_FO_getDenCoeffs                          
0     0000be01  _FILTER_FO_getInitialConditions                  
0     0000bdfb  _FILTER_FO_getNumCoeffs                          
0     0000bdf5  _FILTER_FO_init                                  
0     0000bdf3  _FILTER_FO_setDenCoeffs                          
0     0000bdee  _FILTER_FO_setInitialConditions                  
0     0000bdea  _FILTER_FO_setNumCoeffs                          
0     0000be46  _FLASH_clear3VStatus                             
0     0000013e  _FLASH_disablePipelineMode                       
0     00000138  _FLASH_enablePipelineMode                        
0     0000be43  _FLASH_get3VStatus                               
0     0000be40  _FLASH_getActiveWaitCount                        
0     0000be3c  _FLASH_getActiveWaitStatus                       
0     0000be39  _FLASH_getPowerMode                              
0     0000be36  _FLASH_getStandbyWaitCount                       
0     0000be32  _FLASH_getStandbyWaitStatus                      
0     0000be2c  _FLASH_init                                      
0     00000133  _FLASH_setActiveWaitCount                        
0     0000012c  _FLASH_setNumPagedReadWaitStates                 
0     00000125  _FLASH_setNumRandomReadWaitStates                
0     0000011e  _FLASH_setOtpWaitStates                          
0     00000117  _FLASH_setPowerMode                              
0     00000112  _FLASH_setStandbyWaitCount                       
0     0000bf81  _Flag_Latch_softwareUpdate                       
0     0000b4a1  _GPIO_getData                                    
0     0000b496  _GPIO_getPortData                                
0     0000b490  _GPIO_init                                       
0     0000b486  _GPIO_lpmSelect                                  
0     0000b473  _GPIO_read                                       
0     0000b459  _GPIO_setDirection                               
0     0000b44e  _GPIO_setExtInt                                  
0     0000b43e  _GPIO_setHigh                                    
0     0000b42e  _GPIO_setLow                                     
0     0000b3fa  _GPIO_setMode                                    
0     0000b3ec  _GPIO_setPortData                                
0     0000b3d2  _GPIO_setPullup                                  
0     0000b395  _GPIO_setQualification                           
0     0000b340  _GPIO_setQualificationPeriod                     
0     0000b330  _GPIO_toggle                                     
0     00008598  _HAL_AdcCalChanSelect                            
0     000085ef  _HAL_AdcCalConversion                            
0     00008747  _HAL_AdcOffsetSelfCal                            
0     0000880d  _HAL_OscTempComp                                 
0     00008862  _HAL_cal                                         
0     00008ac9  _HAL_disableGlobalInts                           
0     000089b6  _HAL_disableWdog                                 
0     00008ab7  _HAL_enableAdcInts                               
0     00008ab3  _HAL_enableDebugInt                              
0     00008aae  _HAL_enableDrv                                   
0     00008aaa  _HAL_enableGlobalInts                            
0     00008a99  _HAL_enablePwmInt                                
0     00008a89  _HAL_enableTimer0Int                             
0     0000877a  _HAL_getOscTrimValue                             
0     000089bb  _HAL_init                                        
0     0000878d  _HAL_osc1Comp                                    
0     000087cd  _HAL_osc2Comp                                    
0     000089b1  _HAL_readDrvData                                 
0     00008997  _HAL_setDacParameters                            
0     00008879  _HAL_setParams                                   
0     000084e0  _HAL_setupAdcs                                   
0     000084c4  _HAL_setupClks                                   
0     000084bf  _HAL_setupDrvSpi                                 
0     000084a1  _HAL_setupFaults                                 
0     00008483  _HAL_setupFlash                                  
0     0000846e  _HAL_setupGate                                   
0     000082e7  _HAL_setupGpios                                  
0     0000829a  _HAL_setupPeripheralClks                         
0     0000827e  _HAL_setupPie                                    
0     0000823f  _HAL_setupPll                                    
0     000081b2  _HAL_setupPwmDacs                                
0     000080da  _HAL_setupPwms                                   
0     00008094  _HAL_setupSpiA                                   
0     0000805e  _HAL_setupSpiB                                   
0     00008005  _HAL_setupTimers                                 
0     00008000  _HAL_writeDrvData                                
0     003fe708  _IQ10mpyRndSatTable                              
0     003fe6fc  _IQ11mpyRndSatTable                              
0     003fe6f0  _IQ12mpyRndSatTable                              
0     003fe6e4  _IQ13mpyRndSatTable                              
0     003fe6d8  _IQ14mpyRndSatTable                              
0     003fe6cc  _IQ15mpyRndSatTable                              
0     003fe6c0  _IQ16mpyRndSatTable                              
0     003fe6b4  _IQ17mpyRndSatTable                              
0     003fe6a8  _IQ18mpyRndSatTable                              
0     003fe69c  _IQ19mpyRndSatTable                              
0     003fe774  _IQ1mpyRndSatTable                               
0     003fe690  _IQ20mpyRndSatTable                              
0     003fe684  _IQ21mpyRndSatTable                              
0     003fe678  _IQ22mpyRndSatTable                              
0     003fe66c  _IQ23mpyRndSatTable                              
0     003fe660  _IQ24mpyRndSatTable                              
0     003fe654  _IQ25mpyRndSatTable                              
0     003fe648  _IQ26mpyRndSatTable                              
0     003fe63c  _IQ27mpyRndSatTable                              
0     003fe630  _IQ28mpyRndSatTable                              
0     003fe624  _IQ29mpyRndSatTable                              
0     003fe768  _IQ2mpyRndSatTable                               
0     003fe618  _IQ30mpyRndSatTable                              
0     003fe75c  _IQ3mpyRndSatTable                               
0     003fe750  _IQ4mpyRndSatTable                               
0     003fe744  _IQ5mpyRndSatTable                               
0     003fe738  _IQ6mpyRndSatTable                               
0     003fe72c  _IQ7mpyRndSatTable                               
0     003fe720  _IQ8mpyRndSatTable                               
0     003fe714  _IQ9mpyRndSatTable                               
0     003fe454  _IQatan2HalfPITable                              
0     003fe492  _IQatan2Table                                    
0     003fe618  _IQatan2TableEnd                                 
0     003fdd30  _IQcosTable                                      
0     003fe132  _IQcosTableEnd                                   
0     003fe132  _IQdivRoundSatTable                              
0     003fe140  _IQdivTable                                      
0     003fe342  _IQdivTableEnd                                   
0     003fe342  _IQisqrtRoundSatTable                            
0     003fe352  _IQisqrtTable                                    
0     003fe454  _IQisqrtTableEnd                                 
0     003fe618  _IQmpyRndSatTable                                
0     003fe780  _IQmpyRndSatTableEnd                             
0     003fdc30  _IQsinTable                                      
0     003fe030  _IQsinTableEnd                                   
0     003fe342  _IQsqrtRoundSatTable                             
0     003fe352  _IQsqrtTable                                     
0     003fe454  _IQsqrtTableEnd                                  
0     0000bb25  _OFFSET_getBeta                                  
0     0000bb14  _OFFSET_init                                     
0     0000bafe  _OFFSET_setBeta                                  
0     0000baef  _OFFSET_setInitCond                              
0     0000baed  _OFFSET_setOffset                                
0     0000bc7d  _OSC_init                                        
0     0000bc70  _OSC_setCoarseTrim                               
0     0000bc5f  _OSC_setFineTrim                                 
0     0000bc56  _OSC_setTrim                                     
0     0000b5aa  _PIE_clearAllFlags                               
0     0000b5a7  _PIE_clearAllInts                                
0     0000b5a4  _PIE_disable                                     
0     0000b59d  _PIE_disableAllInts                              
0     0000b599  _PIE_disableCaptureInt                           
0     0000b590  _PIE_disableExtInt                               
0     0000b586  _PIE_disableInt                                  
0     0000b583  _PIE_enable                                      
0     0000b567  _PIE_enableAdcInt                                
0     0000b563  _PIE_enableCaptureInt                            
0     0000b546  _PIE_enableExtInt                                
0     0000b53d  _PIE_enableInt                                   
0     0000b538  _PIE_enablePwmInt                                
0     0000b533  _PIE_enablePwmTzInt                              
0     0000b530  _PIE_enableTimer0Int                             
0     0000b527  _PIE_forceInt                                    
0     0000b51f  _PIE_getExtIntCount                              
0     0000b518  _PIE_getIntEnables                               
0     0000b511  _PIE_getIntFlags                                 
0     0000bf63  _PIE_illegalIsr                                  
0     0000b509  _PIE_init                                        
0     0000b4f7  _PIE_registerPieIntHandler                       
0     0000b4ec  _PIE_registerSystemIntHandler                    
0     0000b4e1  _PIE_setDefaultIntVectorTable                    
0     0000b4d0  _PIE_setExtIntPolarity                           
0     0000b4bc  _PIE_unregisterPieIntHandler                     
0     0000b4af  _PIE_unregisterSystemIntHandler                  
0     0000ba39  _PLL_disable                                     
0     0000ba33  _PLL_disableClkDetect                            
0     0000ba2d  _PLL_disableNormRdy                              
0     0000ba27  _PLL_disableOsc                                  
0     0000ba21  _PLL_enable                                      
0     0000ba1b  _PLL_enableClkDetect                             
0     0000ba15  _PLL_enableNormRdy                               
0     0000ba0f  _PLL_enableOsc                                   
0     0000ba0b  _PLL_getClkFreq                                  
0     0000ba08  _PLL_getClkStatus                                
0     0000ba05  _PLL_getDivideSelect                             
0     0000ba02  _PLL_getLockStatus                               
0     0000b9fc  _PLL_init                                        
0     0000b9f6  _PLL_resetClkDetect                              
0     0000b9f0  _PLL_setClkFreq                                  
0     0000b9e9  _PLL_setDivideSelect                             
0     0000b9e4  _PLL_setLockPeriod                               
0     0000a922  _PWM_clearTripZone                               
0     0000a91f  _PWM_decrementDeadBandFallingEdgeDelay           
0     0000a91c  _PWM_decrementDeadBandRisingEdgeDelay            
0     0000a915  _PWM_disableAutoConvert                          
0     0000a911  _PWM_disableChopping                             
0     0000a90e  _PWM_disableCounterLoad                          
0     0000a90b  _PWM_disableDeadBand                             
0     0000a907  _PWM_disableDeadBandHalfCycle                    
0     0000a900  _PWM_disableDigitalCompareBlankingWindow         
0     0000a8f9  _PWM_disableDigitalCompareBlankingWindowInversion
0     0000a8f2  _PWM_disableHrPeriod                             
0     0000a8eb  _PWM_disableHrPhaseSync                          
0     0000a8e7  _PWM_disableInt                                  
0     0000a8e3  _PWM_disableSocAPulse                            
0     0000a8df  _PWM_disableSocBPulse                            
0     0000a8d8  _PWM_disableTripZoneInt                          
0     0000a8d1  _PWM_disableTripZoneSrc                          
0     0000a8cb  _PWM_disableTripZones                            
0     0000a8c4  _PWM_enableAutoConvert                           
0     0000a8c0  _PWM_enableChopping                              
0     0000a8bd  _PWM_enableCounterLoad                           
0     0000a8b9  _PWM_enableDeadBandHalfCycle                     
0     0000a8b2  _PWM_enableDigitalCompareBlankingWindow          
0     0000a8ab  _PWM_enableDigitalCompareBlankingWindowInversion 
0     0000a8a4  _PWM_enableHrPeriod                              
0     0000a89d  _PWM_enableHrPhaseSync                           
0     0000a899  _PWM_enableInt                                   
0     0000a895  _PWM_enableSocAPulse                             
0     0000a891  _PWM_enableSocBPulse                             
0     0000a88b  _PWM_enableTripZoneInt                           
0     0000a885  _PWM_enableTripZoneSrc                           
0     0000a882  _PWM_getDeadBandFallingEdgeDelay                 
0     0000a87f  _PWM_getDeadBandRisingEdgeDelay                  
0     0000a87b  _PWM_getIntCount                                 
0     0000a877  _PWM_getShadowStatus_CmpA                        
0     0000a873  _PWM_getShadowStatus_CmpB                        
0     0000a86e  _PWM_getSocACount                                
0     0000a869  _PWM_getSocBCount                                
0     0000a866  _PWM_incrementDeadBandFallingEdgeDelay           
0     0000a863  _PWM_incrementDeadBandRisingEdgeDelay            
0     0000a85d  _PWM_init                                        
0     0000a856  _PWM_setActionQualContSWForce_PwmA               
0     0000a84d  _PWM_setActionQualContSWForce_PwmB               
0     0000a844  _PWM_setActionQual_CntDown_CmpA_PwmA             
0     0000a83b  _PWM_setActionQual_CntDown_CmpA_PwmB             
0     0000a832  _PWM_setActionQual_CntDown_CmpB_PwmA             
0     0000a829  _PWM_setActionQual_CntDown_CmpB_PwmB             
0     0000a820  _PWM_setActionQual_CntUp_CmpA_PwmA               
0     0000a817  _PWM_setActionQual_CntUp_CmpA_PwmB               
0     0000a80e  _PWM_setActionQual_CntUp_CmpB_PwmA               
0     0000a805  _PWM_setActionQual_CntUp_CmpB_PwmB               
0     0000a7fc  _PWM_setActionQual_Period_PwmA                   
0     0000a7f3  _PWM_setActionQual_Period_PwmB                   
0     0000a7ec  _PWM_setActionQual_Zero_PwmA                     
0     0000a7e5  _PWM_setActionQual_Zero_PwmB                     
0     0000a7de  _PWM_setChoppingClkFreq                          
0     0000a7d7  _PWM_setChoppingDutyCycle                        
0     0000a7d0  _PWM_setChoppingPulseWidth                       
0     0000a7cc  _PWM_setClkDiv                                   
0     0000a7ca  _PWM_setCount                                    
0     0000a7c6  _PWM_setCounterMode                              
0     0000a7c3  _PWM_setDeadBandFallingEdgeDelay                 
0     0000a7bc  _PWM_setDeadBandInputMode                        
0     0000a7b5  _PWM_setDeadBandOutputMode                       
0     0000a7ae  _PWM_setDeadBandPolarity                         
0     0000a7ab  _PWM_setDeadBandRisingEdgeDelay                  
0     0000a791  _PWM_setDigitalCompareAEvent1                    
0     0000a781  _PWM_setDigitalCompareAEvent2                    
0     0000a767  _PWM_setDigitalCompareBEvent1                    
0     0000a757  _PWM_setDigitalCompareBEvent2                    
0     0000a74b  _PWM_setDigitalCompareBlankingPulse              
0     0000a748  _PWM_setDigitalCompareFilterOffset               
0     0000a73e  _PWM_setDigitalCompareFilterSource               
0     0000a73b  _PWM_setDigitalCompareFilterWindow               
0     0000a72c  _PWM_setDigitalCompareInput                      
0     0000a728  _PWM_setHighSpeedClkDiv                          
0     0000a71e  _PWM_setHrControlMode                            
0     0000a714  _PWM_setHrEdgeMode                               
0     0000a70a  _PWM_setHrShadowMode                             
0     0000a703  _PWM_setIntMode                                  
0     0000a6fc  _PWM_setIntPeriod                                
0     0000a6f8  _PWM_setLoadMode_CmpA                            
0     0000a6f2  _PWM_setLoadMode_CmpB                            
0     0000a6f0  _PWM_setPeriod                                   
0     0000a6eb  _PWM_setPeriodHr                                 
0     0000a6e7  _PWM_setPeriodLoad                               
0     0000a6e5  _PWM_setPhase                                    
0     0000a6e1  _PWM_setPhaseDir                                 
0     0000a6dd  _PWM_setRunMode                                  
0     0000a6d7  _PWM_setShadowMode_CmpA                          
0     0000a6d1  _PWM_setShadowMode_CmpB                          
0     0000a6c8  _PWM_setSocAPeriod                               
0     0000a6be  _PWM_setSocAPulseSrc                             
0     0000a6b5  _PWM_setSocBPeriod                               
0     0000a6ac  _PWM_setSocBPulseSrc                             
0     0000a6a9  _PWM_setSwSync                                   
0     0000a6a5  _PWM_setSyncMode                                 
0     0000a69b  _PWM_setTripZoneDCEventSelect_DCAEVT1            
0     0000a68f  _PWM_setTripZoneDCEventSelect_DCAEVT2            
0     0000a683  _PWM_setTripZoneDCEventSelect_DCBEVT1            
0     0000a677  _PWM_setTripZoneDCEventSelect_DCBEVT2            
0     0000a66b  _PWM_setTripZoneState_DCAEVT1                    
0     0000a65f  _PWM_setTripZoneState_DCAEVT2                    
0     0000a653  _PWM_setTripZoneState_DCBEVT1                    
0     0000a647  _PWM_setTripZoneState_DCBEVT2                    
0     0000a63d  _PWM_setTripZoneState_TZA                        
0     0000a631  _PWM_setTripZoneState_TZB                        
0     0000bbbb  _PWR_disableBrownOutReset                        
0     0000bbb1  _PWR_disableWatchDogInt                          
0     0000bbae  _PWR_enableBrownOutReset                         
0     0000bba4  _PWR_enableWatchDogInt                           
0     0000bb9c  _PWR_init                                        
0     0000bb8b  _PWR_setLowPowerMode                             
0     0000bb7a  _PWR_setNumStandByClocks                         
0     00000148  _RamfuncsLoadEnd                                 
abs   00000036  _RamfuncsLoadSize                                
0     00000112  _RamfuncsLoadStart                               
0     00000112  _RamfuncsRunStart                                
0     0000b727  _SPI_clearRxFifoInt                              
0     0000b723  _SPI_clearRxFifoOvf                              
0     0000b71f  _SPI_clearTxFifoInt                              
0     0000b71c  _SPI_disableInt                                  
0     0000b719  _SPI_disableLoopBack                             
0     0000b716  _SPI_disableOverRunInt                           
0     0000b712  _SPI_disableRxFifoInt                            
0     0000b70f  _SPI_disableTx                                   
0     0000b70b  _SPI_disableTxFifoEnh                            
0     0000b707  _SPI_disableTxFifoInt                            
0     0000b704  _SPI_enable                                      
0     0000b700  _SPI_enableChannels                              
0     0000b6fd  _SPI_enableInt                                   
0     0000b6fa  _SPI_enableLoopBack                              
0     0000b6f7  _SPI_enableOverRunInt                            
0     0000b6f3  _SPI_enableRxFifo                                
0     0000b6ef  _SPI_enableRxFifoInt                             
0     0000b6ec  _SPI_enableTx                                    
0     0000b6e8  _SPI_enableTxFifo                                
0     0000b6e4  _SPI_enableTxFifoEnh                             
0     0000b6e0  _SPI_enableTxFifoInt                             
0     0000b6dd  _SPI_getIntFlagStatus                            
0     0000b6d9  _SPI_getRxFifoStatus                             
0     0000b6d6  _SPI_getTxBufferStatus                           
0     0000b6d2  _SPI_getTxFifoStatus                             
0     0000b6cc  _SPI_init                                        
0     0000b6c9  _SPI_reset                                       
0     0000b6c5  _SPI_resetChannels                               
0     0000b6c1  _SPI_resetRxFifo                                 
0     0000b6bd  _SPI_resetTxFifo                                 
0     0000b6bb  _SPI_setBaudRate                                 
0     0000b6b7  _SPI_setCharLength                               
0     0000b6b5  _SPI_setClkPhase                                 
0     0000b6b1  _SPI_setClkPolarity                              
0     0000b6af  _SPI_setMode                                     
0     0000b6a8  _SPI_setPriority                                 
0     0000b6a1  _SPI_setRxFifoIntLevel                           
0     0000b69a  _SPI_setSteInv                                   
0     0000b693  _SPI_setSuspend                                  
0     0000b68c  _SPI_setTriWire                                  
0     0000b689  _SPI_setTxDelay                                  
0     0000b682  _SPI_setTxFifoIntLevel                           
0     0000bbbe  _STPOSCONV_init                                  
0     0000bcd9  _STVELCTL_init                                   
0     0000abf9  _STVELCTL_run                                    
0     0000bc83  _STVELID_init                                    
0     0000bcae  _STVELMOVE_init                                  
0     00009995  _STVELMOVE_run                                   
0     0000bd56  _STVELPLAN_init                                  
0     0000bc25  _ST_initVersion                                  
0     000095ae  _ST_runVelCtl                                    
0     0000953d  _ST_runVelMove                                   
0     0000bc22  _TIMER_clearFlag                                 
0     0000bc1f  _TIMER_disableInt                                
0     0000bc1c  _TIMER_enableInt                                 
0     0000bc19  _TIMER_getStatus                                 
0     0000bc13  _TIMER_init                                      
0     0000bc05  _TIMER_setDecimationFactor                       
0     0000bc01  _TIMER_setEmulationMode                          
0     0000bbf3  _TIMER_setPreScaler                              
0     0000a152  _USER_calcPIgains                                
0     0000a14e  _USER_checkForErrors                             
0     0000a140  _USER_computeFlux                                
0     0000a104  _USER_computeFlux_pu_to_VpHz_sf                  
0     0000a0c8  _USER_computeFlux_pu_to_Wb_sf                    
0     0000a08c  _USER_computeTorque_Flux_Iq_pu_to_Nm_sf          
0     0000a052  _USER_computeTorque_Ls_Id_Iq_pu_to_Nm_sf         
0     0000a005  _USER_computeTorque_Nm                           
0     00009fad  _USER_computeTorque_lbin                         
0     00009faa  _USER_getErrorCode                               
0     00009fa7  _USER_setErrorCode                               
0     00009e6a  _USER_setParams                                  
0     00009de7  _USER_softwareUpdate1p6                          
0     0000bb72  _WDOG_clearCounter                               
0     0000bb6a  _WDOG_disable                                    
0     0000bb64  _WDOG_disableInt                                 
0     0000bb5e  _WDOG_disableOverRide                            
0     0000bb55  _WDOG_enable                                     
0     0000bb4f  _WDOG_enableInt                                  
0     0000bb49  _WDOG_enableOverRide                             
0     0000bb46  _WDOG_getIntStatus                               
0     0000bb40  _WDOG_init                                       
0     0000bb3e  _WDOG_setCount                                   
0     0000bb34  _WDOG_setPreScaler                               
0     0000c368  __IQ20div                                        
0     0000c461  __IQ24cosPU                                      
0     0000c3af  __IQ24div                                        
0     0000c438  __IQ24sinPU                                      
0     0000c3f6  __IQ24sqrt                                       
0     0000c488  __IQ30toF                                        
1     000007b0  __STACK_END                                      
abs   000003b0  __STACK_SIZE                                     
0     0000bf72  ___TI_cleanup_ptr                                
0     0000bf74  ___TI_dtors_ptr                                  
0     0000bf70  ___TI_enable_exit_profile_output                 
abs   ffffffff  ___TI_pprof_out_hndl                             
abs   ffffffff  ___TI_prof_data_size                             
abs   ffffffff  ___TI_prof_data_start                            
abs   ffffffff  ___binit__                                       
abs   ffffffff  ___c_args__                                      
0     00000050  ___cinit__                                       
0     0000bf70  ___etext__                                       
abs   ffffffff  ___pinit__                                       
0     00008000  ___text__                                        
0     0000bef5  __args_main                                      
0     0000bf76  __lock                                           
0     0000bf5a  __nop                                            
0     0000bf56  __register_lock                                  
0     0000bf52  __register_unlock                                
1     00000400  __stack                                          
0     0000bf6f  __system_post_cinit                              
0     0000bf6d  __system_pre_init                                
0     0000bf78  __unlock                                         
0     0000bd2d  _abort                                           
0     0000ba99  _c_int00                                         
0     0000b91e  _ceil                                            
0     0000b91e  _ceilf                                           
0     0000bf8a  _controller_obj                                  
0     0000bdc6  _copy_in                                         
0     0000bf48  _copysign                                        
0     0000bf48  _copysignf                                       
0     0000bf7c  _cpu                                             
0     0000bf84  _ctrlHandle                                      
0     0000bf7d  _errno                                           
0     0000bd2f  _exit                                            
0     0000bf9c  _gAdcData                                        
0     0000bf80  _gCounter_updateGlobals                          
0     0000bfc0  _gDrvSpi8301Vars                                 
0     0000bf90  _gFlux_pu_to_VpHz_sf                             
0     0000bf8e  _gFlux_pu_to_Wb_sf                               
0     0000bf82  _gLEDcnt                                         
0     0000bf88  _gMaxCurrentSlope                                
0     0000c000  _gMotorVars                                      
0     0000bf96  _gPwmData                                        
0     0000bf94  _gTorque_Flux_Iq_pu_to_Nm_sf                     
0     0000bf92  _gTorque_Ls_Id_Iq_pu_to_Nm_sf                    
0     0000c080  _gUserParams                                     
0     0000c2c0  _hal                                             
0     0000bf86  _halHandle                                       
0     0000b987  _ldexp                                           
0     0000b987  _ldexpf                                          
0     0000b1a9  _log                                             
0     0000b1a9  _logf                                            
0     000095e1  _main                                            
0     0000b5b1  _mainISR                                         
0     0000be88  _memcpy                                          
0     0000a213  _pow                                             
0     0000a213  _powf                                            
abs   003fb9dd  _s0_calc                                         
abs   003fb9ad  _s0_conf                                         
abs   003fbae7  _s2_calc                                         
abs   003fbb85  _s4_calc                                         
abs   003fbc34  _s4_conf                                         
abs   003fbc58  _s4_reset                                        
abs   003fbc9b  _s8_calc                                         
abs   003fbc7d  _s8_cfg                                          
abs   003fbd37  _s8_get                                          
abs   003fbc72  _s8_reset                                        
0     0000b987  _scalbn                                          
0     0000b987  _scalbnf                                         
abs   003fbc6d  _spintac_rom_ver                                 
0     0000b8a9  _sqrt                                            
0     0000b8a9  _sqrtf                                           
0     0000bf8c  _stHandle                                        
0     0000c140  _st_obj                                          
0     00009489  _updateGlobalVariables_motor                     
0     00009461  _updateKpKiGains                                 
0     00000144  _usDelay                                         
abs   ffffffff  binit                                            
0     00000050  cinit                                            
0     00000000  code_start                                       
0     0000bf70  etext                                            
abs   ffffffff  pinit                                            


GLOBAL SYMBOLS: SORTED BY Symbol Address 

page  address   name                                             
----  -------   ----                                             
0     00000000  code_start                                       
0     00000050  ___cinit__                                       
0     00000050  cinit                                            
0     00000112  _FLASH_setStandbyWaitCount                       
0     00000112  _RamfuncsLoadStart                               
0     00000112  _RamfuncsRunStart                                
0     00000117  _FLASH_setPowerMode                              
0     0000011e  _FLASH_setOtpWaitStates                          
0     00000125  _FLASH_setNumRandomReadWaitStates                
0     0000012c  _FLASH_setNumPagedReadWaitStates                 
0     00000133  _FLASH_setActiveWaitCount                        
0     00000138  _FLASH_enablePipelineMode                        
0     0000013e  _FLASH_disablePipelineMode                       
0     00000144  _usDelay                                         
0     00000148  _RamfuncsLoadEnd                                 
0     00008000  .text                                            
0     00008000  _HAL_writeDrvData                                
0     00008000  ___text__                                        
0     00008005  _HAL_setupTimers                                 
0     0000805e  _HAL_setupSpiB                                   
0     00008094  _HAL_setupSpiA                                   
0     000080da  _HAL_setupPwms                                   
0     000081b2  _HAL_setupPwmDacs                                
0     0000823f  _HAL_setupPll                                    
0     0000827e  _HAL_setupPie                                    
0     0000829a  _HAL_setupPeripheralClks                         
0     000082e7  _HAL_setupGpios                                  
0     0000846e  _HAL_setupGate                                   
0     00008483  _HAL_setupFlash                                  
0     000084a1  _HAL_setupFaults                                 
0     000084bf  _HAL_setupDrvSpi                                 
0     000084c4  _HAL_setupClks                                   
0     000084e0  _HAL_setupAdcs                                   
0     00008598  _HAL_AdcCalChanSelect                            
0     000085ef  _HAL_AdcCalConversion                            
0     00008747  _HAL_AdcOffsetSelfCal                            
0     0000877a  _HAL_getOscTrimValue                             
0     0000878d  _HAL_osc1Comp                                    
0     000087cd  _HAL_osc2Comp                                    
0     0000880d  _HAL_OscTempComp                                 
0     00008862  _HAL_cal                                         
0     00008879  _HAL_setParams                                   
0     00008997  _HAL_setDacParameters                            
0     000089b1  _HAL_readDrvData                                 
0     000089b6  _HAL_disableWdog                                 
0     000089bb  _HAL_init                                        
0     00008a89  _HAL_enableTimer0Int                             
0     00008a99  _HAL_enablePwmInt                                
0     00008aaa  _HAL_enableGlobalInts                            
0     00008aae  _HAL_enableDrv                                   
0     00008ab3  _HAL_enableDebugInt                              
0     00008ab7  _HAL_enableAdcInts                               
0     00008ac9  _HAL_disableGlobalInts                           
0     00008acd  _CTRL_updateState                                
0     00008b80  _CTRL_setup_user                                 
0     00008bda  _CTRL_setupClarke_V                              
0     00008bf0  _CTRL_setupClarke_I                              
0     00008c0c  _CTRL_setup                                      
0     00008c16  _CTRL_setWaitTimes                               
0     00008c1f  _CTRL_setSpd_ref_pu                              
0     00008c22  _CTRL_setSpd_ref_krpm                            
0     00008c35  _CTRL_setGains                                   
0     00008c5d  _CTRL_setParams                                  
0     00008ebc  _CTRL_run                                        
0     000093eb  _CTRL_getWaitTimes                               
0     000093f4  _CTRL_getVdq_out_pu                              
0     000093fb  _CTRL_getVab_out_pu                              
0     00009402  _CTRL_getVab_in_pu                               
0     00009409  _CTRL_getIdq_ref_pu                              
0     00009410  _CTRL_getIdq_in_pu                               
0     00009417  _CTRL_getIab_in_pu                               
0     0000941e  _CTRL_getIab_filt_pu                             
0     00009425  _CTRL_getGains                                   
0     00009455  _CTRL_setMaximumSpeed_pu                         
0     00009458  _CTRL_setMagCurrent_pu                           
0     0000945b  _CTRL_getMaximumSpeed_pu                         
0     0000945e  _CTRL_getMagCurrent_pu                           
0     00009461  _updateKpKiGains                                 
0     00009489  _updateGlobalVariables_motor                     
0     0000953d  _ST_runVelMove                                   
0     000095ae  _ST_runVelCtl                                    
0     000095e1  _main                                            
0     00009995  _STVELMOVE_run                                   
0     00009de7  _USER_softwareUpdate1p6                          
0     00009e6a  _USER_setParams                                  
0     00009fa7  _USER_setErrorCode                               
0     00009faa  _USER_getErrorCode                               
0     00009fad  _USER_computeTorque_lbin                         
0     0000a005  _USER_computeTorque_Nm                           
0     0000a052  _USER_computeTorque_Ls_Id_Iq_pu_to_Nm_sf         
0     0000a08c  _USER_computeTorque_Flux_Iq_pu_to_Nm_sf          
0     0000a0c8  _USER_computeFlux_pu_to_Wb_sf                    
0     0000a104  _USER_computeFlux_pu_to_VpHz_sf                  
0     0000a140  _USER_computeFlux                                
0     0000a14e  _USER_checkForErrors                             
0     0000a152  _USER_calcPIgains                                
0     0000a213  _pow                                             
0     0000a213  _powf                                            
0     0000a631  _PWM_setTripZoneState_TZB                        
0     0000a63d  _PWM_setTripZoneState_TZA                        
0     0000a647  _PWM_setTripZoneState_DCBEVT2                    
0     0000a653  _PWM_setTripZoneState_DCBEVT1                    
0     0000a65f  _PWM_setTripZoneState_DCAEVT2                    
0     0000a66b  _PWM_setTripZoneState_DCAEVT1                    
0     0000a677  _PWM_setTripZoneDCEventSelect_DCBEVT2            
0     0000a683  _PWM_setTripZoneDCEventSelect_DCBEVT1            
0     0000a68f  _PWM_setTripZoneDCEventSelect_DCAEVT2            
0     0000a69b  _PWM_setTripZoneDCEventSelect_DCAEVT1            
0     0000a6a5  _PWM_setSyncMode                                 
0     0000a6a9  _PWM_setSwSync                                   
0     0000a6ac  _PWM_setSocBPulseSrc                             
0     0000a6b5  _PWM_setSocBPeriod                               
0     0000a6be  _PWM_setSocAPulseSrc                             
0     0000a6c8  _PWM_setSocAPeriod                               
0     0000a6d1  _PWM_setShadowMode_CmpB                          
0     0000a6d7  _PWM_setShadowMode_CmpA                          
0     0000a6dd  _PWM_setRunMode                                  
0     0000a6e1  _PWM_setPhaseDir                                 
0     0000a6e5  _PWM_setPhase                                    
0     0000a6e7  _PWM_setPeriodLoad                               
0     0000a6eb  _PWM_setPeriodHr                                 
0     0000a6f0  _PWM_setPeriod                                   
0     0000a6f2  _PWM_setLoadMode_CmpB                            
0     0000a6f8  _PWM_setLoadMode_CmpA                            
0     0000a6fc  _PWM_setIntPeriod                                
0     0000a703  _PWM_setIntMode                                  
0     0000a70a  _PWM_setHrShadowMode                             
0     0000a714  _PWM_setHrEdgeMode                               
0     0000a71e  _PWM_setHrControlMode                            
0     0000a728  _PWM_setHighSpeedClkDiv                          
0     0000a72c  _PWM_setDigitalCompareInput                      
0     0000a73b  _PWM_setDigitalCompareFilterWindow               
0     0000a73e  _PWM_setDigitalCompareFilterSource               
0     0000a748  _PWM_setDigitalCompareFilterOffset               
0     0000a74b  _PWM_setDigitalCompareBlankingPulse              
0     0000a757  _PWM_setDigitalCompareBEvent2                    
0     0000a767  _PWM_setDigitalCompareBEvent1                    
0     0000a781  _PWM_setDigitalCompareAEvent2                    
0     0000a791  _PWM_setDigitalCompareAEvent1                    
0     0000a7ab  _PWM_setDeadBandRisingEdgeDelay                  
0     0000a7ae  _PWM_setDeadBandPolarity                         
0     0000a7b5  _PWM_setDeadBandOutputMode                       
0     0000a7bc  _PWM_setDeadBandInputMode                        
0     0000a7c3  _PWM_setDeadBandFallingEdgeDelay                 
0     0000a7c6  _PWM_setCounterMode                              
0     0000a7ca  _PWM_setCount                                    
0     0000a7cc  _PWM_setClkDiv                                   
0     0000a7d0  _PWM_setChoppingPulseWidth                       
0     0000a7d7  _PWM_setChoppingDutyCycle                        
0     0000a7de  _PWM_setChoppingClkFreq                          
0     0000a7e5  _PWM_setActionQual_Zero_PwmB                     
0     0000a7ec  _PWM_setActionQual_Zero_PwmA                     
0     0000a7f3  _PWM_setActionQual_Period_PwmB                   
0     0000a7fc  _PWM_setActionQual_Period_PwmA                   
0     0000a805  _PWM_setActionQual_CntUp_CmpB_PwmB               
0     0000a80e  _PWM_setActionQual_CntUp_CmpB_PwmA               
0     0000a817  _PWM_setActionQual_CntUp_CmpA_PwmB               
0     0000a820  _PWM_setActionQual_CntUp_CmpA_PwmA               
0     0000a829  _PWM_setActionQual_CntDown_CmpB_PwmB             
0     0000a832  _PWM_setActionQual_CntDown_CmpB_PwmA             
0     0000a83b  _PWM_setActionQual_CntDown_CmpA_PwmB             
0     0000a844  _PWM_setActionQual_CntDown_CmpA_PwmA             
0     0000a84d  _PWM_setActionQualContSWForce_PwmB               
0     0000a856  _PWM_setActionQualContSWForce_PwmA               
0     0000a85d  _PWM_init                                        
0     0000a863  _PWM_incrementDeadBandRisingEdgeDelay            
0     0000a866  _PWM_incrementDeadBandFallingEdgeDelay           
0     0000a869  _PWM_getSocBCount                                
0     0000a86e  _PWM_getSocACount                                
0     0000a873  _PWM_getShadowStatus_CmpB                        
0     0000a877  _PWM_getShadowStatus_CmpA                        
0     0000a87b  _PWM_getIntCount                                 
0     0000a87f  _PWM_getDeadBandRisingEdgeDelay                  
0     0000a882  _PWM_getDeadBandFallingEdgeDelay                 
0     0000a885  _PWM_enableTripZoneSrc                           
0     0000a88b  _PWM_enableTripZoneInt                           
0     0000a891  _PWM_enableSocBPulse                             
0     0000a895  _PWM_enableSocAPulse                             
0     0000a899  _PWM_enableInt                                   
0     0000a89d  _PWM_enableHrPhaseSync                           
0     0000a8a4  _PWM_enableHrPeriod                              
0     0000a8ab  _PWM_enableDigitalCompareBlankingWindowInversion 
0     0000a8b2  _PWM_enableDigitalCompareBlankingWindow          
0     0000a8b9  _PWM_enableDeadBandHalfCycle                     
0     0000a8bd  _PWM_enableCounterLoad                           
0     0000a8c0  _PWM_enableChopping                              
0     0000a8c4  _PWM_enableAutoConvert                           
0     0000a8cb  _PWM_disableTripZones                            
0     0000a8d1  _PWM_disableTripZoneSrc                          
0     0000a8d8  _PWM_disableTripZoneInt                          
0     0000a8df  _PWM_disableSocBPulse                            
0     0000a8e3  _PWM_disableSocAPulse                            
0     0000a8e7  _PWM_disableInt                                  
[...]
0     0000b6e0  _SPI_enableTxFifoInt                             
0     0000b6e4  _SPI_enableTxFifoEnh                             
0     0000b6e8  _SPI_enableTxFifo                                
0     0000b6ec  _SPI_enableTx                                    
0     0000b6ef  _SPI_enableRxFifoInt                             
0     0000b6f3  _SPI_enableRxFifo                                
0     0000b6f7  _SPI_enableOverRunInt                            
0     0000b6fa  _SPI_enableLoopBack                              
0     0000b6fd  _SPI_enableInt                                   
0     0000b700  _SPI_enableChannels                              
0     0000b704  _SPI_enable                                      
0     0000b707  _SPI_disableTxFifoInt                            
0     0000b70b  _SPI_disableTxFifoEnh                            
0     0000b70f  _SPI_disableTx                                   
0     0000b712  _SPI_disableRxFifoInt                            
0     0000b716  _SPI_disableOverRunInt                           
0     0000b719  _SPI_disableLoopBack                             
0     0000b71c  _SPI_disableInt                                  
0     0000b71f  _SPI_clearTxFifoInt                              
0     0000b723  _SPI_clearRxFifoOvf                              
0     0000b727  _SPI_clearRxFifoInt                              
0     0000b72b  FD$$MPY                                          
0     0000b7ae  FS$$DIV                                          
0     0000b831  FS$$SUB                                          
0     0000b836  FS$$ADD                                          
0     0000b8a9  _sqrt                                            
0     0000b8a9  _sqrtf                                           
0     0000b91e  _ceil                                            
0     0000b91e  _ceilf                                           
0     0000b987  _ldexp                                           
0     0000b987  _ldexpf                                          
0     0000b987  _scalbn                                          
0     0000b987  _scalbnf                                         
0     0000b9e4  _PLL_setLockPeriod                               
0     0000b9e9  _PLL_setDivideSelect                             
0     0000b9f0  _PLL_setClkFreq                                  
0     0000b9f6  _PLL_resetClkDetect                              
0     0000b9fc  _PLL_init                                        
0     0000ba02  _PLL_getLockStatus                               
0     0000ba05  _PLL_getDivideSelect                             
0     0000ba08  _PLL_getClkStatus                                
0     0000ba0b  _PLL_getClkFreq                                  
0     0000ba0f  _PLL_enableOsc                                   
0     0000ba15  _PLL_enableNormRdy                               
0     0000ba1b  _PLL_enableClkDetect                             
0     0000ba21  _PLL_enable                                      
0     0000ba27  _PLL_disableOsc                                  
0     0000ba2d  _PLL_disableNormRdy                              
0     0000ba33  _PLL_disableClkDetect                            
0     0000ba39  _PLL_disable                                     
0     0000ba3f  FS$$MPY                                          
0     0000ba99  _c_int00                                         
0     0000baed  _OFFSET_setOffset                                
0     0000baef  _OFFSET_setInitCond                              
0     0000bafe  _OFFSET_setBeta                                  
0     0000bb14  _OFFSET_init                                     
0     0000bb25  _OFFSET_getBeta                                  
0     0000bb34  _WDOG_setPreScaler                               
0     0000bb3e  _WDOG_setCount                                   
0     0000bb40  _WDOG_init                                       
0     0000bb46  _WDOG_getIntStatus                               
0     0000bb49  _WDOG_enableOverRide                             
0     0000bb4f  _WDOG_enableInt                                  
0     0000bb55  _WDOG_enable                                     
0     0000bb5e  _WDOG_disableOverRide                            
0     0000bb64  _WDOG_disableInt                                 
0     0000bb6a  _WDOG_disable                                    
0     0000bb72  _WDOG_clearCounter                               
0     0000bb7a  _PWR_setNumStandByClocks                         
0     0000bb8b  _PWR_setLowPowerMode                             
0     0000bb9c  _PWR_init                                        
0     0000bba4  _PWR_enableWatchDogInt                           
0     0000bbae  _PWR_enableBrownOutReset                         
0     0000bbb1  _PWR_disableWatchDogInt                          
0     0000bbbb  _PWR_disableBrownOutReset                        
0     0000bbbe  _STPOSCONV_init                                  
0     0000bbf3  _TIMER_setPreScaler                              
0     0000bc01  _TIMER_setEmulationMode                          
0     0000bc05  _TIMER_setDecimationFactor                       
0     0000bc13  _TIMER_init                                      
0     0000bc19  _TIMER_getStatus                                 
0     0000bc1c  _TIMER_enableInt                                 
0     0000bc1f  _TIMER_disableInt                                
0     0000bc22  _TIMER_clearFlag                                 
0     0000bc25  _ST_initVersion                                  
0     0000bc56  _OSC_setTrim                                     
0     0000bc5f  _OSC_setFineTrim                                 
0     0000bc70  _OSC_setCoarseTrim                               
0     0000bc7d  _OSC_init                                        
0     0000bc83  _STVELID_init                                    
0     0000bcae  _STVELMOVE_init                                  
0     0000bcd9  _STVELCTL_init                                   
0     0000bd03  L$$DIV                                           
0     0000bd12  L$$MOD                                           
0     0000bd20  UL$$DIV                                          
0     0000bd27  UL$$MOD                                          
0     0000bd2d  C$$EXIT                                          
0     0000bd2d  _abort                                           
0     0000bd2f  _exit                                            
0     0000bd56  _STVELPLAN_init                                  
0     0000bd7c  _CPU_init                                        
0     0000bd80  _CPU_enableProtectedRegisterWrite                
0     0000bd83  _CPU_enableInt                                   
0     0000bd87  _CPU_enableGlobalInts                            
0     0000bd8a  _CPU_enableDebugInt                              
0     0000bd8d  _CPU_disableProtectedRegisterWrite               
0     0000bd90  _CPU_disableInts                                 
0     0000bd93  _CPU_disableInt                                  
0     0000bd98  _CPU_disableGlobalInts                           
0     0000bd9b  _CPU_disableDebugInt                             
0     0000bd9e  _CPU_clearIntFlags                               
0     0000bda1  FS$$TOI                                          
0     0000bdc6  _copy_in                                         
0     0000bdea  _FILTER_FO_setNumCoeffs                          
0     0000bdee  _FILTER_FO_setInitialConditions                  
0     0000bdf3  _FILTER_FO_setDenCoeffs                          
0     0000bdf5  _FILTER_FO_init                                  
0     0000bdfb  _FILTER_FO_getNumCoeffs                          
0     0000be01  _FILTER_FO_getInitialConditions                  
0     0000be08  _FILTER_FO_getDenCoeffs                          
0     0000be0b  FS$$TOUL                                         
0     0000be2c  _FLASH_init                                      
0     0000be32  _FLASH_getStandbyWaitStatus                      
0     0000be36  _FLASH_getStandbyWaitCount                       
0     0000be39  _FLASH_getPowerMode                              
0     0000be3c  _FLASH_getActiveWaitStatus                       
0     0000be40  _FLASH_getActiveWaitCount                        
0     0000be43  _FLASH_get3VStatus                               
0     0000be46  _FLASH_clear3VStatus                             
0     0000be4c  FD$$TOL                                          
0     0000be6b  FS$$TOU                                          
0     0000be88  _memcpy                                          
0     0000bea5  FS$$TOFD                                         
0     0000bec1  I$$TOFS                                          
0     0000bedb  L$$TOFS                                          
0     0000bef5  __args_main                                      
0     0000bf0e  FS$$CMP                                          
0     0000bf25  UL$$TOFS                                         
0     0000bf38  U$$TOFS                                          
0     0000bf48  _copysign                                        
0     0000bf48  _copysignf                                       
0     0000bf52  __register_unlock                                
0     0000bf56  __register_lock                                  
0     0000bf5a  __nop                                            
0     0000bf63  _PIE_illegalIsr                                  
0     0000bf68  FS$$NEG                                          
0     0000bf6d  __system_pre_init                                
0     0000bf6f  __system_post_cinit                              
0     0000bf70  ___TI_enable_exit_profile_output                 
0     0000bf70  ___etext__                                       
0     0000bf70  etext                                            
0     0000bf72  ___TI_cleanup_ptr                                
0     0000bf74  ___TI_dtors_ptr                                  
0     0000bf76  __lock                                           
0     0000bf78  __unlock                                         
0     0000bf7c  _cpu                                             
0     0000bf7d  _errno                                           
0     0000bf80  _gCounter_updateGlobals                          
0     0000bf81  _Flag_Latch_softwareUpdate                       
0     0000bf82  _gLEDcnt                                         
0     0000bf84  _ctrlHandle                                      
0     0000bf86  _halHandle                                       
0     0000bf88  _gMaxCurrentSlope                                
0     0000bf8a  _controller_obj                                  
0     0000bf8c  _stHandle                                        
0     0000bf8e  _gFlux_pu_to_Wb_sf                               
0     0000bf90  _gFlux_pu_to_VpHz_sf                             
0     0000bf92  _gTorque_Ls_Id_Iq_pu_to_Nm_sf                    
0     0000bf94  _gTorque_Flux_Iq_pu_to_Nm_sf                     
0     0000bf96  _gPwmData                                        
0     0000bf9c  _gAdcData                                        
0     0000bfc0  _gDrvSpi8301Vars                                 
0     0000c000  _gMotorVars                                      
0     0000c080  _gUserParams                                     
0     0000c140  _st_obj                                          
0     0000c2c0  _hal                                             
0     0000c368  __IQ20div                                        
0     0000c3af  __IQ24div                                        
0     0000c3f6  __IQ24sqrt                                       
0     0000c438  __IQ24sinPU                                      
0     0000c461  __IQ24cosPU                                      
0     0000c488  __IQ30toF                                        
0     003fdc30  _IQsinTable                                      
0     003fdd30  _IQcosTable                                      
0     003fe030  _IQsinTableEnd                                   
0     003fe132  _IQcosTableEnd                                   
0     003fe132  _IQdivRoundSatTable                              
0     003fe140  _IQdivTable                                      
0     003fe342  _IQdivTableEnd                                   
0     003fe342  _IQisqrtRoundSatTable                            
0     003fe342  _IQsqrtRoundSatTable                             
0     003fe352  _IQisqrtTable                                    
0     003fe352  _IQsqrtTable                                     
0     003fe454  _IQatan2HalfPITable                              
0     003fe454  _IQisqrtTableEnd                                 
0     003fe454  _IQsqrtTableEnd                                  
0     003fe492  _IQatan2Table                                    
0     003fe618  _IQ30mpyRndSatTable                              
0     003fe618  _IQatan2TableEnd                                 
0     003fe618  _IQmpyRndSatTable                                
0     003fe624  _IQ29mpyRndSatTable                              
0     003fe630  _IQ28mpyRndSatTable                              
0     003fe63c  _IQ27mpyRndSatTable                              
0     003fe648  _IQ26mpyRndSatTable                              
0     003fe654  _IQ25mpyRndSatTable                              
0     003fe660  _IQ24mpyRndSatTable                              
0     003fe66c  _IQ23mpyRndSatTable                              
0     003fe678  _IQ22mpyRndSatTable                              
0     003fe684  _IQ21mpyRndSatTable                              
0     003fe690  _IQ20mpyRndSatTable                              
0     003fe69c  _IQ19mpyRndSatTable                              
0     003fe6a8  _IQ18mpyRndSatTable                              
0     003fe6b4  _IQ17mpyRndSatTable                              
0     003fe6c0  _IQ16mpyRndSatTable                              
0     003fe6cc  _IQ15mpyRndSatTable                              
0     003fe6d8  _IQ14mpyRndSatTable                              
0     003fe6e4  _IQ13mpyRndSatTable                              
0     003fe6f0  _IQ12mpyRndSatTable                              
0     003fe6fc  _IQ11mpyRndSatTable                              
0     003fe708  _IQ10mpyRndSatTable                              
0     003fe714  _IQ9mpyRndSatTable                               
0     003fe720  _IQ8mpyRndSatTable                               
0     003fe72c  _IQ7mpyRndSatTable                               
0     003fe738  _IQ6mpyRndSatTable                               
0     003fe744  _IQ5mpyRndSatTable                               
0     003fe750  _IQ4mpyRndSatTable                               
0     003fe75c  _IQ3mpyRndSatTable                               
0     003fe768  _IQ2mpyRndSatTable                               
0     003fe774  _IQ1mpyRndSatTable                               
0     003fe780  _IQmpyRndSatTableEnd                             
1     00000400  __stack                                          
1     000007b0  __STACK_END                                      
abs   00000036  _RamfuncsLoadSize                                
abs   000003b0  __STACK_SIZE                                     
abs   003f861b  _EST_getState                                    
abs   003f861d  _EST_useZeroIq_ref                               
abs   003f8679  _EST_isMotorIdentified                           
abs   003f8713  _EST_updateState                                 
abs   003f89f5  _EST_updateId_ref_pu                             
abs   003f8a18  _EST_setRs_pu                                    
abs   003f8adb  _EST_setMaxCurrentSlope_pu                       
abs   003f8ae7  _EST_setLs_q_pu                                  
abs   003f8af1  _EST_setLs_qFmt                                  
abs   003f8b45  _EST_setLs_d_pu                                  
abs   003f8b63  _EST_setIq_ref_pu                                
abs   003f8b67  _EST_setIdle_all                                 
abs   003f8b7a  _EST_setIdle                                     
abs   003f8b80  _EST_setId_ref_pu                                
abs   003f8bd3  _EST_setFlag_enableRsRecalc                      
abs   003f8bdb  _EST_setFlag_enableForceAngle                    
abs   003f8c0d  _EST_getAngle_pu                                 
abs   003f927b  _EST_run                                         
abs   003f9378  _EST_isOnLine                                    
abs   003f937f  _EST_isLockRotor                                 
abs   003f9386  _EST_isIdle                                      
abs   003f938d  _EST_isError                                     
abs   003f9453  _EST_get_pu_to_krpm_sf                           
abs   003f9458  _EST_get_krpm_to_pu_sf                           
abs   003f94c6  _EST_getSpeed_krpm                               
abs   003f9513  _EST_getRs_Ohm                                   
abs   003f95ad  _EST_getRr_Ohm                                   
abs   003f95b3  _EST_getOneOverDcBus_pu                          
abs   003f95bd  _EST_getMaxCurrentSlope_pu                       
abs   003f95c9  _EST_getLs_q_pu                                  
abs   003f95ce  _EST_getLs_q_H                                   
abs   003f95f0  _EST_getLs_d_pu                                  
abs   003f95f5  _EST_getLs_d_H                                   
abs   003f95ff  _EST_getLs_coarse_max_pu                         
abs   003f9632  _EST_getIdRated                                  
abs   003f968e  _EST_getFm_pu                                    
abs   003f96ab  _EST_getFlux_pu                                  
abs   003f96be  _EST_getFlux_VpHz                                
abs   003f9758  _EST_doSpeedCtrl                                 
abs   003f9760  _EST_doCurrentCtrl                               
abs   003f9806  _CTRL_setupTraj                                  
abs   003f996a  _CTRL_setupEstOnLineState                        
abs   003f99a5  _CTRL_setupEstIdleState                          
abs   003f9b43  _CTRL_setupCtrl                                  
abs   003f9d31  _CTRL_setUserMotorParams                         
abs   003f9e64  _CTRL_setEstParams                               
abs   003fa5d1  _CTRL_runTraj                                    
abs   003fa6fb  _CTRL_initCtrl                                   
abs   003fa721  _CTRL_getVersion                                 
abs   003fb9ad  _s0_conf                                         
abs   003fb9dd  _s0_calc                                         
abs   003fbae7  _s2_calc                                         
abs   003fbb85  _s4_calc                                         
abs   003fbc34  _s4_conf                                         
abs   003fbc58  _s4_reset                                        
abs   003fbc6d  _spintac_rom_ver                                 
abs   003fbc72  _s8_reset                                        
abs   003fbc7d  _s8_cfg                                          
abs   003fbc9b  _s8_calc                                         
abs   003fbd37  _s8_get                                          
abs   ffffffff  ___TI_pprof_out_hndl                             
abs   ffffffff  ___TI_prof_data_size                             
abs   ffffffff  ___TI_prof_data_start                            
abs   ffffffff  ___binit__                                       
abs   ffffffff  ___c_args__                                      
abs   ffffffff  ___pinit__                                       
abs   ffffffff  binit                                            
abs   ffffffff  pinit                                            

[695 symbols]
