<?xml version="1.0" encoding="ISO-8859-1" ?>
<link_info>
   <banner>TMS320C2000 Linker PC v18.12.3.LTS</banner>
   <copyright>Copyright (c) 1996-2018 Texas Instruments Incorporated</copyright>
   <link_time>0x61ad8c72</link_time>
   <link_errors>0x0</link_errors>
   <output_file>proj_lab02c.out</output_file>
   <entry_point>
      <name>_c_int00</name>
      <address>0xb357</address>
   </entry_point>
   <input_file_list>
      <input_file id="fl-5">
         <path>.\</path>
         <kind>object</kind>
         <file>CodeStartBranch.obj</file>
         <name>CodeStartBranch.obj</name>
      </input_file>
      <input_file id="fl-6">
         <path>.\</path>
         <kind>object</kind>
         <file>adc.obj</file>
         <name>adc.obj</name>
      </input_file>
      <input_file id="fl-7">
         <path>.\</path>
         <kind>object</kind>
         <file>clarke.obj</file>
         <name>clarke.obj</name>
      </input_file>
      <input_file id="fl-8">
         <path>.\</path>
         <kind>object</kind>
         <file>clk.obj</file>
         <name>clk.obj</name>
      </input_file>
      <input_file id="fl-9">
         <path>.\</path>
         <kind>object</kind>
         <file>cpu.obj</file>
         <name>cpu.obj</name>
      </input_file>
      <input_file id="fl-a">
         <path>.\</path>
         <kind>object</kind>
         <file>ctrl.obj</file>
         <name>ctrl.obj</name>
      </input_file>
      <input_file id="fl-b">
         <path>.\</path>
         <kind>object</kind>
         <file>drv8301.obj</file>
         <name>drv8301.obj</name>
      </input_file>
      <input_file id="fl-c">
         <path>.\</path>
         <kind>object</kind>
         <file>filter_fo.obj</file>
         <name>filter_fo.obj</name>
      </input_file>
      <input_file id="fl-d">
         <path>.\</path>
         <kind>object</kind>
         <file>flash.obj</file>
         <name>flash.obj</name>
      </input_file>
      <input_file id="fl-e">
         <path>.\</path>
         <kind>object</kind>
         <file>gpio.obj</file>
         <name>gpio.obj</name>
      </input_file>
      <input_file id="fl-f">
         <path>.\</path>
         <kind>object</kind>
         <file>hal.obj</file>
         <name>hal.obj</name>
      </input_file>
      <input_file id="fl-10">
         <path>.\</path>
         <kind>object</kind>
         <file>ipark.obj</file>
         <name>ipark.obj</name>
      </input_file>
      <input_file id="fl-11">
         <path>.\</path>
         <kind>object</kind>
         <file>offset.obj</file>
         <name>offset.obj</name>
      </input_file>
      <input_file id="fl-12">
         <path>.\</path>
         <kind>object</kind>
         <file>osc.obj</file>
         <name>osc.obj</name>
      </input_file>
      <input_file id="fl-13">
         <path>.\</path>
         <kind>object</kind>
         <file>park.obj</file>
         <name>park.obj</name>
      </input_file>
      <input_file id="fl-14">
         <path>.\</path>
         <kind>object</kind>
         <file>pid.obj</file>
         <name>pid.obj</name>
      </input_file>
      <input_file id="fl-15">
         <path>.\</path>
         <kind>object</kind>
         <file>pie.obj</file>
         <name>pie.obj</name>
      </input_file>
      <input_file id="fl-16">
         <path>.\</path>
         <kind>object</kind>
         <file>pll.obj</file>
         <name>pll.obj</name>
      </input_file>
      <input_file id="fl-17">
         <path>.\</path>
         <kind>object</kind>
         <file>proj_lab02c.obj</file>
         <name>proj_lab02c.obj</name>
      </input_file>
      <input_file id="fl-18">
         <path>.\</path>
         <kind>object</kind>
         <file>pwm.obj</file>
         <name>pwm.obj</name>
      </input_file>
      <input_file id="fl-19">
         <path>.\</path>
         <kind>object</kind>
         <file>pwr.obj</file>
         <name>pwr.obj</name>
      </input_file>
      <input_file id="fl-1a">
         <path>.\</path>
         <kind>object</kind>
         <file>spi.obj</file>
         <name>spi.obj</name>
      </input_file>
      <input_file id="fl-1b">
         <path>.\</path>
         <kind>object</kind>
         <file>svgen.obj</file>
         <name>svgen.obj</name>
      </input_file>
      <input_file id="fl-1c">
         <path>.\</path>
         <kind>object</kind>
         <file>timer.obj</file>
         <name>timer.obj</name>
      </input_file>
      <input_file id="fl-1d">
         <path>.\</path>
         <kind>object</kind>
         <file>traj.obj</file>
         <name>traj.obj</name>
      </input_file>
      <input_file id="fl-1e">
         <path>.\</path>
         <kind>object</kind>
         <file>usDelay.obj</file>
         <name>usDelay.obj</name>
      </input_file>
      <input_file id="fl-1f">
         <path>.\</path>
         <kind>object</kind>
         <file>user.obj</file>
         <name>user.obj</name>
      </input_file>
      <input_file id="fl-20">
         <path>.\</path>
         <kind>object</kind>
         <file>wdog.obj</file>
         <name>wdog.obj</name>
      </input_file>
      <input_file id="fl-23">
         <kind>object</kind>
         <file>&lt;internal&gt;</file>
         <name>&lt;internal&gt;</name>
      </input_file>
      <input_file id="fl-24">
         <path>C:\ti\ccs920\ccs\tools\compiler\ti-cgt-c2000_18.12.3.LTS\lib\</path>
         <kind>archive</kind>
         <file>rts2800_ml.lib</file>
         <name>fd_mpy28.asm.obj</name>
      </input_file>
      <input_file id="fl-25">
         <path>C:\ti\ccs920\ccs\tools\compiler\ti-cgt-c2000_18.12.3.LTS\lib\</path>
         <kind>archive</kind>
         <file>rts2800_ml.lib</file>
         <name>fd_tol28.asm.obj</name>
      </input_file>
      <input_file id="fl-26">
         <path>C:\ti\ccs920\ccs\tools\compiler\ti-cgt-c2000_18.12.3.LTS\lib\</path>
         <kind>archive</kind>
         <file>rts2800_ml.lib</file>
         <name>fs_add28.asm.obj</name>
      </input_file>
      <input_file id="fl-27">
         <path>C:\ti\ccs920\ccs\tools\compiler\ti-cgt-c2000_18.12.3.LTS\lib\</path>
         <kind>archive</kind>
         <file>rts2800_ml.lib</file>
         <name>fs_div28.asm.obj</name>
      </input_file>
      <input_file id="fl-28">
         <path>C:\ti\ccs920\ccs\tools\compiler\ti-cgt-c2000_18.12.3.LTS\lib\</path>
         <kind>archive</kind>
         <file>rts2800_ml.lib</file>
         <name>fs_mpy28.asm.obj</name>
      </input_file>
      <input_file id="fl-29">
         <path>C:\ti\ccs920\ccs\tools\compiler\ti-cgt-c2000_18.12.3.LTS\lib\</path>
         <kind>archive</kind>
         <file>rts2800_ml.lib</file>
         <name>fs_neg28.asm.obj</name>
      </input_file>
      <input_file id="fl-2a">
         <path>C:\ti\ccs920\ccs\tools\compiler\ti-cgt-c2000_18.12.3.LTS\lib\</path>
         <kind>archive</kind>
         <file>rts2800_ml.lib</file>
         <name>fs_tofd28.asm.obj</name>
      </input_file>
      <input_file id="fl-2b">
         <path>C:\ti\ccs920\ccs\tools\compiler\ti-cgt-c2000_18.12.3.LTS\lib\</path>
         <kind>archive</kind>
         <file>rts2800_ml.lib</file>
         <name>fs_toi28.asm.obj</name>
      </input_file>
      <input_file id="fl-2c">
         <path>C:\ti\ccs920\ccs\tools\compiler\ti-cgt-c2000_18.12.3.LTS\lib\</path>
         <kind>archive</kind>
         <file>rts2800_ml.lib</file>
         <name>fs_tou28.asm.obj</name>
      </input_file>
      <input_file id="fl-2d">
         <path>C:\ti\ccs920\ccs\tools\compiler\ti-cgt-c2000_18.12.3.LTS\lib\</path>
         <kind>archive</kind>
         <file>rts2800_ml.lib</file>
         <name>fs_toul28.asm.obj</name>
      </input_file>
      <input_file id="fl-2e">
         <path>C:\ti\ccs920\ccs\tools\compiler\ti-cgt-c2000_18.12.3.LTS\lib\</path>
         <kind>archive</kind>
         <file>rts2800_ml.lib</file>
         <name>i_tofs28.asm.obj</name>
      </input_file>
      <input_file id="fl-2f">
         <path>C:\ti\ccs920\ccs\tools\compiler\ti-cgt-c2000_18.12.3.LTS\lib\</path>
         <kind>archive</kind>
         <file>rts2800_ml.lib</file>
         <name>u_tofs28.asm.obj</name>
      </input_file>
      <input_file id="fl-30">
         <path>C:\ti\ccs920\ccs\tools\compiler\ti-cgt-c2000_18.12.3.LTS\lib\</path>
         <kind>archive</kind>
         <file>rts2800_ml.lib</file>
         <name>ul_tofs28.asm.obj</name>
      </input_file>
      <input_file id="fl-31">
         <path>E:\motor control\Motor_control-master\motorware\sw\modules\fast\lib\32b\f28x\f2806x\</path>
         <kind>archive</kind>
         <file>2806xRevB_FastSpinROMSymbols.lib</file>
         <name>TMS320x2806x_REVB_boot_rom_out__CTRL_getVersion_tmp.obj</name>
      </input_file>
      <input_file id="fl-32">
         <path>E:\motor control\Motor_control-master\motorware\sw\modules\fast\lib\32b\f28x\f2806x\</path>
         <kind>archive</kind>
         <file>2806xRevB_FastSpinROMSymbols.lib</file>
         <name>TMS320x2806x_REVB_boot_rom_out__CTRL_initCtrl_tmp.obj</name>
      </input_file>
      <input_file id="fl-33">
         <path>E:\motor control\Motor_control-master\motorware\sw\modules\fast\lib\32b\f28x\f2806x\</path>
         <kind>archive</kind>
         <file>2806xRevB_FastSpinROMSymbols.lib</file>
         <name>TMS320x2806x_REVB_boot_rom_out__CTRL_runTraj_tmp.obj</name>
      </input_file>
      <input_file id="fl-34">
         <path>E:\motor control\Motor_control-master\motorware\sw\modules\fast\lib\32b\f28x\f2806x\</path>
         <kind>archive</kind>
         <file>2806xRevB_FastSpinROMSymbols.lib</file>
         <name>TMS320x2806x_REVB_boot_rom_out__CTRL_setEstParams_tmp.obj</name>
      </input_file>
      <input_file id="fl-35">
         <path>E:\motor control\Motor_control-master\motorware\sw\modules\fast\lib\32b\f28x\f2806x\</path>
         <kind>archive</kind>
         <file>2806xRevB_FastSpinROMSymbols.lib</file>
         <name>TMS320x2806x_REVB_boot_rom_out__CTRL_setUserMotorParams_tmp.obj</name>
      </input_file>
      <input_file id="fl-36">
         <path>E:\motor control\Motor_control-master\motorware\sw\modules\fast\lib\32b\f28x\f2806x\</path>
         <kind>archive</kind>
         <file>2806xRevB_FastSpinROMSymbols.lib</file>
         <name>TMS320x2806x_REVB_boot_rom_out__CTRL_setupCtrl_tmp.obj</name>
      </input_file>
      <input_file id="fl-37">
         <path>E:\motor control\Motor_control-master\motorware\sw\modules\fast\lib\32b\f28x\f2806x\</path>
         <kind>archive</kind>
         <file>2806xRevB_FastSpinROMSymbols.lib</file>
         <name>TMS320x2806x_REVB_boot_rom_out__CTRL_setupEstIdleState_tmp.obj</name>
      </input_file>
      <input_file id="fl-38">
         <path>E:\motor control\Motor_control-master\motorware\sw\modules\fast\lib\32b\f28x\f2806x\</path>
         <kind>archive</kind>
         <file>2806xRevB_FastSpinROMSymbols.lib</file>
         <name>TMS320x2806x_REVB_boot_rom_out__CTRL_setupEstOnLineState_tmp.obj</name>
      </input_file>
      <input_file id="fl-39">
         <path>E:\motor control\Motor_control-master\motorware\sw\modules\fast\lib\32b\f28x\f2806x\</path>
         <kind>archive</kind>
         <file>2806xRevB_FastSpinROMSymbols.lib</file>
         <name>TMS320x2806x_REVB_boot_rom_out__CTRL_setupTraj_tmp.obj</name>
      </input_file>
      <input_file id="fl-3a">
         <path>E:\motor control\Motor_control-master\motorware\sw\modules\fast\lib\32b\f28x\f2806x\</path>
         <kind>archive</kind>
         <file>2806xRevB_FastSpinROMSymbols.lib</file>
         <name>TMS320x2806x_REVB_boot_rom_out__EST_computeDirection_qFmt_tmp.obj</name>
      </input_file>
      <input_file id="fl-3b">
         <path>E:\motor control\Motor_control-master\motorware\sw\modules\fast\lib\32b\f28x\f2806x\</path>
         <kind>archive</kind>
         <file>2806xRevB_FastSpinROMSymbols.lib</file>
         <name>TMS320x2806x_REVB_boot_rom_out__EST_doCurrentCtrl_tmp.obj</name>
      </input_file>
      <input_file id="fl-3c">
         <path>E:\motor control\Motor_control-master\motorware\sw\modules\fast\lib\32b\f28x\f2806x\</path>
         <kind>archive</kind>
         <file>2806xRevB_FastSpinROMSymbols.lib</file>
         <name>TMS320x2806x_REVB_boot_rom_out__EST_doSpeedCtrl_tmp.obj</name>
      </input_file>
      <input_file id="fl-3d">
         <path>E:\motor control\Motor_control-master\motorware\sw\modules\fast\lib\32b\f28x\f2806x\</path>
         <kind>archive</kind>
         <file>2806xRevB_FastSpinROMSymbols.lib</file>
         <name>TMS320x2806x_REVB_boot_rom_out__EST_getAngle_pu_tmp.obj</name>
      </input_file>
      <input_file id="fl-3e">
         <path>E:\motor control\Motor_control-master\motorware\sw\modules\fast\lib\32b\f28x\f2806x\</path>
         <kind>archive</kind>
         <file>2806xRevB_FastSpinROMSymbols.lib</file>
         <name>TMS320x2806x_REVB_boot_rom_out__EST_getFlux_VpHz_tmp.obj</name>
      </input_file>
      <input_file id="fl-3f">
         <path>E:\motor control\Motor_control-master\motorware\sw\modules\fast\lib\32b\f28x\f2806x\</path>
         <kind>archive</kind>
         <file>2806xRevB_FastSpinROMSymbols.lib</file>
         <name>TMS320x2806x_REVB_boot_rom_out__EST_getFlux_pu_tmp.obj</name>
      </input_file>
      <input_file id="fl-40">
         <path>E:\motor control\Motor_control-master\motorware\sw\modules\fast\lib\32b\f28x\f2806x\</path>
         <kind>archive</kind>
         <file>2806xRevB_FastSpinROMSymbols.lib</file>
         <name>TMS320x2806x_REVB_boot_rom_out__EST_getFm_pu_tmp.obj</name>
      </input_file>
      <input_file id="fl-41">
         <path>E:\motor control\Motor_control-master\motorware\sw\modules\fast\lib\32b\f28x\f2806x\</path>
         <kind>archive</kind>
         <file>2806xRevB_FastSpinROMSymbols.lib</file>
         <name>TMS320x2806x_REVB_boot_rom_out__EST_getIdRated_tmp.obj</name>
      </input_file>
      <input_file id="fl-42">
         <path>E:\motor control\Motor_control-master\motorware\sw\modules\fast\lib\32b\f28x\f2806x\</path>
         <kind>archive</kind>
         <file>2806xRevB_FastSpinROMSymbols.lib</file>
         <name>TMS320x2806x_REVB_boot_rom_out__EST_getLs_coarse_max_pu_tmp.obj</name>
      </input_file>
      <input_file id="fl-43">
         <path>E:\motor control\Motor_control-master\motorware\sw\modules\fast\lib\32b\f28x\f2806x\</path>
         <kind>archive</kind>
         <file>2806xRevB_FastSpinROMSymbols.lib</file>
         <name>TMS320x2806x_REVB_boot_rom_out__EST_getLs_d_H_tmp.obj</name>
      </input_file>
      <input_file id="fl-44">
         <path>E:\motor control\Motor_control-master\motorware\sw\modules\fast\lib\32b\f28x\f2806x\</path>
         <kind>archive</kind>
         <file>2806xRevB_FastSpinROMSymbols.lib</file>
         <name>TMS320x2806x_REVB_boot_rom_out__EST_getLs_d_pu_tmp.obj</name>
      </input_file>
      <input_file id="fl-45">
         <path>E:\motor control\Motor_control-master\motorware\sw\modules\fast\lib\32b\f28x\f2806x\</path>
         <kind>archive</kind>
         <file>2806xRevB_FastSpinROMSymbols.lib</file>
         <name>TMS320x2806x_REVB_boot_rom_out__EST_getLs_qFmt_tmp.obj</name>
      </input_file>
      <input_file id="fl-46">
         <path>E:\motor control\Motor_control-master\motorware\sw\modules\fast\lib\32b\f28x\f2806x\</path>
         <kind>archive</kind>
         <file>2806xRevB_FastSpinROMSymbols.lib</file>
         <name>TMS320x2806x_REVB_boot_rom_out__EST_getLs_q_H_tmp.obj</name>
      </input_file>
      <input_file id="fl-47">
         <path>E:\motor control\Motor_control-master\motorware\sw\modules\fast\lib\32b\f28x\f2806x\</path>
         <kind>archive</kind>
         <file>2806xRevB_FastSpinROMSymbols.lib</file>
         <name>TMS320x2806x_REVB_boot_rom_out__EST_getLs_q_pu_tmp.obj</name>
      </input_file>
      <input_file id="fl-48">
         <path>E:\motor control\Motor_control-master\motorware\sw\modules\fast\lib\32b\f28x\f2806x\</path>
         <kind>archive</kind>
         <file>2806xRevB_FastSpinROMSymbols.lib</file>
         <name>TMS320x2806x_REVB_boot_rom_out__EST_getMaxCurrentSlope_pu_tmp.obj</name>
      </input_file>
      <input_file id="fl-49">
         <path>E:\motor control\Motor_control-master\motorware\sw\modules\fast\lib\32b\f28x\f2806x\</path>
         <kind>archive</kind>
         <file>2806xRevB_FastSpinROMSymbols.lib</file>
         <name>TMS320x2806x_REVB_boot_rom_out__EST_getOneOverDcBus_pu_tmp.obj</name>
      </input_file>
      <input_file id="fl-4a">
         <path>E:\motor control\Motor_control-master\motorware\sw\modules\fast\lib\32b\f28x\f2806x\</path>
         <kind>archive</kind>
         <file>2806xRevB_FastSpinROMSymbols.lib</file>
         <name>TMS320x2806x_REVB_boot_rom_out__EST_getRr_Ohm_tmp.obj</name>
      </input_file>
      <input_file id="fl-4b">
         <path>E:\motor control\Motor_control-master\motorware\sw\modules\fast\lib\32b\f28x\f2806x\</path>
         <kind>archive</kind>
         <file>2806xRevB_FastSpinROMSymbols.lib</file>
         <name>TMS320x2806x_REVB_boot_rom_out__EST_getRs_Ohm_tmp.obj</name>
      </input_file>
      <input_file id="fl-4c">
         <path>E:\motor control\Motor_control-master\motorware\sw\modules\fast\lib\32b\f28x\f2806x\</path>
         <kind>archive</kind>
         <file>2806xRevB_FastSpinROMSymbols.lib</file>
         <name>TMS320x2806x_REVB_boot_rom_out__EST_getSpeed_krpm_tmp.obj</name>
      </input_file>
      <input_file id="fl-4d">
         <path>E:\motor control\Motor_control-master\motorware\sw\modules\fast\lib\32b\f28x\f2806x\</path>
         <kind>archive</kind>
         <file>2806xRevB_FastSpinROMSymbols.lib</file>
         <name>TMS320x2806x_REVB_boot_rom_out__EST_getState_tmp.obj</name>
      </input_file>
      <input_file id="fl-4e">
         <path>E:\motor control\Motor_control-master\motorware\sw\modules\fast\lib\32b\f28x\f2806x\</path>
         <kind>archive</kind>
         <file>2806xRevB_FastSpinROMSymbols.lib</file>
         <name>TMS320x2806x_REVB_boot_rom_out__EST_get_krpm_to_pu_sf_tmp.obj</name>
      </input_file>
      <input_file id="fl-4f">
         <path>E:\motor control\Motor_control-master\motorware\sw\modules\fast\lib\32b\f28x\f2806x\</path>
         <kind>archive</kind>
         <file>2806xRevB_FastSpinROMSymbols.lib</file>
         <name>TMS320x2806x_REVB_boot_rom_out__EST_get_pu_to_krpm_sf_tmp.obj</name>
      </input_file>
      <input_file id="fl-50">
         <path>E:\motor control\Motor_control-master\motorware\sw\modules\fast\lib\32b\f28x\f2806x\</path>
         <kind>archive</kind>
         <file>2806xRevB_FastSpinROMSymbols.lib</file>
         <name>TMS320x2806x_REVB_boot_rom_out__EST_isError_tmp.obj</name>
      </input_file>
      <input_file id="fl-51">
         <path>E:\motor control\Motor_control-master\motorware\sw\modules\fast\lib\32b\f28x\f2806x\</path>
         <kind>archive</kind>
         <file>2806xRevB_FastSpinROMSymbols.lib</file>
         <name>TMS320x2806x_REVB_boot_rom_out__EST_isIdle_tmp.obj</name>
      </input_file>
      <input_file id="fl-52">
         <path>E:\motor control\Motor_control-master\motorware\sw\modules\fast\lib\32b\f28x\f2806x\</path>
         <kind>archive</kind>
         <file>2806xRevB_FastSpinROMSymbols.lib</file>
         <name>TMS320x2806x_REVB_boot_rom_out__EST_isLockRotor_tmp.obj</name>
      </input_file>
      <input_file id="fl-53">
         <path>E:\motor control\Motor_control-master\motorware\sw\modules\fast\lib\32b\f28x\f2806x\</path>
         <kind>archive</kind>
         <file>2806xRevB_FastSpinROMSymbols.lib</file>
         <name>TMS320x2806x_REVB_boot_rom_out__EST_isMotorIdentified_tmp.obj</name>
      </input_file>
      <input_file id="fl-54">
         <path>E:\motor control\Motor_control-master\motorware\sw\modules\fast\lib\32b\f28x\f2806x\</path>
         <kind>archive</kind>
         <file>2806xRevB_FastSpinROMSymbols.lib</file>
         <name>TMS320x2806x_REVB_boot_rom_out__EST_isOnLine_tmp.obj</name>
      </input_file>
      <input_file id="fl-55">
         <path>E:\motor control\Motor_control-master\motorware\sw\modules\fast\lib\32b\f28x\f2806x\</path>
         <kind>archive</kind>
         <file>2806xRevB_FastSpinROMSymbols.lib</file>
         <name>TMS320x2806x_REVB_boot_rom_out__EST_run_tmp.obj</name>
      </input_file>
      <input_file id="fl-56">
         <path>E:\motor control\Motor_control-master\motorware\sw\modules\fast\lib\32b\f28x\f2806x\</path>
         <kind>archive</kind>
         <file>2806xRevB_FastSpinROMSymbols.lib</file>
         <name>TMS320x2806x_REVB_boot_rom_out__EST_setDir_qFmt_tmp.obj</name>
      </input_file>
      <input_file id="fl-57">
         <path>E:\motor control\Motor_control-master\motorware\sw\modules\fast\lib\32b\f28x\f2806x\</path>
         <kind>archive</kind>
         <file>2806xRevB_FastSpinROMSymbols.lib</file>
         <name>TMS320x2806x_REVB_boot_rom_out__EST_setFe_neg_max_pu_tmp.obj</name>
      </input_file>
      <input_file id="fl-58">
         <path>E:\motor control\Motor_control-master\motorware\sw\modules\fast\lib\32b\f28x\f2806x\</path>
         <kind>archive</kind>
         <file>2806xRevB_FastSpinROMSymbols.lib</file>
         <name>TMS320x2806x_REVB_boot_rom_out__EST_setFe_pos_min_pu_tmp.obj</name>
      </input_file>
      <input_file id="fl-59">
         <path>E:\motor control\Motor_control-master\motorware\sw\modules\fast\lib\32b\f28x\f2806x\</path>
         <kind>archive</kind>
         <file>2806xRevB_FastSpinROMSymbols.lib</file>
         <name>TMS320x2806x_REVB_boot_rom_out__EST_setFlag_enableForceAngle_tmp.obj</name>
      </input_file>
      <input_file id="fl-5a">
         <path>E:\motor control\Motor_control-master\motorware\sw\modules\fast\lib\32b\f28x\f2806x\</path>
         <kind>archive</kind>
         <file>2806xRevB_FastSpinROMSymbols.lib</file>
         <name>TMS320x2806x_REVB_boot_rom_out__EST_setId_ref_pu_tmp.obj</name>
      </input_file>
      <input_file id="fl-5b">
         <path>E:\motor control\Motor_control-master\motorware\sw\modules\fast\lib\32b\f28x\f2806x\</path>
         <kind>archive</kind>
         <file>2806xRevB_FastSpinROMSymbols.lib</file>
         <name>TMS320x2806x_REVB_boot_rom_out__EST_setIdle_tmp.obj</name>
      </input_file>
      <input_file id="fl-5c">
         <path>E:\motor control\Motor_control-master\motorware\sw\modules\fast\lib\32b\f28x\f2806x\</path>
         <kind>archive</kind>
         <file>2806xRevB_FastSpinROMSymbols.lib</file>
         <name>TMS320x2806x_REVB_boot_rom_out__EST_setIdle_all_tmp.obj</name>
      </input_file>
      <input_file id="fl-5d">
         <path>E:\motor control\Motor_control-master\motorware\sw\modules\fast\lib\32b\f28x\f2806x\</path>
         <kind>archive</kind>
         <file>2806xRevB_FastSpinROMSymbols.lib</file>
         <name>TMS320x2806x_REVB_boot_rom_out__EST_setIq_ref_pu_tmp.obj</name>
      </input_file>
      <input_file id="fl-5e">
         <path>E:\motor control\Motor_control-master\motorware\sw\modules\fast\lib\32b\f28x\f2806x\</path>
         <kind>archive</kind>
         <file>2806xRevB_FastSpinROMSymbols.lib</file>
         <name>TMS320x2806x_REVB_boot_rom_out__EST_setLs_d_pu_tmp.obj</name>
      </input_file>
      <input_file id="fl-5f">
         <path>E:\motor control\Motor_control-master\motorware\sw\modules\fast\lib\32b\f28x\f2806x\</path>
         <kind>archive</kind>
         <file>2806xRevB_FastSpinROMSymbols.lib</file>
         <name>TMS320x2806x_REVB_boot_rom_out__EST_setLs_qFmt_tmp.obj</name>
      </input_file>
      <input_file id="fl-60">
         <path>E:\motor control\Motor_control-master\motorware\sw\modules\fast\lib\32b\f28x\f2806x\</path>
         <kind>archive</kind>
         <file>2806xRevB_FastSpinROMSymbols.lib</file>
         <name>TMS320x2806x_REVB_boot_rom_out__EST_setLs_q_pu_tmp.obj</name>
      </input_file>
      <input_file id="fl-61">
         <path>E:\motor control\Motor_control-master\motorware\sw\modules\fast\lib\32b\f28x\f2806x\</path>
         <kind>archive</kind>
         <file>2806xRevB_FastSpinROMSymbols.lib</file>
         <name>TMS320x2806x_REVB_boot_rom_out__EST_setMaxCurrentSlope_pu_tmp.obj</name>
      </input_file>
      <input_file id="fl-62">
         <path>E:\motor control\Motor_control-master\motorware\sw\modules\fast\lib\32b\f28x\f2806x\</path>
         <kind>archive</kind>
         <file>2806xRevB_FastSpinROMSymbols.lib</file>
         <name>TMS320x2806x_REVB_boot_rom_out__EST_setRs_pu_tmp.obj</name>
      </input_file>
      <input_file id="fl-63">
         <path>E:\motor control\Motor_control-master\motorware\sw\modules\fast\lib\32b\f28x\f2806x\</path>
         <kind>archive</kind>
         <file>2806xRevB_FastSpinROMSymbols.lib</file>
         <name>TMS320x2806x_REVB_boot_rom_out__EST_updateId_ref_pu_tmp.obj</name>
      </input_file>
      <input_file id="fl-64">
         <path>E:\motor control\Motor_control-master\motorware\sw\modules\fast\lib\32b\f28x\f2806x\</path>
         <kind>archive</kind>
         <file>2806xRevB_FastSpinROMSymbols.lib</file>
         <name>TMS320x2806x_REVB_boot_rom_out__EST_updateState_tmp.obj</name>
      </input_file>
      <input_file id="fl-65">
         <path>E:\motor control\Motor_control-master\motorware\sw\modules\fast\lib\32b\f28x\f2806x\</path>
         <kind>archive</kind>
         <file>2806xRevB_FastSpinROMSymbols.lib</file>
         <name>TMS320x2806x_REVB_boot_rom_out__EST_useZeroIq_ref_tmp.obj</name>
      </input_file>
      <input_file id="fl-66">
         <path>E:\motor control\Motor_control-master\motorware\sw\modules\iqmath\lib\f28x\32b\</path>
         <kind>archive</kind>
         <file>IQmath.lib</file>
         <name>IQ24cosPU.obj</name>
      </input_file>
      <input_file id="fl-67">
         <path>E:\motor control\Motor_control-master\motorware\sw\modules\iqmath\lib\f28x\32b\</path>
         <kind>archive</kind>
         <file>IQmath.lib</file>
         <name>IQmathTables.obj</name>
      </input_file>
      <input_file id="fl-68">
         <path>E:\motor control\Motor_control-master\motorware\sw\modules\iqmath\lib\f28x\32b\</path>
         <kind>archive</kind>
         <file>IQmath.lib</file>
         <name>IQ24sinPU.obj</name>
      </input_file>
      <input_file id="fl-69">
         <path>E:\motor control\Motor_control-master\motorware\sw\modules\iqmath\lib\f28x\32b\</path>
         <kind>archive</kind>
         <file>IQmath.lib</file>
         <name>IQ24sqrt.obj</name>
      </input_file>
      <input_file id="fl-6a">
         <path>E:\motor control\Motor_control-master\motorware\sw\modules\iqmath\lib\f28x\32b\</path>
         <kind>archive</kind>
         <file>IQmath.lib</file>
         <name>IQ30toF.obj</name>
      </input_file>
      <input_file id="fl-6b">
         <path>C:\ti\ccs920\ccs\tools\compiler\ti-cgt-c2000_18.12.3.LTS\lib\</path>
         <kind>archive</kind>
         <file>rts2800_ml.lib</file>
         <name>boot28.asm.obj</name>
      </input_file>
      <input_file id="fl-6c">
         <path>C:\ti\ccs920\ccs\tools\compiler\ti-cgt-c2000_18.12.3.LTS\lib\</path>
         <kind>archive</kind>
         <file>rts2800_ml.lib</file>
         <name>args_main.c.obj</name>
      </input_file>
      <input_file id="fl-6d">
         <path>C:\ti\ccs920\ccs\tools\compiler\ti-cgt-c2000_18.12.3.LTS\lib\</path>
         <kind>archive</kind>
         <file>rts2800_ml.lib</file>
         <name>startup.c.obj</name>
      </input_file>
      <input_file id="fl-6e">
         <path>C:\ti\ccs920\ccs\tools\compiler\ti-cgt-c2000_18.12.3.LTS\lib\</path>
         <kind>archive</kind>
         <file>rts2800_ml.lib</file>
         <name>pre_init.c.obj</name>
      </input_file>
      <input_file id="fl-6f">
         <path>C:\ti\ccs920\ccs\tools\compiler\ti-cgt-c2000_18.12.3.LTS\lib\</path>
         <kind>archive</kind>
         <file>rts2800_ml.lib</file>
         <name>s_ceilf.c.obj</name>
      </input_file>
      <input_file id="fl-70">
         <path>C:\ti\ccs920\ccs\tools\compiler\ti-cgt-c2000_18.12.3.LTS\lib\</path>
         <kind>archive</kind>
         <file>rts2800_ml.lib</file>
         <name>fs_cmp28.asm.obj</name>
      </input_file>
      <input_file id="fl-71">
         <path>C:\ti\ccs920\ccs\tools\compiler\ti-cgt-c2000_18.12.3.LTS\lib\</path>
         <kind>archive</kind>
         <file>rts2800_ml.lib</file>
         <name>cpy_tbl.c.obj</name>
      </input_file>
      <input_file id="fl-72">
         <path>C:\ti\ccs920\ccs\tools\compiler\ti-cgt-c2000_18.12.3.LTS\lib\</path>
         <kind>archive</kind>
         <file>rts2800_ml.lib</file>
         <name>exit.c.obj</name>
      </input_file>
      <input_file id="fl-73">
         <path>C:\ti\ccs920\ccs\tools\compiler\ti-cgt-c2000_18.12.3.LTS\lib\</path>
         <kind>archive</kind>
         <file>rts2800_ml.lib</file>
         <name>_lock.c.obj</name>
      </input_file>
      <input_file id="fl-74">
         <path>C:\ti\ccs920\ccs\tools\compiler\ti-cgt-c2000_18.12.3.LTS\lib\</path>
         <kind>archive</kind>
         <file>rts2800_ml.lib</file>
         <name>e_logf.c.obj</name>
      </input_file>
      <input_file id="fl-75">
         <path>C:\ti\ccs920\ccs\tools\compiler\ti-cgt-c2000_18.12.3.LTS\lib\</path>
         <kind>archive</kind>
         <file>rts2800_ml.lib</file>
         <name>l_tofs28.asm.obj</name>
      </input_file>
      <input_file id="fl-76">
         <path>C:\ti\ccs920\ccs\tools\compiler\ti-cgt-c2000_18.12.3.LTS\lib\</path>
         <kind>archive</kind>
         <file>rts2800_ml.lib</file>
         <name>errno.c.obj</name>
      </input_file>
      <input_file id="fl-77">
         <path>C:\ti\ccs920\ccs\tools\compiler\ti-cgt-c2000_18.12.3.LTS\lib\</path>
         <kind>archive</kind>
         <file>rts2800_ml.lib</file>
         <name>memcpy.c.obj</name>
      </input_file>
      <input_file id="fl-78">
         <path>C:\ti\ccs920\ccs\tools\compiler\ti-cgt-c2000_18.12.3.LTS\lib\</path>
         <kind>archive</kind>
         <file>rts2800_ml.lib</file>
         <name>e_powf.c.obj</name>
      </input_file>
      <input_file id="fl-79">
         <path>C:\ti\ccs920\ccs\tools\compiler\ti-cgt-c2000_18.12.3.LTS\lib\</path>
         <kind>archive</kind>
         <file>rts2800_ml.lib</file>
         <name>s_scalbnf.c.obj</name>
      </input_file>
      <input_file id="fl-7a">
         <path>C:\ti\ccs920\ccs\tools\compiler\ti-cgt-c2000_18.12.3.LTS\lib\</path>
         <kind>archive</kind>
         <file>rts2800_ml.lib</file>
         <name>s_copysignf.c.obj</name>
      </input_file>
      <input_file id="fl-7b">
         <path>C:\ti\ccs920\ccs\tools\compiler\ti-cgt-c2000_18.12.3.LTS\lib\</path>
         <kind>archive</kind>
         <file>rts2800_ml.lib</file>
         <name>e_sqrtf.c.obj</name>
      </input_file>
   </input_file_list>
   <object_component_list>
      <object_component id="oc-4b">
         <name>codestart</name>
         <load_address>0x0</load_address>
         <run_address>0x0</run_address>
         <size>0x2</size>
         <input_file_ref idref="fl-5"/>
      </object_component>
      <object_component id="oc-1a3">
         <name>ramfuncs</name>
         <load_address>0x120</load_address>
         <run_address>0x120</run_address>
         <size>0x32</size>
         <input_file_ref idref="fl-d"/>
      </object_component>
      <object_component id="oc-d3">
         <name>ramfuncs</name>
         <load_address>0x152</load_address>
         <run_address>0x152</run_address>
         <size>0x4</size>
         <input_file_ref idref="fl-1e"/>
      </object_component>
      <object_component id="oc-198">
         <name>.text</name>
         <load_address>0x8000</load_address>
         <run_address>0x8000</run_address>
         <size>0xaf3</size>
         <input_file_ref idref="fl-f"/>
      </object_component>
      <object_component id="oc-18b">
         <name>.text</name>
         <load_address>0x8af3</load_address>
         <run_address>0x8af3</run_address>
         <size>0x994</size>
         <input_file_ref idref="fl-a"/>
      </object_component>
      <object_component id="oc-18c">
         <name>.text</name>
         <load_address>0x9487</load_address>
         <run_address>0x9487</run_address>
         <size>0x452</size>
         <input_file_ref idref="fl-17"/>
      </object_component>
      <object_component id="oc-199">
         <name>.text</name>
         <load_address>0x98d9</load_address>
         <run_address>0x98d9</run_address>
         <size>0x435</size>
         <input_file_ref idref="fl-1f"/>
      </object_component>
      <object_component id="oc-1ab">
         <name>.text</name>
         <load_address>0x9d0e</load_address>
         <run_address>0x9d0e</run_address>
         <size>0x41e</size>
         <input_file_ref idref="fl-78"/>
      </object_component>
      <object_component id="oc-1a0">
         <name>.text</name>
         <load_address>0xa12c</load_address>
         <run_address>0xa12c</run_address>
         <size>0x2f7</size>
         <input_file_ref idref="fl-18"/>
      </object_component>
      <object_component id="oc-19c">
         <name>.text</name>
         <load_address>0xa423</load_address>
         <run_address>0xa423</run_address>
         <size>0x2d2</size>
         <input_file_ref idref="fl-b"/>
      </object_component>
      <object_component id="oc-1a4">
         <name>.text</name>
         <load_address>0xa6f5</load_address>
         <run_address>0xa6f5</run_address>
         <size>0x1ee</size>
         <input_file_ref idref="fl-6"/>
      </object_component>
      <object_component id="oc-19f">
         <name>.text</name>
         <load_address>0xa8e3</load_address>
         <run_address>0xa8e3</run_address>
         <size>0x18a</size>
         <input_file_ref idref="fl-8"/>
      </object_component>
      <object_component id="oc-196">
         <name>.text</name>
         <load_address>0xaa6d</load_address>
         <run_address>0xaa6d</run_address>
         <size>0x187</size>
         <input_file_ref idref="fl-74"/>
      </object_component>
      <object_component id="oc-18a">
         <name>.text</name>
         <load_address>0xabf4</load_address>
         <run_address>0xabf4</run_address>
         <size>0x17f</size>
         <input_file_ref idref="fl-e"/>
      </object_component>
      <object_component id="oc-1a2">
         <name>.text</name>
         <load_address>0xad73</load_address>
         <run_address>0xad73</run_address>
         <size>0x102</size>
         <input_file_ref idref="fl-15"/>
      </object_component>
      <object_component id="oc-af">
         <name>.text:retain</name>
         <load_address>0xae75</load_address>
         <run_address>0xae75</run_address>
         <size>0xcb</size>
         <input_file_ref idref="fl-17"/>
      </object_component>
      <object_component id="oc-19e">
         <name>.text</name>
         <load_address>0xaf40</load_address>
         <run_address>0xaf40</run_address>
         <size>0xa9</size>
         <input_file_ref idref="fl-1a"/>
      </object_component>
      <object_component id="oc-e3">
         <name>.text</name>
         <load_address>0xafe9</load_address>
         <run_address>0xafe9</run_address>
         <size>0x83</size>
         <input_file_ref idref="fl-24"/>
      </object_component>
      <object_component id="oc-f2">
         <name>.text</name>
         <load_address>0xb06c</load_address>
         <run_address>0xb06c</run_address>
         <size>0x83</size>
         <input_file_ref idref="fl-27"/>
      </object_component>
      <object_component id="oc-ed">
         <name>.text</name>
         <load_address>0xb0ef</load_address>
         <run_address>0xb0ef</run_address>
         <size>0x78</size>
         <input_file_ref idref="fl-26"/>
      </object_component>
      <object_component id="oc-1ae">
         <name>.text</name>
         <load_address>0xb167</load_address>
         <run_address>0xb167</run_address>
         <size>0x75</size>
         <input_file_ref idref="fl-7b"/>
      </object_component>
      <object_component id="oc-197">
         <name>.text</name>
         <load_address>0xb1dc</load_address>
         <run_address>0xb1dc</run_address>
         <size>0x69</size>
         <input_file_ref idref="fl-6f"/>
      </object_component>
      <object_component id="oc-1b2">
         <name>.text</name>
         <load_address>0xb245</load_address>
         <run_address>0xb245</run_address>
         <size>0x5d</size>
         <input_file_ref idref="fl-79"/>
      </object_component>
      <object_component id="oc-1a1">
         <name>.text</name>
         <load_address>0xb2a2</load_address>
         <run_address>0xb2a2</run_address>
         <size>0x5b</size>
         <input_file_ref idref="fl-16"/>
      </object_component>
      <object_component id="oc-f7">
         <name>.text</name>
         <load_address>0xb2fd</load_address>
         <run_address>0xb2fd</run_address>
         <size>0x5a</size>
         <input_file_ref idref="fl-28"/>
      </object_component>
      <object_component id="oc-14">
         <name>.text</name>
         <load_address>0xb357</load_address>
         <run_address>0xb357</run_address>
         <size>0x54</size>
         <input_file_ref idref="fl-6b"/>
      </object_component>
      <object_component id="oc-1a6">
         <name>.text</name>
         <load_address>0xb3ab</load_address>
         <run_address>0xb3ab</run_address>
         <size>0x47</size>
         <input_file_ref idref="fl-11"/>
      </object_component>
      <object_component id="oc-1a8">
         <name>.text</name>
         <load_address>0xb3f2</load_address>
         <run_address>0xb3f2</run_address>
         <size>0x46</size>
         <input_file_ref idref="fl-20"/>
      </object_component>
      <object_component id="oc-1aa">
         <name>.text</name>
         <load_address>0xb438</load_address>
         <run_address>0xb438</run_address>
         <size>0x44</size>
         <input_file_ref idref="fl-19"/>
      </object_component>
      <object_component id="oc-19d">
         <name>.text</name>
         <load_address>0xb47c</load_address>
         <run_address>0xb47c</run_address>
         <size>0x32</size>
         <input_file_ref idref="fl-1c"/>
      </object_component>
      <object_component id="oc-1a5">
         <name>.text</name>
         <load_address>0xb4ae</load_address>
         <run_address>0xb4ae</run_address>
         <size>0x2d</size>
         <input_file_ref idref="fl-12"/>
      </object_component>
      <object_component id="oc-189">
         <name>.text</name>
         <load_address>0xb4db</load_address>
         <run_address>0xb4db</run_address>
         <size>0x29</size>
         <input_file_ref idref="fl-72"/>
      </object_component>
      <object_component id="oc-1a7">
         <name>.text</name>
         <load_address>0xb504</load_address>
         <run_address>0xb504</run_address>
         <size>0x25</size>
         <input_file_ref idref="fl-9"/>
      </object_component>
      <object_component id="oc-106">
         <name>.text</name>
         <load_address>0xb529</load_address>
         <run_address>0xb529</run_address>
         <size>0x25</size>
         <input_file_ref idref="fl-2b"/>
      </object_component>
      <object_component id="oc-186">
         <name>.text</name>
         <load_address>0xb54e</load_address>
         <run_address>0xb54e</run_address>
         <size>0x24</size>
         <input_file_ref idref="fl-71"/>
      </object_component>
      <object_component id="oc-1ad">
         <name>.text</name>
         <load_address>0xb572</load_address>
         <run_address>0xb572</run_address>
         <size>0x21</size>
         <input_file_ref idref="fl-c"/>
      </object_component>
      <object_component id="oc-110">
         <name>.text</name>
         <load_address>0xb593</load_address>
         <run_address>0xb593</run_address>
         <size>0x21</size>
         <input_file_ref idref="fl-2d"/>
      </object_component>
      <object_component id="oc-1a9">
         <name>.text</name>
         <load_address>0xb5b4</load_address>
         <run_address>0xb5b4</run_address>
         <size>0x20</size>
         <input_file_ref idref="fl-d"/>
      </object_component>
      <object_component id="oc-e8">
         <name>.text</name>
         <load_address>0xb5d4</load_address>
         <run_address>0xb5d4</run_address>
         <size>0x1f</size>
         <input_file_ref idref="fl-25"/>
      </object_component>
      <object_component id="oc-10b">
         <name>.text</name>
         <load_address>0xb5f3</load_address>
         <run_address>0xb5f3</run_address>
         <size>0x1d</size>
         <input_file_ref idref="fl-2c"/>
      </object_component>
      <object_component id="oc-18d">
         <name>.text</name>
         <load_address>0xb610</load_address>
         <run_address>0xb610</run_address>
         <size>0x1d</size>
         <input_file_ref idref="fl-77"/>
      </object_component>
      <object_component id="oc-101">
         <name>.text</name>
         <load_address>0xb62d</load_address>
         <run_address>0xb62d</run_address>
         <size>0x1c</size>
         <input_file_ref idref="fl-2a"/>
      </object_component>
      <object_component id="oc-115">
         <name>.text</name>
         <load_address>0xb649</load_address>
         <run_address>0xb649</run_address>
         <size>0x1a</size>
         <input_file_ref idref="fl-2e"/>
      </object_component>
      <object_component id="oc-160">
         <name>.text</name>
         <load_address>0xb663</load_address>
         <run_address>0xb663</run_address>
         <size>0x1a</size>
         <input_file_ref idref="fl-75"/>
      </object_component>
      <object_component id="oc-188">
         <name>.text</name>
         <load_address>0xb67d</load_address>
         <run_address>0xb67d</run_address>
         <size>0x19</size>
         <input_file_ref idref="fl-6c"/>
      </object_component>
      <object_component id="oc-144">
         <name>.text</name>
         <load_address>0xb696</load_address>
         <run_address>0xb696</run_address>
         <size>0x17</size>
         <input_file_ref idref="fl-70"/>
      </object_component>
      <object_component id="oc-11f">
         <name>.text</name>
         <load_address>0xb6ad</load_address>
         <run_address>0xb6ad</run_address>
         <size>0x13</size>
         <input_file_ref idref="fl-30"/>
      </object_component>
      <object_component id="oc-11a">
         <name>.text</name>
         <load_address>0xb6c0</load_address>
         <run_address>0xb6c0</run_address>
         <size>0x10</size>
         <input_file_ref idref="fl-2f"/>
      </object_component>
      <object_component id="oc-1b3">
         <name>.text</name>
         <load_address>0xb6d0</load_address>
         <run_address>0xb6d0</run_address>
         <size>0xa</size>
         <input_file_ref idref="fl-7a"/>
      </object_component>
      <object_component id="oc-19a">
         <name>.text</name>
         <load_address>0xb6da</load_address>
         <run_address>0xb6da</run_address>
         <size>0x9</size>
         <input_file_ref idref="fl-73"/>
      </object_component>
      <object_component id="oc-4a">
         <name>.text</name>
         <load_address>0xb6e3</load_address>
         <run_address>0xb6e3</run_address>
         <size>0x8</size>
         <input_file_ref idref="fl-5"/>
      </object_component>
      <object_component id="oc-a2">
         <name>.text:retain</name>
         <load_address>0xb6eb</load_address>
         <run_address>0xb6eb</run_address>
         <size>0x5</size>
         <input_file_ref idref="fl-15"/>
      </object_component>
      <object_component id="oc-fc">
         <name>.text</name>
         <load_address>0xb6f0</load_address>
         <run_address>0xb6f0</run_address>
         <size>0x5</size>
         <input_file_ref idref="fl-29"/>
      </object_component>
      <object_component id="oc-185">
         <name>.text</name>
         <load_address>0xb6f5</load_address>
         <run_address>0xb6f5</run_address>
         <size>0x2</size>
         <input_file_ref idref="fl-6e"/>
      </object_component>
      <object_component id="oc-187">
         <name>.text</name>
         <load_address>0xb6f7</load_address>
         <run_address>0xb6f7</run_address>
         <size>0x1</size>
         <input_file_ref idref="fl-6d"/>
      </object_component>
      <object_component id="oc-ad">
         <name>.cinit</name>
         <load_address>0x50</load_address>
         <run_address>0x50</run_address>
         <size>0xae</size>
         <input_file_ref idref="fl-17"/>
      </object_component>
      <object_component id="oc-14f">
         <name>.cinit</name>
         <load_address>0xfe</load_address>
         <run_address>0xfe</run_address>
         <size>0xe</size>
         <input_file_ref idref="fl-72"/>
      </object_component>
      <object_component id="oc-18f">
         <name>.cinit:__lock</name>
         <load_address>0x10c</load_address>
         <run_address>0x10c</run_address>
         <size>0x5</size>
         <input_file_ref idref="fl-73"/>
      </object_component>
      <object_component id="oc-19b">
         <name>.cinit:__unlock</name>
         <load_address>0x111</load_address>
         <run_address>0x111</run_address>
         <size>0x5</size>
         <input_file_ref idref="fl-73"/>
      </object_component>
      <object_component id="oc-6c">
         <name>.cinit</name>
         <load_address>0x116</load_address>
         <run_address>0x116</run_address>
         <size>0x4</size>
         <input_file_ref idref="fl-b"/>
      </object_component>
      <object_component id="oc-166">
         <name>.cinit</name>
         <load_address>0x11a</load_address>
         <run_address>0x11a</run_address>
         <size>0x4</size>
         <input_file_ref idref="fl-76"/>
      </object_component>
      <object_component id="oc-12a">
         <name>.reset</name>
         <load_address>0x3fffc0</load_address>
         <run_address>0x3fffc0</run_address>
         <size>0x2</size>
         <input_file_ref idref="fl-6b"/>
      </object_component>
      <object_component id="oc-129">
         <name>.stack</name>
         <uninitialized>true</uninitialized>
         <run_address>0x400</run_address>
         <size>0x0</size>
         <input_file_ref idref="fl-6b"/>
      </object_component>
      <object_component id="oc-1d1">
         <name>.stack</name>
         <uninitialized>true</uninitialized>
         <run_address>0x400</run_address>
         <size>0x0</size>
      </object_component>
      <object_component id="oc-60">
         <name>.ebss</name>
         <uninitialized>true</uninitialized>
         <run_address>0xb870</run_address>
         <size>0x1</size>
         <input_file_ref idref="fl-9"/>
      </object_component>
      <object_component id="oc-6d">
         <name>.ebss</name>
         <uninitialized>true</uninitialized>
         <run_address>0xb86e</run_address>
         <size>0x2</size>
         <input_file_ref idref="fl-b"/>
      </object_component>
      <object_component id="oc-82">
         <name>.ebss</name>
         <uninitialized>true</uninitialized>
         <run_address>0xb880</run_address>
         <size>0xaa</size>
         <input_file_ref idref="fl-f"/>
      </object_component>
      <object_component id="oc-ae">
         <name>.ebss</name>
         <uninitialized>true</uninitialized>
         <run_address>0xb700</run_address>
         <size>0x16c</size>
         <input_file_ref idref="fl-17"/>
      </object_component>
      <object_component id="oc-150">
         <name>.ebss</name>
         <uninitialized>true</uninitialized>
         <run_address>0xb6f8</run_address>
         <size>0x6</size>
         <input_file_ref idref="fl-72"/>
      </object_component>
      <object_component id="oc-18e">
         <name>.ebss:__lock</name>
         <uninitialized>true</uninitialized>
         <run_address>0xb6fe</run_address>
         <size>0x2</size>
         <input_file_ref idref="fl-73"/>
      </object_component>
      <object_component id="oc-1ac">
         <name>.ebss:__unlock</name>
         <uninitialized>true</uninitialized>
         <run_address>0xb86c</run_address>
         <size>0x2</size>
         <input_file_ref idref="fl-73"/>
      </object_component>
      <object_component id="oc-167">
         <name>.ebss</name>
         <uninitialized>true</uninitialized>
         <run_address>0xb871</run_address>
         <size>0x1</size>
         <input_file_ref idref="fl-76"/>
      </object_component>
      <object_component id="oc-16f">
         <name>.econst</name>
         <load_address>0xb9d0</load_address>
         <run_address>0xb9d0</run_address>
         <size>0x32</size>
         <input_file_ref idref="fl-78"/>
      </object_component>
      <object_component id="oc-15b">
         <name>.econst</name>
         <load_address>0xba02</load_address>
         <run_address>0xba02</run_address>
         <size>0x10</size>
         <input_file_ref idref="fl-74"/>
      </object_component>
      <object_component id="oc-d9">
         <name>.econst</name>
         <load_address>0xba12</load_address>
         <run_address>0xba12</run_address>
         <size>0x8</size>
         <input_file_ref idref="fl-1f"/>
      </object_component>
      <object_component id="oc-175">
         <name>.econst</name>
         <load_address>0xba1a</load_address>
         <run_address>0xba1a</run_address>
         <size>0x6</size>
         <input_file_ref idref="fl-79"/>
      </object_component>
      <object_component id="oc-190">
         <name>.econst:_$P$T0$1</name>
         <load_address>0xba20</load_address>
         <run_address>0xba20</run_address>
         <size>0x4</size>
         <input_file_ref idref="fl-a"/>
      </object_component>
      <object_component id="oc-191">
         <name>.econst:_$P$T1$2</name>
         <load_address>0xba24</load_address>
         <run_address>0xba24</run_address>
         <size>0x4</size>
         <input_file_ref idref="fl-a"/>
      </object_component>
      <object_component id="oc-192">
         <name>.econst:_$P$T2$3</name>
         <load_address>0xba28</load_address>
         <run_address>0xba28</run_address>
         <size>0x4</size>
         <input_file_ref idref="fl-a"/>
      </object_component>
      <object_component id="oc-193">
         <name>.econst:_$P$T3$4</name>
         <load_address>0xba2c</load_address>
         <run_address>0xba2c</run_address>
         <size>0x4</size>
         <input_file_ref idref="fl-a"/>
      </object_component>
      <object_component id="oc-194">
         <name>.econst:_$P$T4$5</name>
         <load_address>0xba30</load_address>
         <run_address>0xba30</run_address>
         <size>0x4</size>
         <input_file_ref idref="fl-a"/>
      </object_component>
      <object_component id="oc-195">
         <name>.econst:_$P$T5$6</name>
         <load_address>0xba34</load_address>
         <run_address>0xba34</run_address>
         <size>0x4</size>
         <input_file_ref idref="fl-a"/>
      </object_component>
      <object_component id="oc-1af">
         <name>.econst:_bp</name>
         <load_address>0xba38</load_address>
         <run_address>0xba38</run_address>
         <size>0x4</size>
         <input_file_ref idref="fl-78"/>
      </object_component>
      <object_component id="oc-1b0">
         <name>.econst:_dp_h</name>
         <load_address>0xba3c</load_address>
         <run_address>0xba3c</run_address>
         <size>0x4</size>
         <input_file_ref idref="fl-78"/>
      </object_component>
      <object_component id="oc-1b1">
         <name>.econst:_dp_l</name>
         <load_address>0xba40</load_address>
         <run_address>0xba40</run_address>
         <size>0x4</size>
         <input_file_ref idref="fl-78"/>
      </object_component>
      <object_component id="oc-66">
         <name>.econst</name>
         <load_address>0xba44</load_address>
         <run_address>0xba44</run_address>
         <size>0x4</size>
         <input_file_ref idref="fl-a"/>
      </object_component>
      <object_component id="oc-83">
         <name>.econst</name>
         <load_address>0xba48</load_address>
         <run_address>0xba48</run_address>
         <size>0x4</size>
         <input_file_ref idref="fl-f"/>
      </object_component>
      <object_component id="oc-b0">
         <name>.econst</name>
         <load_address>0xba4c</load_address>
         <run_address>0xba4c</run_address>
         <size>0x4</size>
         <input_file_ref idref="fl-17"/>
      </object_component>
      <object_component id="oc-180">
         <name>.econst</name>
         <load_address>0xba50</load_address>
         <run_address>0xba50</run_address>
         <size>0x4</size>
         <input_file_ref idref="fl-7b"/>
      </object_component>
      <object_component id="oc-13f">
         <name>.econst</name>
         <load_address>0xba54</load_address>
         <run_address>0xba54</run_address>
         <size>0x2</size>
         <input_file_ref idref="fl-6f"/>
      </object_component>
      <object_component id="oc-127">
         <name>IQmath</name>
         <load_address>0xb92a</load_address>
         <run_address>0xb92a</run_address>
         <size>0x42</size>
         <input_file_ref idref="fl-69"/>
      </object_component>
      <object_component id="oc-126">
         <name>IQmath</name>
         <load_address>0xb96c</load_address>
         <run_address>0xb96c</run_address>
         <size>0x29</size>
         <input_file_ref idref="fl-68"/>
      </object_component>
      <object_component id="oc-124">
         <name>IQmath</name>
         <load_address>0xb995</load_address>
         <run_address>0xb995</run_address>
         <size>0x27</size>
         <input_file_ref idref="fl-66"/>
      </object_component>
      <object_component id="oc-128">
         <name>IQmath</name>
         <load_address>0xb9bc</load_address>
         <run_address>0xb9bc</run_address>
         <size>0x14</size>
         <input_file_ref idref="fl-6a"/>
      </object_component>
      <object_component id="oc-125">
         <name>IQmathTables</name>
         <load_address>0x3fdc30</load_address>
         <run_address>0x3fdc30</run_address>
         <size>0xb50</size>
         <input_file_ref idref="fl-67"/>
      </object_component>
      <object_component id="oc-4c">
         <name>.debug_line</name>
         <load_address>0x0</load_address>
         <run_address>0x0</run_address>
         <size>0xab</size>
         <input_file_ref idref="fl-5"/>
      </object_component>
      <object_component id="oc-52">
         <name>.debug_line</name>
         <load_address>0xab</load_address>
         <run_address>0xab</run_address>
         <size>0x37b</size>
         <input_file_ref idref="fl-6"/>
      </object_component>
      <object_component id="oc-57">
         <name>.debug_line</name>
         <load_address>0x426</load_address>
         <run_address>0x426</run_address>
         <size>0x73</size>
         <input_file_ref idref="fl-7"/>
      </object_component>
      <object_component id="oc-5c">
         <name>.debug_line</name>
         <load_address>0x499</load_address>
         <run_address>0x499</run_address>
         <size>0x591</size>
         <input_file_ref idref="fl-8"/>
      </object_component>
      <object_component id="oc-62">
         <name>.debug_line</name>
         <load_address>0xa2a</load_address>
         <run_address>0xa2a</run_address>
         <size>0x158</size>
         <input_file_ref idref="fl-9"/>
      </object_component>
      <object_component id="oc-68">
         <name>.debug_line</name>
         <load_address>0xb82</load_address>
         <run_address>0xb82</run_address>
         <size>0x13ec</size>
         <input_file_ref idref="fl-a"/>
      </object_component>
      <object_component id="oc-6f">
         <name>.debug_line</name>
         <load_address>0x1f6e</load_address>
         <run_address>0x1f6e</run_address>
         <size>0x5b3</size>
         <input_file_ref idref="fl-b"/>
      </object_component>
      <object_component id="oc-74">
         <name>.debug_line</name>
         <load_address>0x2521</load_address>
         <run_address>0x2521</run_address>
         <size>0x116</size>
         <input_file_ref idref="fl-c"/>
      </object_component>
      <object_component id="oc-79">
         <name>.debug_line</name>
         <load_address>0x2637</load_address>
         <run_address>0x2637</run_address>
         <size>0x1e0</size>
         <input_file_ref idref="fl-d"/>
      </object_component>
      <object_component id="oc-7e">
         <name>.debug_line</name>
         <load_address>0x2817</load_address>
         <run_address>0x2817</run_address>
         <size>0x2be</size>
         <input_file_ref idref="fl-e"/>
      </object_component>
      <object_component id="oc-85">
         <name>.debug_line</name>
         <load_address>0x2ad5</load_address>
         <run_address>0x2ad5</run_address>
         <size>0xd7f</size>
         <input_file_ref idref="fl-f"/>
      </object_component>
      <object_component id="oc-8a">
         <name>.debug_line</name>
         <load_address>0x3854</load_address>
         <run_address>0x3854</run_address>
         <size>0x71</size>
         <input_file_ref idref="fl-10"/>
      </object_component>
      <object_component id="oc-8f">
         <name>.debug_line</name>
         <load_address>0x38c5</load_address>
         <run_address>0x38c5</run_address>
         <size>0xfc</size>
         <input_file_ref idref="fl-11"/>
      </object_component>
      <object_component id="oc-94">
         <name>.debug_line</name>
         <load_address>0x39c1</load_address>
         <run_address>0x39c1</run_address>
         <size>0xe0</size>
         <input_file_ref idref="fl-12"/>
      </object_component>
      <object_component id="oc-99">
         <name>.debug_line</name>
         <load_address>0x3aa1</load_address>
         <run_address>0x3aa1</run_address>
         <size>0x6f</size>
         <input_file_ref idref="fl-13"/>
      </object_component>
      <object_component id="oc-9e">
         <name>.debug_line</name>
         <load_address>0x3b10</load_address>
         <run_address>0x3b10</run_address>
         <size>0xbd</size>
         <input_file_ref idref="fl-14"/>
      </object_component>
      <object_component id="oc-a4">
         <name>.debug_line</name>
         <load_address>0x3bcd</load_address>
         <run_address>0x3bcd</run_address>
         <size>0x30a</size>
         <input_file_ref idref="fl-15"/>
      </object_component>
      <object_component id="oc-a9">
         <name>.debug_line</name>
         <load_address>0x3ed7</load_address>
         <run_address>0x3ed7</run_address>
         <size>0x1ef</size>
         <input_file_ref idref="fl-16"/>
      </object_component>
      <object_component id="oc-b2">
         <name>.debug_line</name>
         <load_address>0x40c6</load_address>
         <run_address>0x40c6</run_address>
         <size>0x9de</size>
         <input_file_ref idref="fl-17"/>
      </object_component>
      <object_component id="oc-b7">
         <name>.debug_line</name>
         <load_address>0x4aa4</load_address>
         <run_address>0x4aa4</run_address>
         <size>0xa3d</size>
         <input_file_ref idref="fl-18"/>
      </object_component>
      <object_component id="oc-bc">
         <name>.debug_line</name>
         <load_address>0x54e1</load_address>
         <run_address>0x54e1</run_address>
         <size>0x118</size>
         <input_file_ref idref="fl-19"/>
      </object_component>
      <object_component id="oc-c1">
         <name>.debug_line</name>
         <load_address>0x55f9</load_address>
         <run_address>0x55f9</run_address>
         <size>0x41c</size>
         <input_file_ref idref="fl-1a"/>
      </object_component>
      <object_component id="oc-c6">
         <name>.debug_line</name>
         <load_address>0x5a15</load_address>
         <run_address>0x5a15</run_address>
         <size>0x71</size>
         <input_file_ref idref="fl-1b"/>
      </object_component>
      <object_component id="oc-cb">
         <name>.debug_line</name>
         <load_address>0x5a86</load_address>
         <run_address>0x5a86</run_address>
         <size>0x12d</size>
         <input_file_ref idref="fl-1c"/>
      </object_component>
      <object_component id="oc-d0">
         <name>.debug_line</name>
         <load_address>0x5bb3</load_address>
         <run_address>0x5bb3</run_address>
         <size>0x6f</size>
         <input_file_ref idref="fl-1d"/>
      </object_component>
      <object_component id="oc-d4">
         <name>.debug_line</name>
         <load_address>0x5c22</load_address>
         <run_address>0x5c22</run_address>
         <size>0x8c</size>
         <input_file_ref idref="fl-1e"/>
      </object_component>
      <object_component id="oc-db">
         <name>.debug_line</name>
         <load_address>0x5cae</load_address>
         <run_address>0x5cae</run_address>
         <size>0x462</size>
         <input_file_ref idref="fl-1f"/>
      </object_component>
      <object_component id="oc-e0">
         <name>.debug_line</name>
         <load_address>0x6110</load_address>
         <run_address>0x6110</run_address>
         <size>0x177</size>
         <input_file_ref idref="fl-20"/>
      </object_component>
      <object_component id="oc-e5">
         <name>.debug_line</name>
         <load_address>0x6287</load_address>
         <run_address>0x6287</run_address>
         <size>0xa2</size>
         <input_file_ref idref="fl-24"/>
      </object_component>
      <object_component id="oc-ea">
         <name>.debug_line</name>
         <load_address>0x6329</load_address>
         <run_address>0x6329</run_address>
         <size>0x58</size>
         <input_file_ref idref="fl-25"/>
      </object_component>
      <object_component id="oc-ef">
         <name>.debug_line</name>
         <load_address>0x6381</load_address>
         <run_address>0x6381</run_address>
         <size>0xa9</size>
         <input_file_ref idref="fl-26"/>
      </object_component>
      <object_component id="oc-f4">
         <name>.debug_line</name>
         <load_address>0x642a</load_address>
         <run_address>0x642a</run_address>
         <size>0xab</size>
         <input_file_ref idref="fl-27"/>
      </object_component>
      <object_component id="oc-f9">
         <name>.debug_line</name>
         <load_address>0x64d5</load_address>
         <run_address>0x64d5</run_address>
         <size>0x8d</size>
         <input_file_ref idref="fl-28"/>
      </object_component>
      <object_component id="oc-fe">
         <name>.debug_line</name>
         <load_address>0x6562</load_address>
         <run_address>0x6562</run_address>
         <size>0x41</size>
         <input_file_ref idref="fl-29"/>
      </object_component>
      <object_component id="oc-103">
         <name>.debug_line</name>
         <load_address>0x65a3</load_address>
         <run_address>0x65a3</run_address>
         <size>0x56</size>
         <input_file_ref idref="fl-2a"/>
      </object_component>
      <object_component id="oc-108">
         <name>.debug_line</name>
         <load_address>0x65f9</load_address>
         <run_address>0x65f9</run_address>
         <size>0x5e</size>
         <input_file_ref idref="fl-2b"/>
      </object_component>
      <object_component id="oc-10d">
         <name>.debug_line</name>
         <load_address>0x6657</load_address>
         <run_address>0x6657</run_address>
         <size>0x56</size>
         <input_file_ref idref="fl-2c"/>
      </object_component>
      <object_component id="oc-112">
         <name>.debug_line</name>
         <load_address>0x66ad</load_address>
         <run_address>0x66ad</run_address>
         <size>0x59</size>
         <input_file_ref idref="fl-2d"/>
      </object_component>
      <object_component id="oc-117">
         <name>.debug_line</name>
         <load_address>0x6706</load_address>
         <run_address>0x6706</run_address>
         <size>0x52</size>
         <input_file_ref idref="fl-2e"/>
      </object_component>
      <object_component id="oc-11c">
         <name>.debug_line</name>
         <load_address>0x6758</load_address>
         <run_address>0x6758</run_address>
         <size>0x49</size>
         <input_file_ref idref="fl-2f"/>
      </object_component>
      <object_component id="oc-121">
         <name>.debug_line</name>
         <load_address>0x67a1</load_address>
         <run_address>0x67a1</run_address>
         <size>0x4f</size>
         <input_file_ref idref="fl-30"/>
      </object_component>
      <object_component id="oc-12c">
         <name>.debug_line</name>
         <load_address>0x67f0</load_address>
         <run_address>0x67f0</run_address>
         <size>0x7d</size>
         <input_file_ref idref="fl-6b"/>
      </object_component>
      <object_component id="oc-131">
         <name>.debug_line</name>
         <load_address>0x686d</load_address>
         <run_address>0x686d</run_address>
         <size>0x55</size>
         <input_file_ref idref="fl-6c"/>
      </object_component>
      <object_component id="oc-136">
         <name>.debug_line</name>
         <load_address>0x68c2</load_address>
         <run_address>0x68c2</run_address>
         <size>0x3a</size>
         <input_file_ref idref="fl-6d"/>
      </object_component>
      <object_component id="oc-13b">
         <name>.debug_line</name>
         <load_address>0x68fc</load_address>
         <run_address>0x68fc</run_address>
         <size>0x3e</size>
         <input_file_ref idref="fl-6e"/>
      </object_component>
      <object_component id="oc-141">
         <name>.debug_line</name>
         <load_address>0x693a</load_address>
         <run_address>0x693a</run_address>
         <size>0x7f</size>
         <input_file_ref idref="fl-6f"/>
      </object_component>
      <object_component id="oc-146">
         <name>.debug_line</name>
         <load_address>0x69b9</load_address>
         <run_address>0x69b9</run_address>
         <size>0x52</size>
         <input_file_ref idref="fl-70"/>
      </object_component>
      <object_component id="oc-14b">
         <name>.debug_line</name>
         <load_address>0x6a0b</load_address>
         <run_address>0x6a0b</run_address>
         <size>0x50</size>
         <input_file_ref idref="fl-71"/>
      </object_component>
      <object_component id="oc-152">
         <name>.debug_line</name>
         <load_address>0x6a5b</load_address>
         <run_address>0x6a5b</run_address>
         <size>0x65</size>
         <input_file_ref idref="fl-72"/>
      </object_component>
      <object_component id="oc-157">
         <name>.debug_line</name>
         <load_address>0x6ac0</load_address>
         <run_address>0x6ac0</run_address>
         <size>0x5e</size>
         <input_file_ref idref="fl-73"/>
      </object_component>
      <object_component id="oc-15d">
         <name>.debug_line</name>
         <load_address>0x6b1e</load_address>
         <run_address>0x6b1e</run_address>
         <size>0xb9</size>
         <input_file_ref idref="fl-74"/>
      </object_component>
      <object_component id="oc-162">
         <name>.debug_line</name>
         <load_address>0x6bd7</load_address>
         <run_address>0x6bd7</run_address>
         <size>0x53</size>
         <input_file_ref idref="fl-75"/>
      </object_component>
      <object_component id="oc-16b">
         <name>.debug_line</name>
         <load_address>0x6c2a</load_address>
         <run_address>0x6c2a</run_address>
         <size>0x62</size>
         <input_file_ref idref="fl-77"/>
      </object_component>
      <object_component id="oc-171">
         <name>.debug_line</name>
         <load_address>0x6c8c</load_address>
         <run_address>0x6c8c</run_address>
         <size>0x1d8</size>
         <input_file_ref idref="fl-78"/>
      </object_component>
      <object_component id="oc-177">
         <name>.debug_line</name>
         <load_address>0x6e64</load_address>
         <run_address>0x6e64</run_address>
         <size>0x73</size>
         <input_file_ref idref="fl-79"/>
      </object_component>
      <object_component id="oc-17c">
         <name>.debug_line</name>
         <load_address>0x6ed7</load_address>
         <run_address>0x6ed7</run_address>
         <size>0x49</size>
         <input_file_ref idref="fl-7a"/>
      </object_component>
      <object_component id="oc-182">
         <name>.debug_line</name>
         <load_address>0x6f20</load_address>
         <run_address>0x6f20</run_address>
         <size>0xb5</size>
         <input_file_ref idref="fl-7b"/>
      </object_component>
      <object_component id="oc-4d">
         <name>.debug_info</name>
         <load_address>0x0</load_address>
         <run_address>0x0</run_address>
         <size>0x258</size>
         <input_file_ref idref="fl-5"/>
      </object_component>
      <object_component id="oc-50">
         <name>.debug_info</name>
         <load_address>0x258</load_address>
         <run_address>0x258</run_address>
         <size>0x46ee</size>
         <input_file_ref idref="fl-6"/>
      </object_component>
      <object_component id="oc-55">
         <name>.debug_info</name>
         <load_address>0x4946</load_address>
         <run_address>0x4946</run_address>
         <size>0x43b</size>
         <input_file_ref idref="fl-7"/>
      </object_component>
      <object_component id="oc-5a">
         <name>.debug_info</name>
         <load_address>0x4d81</load_address>
         <run_address>0x4d81</run_address>
         <size>0x4f85</size>
         <input_file_ref idref="fl-8"/>
      </object_component>
      <object_component id="oc-5f">
         <name>.debug_info</name>
         <load_address>0x9d06</load_address>
         <run_address>0x9d06</run_address>
         <size>0x1183</size>
         <input_file_ref idref="fl-9"/>
      </object_component>
      <object_component id="oc-65">
         <name>.debug_info</name>
         <load_address>0xae89</load_address>
         <run_address>0xae89</run_address>
         <size>0x9dd4</size>
         <input_file_ref idref="fl-a"/>
      </object_component>
      <object_component id="oc-6b">
         <name>.debug_info</name>
         <load_address>0x14c5d</load_address>
         <run_address>0x14c5d</run_address>
         <size>0x5035</size>
         <input_file_ref idref="fl-b"/>
      </object_component>
      <object_component id="oc-72">
         <name>.debug_info</name>
         <load_address>0x19c92</load_address>
         <run_address>0x19c92</run_address>
         <size>0xd94</size>
         <input_file_ref idref="fl-c"/>
      </object_component>
      <object_component id="oc-77">
         <name>.debug_info</name>
         <load_address>0x1aa26</load_address>
         <run_address>0x1aa26</run_address>
         <size>0x21d9</size>
         <input_file_ref idref="fl-d"/>
      </object_component>
      <object_component id="oc-7c">
         <name>.debug_info</name>
         <load_address>0x1cbff</load_address>
         <run_address>0x1cbff</run_address>
         <size>0x389c</size>
         <input_file_ref idref="fl-e"/>
      </object_component>
      <object_component id="oc-81">
         <name>.debug_info</name>
         <load_address>0x2049b</load_address>
         <run_address>0x2049b</run_address>
         <size>0x12ab1</size>
         <input_file_ref idref="fl-f"/>
      </object_component>
      <object_component id="oc-88">
         <name>.debug_info</name>
         <load_address>0x32f4c</load_address>
         <run_address>0x32f4c</run_address>
         <size>0x3d2</size>
         <input_file_ref idref="fl-10"/>
      </object_component>
      <object_component id="oc-8d">
         <name>.debug_info</name>
         <load_address>0x3331e</load_address>
         <run_address>0x3331e</run_address>
         <size>0xd03</size>
         <input_file_ref idref="fl-11"/>
      </object_component>
      <object_component id="oc-92">
         <name>.debug_info</name>
         <load_address>0x34021</load_address>
         <run_address>0x34021</run_address>
         <size>0xaa8</size>
         <input_file_ref idref="fl-12"/>
      </object_component>
      <object_component id="oc-97">
         <name>.debug_info</name>
         <load_address>0x34ac9</load_address>
         <run_address>0x34ac9</run_address>
         <size>0x3ce</size>
         <input_file_ref idref="fl-13"/>
      </object_component>
      <object_component id="oc-9c">
         <name>.debug_info</name>
         <load_address>0x34e97</load_address>
         <run_address>0x34e97</run_address>
         <size>0x462</size>
         <input_file_ref idref="fl-14"/>
      </object_component>
      <object_component id="oc-a1">
         <name>.debug_info</name>
         <load_address>0x352f9</load_address>
         <run_address>0x352f9</run_address>
         <size>0x47cb</size>
         <input_file_ref idref="fl-15"/>
      </object_component>
      <object_component id="oc-a7">
         <name>.debug_info</name>
         <load_address>0x39ac4</load_address>
         <run_address>0x39ac4</run_address>
         <size>0x1bef</size>
         <input_file_ref idref="fl-16"/>
      </object_component>
      <object_component id="oc-ac">
         <name>.debug_info</name>
         <load_address>0x3b6b3</load_address>
         <run_address>0x3b6b3</run_address>
         <size>0x9b6b</size>
         <input_file_ref idref="fl-17"/>
      </object_component>
      <object_component id="oc-b5">
         <name>.debug_info</name>
         <load_address>0x4521e</load_address>
         <run_address>0x4521e</run_address>
         <size>0xb808</size>
         <input_file_ref idref="fl-18"/>
      </object_component>
      <object_component id="oc-ba">
         <name>.debug_info</name>
         <load_address>0x50a26</load_address>
         <run_address>0x50a26</run_address>
         <size>0x1441</size>
         <input_file_ref idref="fl-19"/>
      </object_component>
      <object_component id="oc-bf">
         <name>.debug_info</name>
         <load_address>0x51e67</load_address>
         <run_address>0x51e67</run_address>
         <size>0x3e2e</size>
         <input_file_ref idref="fl-1a"/>
      </object_component>
      <object_component id="oc-c4">
         <name>.debug_info</name>
         <load_address>0x55c95</load_address>
         <run_address>0x55c95</run_address>
         <size>0x3cc</size>
         <input_file_ref idref="fl-1b"/>
      </object_component>
      <object_component id="oc-c9">
         <name>.debug_info</name>
         <load_address>0x56061</load_address>
         <run_address>0x56061</run_address>
         <size>0xff6</size>
         <input_file_ref idref="fl-1c"/>
      </object_component>
      <object_component id="oc-ce">
         <name>.debug_info</name>
         <load_address>0x57057</load_address>
         <run_address>0x57057</run_address>
         <size>0x434</size>
         <input_file_ref idref="fl-1d"/>
      </object_component>
      <object_component id="oc-d5">
         <name>.debug_info</name>
         <load_address>0x5748b</load_address>
         <run_address>0x5748b</run_address>
         <size>0x1d3</size>
         <input_file_ref idref="fl-1e"/>
      </object_component>
      <object_component id="oc-d8">
         <name>.debug_info</name>
         <load_address>0x5765e</load_address>
         <run_address>0x5765e</run_address>
         <size>0x4adf</size>
         <input_file_ref idref="fl-1f"/>
      </object_component>
      <object_component id="oc-de">
         <name>.debug_info</name>
         <load_address>0x5c13d</load_address>
         <run_address>0x5c13d</run_address>
         <size>0x13ef</size>
         <input_file_ref idref="fl-20"/>
      </object_component>
      <object_component id="oc-e4">
         <name>.debug_info</name>
         <load_address>0x5d52c</load_address>
         <run_address>0x5d52c</run_address>
         <size>0x115</size>
         <input_file_ref idref="fl-24"/>
      </object_component>
      <object_component id="oc-e9">
         <name>.debug_info</name>
         <load_address>0x5d641</load_address>
         <run_address>0x5d641</run_address>
         <size>0x115</size>
         <input_file_ref idref="fl-25"/>
      </object_component>
      <object_component id="oc-ee">
         <name>.debug_info</name>
         <load_address>0x5d756</load_address>
         <run_address>0x5d756</run_address>
         <size>0x115</size>
         <input_file_ref idref="fl-26"/>
      </object_component>
      <object_component id="oc-f3">
         <name>.debug_info</name>
         <load_address>0x5d86b</load_address>
         <run_address>0x5d86b</run_address>
         <size>0x115</size>
         <input_file_ref idref="fl-27"/>
      </object_component>
      <object_component id="oc-f8">
         <name>.debug_info</name>
         <load_address>0x5d980</load_address>
         <run_address>0x5d980</run_address>
         <size>0x115</size>
         <input_file_ref idref="fl-28"/>
      </object_component>
      <object_component id="oc-fd">
         <name>.debug_info</name>
         <load_address>0x5da95</load_address>
         <run_address>0x5da95</run_address>
         <size>0x115</size>
         <input_file_ref idref="fl-29"/>
      </object_component>
      <object_component id="oc-102">
         <name>.debug_info</name>
         <load_address>0x5dbaa</load_address>
         <run_address>0x5dbaa</run_address>
         <size>0x118</size>
         <input_file_ref idref="fl-2a"/>
      </object_component>
      <object_component id="oc-107">
         <name>.debug_info</name>
         <load_address>0x5dcc2</load_address>
         <run_address>0x5dcc2</run_address>
         <size>0x121</size>
         <input_file_ref idref="fl-2b"/>
      </object_component>
      <object_component id="oc-10c">
         <name>.debug_info</name>
         <load_address>0x5dde3</load_address>
         <run_address>0x5dde3</run_address>
         <size>0x121</size>
         <input_file_ref idref="fl-2c"/>
      </object_component>
      <object_component id="oc-111">
         <name>.debug_info</name>
         <load_address>0x5df04</load_address>
         <run_address>0x5df04</run_address>
         <size>0x124</size>
         <input_file_ref idref="fl-2d"/>
      </object_component>
      <object_component id="oc-116">
         <name>.debug_info</name>
         <load_address>0x5e028</load_address>
         <run_address>0x5e028</run_address>
         <size>0x11f</size>
         <input_file_ref idref="fl-2e"/>
      </object_component>
      <object_component id="oc-11b">
         <name>.debug_info</name>
         <load_address>0x5e147</load_address>
         <run_address>0x5e147</run_address>
         <size>0x119</size>
         <input_file_ref idref="fl-2f"/>
      </object_component>
      <object_component id="oc-120">
         <name>.debug_info</name>
         <load_address>0x5e260</load_address>
         <run_address>0x5e260</run_address>
         <size>0x11c</size>
         <input_file_ref idref="fl-30"/>
      </object_component>
      <object_component id="oc-12b">
         <name>.debug_info</name>
         <load_address>0x5e37c</load_address>
         <run_address>0x5e37c</run_address>
         <size>0x174</size>
         <input_file_ref idref="fl-6b"/>
      </object_component>
      <object_component id="oc-12f">
         <name>.debug_info</name>
         <load_address>0x5e4f0</load_address>
         <run_address>0x5e4f0</run_address>
         <size>0x401</size>
         <input_file_ref idref="fl-6c"/>
      </object_component>
      <object_component id="oc-134">
         <name>.debug_info</name>
         <load_address>0x5e8f1</load_address>
         <run_address>0x5e8f1</run_address>
         <size>0x344</size>
         <input_file_ref idref="fl-6d"/>
      </object_component>
      <object_component id="oc-139">
         <name>.debug_info</name>
         <load_address>0x5ec35</load_address>
[...]
         <name>_CTRL_initCtrl</name>
         <value>0x3fa6fb</value>
      </symbol>
      <symbol id="sm-57c">
         <name>_CTRL_runTraj</name>
         <value>0x3fa5d1</value>
      </symbol>
      <symbol id="sm-57e">
         <name>_CTRL_setEstParams</name>
         <value>0x3f9e64</value>
      </symbol>
      <symbol id="sm-580">
         <name>_CTRL_setUserMotorParams</name>
         <value>0x3f9d31</value>
      </symbol>
      <symbol id="sm-582">
         <name>_CTRL_setupCtrl</name>
         <value>0x3f9b43</value>
      </symbol>
      <symbol id="sm-584">
         <name>_CTRL_setupEstIdleState</name>
         <value>0x3f99a5</value>
      </symbol>
      <symbol id="sm-586">
         <name>_CTRL_setupEstOnLineState</name>
         <value>0x3f996a</value>
      </symbol>
      <symbol id="sm-588">
         <name>_CTRL_setupTraj</name>
         <value>0x3f9806</value>
      </symbol>
      <symbol id="sm-58a">
         <name>_EST_computeDirection_qFmt</name>
         <value>0x3f86ad</value>
      </symbol>
      <symbol id="sm-58c">
         <name>_EST_doCurrentCtrl</name>
         <value>0x3f9760</value>
      </symbol>
      <symbol id="sm-58e">
         <name>_EST_doSpeedCtrl</name>
         <value>0x3f9758</value>
      </symbol>
      <symbol id="sm-590">
         <name>_EST_getAngle_pu</name>
         <value>0x3f8c0d</value>
      </symbol>
      <symbol id="sm-592">
         <name>_EST_getFlux_VpHz</name>
         <value>0x3f96be</value>
      </symbol>
      <symbol id="sm-594">
         <name>_EST_getFlux_pu</name>
         <value>0x3f96ab</value>
      </symbol>
      <symbol id="sm-596">
         <name>_EST_getFm_pu</name>
         <value>0x3f968e</value>
      </symbol>
      <symbol id="sm-598">
         <name>_EST_getIdRated</name>
         <value>0x3f9632</value>
      </symbol>
      <symbol id="sm-59a">
         <name>_EST_getLs_coarse_max_pu</name>
         <value>0x3f95ff</value>
      </symbol>
      <symbol id="sm-59c">
         <name>_EST_getLs_d_H</name>
         <value>0x3f95f5</value>
      </symbol>
      <symbol id="sm-59e">
         <name>_EST_getLs_d_pu</name>
         <value>0x3f95f0</value>
      </symbol>
      <symbol id="sm-5a0">
         <name>_EST_getLs_qFmt</name>
         <value>0x3f95d3</value>
      </symbol>
      <symbol id="sm-5a2">
         <name>_EST_getLs_q_H</name>
         <value>0x3f95ce</value>
      </symbol>
      <symbol id="sm-5a4">
         <name>_EST_getLs_q_pu</name>
         <value>0x3f95c9</value>
      </symbol>
      <symbol id="sm-5a6">
         <name>_EST_getMaxCurrentSlope_pu</name>
         <value>0x3f95bd</value>
      </symbol>
      <symbol id="sm-5a8">
         <name>_EST_getOneOverDcBus_pu</name>
         <value>0x3f95b3</value>
      </symbol>
      <symbol id="sm-5aa">
         <name>_EST_getRr_Ohm</name>
         <value>0x3f95ad</value>
      </symbol>
      <symbol id="sm-5ac">
         <name>_EST_getRs_Ohm</name>
         <value>0x3f9513</value>
      </symbol>
      <symbol id="sm-5ae">
         <name>_EST_getSpeed_krpm</name>
         <value>0x3f94c6</value>
      </symbol>
      <symbol id="sm-5b0">
         <name>_EST_getState</name>
         <value>0x3f861b</value>
      </symbol>
      <symbol id="sm-5b2">
         <name>_EST_get_krpm_to_pu_sf</name>
         <value>0x3f9458</value>
      </symbol>
      <symbol id="sm-5b4">
         <name>_EST_get_pu_to_krpm_sf</name>
         <value>0x3f9453</value>
      </symbol>
      <symbol id="sm-5b6">
         <name>_EST_isError</name>
         <value>0x3f938d</value>
      </symbol>
      <symbol id="sm-5b8">
         <name>_EST_isIdle</name>
         <value>0x3f9386</value>
      </symbol>
      <symbol id="sm-5ba">
         <name>_EST_isLockRotor</name>
         <value>0x3f937f</value>
      </symbol>
      <symbol id="sm-5bc">
         <name>_EST_isMotorIdentified</name>
         <value>0x3f8679</value>
      </symbol>
      <symbol id="sm-5be">
         <name>_EST_isOnLine</name>
         <value>0x3f9378</value>
      </symbol>
      <symbol id="sm-5c0">
         <name>_EST_run</name>
         <value>0x3f927b</value>
      </symbol>
      <symbol id="sm-5c2">
         <name>_EST_setDir_qFmt</name>
         <value>0x3f8bf5</value>
      </symbol>
      <symbol id="sm-5c4">
         <name>_EST_setFe_neg_max_pu</name>
         <value>0x3f8be8</value>
      </symbol>
      <symbol id="sm-5c6">
         <name>_EST_setFe_pos_min_pu</name>
         <value>0x3f8be4</value>
      </symbol>
      <symbol id="sm-5c8">
         <name>_EST_setFlag_enableForceAngle</name>
         <value>0x3f8bdb</value>
      </symbol>
      <symbol id="sm-5ca">
         <name>_EST_setId_ref_pu</name>
         <value>0x3f8b80</value>
      </symbol>
      <symbol id="sm-5cc">
         <name>_EST_setIdle</name>
         <value>0x3f8b7a</value>
      </symbol>
      <symbol id="sm-5ce">
         <name>_EST_setIdle_all</name>
         <value>0x3f8b67</value>
      </symbol>
      <symbol id="sm-5d0">
         <name>_EST_setIq_ref_pu</name>
         <value>0x3f8b63</value>
      </symbol>
      <symbol id="sm-5d2">
         <name>_EST_setLs_d_pu</name>
         <value>0x3f8b45</value>
      </symbol>
      <symbol id="sm-5d4">
         <name>_EST_setLs_qFmt</name>
         <value>0x3f8af1</value>
      </symbol>
      <symbol id="sm-5d6">
         <name>_EST_setLs_q_pu</name>
         <value>0x3f8ae7</value>
      </symbol>
      <symbol id="sm-5d8">
         <name>_EST_setMaxCurrentSlope_pu</name>
         <value>0x3f8adb</value>
      </symbol>
      <symbol id="sm-5da">
         <name>_EST_setRs_pu</name>
         <value>0x3f8a18</value>
      </symbol>
      <symbol id="sm-5dc">
         <name>_EST_updateId_ref_pu</name>
         <value>0x3f89f5</value>
      </symbol>
      <symbol id="sm-5de">
         <name>_EST_updateState</name>
         <value>0x3f8713</value>
      </symbol>
      <symbol id="sm-5e0">
         <name>_EST_useZeroIq_ref</name>
         <value>0x3f861d</value>
      </symbol>
      <symbol id="sm-5eb">
         <name>__IQ24cosPU</name>
         <value>0xb995</value>
         <object_component_ref idref="oc-124"/>
      </symbol>
      <symbol id="sm-5ef">
         <name>_IQ16mpyRndSatTable</name>
         <value>0x3fe6c0</value>
         <object_component_ref idref="oc-125"/>
      </symbol>
      <symbol id="sm-5f0">
         <name>_IQ24mpyRndSatTable</name>
         <value>0x3fe660</value>
         <object_component_ref idref="oc-125"/>
      </symbol>
      <symbol id="sm-5f1">
         <name>_IQ13mpyRndSatTable</name>
         <value>0x3fe6e4</value>
         <object_component_ref idref="oc-125"/>
      </symbol>
      <symbol id="sm-5f2">
         <name>_IQ21mpyRndSatTable</name>
         <value>0x3fe684</value>
         <object_component_ref idref="oc-125"/>
      </symbol>
      <symbol id="sm-5f3">
         <name>_IQ10mpyRndSatTable</name>
         <value>0x3fe708</value>
         <object_component_ref idref="oc-125"/>
      </symbol>
      <symbol id="sm-5f4">
         <name>_IQdivTable</name>
         <value>0x3fe140</value>
         <object_component_ref idref="oc-125"/>
      </symbol>
      <symbol id="sm-5f5">
         <name>_IQ9mpyRndSatTable</name>
         <value>0x3fe714</value>
         <object_component_ref idref="oc-125"/>
      </symbol>
      <symbol id="sm-5f6">
         <name>_IQ6mpyRndSatTable</name>
         <value>0x3fe738</value>
         <object_component_ref idref="oc-125"/>
      </symbol>
      <symbol id="sm-5f7">
         <name>_IQatan2TableEnd</name>
         <value>0x3fe618</value>
         <object_component_ref idref="oc-125"/>
      </symbol>
      <symbol id="sm-5f8">
         <name>_IQdivTableEnd</name>
         <value>0x3fe342</value>
         <object_component_ref idref="oc-125"/>
      </symbol>
      <symbol id="sm-5f9">
         <name>_IQ29mpyRndSatTable</name>
         <value>0x3fe624</value>
         <object_component_ref idref="oc-125"/>
      </symbol>
      <symbol id="sm-5fa">
         <name>_IQ3mpyRndSatTable</name>
         <value>0x3fe75c</value>
         <object_component_ref idref="oc-125"/>
      </symbol>
      <symbol id="sm-5fb">
         <name>_IQ18mpyRndSatTable</name>
         <value>0x3fe6a8</value>
         <object_component_ref idref="oc-125"/>
      </symbol>
      <symbol id="sm-5fc">
         <name>_IQ26mpyRndSatTable</name>
         <value>0x3fe648</value>
         <object_component_ref idref="oc-125"/>
      </symbol>
      <symbol id="sm-5fd">
         <name>_IQcosTableEnd</name>
         <value>0x3fe132</value>
         <object_component_ref idref="oc-125"/>
      </symbol>
      <symbol id="sm-5fe">
         <name>_IQsinTableEnd</name>
         <value>0x3fe030</value>
         <object_component_ref idref="oc-125"/>
      </symbol>
      <symbol id="sm-5ff">
         <name>_IQ15mpyRndSatTable</name>
         <value>0x3fe6cc</value>
         <object_component_ref idref="oc-125"/>
      </symbol>
      <symbol id="sm-600">
         <name>_IQ23mpyRndSatTable</name>
         <value>0x3fe66c</value>
         <object_component_ref idref="oc-125"/>
      </symbol>
      <symbol id="sm-601">
         <name>_IQ12mpyRndSatTable</name>
         <value>0x3fe6f0</value>
         <object_component_ref idref="oc-125"/>
      </symbol>
      <symbol id="sm-602">
         <name>_IQ20mpyRndSatTable</name>
         <value>0x3fe690</value>
         <object_component_ref idref="oc-125"/>
      </symbol>
      <symbol id="sm-603">
         <name>_IQisqrtTableEnd</name>
         <value>0x3fe454</value>
         <object_component_ref idref="oc-125"/>
      </symbol>
      <symbol id="sm-604">
         <name>_IQ8mpyRndSatTable</name>
         <value>0x3fe720</value>
         <object_component_ref idref="oc-125"/>
      </symbol>
      <symbol id="sm-605">
         <name>_IQisqrtRoundSatTable</name>
         <value>0x3fe342</value>
         <object_component_ref idref="oc-125"/>
      </symbol>
      <symbol id="sm-606">
         <name>_IQ5mpyRndSatTable</name>
         <value>0x3fe744</value>
         <object_component_ref idref="oc-125"/>
      </symbol>
      <symbol id="sm-607">
         <name>_IQmpyRndSatTable</name>
         <value>0x3fe618</value>
         <object_component_ref idref="oc-125"/>
      </symbol>
      <symbol id="sm-608">
         <name>_IQ28mpyRndSatTable</name>
         <value>0x3fe630</value>
         <object_component_ref idref="oc-125"/>
      </symbol>
      <symbol id="sm-609">
         <name>_IQatan2Table</name>
         <value>0x3fe492</value>
         <object_component_ref idref="oc-125"/>
      </symbol>
      <symbol id="sm-60a">
         <name>_IQ2mpyRndSatTable</name>
         <value>0x3fe768</value>
         <object_component_ref idref="oc-125"/>
      </symbol>
      <symbol id="sm-60b">
         <name>_IQatan2HalfPITable</name>
         <value>0x3fe454</value>
         <object_component_ref idref="oc-125"/>
      </symbol>
      <symbol id="sm-60c">
         <name>_IQ17mpyRndSatTable</name>
         <value>0x3fe6b4</value>
         <object_component_ref idref="oc-125"/>
      </symbol>
      <symbol id="sm-60d">
         <name>_IQ25mpyRndSatTable</name>
         <value>0x3fe654</value>
         <object_component_ref idref="oc-125"/>
      </symbol>
      <symbol id="sm-60e">
         <name>_IQsqrtTable</name>
         <value>0x3fe352</value>
         <object_component_ref idref="oc-125"/>
      </symbol>
      <symbol id="sm-60f">
         <name>_IQsqrtTableEnd</name>
         <value>0x3fe454</value>
         <object_component_ref idref="oc-125"/>
      </symbol>
      <symbol id="sm-610">
         <name>_IQ14mpyRndSatTable</name>
         <value>0x3fe6d8</value>
         <object_component_ref idref="oc-125"/>
      </symbol>
      <symbol id="sm-611">
         <name>_IQ22mpyRndSatTable</name>
         <value>0x3fe678</value>
         <object_component_ref idref="oc-125"/>
      </symbol>
      <symbol id="sm-612">
         <name>_IQ30mpyRndSatTable</name>
         <value>0x3fe618</value>
         <object_component_ref idref="oc-125"/>
      </symbol>
      <symbol id="sm-613">
         <name>_IQsqrtRoundSatTable</name>
         <value>0x3fe342</value>
         <object_component_ref idref="oc-125"/>
      </symbol>
      <symbol id="sm-614">
         <name>_IQ11mpyRndSatTable</name>
         <value>0x3fe6fc</value>
         <object_component_ref idref="oc-125"/>
      </symbol>
      <symbol id="sm-615">
         <name>_IQdivRoundSatTable</name>
         <value>0x3fe132</value>
         <object_component_ref idref="oc-125"/>
      </symbol>
      <symbol id="sm-616">
         <name>_IQ7mpyRndSatTable</name>
         <value>0x3fe72c</value>
         <object_component_ref idref="oc-125"/>
      </symbol>
      <symbol id="sm-617">
         <name>_IQcosTable</name>
         <value>0x3fdd30</value>
         <object_component_ref idref="oc-125"/>
      </symbol>
      <symbol id="sm-618">
         <name>_IQisqrtTable</name>
         <value>0x3fe352</value>
         <object_component_ref idref="oc-125"/>
      </symbol>
      <symbol id="sm-619">
         <name>_IQ4mpyRndSatTable</name>
         <value>0x3fe750</value>
         <object_component_ref idref="oc-125"/>
      </symbol>
      <symbol id="sm-61a">
         <name>_IQ19mpyRndSatTable</name>
         <value>0x3fe69c</value>
         <object_component_ref idref="oc-125"/>
      </symbol>
      <symbol id="sm-61b">
         <name>_IQ27mpyRndSatTable</name>
         <value>0x3fe63c</value>
         <object_component_ref idref="oc-125"/>
      </symbol>
      <symbol id="sm-61c">
         <name>_IQmpyRndSatTableEnd</name>
         <value>0x3fe780</value>
         <object_component_ref idref="oc-125"/>
      </symbol>
      <symbol id="sm-61d">
         <name>_IQ1mpyRndSatTable</name>
         <value>0x3fe774</value>
         <object_component_ref idref="oc-125"/>
      </symbol>
      <symbol id="sm-61e">
         <name>_IQsinTable</name>
         <value>0x3fdc30</value>
         <object_component_ref idref="oc-125"/>
      </symbol>
      <symbol id="sm-629">
         <name>__IQ24sinPU</name>
         <value>0xb96c</value>
         <object_component_ref idref="oc-126"/>
      </symbol>
      <symbol id="sm-633">
         <name>__IQ24sqrt</name>
         <value>0xb92a</value>
         <object_component_ref idref="oc-127"/>
      </symbol>
      <symbol id="sm-63d">
         <name>__IQ30toF</name>
         <value>0xb9bc</value>
         <object_component_ref idref="oc-128"/>
      </symbol>
      <symbol id="sm-658">
         <name>_c_int00</name>
         <value>0xb357</value>
         <object_component_ref idref="oc-14"/>
      </symbol>
      <symbol id="sm-659">
         <name>__stack</name>
         <value>0x400</value>
         <object_component_ref idref="oc-129"/>
      </symbol>
      <symbol id="sm-668">
         <name>__args_main</name>
         <value>0xb67d</value>
         <object_component_ref idref="oc-188"/>
      </symbol>
      <symbol id="sm-675">
         <name>__system_post_cinit</name>
         <value>0xb6f7</value>
         <object_component_ref idref="oc-187"/>
      </symbol>
      <symbol id="sm-681">
         <name>__system_pre_init</name>
         <value>0xb6f5</value>
         <object_component_ref idref="oc-185"/>
      </symbol>
      <symbol id="sm-699">
         <name>_ceilf</name>
         <value>0xb1dc</value>
         <object_component_ref idref="oc-197"/>
      </symbol>
      <symbol id="sm-69a">
         <name>_ceil</name>
         <value>0xb1dc</value>
         <object_component_ref idref="oc-197"/>
      </symbol>
      <symbol id="sm-6ac">
         <name>FS$$CMP</name>
         <value>0xb696</value>
         <object_component_ref idref="oc-144"/>
      </symbol>
      <symbol id="sm-6bb">
         <name>_copy_in</name>
         <value>0xb54e</value>
         <object_component_ref idref="oc-186"/>
      </symbol>
      <symbol id="sm-6cf">
         <name>C$$EXIT</name>
         <value>0xb4db</value>
         <object_component_ref idref="oc-189"/>
      </symbol>
      <symbol id="sm-6d0">
         <name>_exit</name>
         <value>0xb4dd</value>
         <object_component_ref idref="oc-189"/>
      </symbol>
      <symbol id="sm-6d1">
         <name>___TI_cleanup_ptr</name>
         <value>0xb6fa</value>
         <object_component_ref idref="oc-150"/>
      </symbol>
      <symbol id="sm-6d2">
         <name>___TI_enable_exit_profile_output</name>
         <value>0xb6f8</value>
         <object_component_ref idref="oc-150"/>
      </symbol>
      <symbol id="sm-6d3">
         <name>_abort</name>
         <value>0xb4db</value>
         <object_component_ref idref="oc-189"/>
      </symbol>
      <symbol id="sm-6d4">
         <name>___TI_dtors_ptr</name>
         <value>0xb6fc</value>
         <object_component_ref idref="oc-150"/>
      </symbol>
      <symbol id="sm-6e8">
         <name>__unlock</name>
         <value>0xb86c</value>
         <object_component_ref idref="oc-1ac"/>
      </symbol>
      <symbol id="sm-6e9">
         <name>__lock</name>
         <value>0xb6fe</value>
         <object_component_ref idref="oc-18e"/>
      </symbol>
      <symbol id="sm-6ea">
         <name>__register_lock</name>
         <value>0xb6de</value>
         <object_component_ref idref="oc-19a"/>
      </symbol>
      <symbol id="sm-6eb">
         <name>__nop</name>
         <value>0xb6e2</value>
         <object_component_ref idref="oc-19a"/>
      </symbol>
      <symbol id="sm-6ec">
         <name>__register_unlock</name>
         <value>0xb6da</value>
         <object_component_ref idref="oc-19a"/>
      </symbol>
      <symbol id="sm-714">
         <name>_logf</name>
         <value>0xaa6d</value>
         <object_component_ref idref="oc-196"/>
      </symbol>
      <symbol id="sm-715">
         <name>_log</name>
         <value>0xaa6d</value>
         <object_component_ref idref="oc-196"/>
      </symbol>
      <symbol id="sm-724">
         <name>L$$TOFS</name>
         <value>0xb663</value>
         <object_component_ref idref="oc-160"/>
      </symbol>
      <symbol id="sm-72e">
         <name>_errno</name>
         <value>0xb871</value>
         <object_component_ref idref="oc-167"/>
      </symbol>
      <symbol id="sm-73f">
         <name>_memcpy</name>
         <value>0xb610</value>
         <object_component_ref idref="oc-18d"/>
      </symbol>
      <symbol id="sm-799">
         <name>_powf</name>
         <value>0x9d0e</value>
         <object_component_ref idref="oc-1ab"/>
      </symbol>
      <symbol id="sm-79a">
         <name>_pow</name>
         <value>0x9d0e</value>
         <object_component_ref idref="oc-1ab"/>
      </symbol>
      <symbol id="sm-7b3">
         <name>_scalbn</name>
         <value>0xb245</value>
         <object_component_ref idref="oc-1b2"/>
      </symbol>
      <symbol id="sm-7b4">
         <name>_ldexp</name>
         <value>0xb245</value>
         <object_component_ref idref="oc-1b2"/>
      </symbol>
      <symbol id="sm-7b5">
         <name>_scalbnf</name>
         <value>0xb245</value>
         <object_component_ref idref="oc-1b2"/>
      </symbol>
      <symbol id="sm-7b6">
         <name>_ldexpf</name>
         <value>0xb245</value>
         <object_component_ref idref="oc-1b2"/>
      </symbol>
      <symbol id="sm-7c2">
         <name>_copysignf</name>
         <value>0xb6d0</value>
         <object_component_ref idref="oc-1b3"/>
      </symbol>
      <symbol id="sm-7c3">
         <name>_copysign</name>
         <value>0xb6d0</value>
         <object_component_ref idref="oc-1b3"/>
      </symbol>
      <symbol id="sm-7de">
         <name>_sqrtf</name>
         <value>0xb167</value>
         <object_component_ref idref="oc-1ae"/>
      </symbol>
      <symbol id="sm-7df">
         <name>_sqrt</name>
         <value>0xb167</value>
         <object_component_ref idref="oc-1ae"/>
      </symbol>
   </symbol_table>
   <title>Link successful</title>
</link_info>
