******************************************************************************
             TMS320C2000 Linker PC v18.12.3                    
******************************************************************************
>> Linked Mon Dec  6 09:37:14 2021

OUTPUT FILE NAME:   <proj_lab02c.out>
ENTRY POINT SYMBOL: "_c_int00"  address: 0000b357


MEMORY CONFIGURATION

         name            origin    length      used     unused   attr    fill
----------------------  --------  ---------  --------  --------  ----  --------
PAGE 0:
  BEGIN                 00000000   00000002  00000002  00000000  RWIX
  RAMM0                 00000050   000003b0  00000106  000002aa  RWIX
  RAML0_L8              00008000   0000b800  00003a56  00007daa  RWIX
  FPUTABLES             003fd590   000006a0  00000000  000006a0  RWIX
  IQTABLES              003fdc30   00000b50  00000b50  00000000  RWIX
  IQTABLES2             003fe780   0000008c  00000000  0000008c  RWIX
  IQTABLES3             003fe80c   000000aa  00000000  000000aa  RWIX
  BOOTROM               003ff3b0   00000c10  00000000  00000c10  RWIX
  RESET                 003fffc0   00000002  00000000  00000002  RWIX

PAGE 1:
  BOOT_RSVD             00000002   0000004e  00000000  0000004e  RWIX
  RAMM1                 00000400   00000400  000003b0  00000050  RWIX
  USB_RAM               00040000   00000800  00000000  00000800  RWIX


SECTION ALLOCATION MAP

 output                                  attributes/
section   page    origin      length       input sections
--------  ----  ----------  ----------   ----------------
codestart 
*          0    00000000    00000002     
                  00000000    00000002     CodeStartBranch.obj (codestart)

.cinit     0    00000050    000000d0     
                  00000050    000000ae     proj_lab02c.obj (.cinit)
                  000000fe    0000000e     rts2800_ml.lib : exit.c.obj (.cinit)
                  0000010c    00000005                    : _lock.c.obj (.cinit:__lock)
                  00000111    00000005                    : _lock.c.obj (.cinit:__unlock)
                  00000116    00000004     drv8301.obj (.cinit)
                  0000011a    00000004     rts2800_ml.lib : errno.c.obj (.cinit)
                  0000011e    00000002     --HOLE-- [fill = 0]

ramfuncs   0    00000120    00000036     
                  00000120    00000032     flash.obj (ramfuncs)
                  00000152    00000004     usDelay.obj (ramfuncs)

.text      0    00008000    000036f8     
                  00008000    00000af3     hal.obj (.text)
                  00008af3    00000994     ctrl.obj (.text)
                  00009487    00000452     proj_lab02c.obj (.text)
                  000098d9    00000435     user.obj (.text)
                  00009d0e    0000041e     rts2800_ml.lib : e_powf.c.obj (.text)
                  0000a12c    000002f7     pwm.obj (.text)
                  0000a423    000002d2     drv8301.obj (.text)
                  0000a6f5    000001ee     adc.obj (.text)
                  0000a8e3    0000018a     clk.obj (.text)
                  0000aa6d    00000187     rts2800_ml.lib : e_logf.c.obj (.text)
                  0000abf4    0000017f     gpio.obj (.text)
                  0000ad73    00000102     pie.obj (.text)
                  0000ae75    000000cb     proj_lab02c.obj (.text:retain)
                  0000af40    000000a9     spi.obj (.text)
                  0000afe9    00000083     rts2800_ml.lib : fd_mpy28.asm.obj (.text)
                  0000b06c    00000083                    : fs_div28.asm.obj (.text)
                  0000b0ef    00000078                    : fs_add28.asm.obj (.text)
                  0000b167    00000075                    : e_sqrtf.c.obj (.text)
                  0000b1dc    00000069                    : s_ceilf.c.obj (.text)
                  0000b245    0000005d                    : s_scalbnf.c.obj (.text)
                  0000b2a2    0000005b     pll.obj (.text)
                  0000b2fd    0000005a     rts2800_ml.lib : fs_mpy28.asm.obj (.text)
                  0000b357    00000054                    : boot28.asm.obj (.text)
                  0000b3ab    00000047     offset.obj (.text)
                  0000b3f2    00000046     wdog.obj (.text)
                  0000b438    00000044     pwr.obj (.text)
                  0000b47c    00000032     timer.obj (.text)
                  0000b4ae    0000002d     osc.obj (.text)
                  0000b4db    00000029     rts2800_ml.lib : exit.c.obj (.text)
                  0000b504    00000025     cpu.obj (.text)
                  0000b529    00000025     rts2800_ml.lib : fs_toi28.asm.obj (.text)
                  0000b54e    00000024                    : cpy_tbl.c.obj (.text)
                  0000b572    00000021     filter_fo.obj (.text)
                  0000b593    00000021     rts2800_ml.lib : fs_toul28.asm.obj (.text)
                  0000b5b4    00000020     flash.obj (.text)
                  0000b5d4    0000001f     rts2800_ml.lib : fd_tol28.asm.obj (.text)
                  0000b5f3    0000001d                    : fs_tou28.asm.obj (.text)
                  0000b610    0000001d                    : memcpy.c.obj (.text)
                  0000b62d    0000001c                    : fs_tofd28.asm.obj (.text)
                  0000b649    0000001a                    : i_tofs28.asm.obj (.text)
                  0000b663    0000001a                    : l_tofs28.asm.obj (.text)
                  0000b67d    00000019                    : args_main.c.obj (.text)
                  0000b696    00000017                    : fs_cmp28.asm.obj (.text)
                  0000b6ad    00000013                    : ul_tofs28.asm.obj (.text)
                  0000b6c0    00000010                    : u_tofs28.asm.obj (.text)
                  0000b6d0    0000000a                    : s_copysignf.c.obj (.text)
                  0000b6da    00000009                    : _lock.c.obj (.text)
                  0000b6e3    00000008     CodeStartBranch.obj (.text)
                  0000b6eb    00000005     pie.obj (.text:retain)
                  0000b6f0    00000005     rts2800_ml.lib : fs_neg28.asm.obj (.text)
                  0000b6f5    00000002                    : pre_init.c.obj (.text)
                  0000b6f7    00000001                    : startup.c.obj (.text)

.pinit     0    00000050    00000000     UNINITIALIZED

.reset     0    003fffc0    00000002     DSECT
                  003fffc0    00000002     rts2800_ml.lib : boot28.asm.obj (.reset)

.ebss      0    0000b6f8    00000232     UNINITIALIZED
                  0000b6f8    00000006     rts2800_ml.lib : exit.c.obj (.ebss)
                  0000b6fe    00000002                    : _lock.c.obj (.ebss:__lock)
                  0000b700    0000016c     proj_lab02c.obj (.ebss)
                  0000b86c    00000002     rts2800_ml.lib : _lock.c.obj (.ebss:__unlock)
                  0000b86e    00000002     drv8301.obj (.ebss)
                  0000b870    00000001     cpu.obj (.ebss)
                  0000b871    00000001     rts2800_ml.lib : errno.c.obj (.ebss)
                  0000b872    0000000e     --HOLE--
                  0000b880    000000aa     hal.obj (.ebss)

.econst    0    0000b9d0    00000086     
                  0000b9d0    00000032     rts2800_ml.lib : e_powf.c.obj (.econst)
                  0000ba02    00000010                    : e_logf.c.obj (.econst)
                  0000ba12    00000008     user.obj (.econst)
                  0000ba1a    00000006     rts2800_ml.lib : s_scalbnf.c.obj (.econst)
                  0000ba20    00000004     ctrl.obj (.econst:_$P$T0$1)
                  0000ba24    00000004     ctrl.obj (.econst:_$P$T1$2)
                  0000ba28    00000004     ctrl.obj (.econst:_$P$T2$3)
                  0000ba2c    00000004     ctrl.obj (.econst:_$P$T3$4)
                  0000ba30    00000004     ctrl.obj (.econst:_$P$T4$5)
                  0000ba34    00000004     ctrl.obj (.econst:_$P$T5$6)
                  0000ba38    00000004     rts2800_ml.lib : e_powf.c.obj (.econst:_bp)
                  0000ba3c    00000004                    : e_powf.c.obj (.econst:_dp_h)
                  0000ba40    00000004                    : e_powf.c.obj (.econst:_dp_l)
                  0000ba44    00000004     ctrl.obj (.econst)
                  0000ba48    00000004     hal.obj (.econst)
                  0000ba4c    00000004     proj_lab02c.obj (.econst)
                  0000ba50    00000004     rts2800_ml.lib : e_sqrtf.c.obj (.econst)
                  0000ba54    00000002                    : s_ceilf.c.obj (.econst)

.stack     1    00000400    000003b0     UNINITIALIZED
                  00000400    000003b0     --HOLE--

IQmath     0    0000b92a    000000a6     
                  0000b92a    00000042     IQmath.lib : IQ24sqrt.obj (IQmath)
                  0000b96c    00000029                : IQ24sinPU.obj (IQmath)
                  0000b995    00000027                : IQ24cosPU.obj (IQmath)
                  0000b9bc    00000014                : IQ30toF.obj (IQmath)

IQmathTables 
*          0    003fdc30    00000b50     NOLOAD SECTION
                  003fdc30    00000b50     IQmath.lib : IQmathTables.obj (IQmathTables)

MODULE SUMMARY

       Module                code    initialized data   uninitialized data
       ------                ----    ----------------   ------------------
    .\
       hal.obj               2803    4                  170               
       ctrl.obj              2452    28                 0                 
       proj_lab02c.obj       1309    178                364               
       user.obj              1077    8                  0                 
       pwm.obj               759     0                  0                 
       drv8301.obj           722     4                  2                 
       adc.obj               494     0                  0                 
       clk.obj               394     0                  0                 
       gpio.obj              383     0                  0                 
       pie.obj               263     0                  0                 
       spi.obj               169     0                  0                 
       pll.obj               91      0                  0                 
       flash.obj             82      0                  0                 
       offset.obj            71      0                  0                 
       wdog.obj              70      0                  0                 
       pwr.obj               68      0                  0                 
       timer.obj             50      0                  0                 
       osc.obj               45      0                  0                 
       cpu.obj               37      0                  1                 
       filter_fo.obj         33      0                  0                 
       CodeStartBranch.obj   10      0                  0                 
       usDelay.obj           4       0                  0                 
    +--+---------------------+-------+------------------+--------------------+
       Total:                11386   222                537               
                                                                          
    C:/ti/ccs920/ccs/tools/compiler/ti-cgt-c2000_18.12.3.LTS/lib/rts2800_ml.lib
       e_powf.c.obj          1054    62                 0                 
       e_logf.c.obj          391     16                 0                 
       fd_mpy28.asm.obj      131     0                  0                 
       fs_div28.asm.obj      131     0                  0                 
       e_sqrtf.c.obj         117     4                  0                 
       fs_add28.asm.obj      120     0                  0                 
       s_ceilf.c.obj         105     2                  0                 
       s_scalbnf.c.obj       93      6                  0                 
       fs_mpy28.asm.obj      90      0                  0                 
       boot28.asm.obj        84      0                  0                 
       exit.c.obj            41      14                 6                 
       fs_toi28.asm.obj      37      0                  0                 
       cpy_tbl.c.obj         36      0                  0                 
       fs_toul28.asm.obj     33      0                  0                 
       fd_tol28.asm.obj      31      0                  0                 
       fs_tou28.asm.obj      29      0                  0                 
       memcpy.c.obj          29      0                  0                 
       fs_tofd28.asm.obj     28      0                  0                 
       i_tofs28.asm.obj      26      0                  0                 
       l_tofs28.asm.obj      26      0                  0                 
       args_main.c.obj       25      0                  0                 
       _lock.c.obj           9       10                 4                 
       fs_cmp28.asm.obj      23      0                  0                 
       ul_tofs28.asm.obj     19      0                  0                 
       u_tofs28.asm.obj      16      0                  0                 
       s_copysignf.c.obj     10      0                  0                 
       errno.c.obj           0       4                  1                 
       fs_neg28.asm.obj      5       0                  0                 
       pre_init.c.obj        2       0                  0                 
       startup.c.obj         1       0                  0                 
    +--+---------------------+-------+------------------+--------------------+
       Total:                2742    118                11                
                                                                          
    E:/motor control/Motor_control-master/motorware/sw/modules/iqmath/lib/f28x/32b/IQmath.lib
       IQmathTables.obj      0       2896               0                 
       IQ24sqrt.obj          0       66                 0                 
       IQ24sinPU.obj         0       41                 0                 
       IQ24cosPU.obj         0       39                 0                 
       IQ30toF.obj           0       20                 0                 
    +--+---------------------+-------+------------------+--------------------+
       Total:                0       3062               0                 
                                                                          
       Stack:                0       0                  944               
    +--+---------------------+-------+------------------+--------------------+
       Grand Total:          14128   3402               1492              


GLOBAL DATA SYMBOLS: SORTED BY DATA PAGE

address     data page           name
--------    ----------------    ----
00000400      10 (00000400)     __stack

0000b6f8     2db (0000b6c0)     ___TI_enable_exit_profile_output
0000b6fa     2db (0000b6c0)     ___TI_cleanup_ptr
0000b6fc     2db (0000b6c0)     ___TI_dtors_ptr
0000b6fe     2db (0000b6c0)     __lock

0000b700     2dc (0000b700)     _gCounter_updateGlobals
0000b701     2dc (0000b700)     _Flag_Latch_softwareUpdate
0000b702     2dc (0000b700)     _gLEDcnt
0000b703     2dc (0000b700)     _gLs_qFmt
0000b704     2dc (0000b700)     _gMax_Ls_qFmt
0000b706     2dc (0000b700)     _ctrlHandle
0000b708     2dc (0000b700)     _halHandle
0000b70a     2dc (0000b700)     _gMaxCurrentSlope
0000b70c     2dc (0000b700)     _controller_obj
0000b70e     2dc (0000b700)     _gLs_pu
0000b710     2dc (0000b700)     _gPwmData
0000b716     2dc (0000b700)     _gAdcData
0000b726     2dc (0000b700)     _gDrvSpi8301Vars

0000b740     2dd (0000b740)     _gMotorVars

0000b7c0     2df (0000b7c0)     _gUserParams

0000b86c     2e1 (0000b840)     __unlock
0000b870     2e1 (0000b840)     _cpu
0000b871     2e1 (0000b840)     _errno

0000b880     2e2 (0000b880)     _hal

0000b92a     2e4 (0000b900)     __IQ24sqrt

0000b96c     2e5 (0000b940)     __IQ24sinPU

0000b995     2e6 (0000b980)     __IQ24cosPU
0000b9bc     2e6 (0000b980)     __IQ30toF

003fdc30    ff70 (003fdc00)     _IQsinTable

003fdd30    ff74 (003fdd00)     _IQcosTable

003fe030    ff80 (003fe000)     _IQsinTableEnd

003fe132    ff84 (003fe100)     _IQcosTableEnd
003fe132    ff84 (003fe100)     _IQdivRoundSatTable

003fe140    ff85 (003fe140)     _IQdivTable

003fe342    ff8d (003fe340)     _IQdivTableEnd
003fe342    ff8d (003fe340)     _IQisqrtRoundSatTable
003fe342    ff8d (003fe340)     _IQsqrtRoundSatTable
003fe352    ff8d (003fe340)     _IQisqrtTable
003fe352    ff8d (003fe340)     _IQsqrtTable

003fe454    ff91 (003fe440)     _IQatan2HalfPITable
003fe454    ff91 (003fe440)     _IQisqrtTableEnd
003fe454    ff91 (003fe440)     _IQsqrtTableEnd

003fe492    ff92 (003fe480)     _IQatan2Table

003fe618    ff98 (003fe600)     _IQ30mpyRndSatTable
003fe618    ff98 (003fe600)     _IQatan2TableEnd
003fe618    ff98 (003fe600)     _IQmpyRndSatTable
003fe624    ff98 (003fe600)     _IQ29mpyRndSatTable
003fe630    ff98 (003fe600)     _IQ28mpyRndSatTable
003fe63c    ff98 (003fe600)     _IQ27mpyRndSatTable

003fe648    ff99 (003fe640)     _IQ26mpyRndSatTable
003fe654    ff99 (003fe640)     _IQ25mpyRndSatTable
003fe660    ff99 (003fe640)     _IQ24mpyRndSatTable
003fe66c    ff99 (003fe640)     _IQ23mpyRndSatTable
003fe678    ff99 (003fe640)     _IQ22mpyRndSatTable

003fe684    ff9a (003fe680)     _IQ21mpyRndSatTable
003fe690    ff9a (003fe680)     _IQ20mpyRndSatTable
003fe69c    ff9a (003fe680)     _IQ19mpyRndSatTable
003fe6a8    ff9a (003fe680)     _IQ18mpyRndSatTable
003fe6b4    ff9a (003fe680)     _IQ17mpyRndSatTable

003fe6c0    ff9b (003fe6c0)     _IQ16mpyRndSatTable
003fe6cc    ff9b (003fe6c0)     _IQ15mpyRndSatTable
003fe6d8    ff9b (003fe6c0)     _IQ14mpyRndSatTable
003fe6e4    ff9b (003fe6c0)     _IQ13mpyRndSatTable
003fe6f0    ff9b (003fe6c0)     _IQ12mpyRndSatTable
003fe6fc    ff9b (003fe6c0)     _IQ11mpyRndSatTable

003fe708    ff9c (003fe700)     _IQ10mpyRndSatTable
003fe714    ff9c (003fe700)     _IQ9mpyRndSatTable
003fe720    ff9c (003fe700)     _IQ8mpyRndSatTable
003fe72c    ff9c (003fe700)     _IQ7mpyRndSatTable
003fe738    ff9c (003fe700)     _IQ6mpyRndSatTable

003fe744    ff9d (003fe740)     _IQ5mpyRndSatTable
003fe750    ff9d (003fe740)     _IQ4mpyRndSatTable
003fe75c    ff9d (003fe740)     _IQ3mpyRndSatTable
003fe768    ff9d (003fe740)     _IQ2mpyRndSatTable
003fe774    ff9d (003fe740)     _IQ1mpyRndSatTable

003fe780    ff9e (003fe780)     _IQmpyRndSatTableEnd


GLOBAL SYMBOLS: SORTED ALPHABETICALLY BY Name 

page  address   name                                             
----  -------   ----                                             
0     00008000  .text                                            
0     0000b4db  C$$EXIT                                          
0     0000afe9  FD$$MPY                                          
0     0000b5d4  FD$$TOL                                          
0     0000b0f4  FS$$ADD                                          
0     0000b696  FS$$CMP                                          
0     0000b06c  FS$$DIV                                          
0     0000b2fd  FS$$MPY                                          
0     0000b6f0  FS$$NEG                                          
0     0000b0ef  FS$$SUB                                          
0     0000b62d  FS$$TOFD                                         
0     0000b529  FS$$TOI                                          
0     0000b5f3  FS$$TOU                                          
0     0000b593  FS$$TOUL                                         
0     0000b649  I$$TOFS                                          
0     0000b663  L$$TOFS                                          
0     0000b6c0  U$$TOFS                                          
0     0000b6ad  UL$$TOFS                                         
0     0000a8d9  _ADC_disable                                     
0     0000a8cf  _ADC_disableBandGap                              
0     0000a8b8  _ADC_disableInt                                  
0     0000a8ae  _ADC_disableNoOverlapMode                        
0     0000a8a4  _ADC_disableRefBuffers                           
0     0000a89a  _ADC_disableVoltRefLoConv                        
0     0000a890  _ADC_enable                                      
0     0000a886  _ADC_enableBandGap                               
0     0000a870  _ADC_enableInt                                   
0     0000a866  _ADC_enableNoOverlapMode                         
0     0000a85c  _ADC_enableRefBuffers                            
0     0000a852  _ADC_enableVoltRefLoConv                         
0     0000a84a  _ADC_getDivideSelect                             
0     0000a842  _ADC_init                                        
0     0000a838  _ADC_powerDown                                   
0     0000a82e  _ADC_powerUp                                     
0     0000a824  _ADC_reset                                       
0     0000a813  _ADC_setDivideSelect                             
0     0000a7f2  _ADC_setIntMode                                  
0     0000a7e1  _ADC_setIntPulseGenMode                          
0     0000a7c0  _ADC_setIntSrc                                   
0     0000a7b9  _ADC_setOffTrim                                  
0     0000a7a2  _ADC_setSampleMode                               
0     0000a78f  _ADC_setSampleOverlapMode                        
0     0000a77b  _ADC_setSocChanNumber                            
0     0000a771  _ADC_setSocFrc                                   
0     0000a76a  _ADC_setSocFrcWord                               
0     0000a756  _ADC_setSocSampleDelay                           
0     0000a742  _ADC_setSocTrigSrc                               
0     0000a731  _ADC_setTempSensorSrc                            
0     0000a720  _ADC_setVoltRefSrc                               
0     0000a6f5  _ADC_setupSocTrigSrc                             
0     0000aa66  _CLK_disableAdcClock                             
0     0000aa5f  _CLK_disableClaClock                             
0     0000aa59  _CLK_disableClkIn                                
0     0000aa55  _CLK_disableCompClock                            
0     0000aa4e  _CLK_disableCpuTimerClock                        
0     0000aa48  _CLK_disableCrystalOsc                           
0     0000aa41  _CLK_disableEcanaClock                           
0     0000aa3a  _CLK_disableEcap1Clock                           
0     0000aa33  _CLK_disableEqep1Clock                           
0     0000aa2c  _CLK_disableEqep2Clock                           
0     0000aa25  _CLK_disableGpioInputClock                       
0     0000aa1e  _CLK_disableHrPwmClock                           
0     0000aa17  _CLK_disableI2cClock                             
0     0000aa10  _CLK_disableLinAClock                            
0     0000aa0a  _CLK_disableOsc1                                 
0     0000aa04  _CLK_disableOsc1HaltMode                         
0     0000a9fe  _CLK_disableOsc2                                 
0     0000a9f8  _CLK_disableOsc2HaltMode                         
0     0000a9ee  _CLK_disablePwmClock                             
0     0000a9e7  _CLK_disableSciaClock                            
0     0000a9e0  _CLK_disableScibClock                            
0     0000a9d9  _CLK_disableSpiaClock                            
0     0000a9d5  _CLK_disableSpibClock                            
0     0000a9ce  _CLK_disableTbClockSync                          
0     0000a9c8  _CLK_disableWatchDogHaltMode                     
0     0000a9c1  _CLK_enableAdcClock                              
0     0000a9ba  _CLK_enableClaClock                              
0     0000a9b4  _CLK_enableClkIn                                 
0     0000a9ae  _CLK_enableCompClock                             
0     0000a9a8  _CLK_enableCpuTimerClock                         
0     0000a9a2  _CLK_enableCrystalOsc                            
0     0000a99b  _CLK_enableEcanaClock                            
0     0000a994  _CLK_enableEcap1Clock                            
0     0000a98d  _CLK_enableEqep1Clock                            
0     0000a986  _CLK_enableEqep2Clock                            
0     0000a97f  _CLK_enableGpioInputClock                        
0     0000a978  _CLK_enableHrPwmClock                            
0     0000a971  _CLK_enableI2cClock                              
0     0000a96a  _CLK_enableLinAClock                             
0     0000a964  _CLK_enableOsc1                                  
0     0000a95e  _CLK_enableOsc1HaltMode                          
0     0000a958  _CLK_enableOsc2                                  
0     0000a952  _CLK_enableOsc2HaltMode                          
0     0000a949  _CLK_enablePwmClock                              
0     0000a942  _CLK_enableSciaClock                             
0     0000a93b  _CLK_enableScibClock                             
0     0000a934  _CLK_enableSpiaClock                             
0     0000a92d  _CLK_enableSpibClock                             
0     0000a926  _CLK_enableTbClockSync                           
0     0000a920  _CLK_enableWatchDogHaltMode                      
0     0000a91a  _CLK_init                                        
0     0000a913  _CLK_setClkOutPreScaler                          
0     0000a90d  _CLK_setLowSpdPreScaler                          
0     0000a906  _CLK_setOsc2Src                                  
0     0000a8ff  _CLK_setOscSrc                                   
0     0000a8f8  _CLK_setTimer2PreScale                           
0     0000a8f1  _CLK_setTimer2Src                                
0     0000a8ea  _CLK_setWatchDogSrc                              
0     0000a8e3  _CLK_setXClkInSrc                                
0     0000b526  _CPU_clearIntFlags                               
0     0000b523  _CPU_disableDebugInt                             
0     0000b520  _CPU_disableGlobalInts                           
0     0000b51b  _CPU_disableInt                                  
0     0000b518  _CPU_disableInts                                 
0     0000b515  _CPU_disableProtectedRegisterWrite               
0     0000b512  _CPU_enableDebugInt                              
0     0000b50f  _CPU_enableGlobalInts                            
0     0000b50b  _CPU_enableInt                                   
0     0000b508  _CPU_enableProtectedRegisterWrite                
0     0000b504  _CPU_init                                        
0     0000965b  _CTRL_calcMax_Ls_qFmt                            
0     0000944b  _CTRL_getGains                                   
0     00009444  _CTRL_getIab_filt_pu                             
0     0000943d  _CTRL_getIab_in_pu                               
0     00009436  _CTRL_getIdq_in_pu                               
0     0000942f  _CTRL_getIdq_ref_pu                              
0     00009484  _CTRL_getMagCurrent_pu                           
0     00009481  _CTRL_getMaximumSpeed_pu                         
0     00009428  _CTRL_getVab_in_pu                               
0     00009421  _CTRL_getVab_out_pu                              
0     0000941a  _CTRL_getVdq_out_pu                              
abs   003fa721  _CTRL_getVersion                                 
0     00009411  _CTRL_getWaitTimes                               
abs   003fa6fb  _CTRL_initCtrl                                   
0     00009620  _CTRL_resetLs_qFmt                               
0     00008ee2  _CTRL_run                                        
abs   003fa5d1  _CTRL_runTraj                                    
abs   003f9e64  _CTRL_setEstParams                               
0     00008c5b  _CTRL_setGains                                   
0     0000947e  _CTRL_setMagCurrent_pu                           
0     0000947b  _CTRL_setMaximumSpeed_pu                         
0     00008c83  _CTRL_setParams                                  
0     00008c48  _CTRL_setSpd_ref_krpm                            
0     00008c45  _CTRL_setSpd_ref_pu                              
abs   003f9d31  _CTRL_setUserMotorParams                         
0     00008c3c  _CTRL_setWaitTimes                               
0     00008c32  _CTRL_setup                                      
0     00008c16  _CTRL_setupClarke_I                              
0     00008c00  _CTRL_setupClarke_V                              
abs   003f9b43  _CTRL_setupCtrl                                  
abs   003f99a5  _CTRL_setupEstIdleState                          
abs   003f996a  _CTRL_setupEstOnLineState                        
abs   003f9806  _CTRL_setupTraj                                  
0     00008ba6  _CTRL_setup_user                                 
0     00008af3  _CTRL_updateState                                
0     0000a6d3  _DRV8301_enable                                  
0     0000a6c1  _DRV8301_getDcCalMode                            
0     0000a6a6  _DRV8301_getFaultType                            
0     0000a6a0  _DRV8301_getId                                   
0     0000a699  _DRV8301_getOcLevel                              
0     0000a692  _DRV8301_getOcMode                               
0     0000a68b  _DRV8301_getOcOffTimeMode                        
0     0000a684  _DRV8301_getOcTwMode                             
0     0000a67d  _DRV8301_getPeakCurrent                          
0     0000a676  _DRV8301_getPwmMode                              
0     0000a66f  _DRV8301_getShuntAmpGain                         
0     0000a666  _DRV8301_init                                    
0     0000a660  _DRV8301_isFault                                 
0     0000a659  _DRV8301_isReset                                 
0     0000a5e3  _DRV8301_readData                                
0     0000a463  _DRV8301_readSpi                                 
0     0000a5d4  _DRV8301_reset                                   
0     0000a5b5  _DRV8301_setDcCalMode                            
0     0000a5b3  _DRV8301_setGpioHandle                           
0     0000a5b1  _DRV8301_setGpioNumber                           
0     0000a59d  _DRV8301_setOcLevel                              
0     0000a589  _DRV8301_setOcMode                               
0     0000a575  _DRV8301_setOcOffTimeMode                        
0     0000a561  _DRV8301_setOcTwMode                             
0     0000a54d  _DRV8301_setPeakCurrent                          
0     0000a539  _DRV8301_setPwmMode                              
0     0000a525  _DRV8301_setShuntAmpGain                         
0     0000a523  _DRV8301_setSpiHandle                            
0     0000a49b  _DRV8301_setupSpi                                
0     0000a43a  _DRV8301_writeData                               
0     0000a423  _DRV8301_writeSpi                                
abs   003f86ad  _EST_computeDirection_qFmt                       
abs   003f9760  _EST_doCurrentCtrl                               
abs   003f9758  _EST_doSpeedCtrl                                 
abs   003f8c0d  _EST_getAngle_pu                                 
abs   003f96be  _EST_getFlux_VpHz                                
abs   003f96ab  _EST_getFlux_pu                                  
abs   003f968e  _EST_getFm_pu                                    
abs   003f9632  _EST_getIdRated                                  
abs   003f95ff  _EST_getLs_coarse_max_pu                         
abs   003f95f5  _EST_getLs_d_H                                   
abs   003f95f0  _EST_getLs_d_pu                                  
abs   003f95d3  _EST_getLs_qFmt                                  
abs   003f95ce  _EST_getLs_q_H                                   
abs   003f95c9  _EST_getLs_q_pu                                  
abs   003f95bd  _EST_getMaxCurrentSlope_pu                       
abs   003f95b3  _EST_getOneOverDcBus_pu                          
abs   003f95ad  _EST_getRr_Ohm                                   
abs   003f9513  _EST_getRs_Ohm                                   
abs   003f94c6  _EST_getSpeed_krpm                               
abs   003f861b  _EST_getState                                    
abs   003f9458  _EST_get_krpm_to_pu_sf                           
abs   003f9453  _EST_get_pu_to_krpm_sf                           
abs   003f938d  _EST_isError                                     
abs   003f9386  _EST_isIdle                                      
abs   003f937f  _EST_isLockRotor                                 
abs   003f8679  _EST_isMotorIdentified                           
abs   003f9378  _EST_isOnLine                                    
abs   003f927b  _EST_run                                         
abs   003f8bf5  _EST_setDir_qFmt                                 
abs   003f8be8  _EST_setFe_neg_max_pu                            
abs   003f8be4  _EST_setFe_pos_min_pu                            
abs   003f8bdb  _EST_setFlag_enableForceAngle                    
abs   003f8b80  _EST_setId_ref_pu                                
abs   003f8b7a  _EST_setIdle                                     
abs   003f8b67  _EST_setIdle_all                                 
abs   003f8b63  _EST_setIq_ref_pu                                
abs   003f8b45  _EST_setLs_d_pu                                  
abs   003f8af1  _EST_setLs_qFmt                                  
abs   003f8ae7  _EST_setLs_q_pu                                  
abs   003f8adb  _EST_setMaxCurrentSlope_pu                       
abs   003f8a18  _EST_setRs_pu                                    
abs   003f89f5  _EST_updateId_ref_pu                             
abs   003f8713  _EST_updateState                                 
abs   003f861d  _EST_useZeroIq_ref                               
0     0000b590  _FILTER_FO_getDenCoeffs                          
0     0000b589  _FILTER_FO_getInitialConditions                  
0     0000b583  _FILTER_FO_getNumCoeffs                          
0     0000b57d  _FILTER_FO_init                                  
0     0000b57b  _FILTER_FO_setDenCoeffs                          
0     0000b576  _FILTER_FO_setInitialConditions                  
0     0000b572  _FILTER_FO_setNumCoeffs                          
0     0000b5ce  _FLASH_clear3VStatus                             
0     0000014c  _FLASH_disablePipelineMode                       
0     00000146  _FLASH_enablePipelineMode                        
0     0000b5cb  _FLASH_get3VStatus                               
0     0000b5c8  _FLASH_getActiveWaitCount                        
0     0000b5c4  _FLASH_getActiveWaitStatus                       
0     0000b5c1  _FLASH_getPowerMode                              
0     0000b5be  _FLASH_getStandbyWaitCount                       
0     0000b5ba  _FLASH_getStandbyWaitStatus                      
0     0000b5b4  _FLASH_init                                      
0     00000141  _FLASH_setActiveWaitCount                        
0     0000013a  _FLASH_setNumPagedReadWaitStates                 
0     00000133  _FLASH_setNumRandomReadWaitStates                
0     0000012c  _FLASH_setOtpWaitStates                          
0     00000125  _FLASH_setPowerMode                              
0     00000120  _FLASH_setStandbyWaitCount                       
0     0000b701  _Flag_Latch_softwareUpdate                       
0     0000ad65  _GPIO_getData                                    
0     0000ad5a  _GPIO_getPortData                                
0     0000ad54  _GPIO_init                                       
0     0000ad4a  _GPIO_lpmSelect                                  
0     0000ad37  _GPIO_read                                       
0     0000ad1d  _GPIO_setDirection                               
0     0000ad12  _GPIO_setExtInt                                  
0     0000ad02  _GPIO_setHigh                                    
0     0000acf2  _GPIO_setLow                                     
0     0000acbe  _GPIO_setMode                                    
0     0000acb0  _GPIO_setPortData                                
0     0000ac96  _GPIO_setPullup                                  
0     0000ac59  _GPIO_setQualification                           
0     0000ac04  _GPIO_setQualificationPeriod                     
0     0000abf4  _GPIO_toggle                                     
0     000085ce  _HAL_AdcCalChanSelect                            
0     00008625  _HAL_AdcCalConversion                            
0     0000877d  _HAL_AdcOffsetSelfCal                            
0     00008843  _HAL_OscTempComp                                 
0     00008898  _HAL_cal                                         
0     00008aef  _HAL_disableGlobalInts                           
0     000089ec  _HAL_disableWdog                                 
0     00008add  _HAL_enableAdcInts                               
0     00008ad9  _HAL_enableDebugInt                              
0     00008ad4  _HAL_enableDrv                                   
0     00008ad0  _HAL_enableGlobalInts                            
0     00008abf  _HAL_enablePwmInt                                
0     000087b0  _HAL_getOscTrimValue                             
0     000089f1  _HAL_init                                        
0     000087c3  _HAL_osc1Comp                                    
0     00008803  _HAL_osc2Comp                                    
0     000089e7  _HAL_readDrvData                                 
0     000089cd  _HAL_setDacParameters                            
0     000088af  _HAL_setParams                                   
0     00008506  _HAL_setupAdcs                                   
0     000084ea  _HAL_setupClks                                   
0     000084e5  _HAL_setupDrvSpi                                 
0     000084c7  _HAL_setupFaults                                 
0     000084a9  _HAL_setupFlash                                  
0     00008494  _HAL_setupGate                                   
0     000082eb  _HAL_setupGpios                                  
0     000082a1  _HAL_setupPeripheralClks                         
0     0000827f  _HAL_setupPie                                    
0     00008240  _HAL_setupPll                                    
0     000081b3  _HAL_setupPwmDacs                                
0     000080db  _HAL_setupPwms                                   
0     00008095  _HAL_setupSpiA                                   
0     0000805f  _HAL_setupSpiB                                   
0     00008005  _HAL_setupTimers                                 
0     00008000  _HAL_writeDrvData                                
0     003fe708  _IQ10mpyRndSatTable                              
0     003fe6fc  _IQ11mpyRndSatTable                              
0     003fe6f0  _IQ12mpyRndSatTable                              
0     003fe6e4  _IQ13mpyRndSatTable                              
0     003fe6d8  _IQ14mpyRndSatTable                              
0     003fe6cc  _IQ15mpyRndSatTable                              
0     003fe6c0  _IQ16mpyRndSatTable                              
0     003fe6b4  _IQ17mpyRndSatTable                              
0     003fe6a8  _IQ18mpyRndSatTable                              
0     003fe69c  _IQ19mpyRndSatTable                              
0     003fe774  _IQ1mpyRndSatTable                               
0     003fe690  _IQ20mpyRndSatTable                              
0     003fe684  _IQ21mpyRndSatTable                              
0     003fe678  _IQ22mpyRndSatTable                              
0     003fe66c  _IQ23mpyRndSatTable                              
0     003fe660  _IQ24mpyRndSatTable                              
0     003fe654  _IQ25mpyRndSatTable                              
0     003fe648  _IQ26mpyRndSatTable                              
0     003fe63c  _IQ27mpyRndSatTable                              
0     003fe630  _IQ28mpyRndSatTable                              
0     003fe624  _IQ29mpyRndSatTable                              
0     003fe768  _IQ2mpyRndSatTable                               
0     003fe618  _IQ30mpyRndSatTable                              
0     003fe75c  _IQ3mpyRndSatTable                               
0     003fe750  _IQ4mpyRndSatTable                               
0     003fe744  _IQ5mpyRndSatTable                               
0     003fe738  _IQ6mpyRndSatTable                               
0     003fe72c  _IQ7mpyRndSatTable                               
0     003fe720  _IQ8mpyRndSatTable                               
0     003fe714  _IQ9mpyRndSatTable                               
0     003fe454  _IQatan2HalfPITable                              
0     003fe492  _IQatan2Table                                    
0     003fe618  _IQatan2TableEnd                                 
0     003fdd30  _IQcosTable                                      
0     003fe132  _IQcosTableEnd                                   
0     003fe132  _IQdivRoundSatTable                              
0     003fe140  _IQdivTable                                      
0     003fe342  _IQdivTableEnd                                   
0     003fe342  _IQisqrtRoundSatTable                            
0     003fe352  _IQisqrtTable                                    
0     003fe454  _IQisqrtTableEnd                                 
0     003fe618  _IQmpyRndSatTable                                
0     003fe780  _IQmpyRndSatTableEnd                             
0     003fdc30  _IQsinTable                                      
0     003fe030  _IQsinTableEnd                                   
0     003fe342  _IQsqrtRoundSatTable                             
0     003fe352  _IQsqrtTable                                     
0     003fe454  _IQsqrtTableEnd                                  
0     0000b3e3  _OFFSET_getBeta                                  
0     0000b3d2  _OFFSET_init                                     
0     0000b3bc  _OFFSET_setBeta                                  
0     0000b3ad  _OFFSET_setInitCond                              
0     0000b3ab  _OFFSET_setOffset                                
0     0000b4d5  _OSC_init                                        
0     0000b4c8  _OSC_setCoarseTrim                               
0     0000b4b7  _OSC_setFineTrim                                 
0     0000b4ae  _OSC_setTrim                                     
0     0000ae6e  _PIE_clearAllFlags                               
0     0000ae6b  _PIE_clearAllInts                                
0     0000ae68  _PIE_disable                                     
0     0000ae61  _PIE_disableAllInts                              
0     0000ae5d  _PIE_disableCaptureInt                           
0     0000ae54  _PIE_disableExtInt                               
0     0000ae4a  _PIE_disableInt                                  
0     0000ae47  _PIE_enable                                      
0     0000ae2b  _PIE_enableAdcInt                                
0     0000ae27  _PIE_enableCaptureInt                            
0     0000ae0a  _PIE_enableExtInt                                
0     0000ae01  _PIE_enableInt                                   
0     0000adfc  _PIE_enablePwmInt                                
0     0000adf7  _PIE_enablePwmTzInt                              
0     0000adf4  _PIE_enableTimer0Int                             
0     0000adeb  _PIE_forceInt                                    
0     0000ade3  _PIE_getExtIntCount                              
0     0000addc  _PIE_getIntEnables                               
0     0000add5  _PIE_getIntFlags                                 
0     0000b6eb  _PIE_illegalIsr                                  
0     0000adcd  _PIE_init                                        
0     0000adbb  _PIE_registerPieIntHandler                       
0     0000adb0  _PIE_registerSystemIntHandler                    
0     0000ada5  _PIE_setDefaultIntVectorTable                    
0     0000ad94  _PIE_setExtIntPolarity                           
0     0000ad80  _PIE_unregisterPieIntHandler                     
0     0000ad73  _PIE_unregisterSystemIntHandler                  
0     0000b2f7  _PLL_disable                                     
0     0000b2f1  _PLL_disableClkDetect                            
0     0000b2eb  _PLL_disableNormRdy                              
0     0000b2e5  _PLL_disableOsc                                  
0     0000b2df  _PLL_enable                                      
0     0000b2d9  _PLL_enableClkDetect                             
0     0000b2d3  _PLL_enableNormRdy                               
0     0000b2cd  _PLL_enableOsc                                   
0     0000b2c9  _PLL_getClkFreq                                  
0     0000b2c6  _PLL_getClkStatus                                
0     0000b2c3  _PLL_getDivideSelect                             
0     0000b2c0  _PLL_getLockStatus                               
0     0000b2ba  _PLL_init                                        
0     0000b2b4  _PLL_resetClkDetect                              
0     0000b2ae  _PLL_setClkFreq                                  
0     0000b2a7  _PLL_setDivideSelect                             
0     0000b2a2  _PLL_setLockPeriod                               
0     0000a41d  _PWM_clearTripZone                               
0     0000a41a  _PWM_decrementDeadBandFallingEdgeDelay           
0     0000a417  _PWM_decrementDeadBandRisingEdgeDelay            
0     0000a410  _PWM_disableAutoConvert                          
0     0000a40c  _PWM_disableChopping                             
0     0000a409  _PWM_disableCounterLoad                          
0     0000a406  _PWM_disableDeadBand                             
0     0000a402  _PWM_disableDeadBandHalfCycle                    
0     0000a3fb  _PWM_disableDigitalCompareBlankingWindow         
0     0000a3f4  _PWM_disableDigitalCompareBlankingWindowInversion
0     0000a3ed  _PWM_disableHrPeriod                             
0     0000a3e6  _PWM_disableHrPhaseSync                          
0     0000a3e2  _PWM_disableInt                                  
0     0000a3de  _PWM_disableSocAPulse                            
0     0000a3da  _PWM_disableSocBPulse                            
0     0000a3d3  _PWM_disableTripZoneInt                          
0     0000a3cc  _PWM_disableTripZoneSrc                          
0     0000a3c6  _PWM_disableTripZones                            
0     0000a3bf  _PWM_enableAutoConvert                           
0     0000a3bb  _PWM_enableChopping                              
0     0000a3b8  _PWM_enableCounterLoad                           
0     0000a3b4  _PWM_enableDeadBandHalfCycle                     
0     0000a3ad  _PWM_enableDigitalCompareBlankingWindow          
0     0000a3a6  _PWM_enableDigitalCompareBlankingWindowInversion 
0     0000a39f  _PWM_enableHrPeriod                              
0     0000a398  _PWM_enableHrPhaseSync                           
0     0000a394  _PWM_enableInt                                   
0     0000a390  _PWM_enableSocAPulse                             
0     0000a38c  _PWM_enableSocBPulse                             
0     0000a386  _PWM_enableTripZoneInt                           
0     0000a380  _PWM_enableTripZoneSrc                           
0     0000a37d  _PWM_getDeadBandFallingEdgeDelay                 
0     0000a37a  _PWM_getDeadBandRisingEdgeDelay                  
0     0000a376  _PWM_getIntCount                                 
0     0000a372  _PWM_getShadowStatus_CmpA                        
0     0000a36e  _PWM_getShadowStatus_CmpB                        
0     0000a369  _PWM_getSocACount                                
0     0000a364  _PWM_getSocBCount                                
0     0000a361  _PWM_incrementDeadBandFallingEdgeDelay           
0     0000a35e  _PWM_incrementDeadBandRisingEdgeDelay            
0     0000a358  _PWM_init                                        
0     0000a351  _PWM_setActionQualContSWForce_PwmA               
0     0000a348  _PWM_setActionQualContSWForce_PwmB               
0     0000a33f  _PWM_setActionQual_CntDown_CmpA_PwmA             
0     0000a336  _PWM_setActionQual_CntDown_CmpA_PwmB             
0     0000a32d  _PWM_setActionQual_CntDown_CmpB_PwmA             
0     0000a324  _PWM_setActionQual_CntDown_CmpB_PwmB             
0     0000a31b  _PWM_setActionQual_CntUp_CmpA_PwmA               
0     0000a312  _PWM_setActionQual_CntUp_CmpA_PwmB               
0     0000a309  _PWM_setActionQual_CntUp_CmpB_PwmA               
0     0000a300  _PWM_setActionQual_CntUp_CmpB_PwmB               
0     0000a2f7  _PWM_setActionQual_Period_PwmA                   
0     0000a2ee  _PWM_setActionQual_Period_PwmB                   
0     0000a2e7  _PWM_setActionQual_Zero_PwmA                     
0     0000a2e0  _PWM_setActionQual_Zero_PwmB                     
0     0000a2d9  _PWM_setChoppingClkFreq                          
0     0000a2d2  _PWM_setChoppingDutyCycle                        
0     0000a2cb  _PWM_setChoppingPulseWidth                       
0     0000a2c7  _PWM_setClkDiv                                   
0     0000a2c5  _PWM_setCount                                    
0     0000a2c1  _PWM_setCounterMode                              
0     0000a2be  _PWM_setDeadBandFallingEdgeDelay                 
0     0000a2b7  _PWM_setDeadBandInputMode                        
0     0000a2b0  _PWM_setDeadBandOutputMode                       
0     0000a2a9  _PWM_setDeadBandPolarity                         
0     0000a2a6  _PWM_setDeadBandRisingEdgeDelay                  
0     0000a28c  _PWM_setDigitalCompareAEvent1                    
0     0000a27c  _PWM_setDigitalCompareAEvent2                    
0     0000a262  _PWM_setDigitalCompareBEvent1                    
0     0000a252  _PWM_setDigitalCompareBEvent2                    
0     0000a246  _PWM_setDigitalCompareBlankingPulse              
0     0000a243  _PWM_setDigitalCompareFilterOffset               
0     0000a239  _PWM_setDigitalCompareFilterSource               
0     0000a236  _PWM_setDigitalCompareFilterWindow               
0     0000a227  _PWM_setDigitalCompareInput                      
0     0000a223  _PWM_setHighSpeedClkDiv                          
0     0000a219  _PWM_setHrControlMode                            
0     0000a20f  _PWM_setHrEdgeMode                               
0     0000a205  _PWM_setHrShadowMode                             
0     0000a1fe  _PWM_setIntMode                                  
0     0000a1f7  _PWM_setIntPeriod                                
0     0000a1f3  _PWM_setLoadMode_CmpA                            
0     0000a1ed  _PWM_setLoadMode_CmpB                            
0     0000a1eb  _PWM_setPeriod                                   
0     0000a1e6  _PWM_setPeriodHr                                 
0     0000a1e2  _PWM_setPeriodLoad                               
0     0000a1e0  _PWM_setPhase                                    
0     0000a1dc  _PWM_setPhaseDir                                 
0     0000a1d8  _PWM_setRunMode                                  
0     0000a1d2  _PWM_setShadowMode_CmpA                          
0     0000a1cc  _PWM_setShadowMode_CmpB                          
0     0000a1c3  _PWM_setSocAPeriod                               
0     0000a1b9  _PWM_setSocAPulseSrc                             
0     0000a1b0  _PWM_setSocBPeriod                               
0     0000a1a7  _PWM_setSocBPulseSrc                             
0     0000a1a4  _PWM_setSwSync                                   
0     0000a1a0  _PWM_setSyncMode                                 
0     0000a196  _PWM_setTripZoneDCEventSelect_DCAEVT1            
0     0000a18a  _PWM_setTripZoneDCEventSelect_DCAEVT2            
0     0000a17e  _PWM_setTripZoneDCEventSelect_DCBEVT1            
0     0000a172  _PWM_setTripZoneDCEventSelect_DCBEVT2            
0     0000a166  _PWM_setTripZoneState_DCAEVT1                    
0     0000a15a  _PWM_setTripZoneState_DCAEVT2                    
0     0000a14e  _PWM_setTripZoneState_DCBEVT1                    
0     0000a142  _PWM_setTripZoneState_DCBEVT2                    
0     0000a138  _PWM_setTripZoneState_TZA                        
0     0000a12c  _PWM_setTripZoneState_TZB                        
0     0000b479  _PWR_disableBrownOutReset                        
0     0000b46f  _PWR_disableWatchDogInt                          
0     0000b46c  _PWR_enableBrownOutReset                         
0     0000b462  _PWR_enableWatchDogInt                           
0     0000b45a  _PWR_init                                        
0     0000b449  _PWR_setLowPowerMode                             
0     0000b438  _PWR_setNumStandByClocks                         
0     00000156  _RamfuncsLoadEnd                                 
abs   00000036  _RamfuncsLoadSize                                
0     00000120  _RamfuncsLoadStart                               
0     00000120  _RamfuncsRunStart                                
0     0000afe5  _SPI_clearRxFifoInt                              
0     0000afe1  _SPI_clearRxFifoOvf                              
0     0000afdd  _SPI_clearTxFifoInt                              
0     0000afda  _SPI_disableInt                                  
0     0000afd7  _SPI_disableLoopBack                             
0     0000afd4  _SPI_disableOverRunInt                           
0     0000afd0  _SPI_disableRxFifoInt                            
0     0000afcd  _SPI_disableTx                                   
0     0000afc9  _SPI_disableTxFifoEnh                            
0     0000afc5  _SPI_disableTxFifoInt                            
0     0000afc2  _SPI_enable                                      
0     0000afbe  _SPI_enableChannels                              
0     0000afbb  _SPI_enableInt                                   
0     0000afb8  _SPI_enableLoopBack                              
0     0000afb5  _SPI_enableOverRunInt                            
0     0000afb1  _SPI_enableRxFifo                                
0     0000afad  _SPI_enableRxFifoInt                             
0     0000afaa  _SPI_enableTx                                    
0     0000afa6  _SPI_enableTxFifo                                
0     0000afa2  _SPI_enableTxFifoEnh                             
0     0000af9e  _SPI_enableTxFifoInt                             
0     0000af9b  _SPI_getIntFlagStatus                            
0     0000af97  _SPI_getRxFifoStatus                             
0     0000af94  _SPI_getTxBufferStatus                           
0     0000af90  _SPI_getTxFifoStatus                             
0     0000af8a  _SPI_init                                        
0     0000af87  _SPI_reset                                       
0     0000af83  _SPI_resetChannels                               
0     0000af7f  _SPI_resetRxFifo                                 
0     0000af7b  _SPI_resetTxFifo                                 
0     0000af79  _SPI_setBaudRate                                 
0     0000af75  _SPI_setCharLength                               
0     0000af73  _SPI_setClkPhase                                 
0     0000af6f  _SPI_setClkPolarity                              
0     0000af6d  _SPI_setMode                                     
0     0000af66  _SPI_setPriority                                 
0     0000af5f  _SPI_setRxFifoIntLevel                           
0     0000af58  _SPI_setSteInv                                   
0     0000af51  _SPI_setSuspend                                  
0     0000af4a  _SPI_setTriWire                                  
0     0000af47  _SPI_setTxDelay                                  
0     0000af40  _SPI_setTxFifoIntLevel                           
0     0000b4ab  _TIMER_clearFlag                                 
0     0000b4a8  _TIMER_disableInt                                
0     0000b4a5  _TIMER_enableInt                                 
0     0000b4a2  _TIMER_getStatus                                 
0     0000b49c  _TIMER_init                                      
0     0000b48e  _TIMER_setDecimationFactor                       
0     0000b48a  _TIMER_setEmulationMode                          
0     0000b47c  _TIMER_setPreScaler                              
0     00009c49  _USER_calcPIgains                                
0     00009c45  _USER_checkForErrors                             
0     00009c37  _USER_computeFlux                                
0     00009bfb  _USER_computeFlux_pu_to_VpHz_sf                  
0     00009bbf  _USER_computeFlux_pu_to_Wb_sf                    
0     00009b83  _USER_computeTorque_Flux_Iq_pu_to_Nm_sf          
0     00009b49  _USER_computeTorque_Ls_Id_Iq_pu_to_Nm_sf         
0     00009afc  _USER_computeTorque_Nm                           
0     00009aa4  _USER_computeTorque_lbin                         
0     00009aa1  _USER_getErrorCode                               
0     00009a9e  _USER_setErrorCode                               
0     0000995c  _USER_setParams                                  
0     000098d9  _USER_softwareUpdate1p6                          
0     0000b430  _WDOG_clearCounter                               
0     0000b428  _WDOG_disable                                    
0     0000b422  _WDOG_disableInt                                 
0     0000b41c  _WDOG_disableOverRide                            
0     0000b413  _WDOG_enable                                     
0     0000b40d  _WDOG_enableInt                                  
0     0000b407  _WDOG_enableOverRide                             
0     0000b404  _WDOG_getIntStatus                               
0     0000b3fe  _WDOG_init                                       
0     0000b3fc  _WDOG_setCount                                   
0     0000b3f2  _WDOG_setPreScaler                               
0     0000b995  __IQ24cosPU                                      
0     0000b96c  __IQ24sinPU                                      
0     0000b92a  __IQ24sqrt                                       
0     0000b9bc  __IQ30toF                                        
1     000007b0  __STACK_END                                      
abs   000003b0  __STACK_SIZE                                     
0     0000b6fa  ___TI_cleanup_ptr                                
0     0000b6fc  ___TI_dtors_ptr                                  
0     0000b6f8  ___TI_enable_exit_profile_output                 
abs   ffffffff  ___TI_pprof_out_hndl                             
abs   ffffffff  ___TI_prof_data_size                             
abs   ffffffff  ___TI_prof_data_start                            
abs   ffffffff  ___binit__                                       
abs   ffffffff  ___c_args__                                      
0     00000050  ___cinit__                                       
0     0000b6f8  ___etext__                                       
abs   ffffffff  ___pinit__                                       
0     00008000  ___text__                                        
0     0000b67d  __args_main                                      
0     0000b6fe  __lock                                           
0     0000b6e2  __nop                                            
0     0000b6de  __register_lock                                  
0     0000b6da  __register_unlock                                
1     00000400  __stack                                          
0     0000b6f7  __system_post_cinit                              
0     0000b6f5  __system_pre_init                                
0     0000b86c  __unlock                                         
0     0000b4db  _abort                                           
0     00009645  _acim_Dir_qFmtCalc                               
0     0000b357  _c_int00                                         
0     0000b1dc  _ceil                                            
0     0000b1dc  _ceilf                                           
0     0000b70c  _controller_obj                                  
0     0000b54e  _copy_in                                         
0     0000b6d0  _copysign                                        
0     0000b6d0  _copysignf                                       
0     0000b870  _cpu                                             
0     0000b706  _ctrlHandle                                      
0     0000b871  _errno                                           
0     0000b4dd  _exit                                            
0     0000b716  _gAdcData                                        
0     0000b700  _gCounter_updateGlobals                          
0     0000b726  _gDrvSpi8301Vars                                 
0     0000b702  _gLEDcnt                                         
0     0000b70e  _gLs_pu                                          
0     0000b703  _gLs_qFmt                                        
0     0000b70a  _gMaxCurrentSlope                                
0     0000b704  _gMax_Ls_qFmt                                    
0     0000b740  _gMotorVars                                      
0     0000b710  _gPwmData                                        
0     0000b7c0  _gUserParams                                     
0     0000b880  _hal                                             
0     0000b708  _halHandle                                       
0     0000b245  _ldexp                                           
0     0000b245  _ldexpf                                          
0     0000aa6d  _log                                             
0     0000aa6d  _logf                                            
0     000096a2  _main                                            
0     0000ae75  _mainISR                                         
0     0000b610  _memcpy                                          
0     00009d0e  _pow                                             
0     00009d0e  _powf                                            
0     000095a8  _recalcKpKi                                      
0     00009509  _recalcKpKiPmsm                                  
0     0000b245  _scalbn                                          
0     0000b245  _scalbnf                                         
0     000094e4  _setFeLimitZero                                  
0     0000b167  _sqrt                                            
0     0000b167  _sqrtf                                           
0     00009487  _updateGlobalVariables_motor                     
0     00000152  _usDelay                                         
abs   ffffffff  binit                                            
0     00000050  cinit                                            
0     00000000  code_start                                       
0     0000b6f8  etext                                            
abs   ffffffff  pinit                                            


GLOBAL SYMBOLS: SORTED BY Symbol Address 

page  address   name                                             
----  -------   ----                                             
0     00000000  code_start                                       
0     00000050  ___cinit__                                       
0     00000050  cinit                                            
0     00000120  _FLASH_setStandbyWaitCount                       
0     00000120  _RamfuncsLoadStart                               
0     00000120  _RamfuncsRunStart                                
0     00000125  _FLASH_setPowerMode                              
0     0000012c  _FLASH_setOtpWaitStates                          
0     00000133  _FLASH_setNumRandomReadWaitStates                
0     0000013a  _FLASH_setNumPagedReadWaitStates                 
0     00000141  _FLASH_setActiveWaitCount                        
0     00000146  _FLASH_enablePipelineMode                        
0     0000014c  _FLASH_disablePipelineMode                       
0     00000152  _usDelay                                         
0     00000156  _RamfuncsLoadEnd                                 
0     00008000  .text                                            
0     00008000  _HAL_writeDrvData                                
0     00008000  ___text__                                        
0     00008005  _HAL_setupTimers                                 
0     0000805f  _HAL_setupSpiB                                   
0     00008095  _HAL_setupSpiA                                   
0     000080db  _HAL_setupPwms                                   
0     000081b3  _HAL_setupPwmDacs                                
0     00008240  _HAL_setupPll                                    
0     0000827f  _HAL_setupPie                                    
0     000082a1  _HAL_setupPeripheralClks                         
0     000082eb  _HAL_setupGpios                                  
0     00008494  _HAL_setupGate                                   
0     000084a9  _HAL_setupFlash                                  
0     000084c7  _HAL_setupFaults                                 
0     000084e5  _HAL_setupDrvSpi                                 
0     000084ea  _HAL_setupClks                                   
0     00008506  _HAL_setupAdcs                                   
0     000085ce  _HAL_AdcCalChanSelect                            
0     00008625  _HAL_AdcCalConversion                            
0     0000877d  _HAL_AdcOffsetSelfCal                            
0     000087b0  _HAL_getOscTrimValue                             
0     000087c3  _HAL_osc1Comp                                    
0     00008803  _HAL_osc2Comp                                    
0     00008843  _HAL_OscTempComp                                 
0     00008898  _HAL_cal                                         
0     000088af  _HAL_setParams                                   
0     000089cd  _HAL_setDacParameters                            
0     000089e7  _HAL_readDrvData                                 
0     000089ec  _HAL_disableWdog                                 
0     000089f1  _HAL_init                                        
0     00008abf  _HAL_enablePwmInt                                
0     00008ad0  _HAL_enableGlobalInts                            
0     00008ad4  _HAL_enableDrv                                   
0     00008ad9  _HAL_enableDebugInt                              
0     00008add  _HAL_enableAdcInts                               
0     00008aef  _HAL_disableGlobalInts                           
0     00008af3  _CTRL_updateState                                
0     00008ba6  _CTRL_setup_user                                 
0     00008c00  _CTRL_setupClarke_V                              
0     00008c16  _CTRL_setupClarke_I                              
0     00008c32  _CTRL_setup                                      
0     00008c3c  _CTRL_setWaitTimes                               
0     00008c45  _CTRL_setSpd_ref_pu                              
0     00008c48  _CTRL_setSpd_ref_krpm                            
0     00008c5b  _CTRL_setGains                                   
0     00008c83  _CTRL_setParams                                  
0     00008ee2  _CTRL_run                                        
0     00009411  _CTRL_getWaitTimes                               
0     0000941a  _CTRL_getVdq_out_pu                              
0     00009421  _CTRL_getVab_out_pu                              
0     00009428  _CTRL_getVab_in_pu                               
0     0000942f  _CTRL_getIdq_ref_pu                              
0     00009436  _CTRL_getIdq_in_pu                               
0     0000943d  _CTRL_getIab_in_pu                               
0     00009444  _CTRL_getIab_filt_pu                             
0     0000944b  _CTRL_getGains                                   
0     0000947b  _CTRL_setMaximumSpeed_pu                         
0     0000947e  _CTRL_setMagCurrent_pu                           
0     00009481  _CTRL_getMaximumSpeed_pu                         
0     00009484  _CTRL_getMagCurrent_pu                           
0     00009487  _updateGlobalVariables_motor                     
0     000094e4  _setFeLimitZero                                  
0     00009509  _recalcKpKiPmsm                                  
0     000095a8  _recalcKpKi                                      
0     00009620  _CTRL_resetLs_qFmt                               
0     00009645  _acim_Dir_qFmtCalc                               
0     0000965b  _CTRL_calcMax_Ls_qFmt                            
0     000096a2  _main                                            
0     000098d9  _USER_softwareUpdate1p6                          
0     0000995c  _USER_setParams                                  
0     00009a9e  _USER_setErrorCode                               
0     00009aa1  _USER_getErrorCode                               
0     00009aa4  _USER_computeTorque_lbin                         
0     00009afc  _USER_computeTorque_Nm                           
0     00009b49  _USER_computeTorque_Ls_Id_Iq_pu_to_Nm_sf         
0     00009b83  _USER_computeTorque_Flux_Iq_pu_to_Nm_sf          
0     00009bbf  _USER_computeFlux_pu_to_Wb_sf                    
0     00009bfb  _USER_computeFlux_pu_to_VpHz_sf                  
0     00009c37  _USER_computeFlux                                
0     00009c45  _USER_checkForErrors                             
0     00009c49  _USER_calcPIgains                                
0     00009d0e  _pow                                             
0     00009d0e  _powf                                            
0     0000a12c  _PWM_setTripZoneState_TZB                        
0     0000a138  _PWM_setTripZoneState_TZA                        
0     0000a142  _PWM_setTripZoneState_DCBEVT2                    
0     0000a14e  _PWM_setTripZoneState_DCBEVT1                    
0     0000a15a  _PWM_setTripZoneState_DCAEVT2                    
0     0000a166  _PWM_setTripZoneState_DCAEVT1                    
0     0000a172  _PWM_setTripZoneDCEventSelect_DCBEVT2            
0     0000a17e  _PWM_setTripZoneDCEventSelect_DCBEVT1            
0     0000a18a  _PWM_setTripZoneDCEventSelect_DCAEVT2            
0     0000a196  _PWM_setTripZoneDCEventSelect_DCAEVT1            
0     0000a1a0  _PWM_setSyncMode                                 
0     0000a1a4  _PWM_setSwSync                                   
0     0000a1a7  _PWM_setSocBPulseSrc                             
0     0000a1b0  _PWM_setSocBPeriod                               
0     0000a1b9  _PWM_setSocAPulseSrc                             
0     0000a1c3  _PWM_setSocAPeriod                               
0     0000a1cc  _PWM_setShadowMode_CmpB                          
0     0000a1d2  _PWM_setShadowMode_CmpA                          
0     0000a1d8  _PWM_setRunMode                                  
0     0000a1dc  _PWM_setPhaseDir                                 
0     0000a1e0  _PWM_setPhase                                    
0     0000a1e2  _PWM_setPeriodLoad                               
0     0000a1e6  _PWM_setPeriodHr                                 
0     0000a1eb  _PWM_setPeriod                                   
0     0000a1ed  _PWM_setLoadMode_CmpB                            
0     0000a1f3  _PWM_setLoadMode_CmpA                            
0     0000a1f7  _PWM_setIntPeriod                                
0     0000a1fe  _PWM_setIntMode                                  
0     0000a205  _PWM_setHrShadowMode                             
0     0000a20f  _PWM_setHrEdgeMode                               
0     0000a219  _PWM_setHrControlMode                            
0     0000a223  _PWM_setHighSpeedClkDiv                          
0     0000a227  _PWM_setDigitalCompareInput                      
0     0000a236  _PWM_setDigitalCompareFilterWindow               
0     0000a239  _PWM_setDigitalCompareFilterSource               
0     0000a243  _PWM_setDigitalCompareFilterOffset               
0     0000a246  _PWM_setDigitalCompareBlankingPulse              
0     0000a252  _PWM_setDigitalCompareBEvent2                    
0     0000a262  _PWM_setDigitalCompareBEvent1                    
0     0000a27c  _PWM_setDigitalCompareAEvent2                    
0     0000a28c  _PWM_setDigitalCompareAEvent1                    
0     0000a2a6  _PWM_setDeadBandRisingEdgeDelay                  
0     0000a2a9  _PWM_setDeadBandPolarity                         
0     0000a2b0  _PWM_setDeadBandOutputMode                       
0     0000a2b7  _PWM_setDeadBandInputMode                        
0     0000a2be  _PWM_setDeadBandFallingEdgeDelay                 
0     0000a2c1  _PWM_setCounterMode                              
0     0000a2c5  _PWM_setCount                                    
0     0000a2c7  _PWM_setClkDiv                                   
0     0000a2cb  _PWM_setChoppingPulseWidth                       
0     0000a2d2  _PWM_setChoppingDutyCycle                        
0     0000a2d9  _PWM_setChoppingClkFreq                          
0     0000a2e0  _PWM_setActionQual_Zero_PwmB                     
0     0000a2e7  _PWM_setActionQual_Zero_PwmA                     
0     0000a2ee  _PWM_setActionQual_Period_PwmB                   
0     0000a2f7  _PWM_setActionQual_Period_PwmA                   
0     0000a300  _PWM_setActionQual_CntUp_CmpB_PwmB               
0     0000a309  _PWM_setActionQual_CntUp_CmpB_PwmA               
0     0000a312  _PWM_setActionQual_CntUp_CmpA_PwmB               
0     0000a31b  _PWM_setActionQual_CntUp_CmpA_PwmA               
0     0000a324  _PWM_setActionQual_CntDown_CmpB_PwmB             
0     0000a32d  _PWM_setActionQual_CntDown_CmpB_PwmA             
0     0000a336  _PWM_setActionQual_CntDown_CmpA_PwmB             
0     0000a33f  _PWM_setActionQual_CntDown_CmpA_PwmA             
0     0000a348  _PWM_setActionQualContSWForce_PwmB               
0     0000a351  _PWM_setActionQualContSWForce_PwmA               
0     0000a358  _PWM_init                                        
0     0000a35e  _PWM_incrementDeadBandRisingEdgeDelay            
0     0000a361  _PWM_incrementDeadBandFallingEdgeDelay           
0     0000a364  _PWM_getSocBCount                                
0     0000a369  _PWM_getSocACount                                
0     0000a36e  _PWM_getShadowStatus_CmpB                        
0     0000a372  _PWM_getShadowStatus_CmpA                        
0     0000a376  _PWM_getIntCount                                 
0     0000a37a  _PWM_getDeadBandRisingEdgeDelay                  
0     0000a37d  _PWM_getDeadBandFallingEdgeDelay                 
0     0000a380  _PWM_enableTripZoneSrc                           
0     0000a386  _PWM_enableTripZoneInt                           
0     0000a38c  _PWM_enableSocBPulse                             
0     0000a390  _PWM_enableSocAPulse                             
0     0000a394  _PWM_enableInt                                   
0     0000a398  _PWM_enableHrPhaseSync                           
0     0000a39f  _PWM_enableHrPeriod                              
0     0000a3a6  _PWM_enableDigitalCompareBlankingWindowInversion 
0     0000a3ad  _PWM_enableDigitalCompareBlankingWindow          
0     0000a3b4  _PWM_enableDeadBandHalfCycle                     
0     0000a3b8  _PWM_enableCounterLoad                           
0     0000a3bb  _PWM_enableChopping                              
0     0000a3bf  _PWM_enableAutoConvert                           
0     0000a3c6  _PWM_disableTripZones                            
0     0000a3cc  _PWM_disableTripZoneSrc                          
0     0000a3d3  _PWM_disableTripZoneInt                          
0     0000a3da  _PWM_disableSocBPulse                            
0     0000a3de  _PWM_disableSocAPulse                            
0     0000a3e2  _PWM_disableInt                                  
0     0000a3e6  _PWM_disableHrPhaseSync                          
0     0000a3ed  _PWM_disableHrPeriod                             
0     0000a3f4  _PWM_disableDigitalCompareBlankingWindowInversion
0     0000a3fb  _PWM_disableDigitalCompareBlankingWindow         
0     0000a402  _PWM_disableDeadBandHalfCycle                    
0     0000a406  _PWM_disableDeadBand                             
0     0000a409  _PWM_disableCounterLoad                          
0     0000a40c  _PWM_disableChopping                             
0     0000a410  _PWM_disableAutoConvert                          
0     0000a417  _PWM_decrementDeadBandRisingEdgeDelay            
0     0000a41a  _PWM_decrementDeadBandFallingEdgeDelay           
0     0000a41d  _PWM_clearTripZone                               
0     0000a423  _DRV8301_writeSpi                                
0     0000a43a  _DRV8301_writeData                               
0     0000a463  _DRV8301_readSpi                                 
0     0000a49b  _DRV8301_setupSpi                                
0     0000a523  _DRV8301_setSpiHandle                            
0     0000a525  _DRV8301_setShuntAmpGain                         
0     0000a539  _DRV8301_setPwmMode                              
0     0000a54d  _DRV8301_setPeakCurrent                          
0     0000a561  _DRV8301_setOcTwMode                             
0     0000a575  _DRV8301_setOcOffTimeMode                        
0     0000a589  _DRV8301_setOcMode                               
0     0000a59d  _DRV8301_setOcLevel                              
0     0000a5b1  _DRV8301_setGpioNumber                           
0     0000a5b3  _DRV8301_setGpioHandle                           
0     0000a5b5  _DRV8301_setDcCalMode                            
0     0000a5d4  _DRV8301_reset                                   
0     0000a5e3  _DRV8301_readData                                
0     0000a659  _DRV8301_isReset                                 
0     0000a660  _DRV8301_isFault                                 
0     0000a666  _DRV8301_init                                    
0     0000a66f  _DRV8301_getShuntAmpGain                         
0     0000a676  _DRV8301_getPwmMode                              
0     0000a67d  _DRV8301_getPeakCurrent                          
0     0000a684  _DRV8301_getOcTwMode                             
0     0000a68b  _DRV8301_getOcOffTimeMode                        
0     0000a692  _DRV8301_getOcMode                               
0     0000a699  _DRV8301_getOcLevel                              
0     0000a6a0  _DRV8301_getId                                   
0     0000a6a6  _DRV8301_getFaultType                            
0     0000a6c1  _DRV8301_getDcCalMode                            
0     0000a6d3  _DRV8301_enable                                  
0     0000a6f5  _ADC_setupSocTrigSrc                             
0     0000a720  _ADC_setVoltRefSrc                               
0     0000a731  _ADC_setTempSensorSrc                            
0     0000a742  _ADC_setSocTrigSrc                               
0     0000a756  _ADC_setSocSampleDelay                           
0     0000a76a  _ADC_setSocFrcWord                               
0     0000a771  _ADC_setSocFrc                                   
0     0000a77b  _ADC_setSocChanNumber                            
0     0000a78f  _ADC_setSampleOverlapMode                        
0     0000a7a2  _ADC_setSampleMode                               
0     0000a7b9  _ADC_setOffTrim                                  
0     0000a7c0  _ADC_setIntSrc                                   
0     0000a7e1  _ADC_setIntPulseGenMode                          
0     0000a7f2  _ADC_setIntMode                                  
[...]
0     0000ae75  _mainISR                                         
0     0000af40  _SPI_setTxFifoIntLevel                           
0     0000af47  _SPI_setTxDelay                                  
0     0000af4a  _SPI_setTriWire                                  
0     0000af51  _SPI_setSuspend                                  
0     0000af58  _SPI_setSteInv                                   
0     0000af5f  _SPI_setRxFifoIntLevel                           
0     0000af66  _SPI_setPriority                                 
0     0000af6d  _SPI_setMode                                     
0     0000af6f  _SPI_setClkPolarity                              
0     0000af73  _SPI_setClkPhase                                 
0     0000af75  _SPI_setCharLength                               
0     0000af79  _SPI_setBaudRate                                 
0     0000af7b  _SPI_resetTxFifo                                 
0     0000af7f  _SPI_resetRxFifo                                 
0     0000af83  _SPI_resetChannels                               
0     0000af87  _SPI_reset                                       
0     0000af8a  _SPI_init                                        
0     0000af90  _SPI_getTxFifoStatus                             
0     0000af94  _SPI_getTxBufferStatus                           
0     0000af97  _SPI_getRxFifoStatus                             
0     0000af9b  _SPI_getIntFlagStatus                            
0     0000af9e  _SPI_enableTxFifoInt                             
0     0000afa2  _SPI_enableTxFifoEnh                             
0     0000afa6  _SPI_enableTxFifo                                
0     0000afaa  _SPI_enableTx                                    
0     0000afad  _SPI_enableRxFifoInt                             
0     0000afb1  _SPI_enableRxFifo                                
0     0000afb5  _SPI_enableOverRunInt                            
0     0000afb8  _SPI_enableLoopBack                              
0     0000afbb  _SPI_enableInt                                   
0     0000afbe  _SPI_enableChannels                              
0     0000afc2  _SPI_enable                                      
0     0000afc5  _SPI_disableTxFifoInt                            
0     0000afc9  _SPI_disableTxFifoEnh                            
0     0000afcd  _SPI_disableTx                                   
0     0000afd0  _SPI_disableRxFifoInt                            
0     0000afd4  _SPI_disableOverRunInt                           
0     0000afd7  _SPI_disableLoopBack                             
0     0000afda  _SPI_disableInt                                  
0     0000afdd  _SPI_clearTxFifoInt                              
0     0000afe1  _SPI_clearRxFifoOvf                              
0     0000afe5  _SPI_clearRxFifoInt                              
0     0000afe9  FD$$MPY                                          
0     0000b06c  FS$$DIV                                          
0     0000b0ef  FS$$SUB                                          
0     0000b0f4  FS$$ADD                                          
0     0000b167  _sqrt                                            
0     0000b167  _sqrtf                                           
0     0000b1dc  _ceil                                            
0     0000b1dc  _ceilf                                           
0     0000b245  _ldexp                                           
0     0000b245  _ldexpf                                          
0     0000b245  _scalbn                                          
0     0000b245  _scalbnf                                         
0     0000b2a2  _PLL_setLockPeriod                               
0     0000b2a7  _PLL_setDivideSelect                             
0     0000b2ae  _PLL_setClkFreq                                  
0     0000b2b4  _PLL_resetClkDetect                              
0     0000b2ba  _PLL_init                                        
0     0000b2c0  _PLL_getLockStatus                               
0     0000b2c3  _PLL_getDivideSelect                             
0     0000b2c6  _PLL_getClkStatus                                
0     0000b2c9  _PLL_getClkFreq                                  
0     0000b2cd  _PLL_enableOsc                                   
0     0000b2d3  _PLL_enableNormRdy                               
0     0000b2d9  _PLL_enableClkDetect                             
0     0000b2df  _PLL_enable                                      
0     0000b2e5  _PLL_disableOsc                                  
0     0000b2eb  _PLL_disableNormRdy                              
0     0000b2f1  _PLL_disableClkDetect                            
0     0000b2f7  _PLL_disable                                     
0     0000b2fd  FS$$MPY                                          
0     0000b357  _c_int00                                         
0     0000b3ab  _OFFSET_setOffset                                
0     0000b3ad  _OFFSET_setInitCond                              
0     0000b3bc  _OFFSET_setBeta                                  
0     0000b3d2  _OFFSET_init                                     
0     0000b3e3  _OFFSET_getBeta                                  
0     0000b3f2  _WDOG_setPreScaler                               
0     0000b3fc  _WDOG_setCount                                   
0     0000b3fe  _WDOG_init                                       
0     0000b404  _WDOG_getIntStatus                               
0     0000b407  _WDOG_enableOverRide                             
0     0000b40d  _WDOG_enableInt                                  
0     0000b413  _WDOG_enable                                     
0     0000b41c  _WDOG_disableOverRide                            
0     0000b422  _WDOG_disableInt                                 
0     0000b428  _WDOG_disable                                    
0     0000b430  _WDOG_clearCounter                               
0     0000b438  _PWR_setNumStandByClocks                         
0     0000b449  _PWR_setLowPowerMode                             
0     0000b45a  _PWR_init                                        
0     0000b462  _PWR_enableWatchDogInt                           
0     0000b46c  _PWR_enableBrownOutReset                         
0     0000b46f  _PWR_disableWatchDogInt                          
0     0000b479  _PWR_disableBrownOutReset                        
0     0000b47c  _TIMER_setPreScaler                              
0     0000b48a  _TIMER_setEmulationMode                          
0     0000b48e  _TIMER_setDecimationFactor                       
0     0000b49c  _TIMER_init                                      
0     0000b4a2  _TIMER_getStatus                                 
0     0000b4a5  _TIMER_enableInt                                 
0     0000b4a8  _TIMER_disableInt                                
0     0000b4ab  _TIMER_clearFlag                                 
0     0000b4ae  _OSC_setTrim                                     
0     0000b4b7  _OSC_setFineTrim                                 
0     0000b4c8  _OSC_setCoarseTrim                               
0     0000b4d5  _OSC_init                                        
0     0000b4db  C$$EXIT                                          
0     0000b4db  _abort                                           
0     0000b4dd  _exit                                            
0     0000b504  _CPU_init                                        
0     0000b508  _CPU_enableProtectedRegisterWrite                
0     0000b50b  _CPU_enableInt                                   
0     0000b50f  _CPU_enableGlobalInts                            
0     0000b512  _CPU_enableDebugInt                              
0     0000b515  _CPU_disableProtectedRegisterWrite               
0     0000b518  _CPU_disableInts                                 
0     0000b51b  _CPU_disableInt                                  
0     0000b520  _CPU_disableGlobalInts                           
0     0000b523  _CPU_disableDebugInt                             
0     0000b526  _CPU_clearIntFlags                               
0     0000b529  FS$$TOI                                          
0     0000b54e  _copy_in                                         
0     0000b572  _FILTER_FO_setNumCoeffs                          
0     0000b576  _FILTER_FO_setInitialConditions                  
0     0000b57b  _FILTER_FO_setDenCoeffs                          
0     0000b57d  _FILTER_FO_init                                  
0     0000b583  _FILTER_FO_getNumCoeffs                          
0     0000b589  _FILTER_FO_getInitialConditions                  
0     0000b590  _FILTER_FO_getDenCoeffs                          
0     0000b593  FS$$TOUL                                         
0     0000b5b4  _FLASH_init                                      
0     0000b5ba  _FLASH_getStandbyWaitStatus                      
0     0000b5be  _FLASH_getStandbyWaitCount                       
0     0000b5c1  _FLASH_getPowerMode                              
0     0000b5c4  _FLASH_getActiveWaitStatus                       
0     0000b5c8  _FLASH_getActiveWaitCount                        
0     0000b5cb  _FLASH_get3VStatus                               
0     0000b5ce  _FLASH_clear3VStatus                             
0     0000b5d4  FD$$TOL                                          
0     0000b5f3  FS$$TOU                                          
0     0000b610  _memcpy                                          
0     0000b62d  FS$$TOFD                                         
0     0000b649  I$$TOFS                                          
0     0000b663  L$$TOFS                                          
0     0000b67d  __args_main                                      
0     0000b696  FS$$CMP                                          
0     0000b6ad  UL$$TOFS                                         
0     0000b6c0  U$$TOFS                                          
0     0000b6d0  _copysign                                        
0     0000b6d0  _copysignf                                       
0     0000b6da  __register_unlock                                
0     0000b6de  __register_lock                                  
0     0000b6e2  __nop                                            
0     0000b6eb  _PIE_illegalIsr                                  
0     0000b6f0  FS$$NEG                                          
0     0000b6f5  __system_pre_init                                
0     0000b6f7  __system_post_cinit                              
0     0000b6f8  ___TI_enable_exit_profile_output                 
0     0000b6f8  ___etext__                                       
0     0000b6f8  etext                                            
0     0000b6fa  ___TI_cleanup_ptr                                
0     0000b6fc  ___TI_dtors_ptr                                  
0     0000b6fe  __lock                                           
0     0000b700  _gCounter_updateGlobals                          
0     0000b701  _Flag_Latch_softwareUpdate                       
0     0000b702  _gLEDcnt                                         
0     0000b703  _gLs_qFmt                                        
0     0000b704  _gMax_Ls_qFmt                                    
0     0000b706  _ctrlHandle                                      
0     0000b708  _halHandle                                       
0     0000b70a  _gMaxCurrentSlope                                
0     0000b70c  _controller_obj                                  
0     0000b70e  _gLs_pu                                          
0     0000b710  _gPwmData                                        
0     0000b716  _gAdcData                                        
0     0000b726  _gDrvSpi8301Vars                                 
0     0000b740  _gMotorVars                                      
0     0000b7c0  _gUserParams                                     
0     0000b86c  __unlock                                         
0     0000b870  _cpu                                             
0     0000b871  _errno                                           
0     0000b880  _hal                                             
0     0000b92a  __IQ24sqrt                                       
0     0000b96c  __IQ24sinPU                                      
0     0000b995  __IQ24cosPU                                      
0     0000b9bc  __IQ30toF                                        
0     003fdc30  _IQsinTable                                      
0     003fdd30  _IQcosTable                                      
0     003fe030  _IQsinTableEnd                                   
0     003fe132  _IQcosTableEnd                                   
0     003fe132  _IQdivRoundSatTable                              
0     003fe140  _IQdivTable                                      
0     003fe342  _IQdivTableEnd                                   
0     003fe342  _IQisqrtRoundSatTable                            
0     003fe342  _IQsqrtRoundSatTable                             
0     003fe352  _IQisqrtTable                                    
0     003fe352  _IQsqrtTable                                     
0     003fe454  _IQatan2HalfPITable                              
0     003fe454  _IQisqrtTableEnd                                 
0     003fe454  _IQsqrtTableEnd                                  
0     003fe492  _IQatan2Table                                    
0     003fe618  _IQ30mpyRndSatTable                              
0     003fe618  _IQatan2TableEnd                                 
0     003fe618  _IQmpyRndSatTable                                
0     003fe624  _IQ29mpyRndSatTable                              
0     003fe630  _IQ28mpyRndSatTable                              
0     003fe63c  _IQ27mpyRndSatTable                              
0     003fe648  _IQ26mpyRndSatTable                              
0     003fe654  _IQ25mpyRndSatTable                              
0     003fe660  _IQ24mpyRndSatTable                              
0     003fe66c  _IQ23mpyRndSatTable                              
0     003fe678  _IQ22mpyRndSatTable                              
0     003fe684  _IQ21mpyRndSatTable                              
0     003fe690  _IQ20mpyRndSatTable                              
0     003fe69c  _IQ19mpyRndSatTable                              
0     003fe6a8  _IQ18mpyRndSatTable                              
0     003fe6b4  _IQ17mpyRndSatTable                              
0     003fe6c0  _IQ16mpyRndSatTable                              
0     003fe6cc  _IQ15mpyRndSatTable                              
0     003fe6d8  _IQ14mpyRndSatTable                              
0     003fe6e4  _IQ13mpyRndSatTable                              
0     003fe6f0  _IQ12mpyRndSatTable                              
0     003fe6fc  _IQ11mpyRndSatTable                              
0     003fe708  _IQ10mpyRndSatTable                              
0     003fe714  _IQ9mpyRndSatTable                               
0     003fe720  _IQ8mpyRndSatTable                               
0     003fe72c  _IQ7mpyRndSatTable                               
0     003fe738  _IQ6mpyRndSatTable                               
0     003fe744  _IQ5mpyRndSatTable                               
0     003fe750  _IQ4mpyRndSatTable                               
0     003fe75c  _IQ3mpyRndSatTable                               
0     003fe768  _IQ2mpyRndSatTable                               
0     003fe774  _IQ1mpyRndSatTable                               
0     003fe780  _IQmpyRndSatTableEnd                             
1     00000400  __stack                                          
1     000007b0  __STACK_END                                      
abs   00000036  _RamfuncsLoadSize                                
abs   000003b0  __STACK_SIZE                                     
abs   003f861b  _EST_getState                                    
abs   003f861d  _EST_useZeroIq_ref                               
abs   003f8679  _EST_isMotorIdentified                           
abs   003f86ad  _EST_computeDirection_qFmt                       
abs   003f8713  _EST_updateState                                 
abs   003f89f5  _EST_updateId_ref_pu                             
abs   003f8a18  _EST_setRs_pu                                    
abs   003f8adb  _EST_setMaxCurrentSlope_pu                       
abs   003f8ae7  _EST_setLs_q_pu                                  
abs   003f8af1  _EST_setLs_qFmt                                  
abs   003f8b45  _EST_setLs_d_pu                                  
abs   003f8b63  _EST_setIq_ref_pu                                
abs   003f8b67  _EST_setIdle_all                                 
abs   003f8b7a  _EST_setIdle                                     
abs   003f8b80  _EST_setId_ref_pu                                
abs   003f8bdb  _EST_setFlag_enableForceAngle                    
abs   003f8be4  _EST_setFe_pos_min_pu                            
abs   003f8be8  _EST_setFe_neg_max_pu                            
abs   003f8bf5  _EST_setDir_qFmt                                 
abs   003f8c0d  _EST_getAngle_pu                                 
abs   003f927b  _EST_run                                         
abs   003f9378  _EST_isOnLine                                    
abs   003f937f  _EST_isLockRotor                                 
abs   003f9386  _EST_isIdle                                      
abs   003f938d  _EST_isError                                     
abs   003f9453  _EST_get_pu_to_krpm_sf                           
abs   003f9458  _EST_get_krpm_to_pu_sf                           
abs   003f94c6  _EST_getSpeed_krpm                               
abs   003f9513  _EST_getRs_Ohm                                   
abs   003f95ad  _EST_getRr_Ohm                                   
abs   003f95b3  _EST_getOneOverDcBus_pu                          
abs   003f95bd  _EST_getMaxCurrentSlope_pu                       
abs   003f95c9  _EST_getLs_q_pu                                  
abs   003f95ce  _EST_getLs_q_H                                   
abs   003f95d3  _EST_getLs_qFmt                                  
abs   003f95f0  _EST_getLs_d_pu                                  
abs   003f95f5  _EST_getLs_d_H                                   
abs   003f95ff  _EST_getLs_coarse_max_pu                         
abs   003f9632  _EST_getIdRated                                  
abs   003f968e  _EST_getFm_pu                                    
abs   003f96ab  _EST_getFlux_pu                                  
abs   003f96be  _EST_getFlux_VpHz                                
abs   003f9758  _EST_doSpeedCtrl                                 
abs   003f9760  _EST_doCurrentCtrl                               
abs   003f9806  _CTRL_setupTraj                                  
abs   003f996a  _CTRL_setupEstOnLineState                        
abs   003f99a5  _CTRL_setupEstIdleState                          
abs   003f9b43  _CTRL_setupCtrl                                  
abs   003f9d31  _CTRL_setUserMotorParams                         
abs   003f9e64  _CTRL_setEstParams                               
abs   003fa5d1  _CTRL_runTraj                                    
abs   003fa6fb  _CTRL_initCtrl                                   
abs   003fa721  _CTRL_getVersion                                 
abs   ffffffff  ___TI_pprof_out_hndl                             
abs   ffffffff  ___TI_prof_data_size                             
abs   ffffffff  ___TI_prof_data_start                            
abs   ffffffff  ___binit__                                       
abs   ffffffff  ___c_args__                                      
abs   ffffffff  ___pinit__                                       
abs   ffffffff  binit                                            
abs   ffffffff  pinit                                            

[673 symbols]
