******************************************************************************
             TMS320C2000 Linker PC v18.12.3                    
******************************************************************************
>> Linked Thu Dec  2 17:43:10 2021

OUTPUT FILE NAME:   <proj_lab05a.out>
ENTRY POINT SYMBOL: "_c_int00"  address: 0000b23d


MEMORY CONFIGURATION

         name            origin    length      used     unused   attr    fill
----------------------  --------  ---------  --------  --------  ----  --------
PAGE 0:
  BEGIN                 00000000   00000002  00000002  00000000  RWIX
  RAMM0                 00000050   000003b0  000000f5  000002bb  RWIX
  RAML0_L8              00008000   0000b800  00003992  00007e6e  RWIX
  FPUTABLES             003fd590   000006a0  00000000  000006a0  RWIX
  IQTABLES              003fdc30   00000b50  00000b50  00000000  RWIX
  IQTABLES2             003fe780   0000008c  00000000  0000008c  RWIX
  IQTABLES3             003fe80c   000000aa  00000000  000000aa  RWIX
  BOOTROM               003ff3b0   00000c10  00000000  00000c10  RWIX
  RESET                 003fffc0   00000002  00000000  00000002  RWIX

PAGE 1:
  BOOT_RSVD             00000002   0000004e  00000000  0000004e  RWIX
  RAMM1                 00000400   00000400  000003b0  00000050  RWIX
  USB_RAM               00040000   00000800  00000000  00000800  RWIX


SECTION ALLOCATION MAP

 output                                  attributes/
section   page    origin      length       input sections
--------  ----  ----------  ----------   ----------------
codestart 
*          0    00000000    00000002     
                  00000000    00000002     CodeStartBranch.obj (codestart)

.cinit     0    00000050    000000bf     
                  00000050    0000009d     proj_lab05a.obj (.cinit)
                  000000ed    0000000e     rts2800_ml.lib : exit.c.obj (.cinit)
                  000000fb    00000005                    : _lock.c.obj (.cinit:__lock)
                  00000100    00000005                    : _lock.c.obj (.cinit:__unlock)
                  00000105    00000004     drv8301.obj (.cinit)
                  00000109    00000004     rts2800_ml.lib : errno.c.obj (.cinit)
                  0000010d    00000002     --HOLE-- [fill = 0]

ramfuncs   0    0000010f    00000036     
                  0000010f    00000032     flash.obj (ramfuncs)
                  00000141    00000004     usDelay.obj (ramfuncs)

.text      0    00008000    000035de     
                  00008000    00000af3     hal.obj (.text)
                  00008af3    00000994     ctrl.obj (.text)
                  00009487    00000435     user.obj (.text)
                  000098bc    0000041e     rts2800_ml.lib : e_powf.c.obj (.text)
                  00009cda    00000342     proj_lab05a.obj (.text)
                  0000a01c    000002f7     pwm.obj (.text)
                  0000a313    000002d2     drv8301.obj (.text)
                  0000a5e5    000001ee     adc.obj (.text)
                  0000a7d3    0000018a     clk.obj (.text)
                  0000a95d    00000187     rts2800_ml.lib : e_logf.c.obj (.text)
                  0000aae4    0000017f     gpio.obj (.text)
                  0000ac63    00000102     pie.obj (.text)
                  0000ad65    000000c1     proj_lab05a.obj (.text:retain)
                  0000ae26    000000a9     spi.obj (.text)
                  0000aecf    00000083     rts2800_ml.lib : fd_mpy28.asm.obj (.text)
                  0000af52    00000083                    : fs_div28.asm.obj (.text)
                  0000afd5    00000078                    : fs_add28.asm.obj (.text)
                  0000b04d    00000075                    : e_sqrtf.c.obj (.text)
                  0000b0c2    00000069                    : s_ceilf.c.obj (.text)
                  0000b12b    0000005d                    : s_scalbnf.c.obj (.text)
                  0000b188    0000005b     pll.obj (.text)
                  0000b1e3    0000005a     rts2800_ml.lib : fs_mpy28.asm.obj (.text)
                  0000b23d    00000054                    : boot28.asm.obj (.text)
                  0000b291    00000047     offset.obj (.text)
                  0000b2d8    00000046     wdog.obj (.text)
                  0000b31e    00000044     pwr.obj (.text)
                  0000b362    00000032     timer.obj (.text)
                  0000b394    0000002d     osc.obj (.text)
                  0000b3c1    00000029     rts2800_ml.lib : exit.c.obj (.text)
                  0000b3ea    00000025     cpu.obj (.text)
                  0000b40f    00000025     rts2800_ml.lib : fs_toi28.asm.obj (.text)
                  0000b434    00000024                    : cpy_tbl.c.obj (.text)
                  0000b458    00000021     filter_fo.obj (.text)
                  0000b479    00000021     rts2800_ml.lib : fs_toul28.asm.obj (.text)
                  0000b49a    00000020     flash.obj (.text)
                  0000b4ba    0000001f     rts2800_ml.lib : fd_tol28.asm.obj (.text)
                  0000b4d9    0000001d                    : fs_tou28.asm.obj (.text)
                  0000b4f6    0000001d                    : memcpy.c.obj (.text)
                  0000b513    0000001c                    : fs_tofd28.asm.obj (.text)
                  0000b52f    0000001a                    : i_tofs28.asm.obj (.text)
                  0000b549    0000001a                    : l_tofs28.asm.obj (.text)
                  0000b563    00000019                    : args_main.c.obj (.text)
                  0000b57c    00000017                    : fs_cmp28.asm.obj (.text)
                  0000b593    00000013                    : ul_tofs28.asm.obj (.text)
                  0000b5a6    00000010                    : u_tofs28.asm.obj (.text)
                  0000b5b6    0000000a                    : s_copysignf.c.obj (.text)
                  0000b5c0    00000009                    : _lock.c.obj (.text)
                  0000b5c9    00000008     CodeStartBranch.obj (.text)
                  0000b5d1    00000005     pie.obj (.text:retain)
                  0000b5d6    00000005     rts2800_ml.lib : fs_neg28.asm.obj (.text)
                  0000b5db    00000002                    : pre_init.c.obj (.text)
                  0000b5dd    00000001                    : startup.c.obj (.text)

.pinit     0    00000050    00000000     UNINITIALIZED

.reset     0    003fffc0    00000002     DSECT
                  003fffc0    00000002     rts2800_ml.lib : boot28.asm.obj (.reset)

.ebss      0    0000b5de    0000028c     UNINITIALIZED
                  0000b5de    00000006     rts2800_ml.lib : exit.c.obj (.ebss)
                  0000b5e4    00000002                    : _lock.c.obj (.ebss:__lock)
                  0000b5e6    00000002                    : _lock.c.obj (.ebss:__unlock)
                  0000b5e8    00000002     drv8301.obj (.ebss)
                  0000b5ea    00000001     cpu.obj (.ebss)
                  0000b5eb    00000001     rts2800_ml.lib : errno.c.obj (.ebss)
                  0000b5ec    00000014     --HOLE--
                  0000b600    000001ac     proj_lab05a.obj (.ebss)
                  0000b7ac    00000014     --HOLE--
                  0000b7c0    000000aa     hal.obj (.ebss)

.econst    0    0000b910    00000082     
                  0000b910    00000032     rts2800_ml.lib : e_powf.c.obj (.econst)
                  0000b942    00000010                    : e_logf.c.obj (.econst)
                  0000b952    00000008     user.obj (.econst)
                  0000b95a    00000006     rts2800_ml.lib : s_scalbnf.c.obj (.econst)
                  0000b960    00000004     ctrl.obj (.econst:_$P$T0$1)
                  0000b964    00000004     ctrl.obj (.econst:_$P$T1$2)
                  0000b968    00000004     ctrl.obj (.econst:_$P$T2$3)
                  0000b96c    00000004     ctrl.obj (.econst:_$P$T3$4)
                  0000b970    00000004     ctrl.obj (.econst:_$P$T4$5)
                  0000b974    00000004     ctrl.obj (.econst:_$P$T5$6)
                  0000b978    00000004     rts2800_ml.lib : e_powf.c.obj (.econst:_bp)
                  0000b97c    00000004                    : e_powf.c.obj (.econst:_dp_h)
                  0000b980    00000004                    : e_powf.c.obj (.econst:_dp_l)
                  0000b984    00000004     ctrl.obj (.econst)
                  0000b988    00000004     hal.obj (.econst)
                  0000b98c    00000004     rts2800_ml.lib : e_sqrtf.c.obj (.econst)
                  0000b990    00000002                    : s_ceilf.c.obj (.econst)

.stack     1    00000400    000003b0     UNINITIALIZED
                  00000400    000003b0     --HOLE--

IQmath     0    0000b86a    000000a6     
                  0000b86a    00000042     IQmath.lib : IQ24sqrt.obj (IQmath)
                  0000b8ac    00000029                : IQ24sinPU.obj (IQmath)
                  0000b8d5    00000027                : IQ24cosPU.obj (IQmath)
                  0000b8fc    00000014                : IQ30toF.obj (IQmath)

IQmathTables 
*          0    003fdc30    00000b50     NOLOAD SECTION
                  003fdc30    00000b50     IQmath.lib : IQmathTables.obj (IQmathTables)

MODULE SUMMARY

       Module                code    initialized data   uninitialized data
       ------                ----    ----------------   ------------------
    .\
       hal.obj               2803    4                  170               
       ctrl.obj              2452    28                 0                 
       proj_lab05a.obj       1027    157                428               
       user.obj              1077    8                  0                 
       pwm.obj               759     0                  0                 
       drv8301.obj           722     4                  2                 
       adc.obj               494     0                  0                 
       clk.obj               394     0                  0                 
       gpio.obj              383     0                  0                 
       pie.obj               263     0                  0                 
       spi.obj               169     0                  0                 
       pll.obj               91      0                  0                 
       flash.obj             82      0                  0                 
       offset.obj            71      0                  0                 
       wdog.obj              70      0                  0                 
       pwr.obj               68      0                  0                 
       timer.obj             50      0                  0                 
       osc.obj               45      0                  0                 
       cpu.obj               37      0                  1                 
       filter_fo.obj         33      0                  0                 
       CodeStartBranch.obj   10      0                  0                 
       usDelay.obj           4       0                  0                 
    +--+---------------------+-------+------------------+--------------------+
       Total:                11104   201                601               
                                                                          
    C:/ti/ccs920/ccs/tools/compiler/ti-cgt-c2000_18.12.3.LTS/lib/rts2800_ml.lib
       e_powf.c.obj          1054    62                 0                 
       e_logf.c.obj          391     16                 0                 
       fd_mpy28.asm.obj      131     0                  0                 
       fs_div28.asm.obj      131     0                  0                 
       e_sqrtf.c.obj         117     4                  0                 
       fs_add28.asm.obj      120     0                  0                 
       s_ceilf.c.obj         105     2                  0                 
       s_scalbnf.c.obj       93      6                  0                 
       fs_mpy28.asm.obj      90      0                  0                 
       boot28.asm.obj        84      0                  0                 
       exit.c.obj            41      14                 6                 
       fs_toi28.asm.obj      37      0                  0                 
       cpy_tbl.c.obj         36      0                  0                 
       fs_toul28.asm.obj     33      0                  0                 
       fd_tol28.asm.obj      31      0                  0                 
       fs_tou28.asm.obj      29      0                  0                 
       memcpy.c.obj          29      0                  0                 
       fs_tofd28.asm.obj     28      0                  0                 
       i_tofs28.asm.obj      26      0                  0                 
       l_tofs28.asm.obj      26      0                  0                 
       args_main.c.obj       25      0                  0                 
       _lock.c.obj           9       10                 4                 
       fs_cmp28.asm.obj      23      0                  0                 
       ul_tofs28.asm.obj     19      0                  0                 
       u_tofs28.asm.obj      16      0                  0                 
       s_copysignf.c.obj     10      0                  0                 
       errno.c.obj           0       4                  1                 
       fs_neg28.asm.obj      5       0                  0                 
       pre_init.c.obj        2       0                  0                 
       startup.c.obj         1       0                  0                 
    +--+---------------------+-------+------------------+--------------------+
       Total:                2742    118                11                
                                                                          
    E:/motor control/Motor_control-master/motorware/sw/modules/iqmath/lib/f28x/32b/IQmath.lib
       IQmathTables.obj      0       2896               0                 
       IQ24sqrt.obj          0       66                 0                 
       IQ24sinPU.obj         0       41                 0                 
       IQ24cosPU.obj         0       39                 0                 
       IQ30toF.obj           0       20                 0                 
    +--+---------------------+-------+------------------+--------------------+
       Total:                0       3062               0                 
                                                                          
       Stack:                0       0                  944               
    +--+---------------------+-------+------------------+--------------------+
       Grand Total:          13846   3381               1556              


GLOBAL DATA SYMBOLS: SORTED BY DATA PAGE

address     data page           name
--------    ----------------    ----
00000400      10 (00000400)     __stack

0000b5de     2d7 (0000b5c0)     ___TI_enable_exit_profile_output
0000b5e0     2d7 (0000b5c0)     ___TI_cleanup_ptr
0000b5e2     2d7 (0000b5c0)     ___TI_dtors_ptr
0000b5e4     2d7 (0000b5c0)     __lock
0000b5e6     2d7 (0000b5c0)     __unlock
0000b5ea     2d7 (0000b5c0)     _cpu
0000b5eb     2d7 (0000b5c0)     _errno

0000b600     2d8 (0000b600)     _gCounter_updateGlobals
0000b601     2d8 (0000b600)     _Flag_Latch_softwareUpdate
0000b602     2d8 (0000b600)     _gLEDcnt
0000b604     2d8 (0000b600)     _ctrlHandle
0000b606     2d8 (0000b600)     _halHandle
0000b608     2d8 (0000b600)     _gMaxCurrentSlope
0000b60a     2d8 (0000b600)     _controller_obj
0000b60c     2d8 (0000b600)     _gFlux_pu_to_Wb_sf
0000b60e     2d8 (0000b600)     _gFlux_pu_to_VpHz_sf
0000b610     2d8 (0000b600)     _gTorque_Ls_Id_Iq_pu_to_Nm_sf
0000b612     2d8 (0000b600)     _gTorque_Flux_Iq_pu_to_Nm_sf
0000b614     2d8 (0000b600)     _gPwmData
0000b61a     2d8 (0000b600)     _gAdcData

0000b640     2d9 (0000b640)     _gDrvSpi8301Vars

0000b680     2da (0000b680)     _gMotorVars

0000b700     2dc (0000b700)     _gUserParams

0000b7c0     2df (0000b7c0)     _hal

0000b86a     2e1 (0000b840)     __IQ24sqrt

0000b8ac     2e2 (0000b880)     __IQ24sinPU

0000b8d5     2e3 (0000b8c0)     __IQ24cosPU
0000b8fc     2e3 (0000b8c0)     __IQ30toF

003fdc30    ff70 (003fdc00)     _IQsinTable

003fdd30    ff74 (003fdd00)     _IQcosTable

003fe030    ff80 (003fe000)     _IQsinTableEnd

003fe132    ff84 (003fe100)     _IQcosTableEnd
003fe132    ff84 (003fe100)     _IQdivRoundSatTable

003fe140    ff85 (003fe140)     _IQdivTable

003fe342    ff8d (003fe340)     _IQdivTableEnd
003fe342    ff8d (003fe340)     _IQisqrtRoundSatTable
003fe342    ff8d (003fe340)     _IQsqrtRoundSatTable
003fe352    ff8d (003fe340)     _IQisqrtTable
003fe352    ff8d (003fe340)     _IQsqrtTable

003fe454    ff91 (003fe440)     _IQatan2HalfPITable
003fe454    ff91 (003fe440)     _IQisqrtTableEnd
003fe454    ff91 (003fe440)     _IQsqrtTableEnd

003fe492    ff92 (003fe480)     _IQatan2Table

003fe618    ff98 (003fe600)     _IQ30mpyRndSatTable
003fe618    ff98 (003fe600)     _IQatan2TableEnd
003fe618    ff98 (003fe600)     _IQmpyRndSatTable
003fe624    ff98 (003fe600)     _IQ29mpyRndSatTable
003fe630    ff98 (003fe600)     _IQ28mpyRndSatTable
003fe63c    ff98 (003fe600)     _IQ27mpyRndSatTable

003fe648    ff99 (003fe640)     _IQ26mpyRndSatTable
003fe654    ff99 (003fe640)     _IQ25mpyRndSatTable
003fe660    ff99 (003fe640)     _IQ24mpyRndSatTable
003fe66c    ff99 (003fe640)     _IQ23mpyRndSatTable
003fe678    ff99 (003fe640)     _IQ22mpyRndSatTable

003fe684    ff9a (003fe680)     _IQ21mpyRndSatTable
003fe690    ff9a (003fe680)     _IQ20mpyRndSatTable
003fe69c    ff9a (003fe680)     _IQ19mpyRndSatTable
003fe6a8    ff9a (003fe680)     _IQ18mpyRndSatTable
003fe6b4    ff9a (003fe680)     _IQ17mpyRndSatTable

003fe6c0    ff9b (003fe6c0)     _IQ16mpyRndSatTable
003fe6cc    ff9b (003fe6c0)     _IQ15mpyRndSatTable
003fe6d8    ff9b (003fe6c0)     _IQ14mpyRndSatTable
003fe6e4    ff9b (003fe6c0)     _IQ13mpyRndSatTable
003fe6f0    ff9b (003fe6c0)     _IQ12mpyRndSatTable
003fe6fc    ff9b (003fe6c0)     _IQ11mpyRndSatTable

003fe708    ff9c (003fe700)     _IQ10mpyRndSatTable
003fe714    ff9c (003fe700)     _IQ9mpyRndSatTable
003fe720    ff9c (003fe700)     _IQ8mpyRndSatTable
003fe72c    ff9c (003fe700)     _IQ7mpyRndSatTable
003fe738    ff9c (003fe700)     _IQ6mpyRndSatTable

003fe744    ff9d (003fe740)     _IQ5mpyRndSatTable
003fe750    ff9d (003fe740)     _IQ4mpyRndSatTable
003fe75c    ff9d (003fe740)     _IQ3mpyRndSatTable
003fe768    ff9d (003fe740)     _IQ2mpyRndSatTable
003fe774    ff9d (003fe740)     _IQ1mpyRndSatTable

003fe780    ff9e (003fe780)     _IQmpyRndSatTableEnd


GLOBAL SYMBOLS: SORTED ALPHABETICALLY BY Name 

page  address   name                                             
----  -------   ----                                             
0     00008000  .text                                            
0     0000b3c1  C$$EXIT                                          
0     0000aecf  FD$$MPY                                          
0     0000b4ba  FD$$TOL                                          
0     0000afda  FS$$ADD                                          
0     0000b57c  FS$$CMP                                          
0     0000af52  FS$$DIV                                          
0     0000b1e3  FS$$MPY                                          
0     0000b5d6  FS$$NEG                                          
0     0000afd5  FS$$SUB                                          
0     0000b513  FS$$TOFD                                         
0     0000b40f  FS$$TOI                                          
0     0000b4d9  FS$$TOU                                          
0     0000b479  FS$$TOUL                                         
0     0000b52f  I$$TOFS                                          
0     0000b549  L$$TOFS                                          
0     0000b5a6  U$$TOFS                                          
0     0000b593  UL$$TOFS                                         
0     0000a7c9  _ADC_disable                                     
0     0000a7bf  _ADC_disableBandGap                              
0     0000a7a8  _ADC_disableInt                                  
0     0000a79e  _ADC_disableNoOverlapMode                        
0     0000a794  _ADC_disableRefBuffers                           
0     0000a78a  _ADC_disableVoltRefLoConv                        
0     0000a780  _ADC_enable                                      
0     0000a776  _ADC_enableBandGap                               
0     0000a760  _ADC_enableInt                                   
0     0000a756  _ADC_enableNoOverlapMode                         
0     0000a74c  _ADC_enableRefBuffers                            
0     0000a742  _ADC_enableVoltRefLoConv                         
0     0000a73a  _ADC_getDivideSelect                             
0     0000a732  _ADC_init                                        
0     0000a728  _ADC_powerDown                                   
0     0000a71e  _ADC_powerUp                                     
0     0000a714  _ADC_reset                                       
0     0000a703  _ADC_setDivideSelect                             
0     0000a6e2  _ADC_setIntMode                                  
0     0000a6d1  _ADC_setIntPulseGenMode                          
0     0000a6b0  _ADC_setIntSrc                                   
0     0000a6a9  _ADC_setOffTrim                                  
0     0000a692  _ADC_setSampleMode                               
0     0000a67f  _ADC_setSampleOverlapMode                        
0     0000a66b  _ADC_setSocChanNumber                            
0     0000a661  _ADC_setSocFrc                                   
0     0000a65a  _ADC_setSocFrcWord                               
0     0000a646  _ADC_setSocSampleDelay                           
0     0000a632  _ADC_setSocTrigSrc                               
0     0000a621  _ADC_setTempSensorSrc                            
0     0000a610  _ADC_setVoltRefSrc                               
0     0000a5e5  _ADC_setupSocTrigSrc                             
0     0000a956  _CLK_disableAdcClock                             
0     0000a94f  _CLK_disableClaClock                             
0     0000a949  _CLK_disableClkIn                                
0     0000a945  _CLK_disableCompClock                            
0     0000a93e  _CLK_disableCpuTimerClock                        
0     0000a938  _CLK_disableCrystalOsc                           
0     0000a931  _CLK_disableEcanaClock                           
0     0000a92a  _CLK_disableEcap1Clock                           
0     0000a923  _CLK_disableEqep1Clock                           
0     0000a91c  _CLK_disableEqep2Clock                           
0     0000a915  _CLK_disableGpioInputClock                       
0     0000a90e  _CLK_disableHrPwmClock                           
0     0000a907  _CLK_disableI2cClock                             
0     0000a900  _CLK_disableLinAClock                            
0     0000a8fa  _CLK_disableOsc1                                 
0     0000a8f4  _CLK_disableOsc1HaltMode                         
0     0000a8ee  _CLK_disableOsc2                                 
0     0000a8e8  _CLK_disableOsc2HaltMode                         
0     0000a8de  _CLK_disablePwmClock                             
0     0000a8d7  _CLK_disableSciaClock                            
0     0000a8d0  _CLK_disableScibClock                            
0     0000a8c9  _CLK_disableSpiaClock                            
0     0000a8c5  _CLK_disableSpibClock                            
0     0000a8be  _CLK_disableTbClockSync                          
0     0000a8b8  _CLK_disableWatchDogHaltMode                     
0     0000a8b1  _CLK_enableAdcClock                              
0     0000a8aa  _CLK_enableClaClock                              
0     0000a8a4  _CLK_enableClkIn                                 
0     0000a89e  _CLK_enableCompClock                             
0     0000a898  _CLK_enableCpuTimerClock                         
0     0000a892  _CLK_enableCrystalOsc                            
0     0000a88b  _CLK_enableEcanaClock                            
0     0000a884  _CLK_enableEcap1Clock                            
0     0000a87d  _CLK_enableEqep1Clock                            
0     0000a876  _CLK_enableEqep2Clock                            
0     0000a86f  _CLK_enableGpioInputClock                        
0     0000a868  _CLK_enableHrPwmClock                            
0     0000a861  _CLK_enableI2cClock                              
0     0000a85a  _CLK_enableLinAClock                             
0     0000a854  _CLK_enableOsc1                                  
0     0000a84e  _CLK_enableOsc1HaltMode                          
0     0000a848  _CLK_enableOsc2                                  
0     0000a842  _CLK_enableOsc2HaltMode                          
0     0000a839  _CLK_enablePwmClock                              
0     0000a832  _CLK_enableSciaClock                             
0     0000a82b  _CLK_enableScibClock                             
0     0000a824  _CLK_enableSpiaClock                             
0     0000a81d  _CLK_enableSpibClock                             
0     0000a816  _CLK_enableTbClockSync                           
0     0000a810  _CLK_enableWatchDogHaltMode                      
0     0000a80a  _CLK_init                                        
0     0000a803  _CLK_setClkOutPreScaler                          
0     0000a7fd  _CLK_setLowSpdPreScaler                          
0     0000a7f6  _CLK_setOsc2Src                                  
0     0000a7ef  _CLK_setOscSrc                                   
0     0000a7e8  _CLK_setTimer2PreScale                           
0     0000a7e1  _CLK_setTimer2Src                                
0     0000a7da  _CLK_setWatchDogSrc                              
0     0000a7d3  _CLK_setXClkInSrc                                
0     0000b40c  _CPU_clearIntFlags                               
0     0000b409  _CPU_disableDebugInt                             
0     0000b406  _CPU_disableGlobalInts                           
0     0000b401  _CPU_disableInt                                  
0     0000b3fe  _CPU_disableInts                                 
0     0000b3fb  _CPU_disableProtectedRegisterWrite               
0     0000b3f8  _CPU_enableDebugInt                              
0     0000b3f5  _CPU_enableGlobalInts                            
0     0000b3f1  _CPU_enableInt                                   
0     0000b3ee  _CPU_enableProtectedRegisterWrite                
0     0000b3ea  _CPU_init                                        
0     0000944b  _CTRL_getGains                                   
0     00009444  _CTRL_getIab_filt_pu                             
0     0000943d  _CTRL_getIab_in_pu                               
0     00009436  _CTRL_getIdq_in_pu                               
0     0000942f  _CTRL_getIdq_ref_pu                              
0     00009484  _CTRL_getMagCurrent_pu                           
0     00009481  _CTRL_getMaximumSpeed_pu                         
0     00009428  _CTRL_getVab_in_pu                               
0     00009421  _CTRL_getVab_out_pu                              
0     0000941a  _CTRL_getVdq_out_pu                              
abs   003fa721  _CTRL_getVersion                                 
0     00009411  _CTRL_getWaitTimes                               
abs   003fa6fb  _CTRL_initCtrl                                   
0     00008ee2  _CTRL_run                                        
abs   003fa5d1  _CTRL_runTraj                                    
abs   003f9e64  _CTRL_setEstParams                               
0     00008c5b  _CTRL_setGains                                   
0     0000947e  _CTRL_setMagCurrent_pu                           
0     0000947b  _CTRL_setMaximumSpeed_pu                         
0     00008c83  _CTRL_setParams                                  
0     00008c48  _CTRL_setSpd_ref_krpm                            
0     00008c45  _CTRL_setSpd_ref_pu                              
abs   003f9d31  _CTRL_setUserMotorParams                         
0     00008c3c  _CTRL_setWaitTimes                               
0     00008c32  _CTRL_setup                                      
0     00008c16  _CTRL_setupClarke_I                              
0     00008c00  _CTRL_setupClarke_V                              
abs   003f9b43  _CTRL_setupCtrl                                  
abs   003f99a5  _CTRL_setupEstIdleState                          
abs   003f996a  _CTRL_setupEstOnLineState                        
abs   003f9806  _CTRL_setupTraj                                  
0     00008ba6  _CTRL_setup_user                                 
0     00008af3  _CTRL_updateState                                
0     0000a5c3  _DRV8301_enable                                  
0     0000a5b1  _DRV8301_getDcCalMode                            
0     0000a596  _DRV8301_getFaultType                            
0     0000a590  _DRV8301_getId                                   
0     0000a589  _DRV8301_getOcLevel                              
0     0000a582  _DRV8301_getOcMode                               
0     0000a57b  _DRV8301_getOcOffTimeMode                        
0     0000a574  _DRV8301_getOcTwMode                             
0     0000a56d  _DRV8301_getPeakCurrent                          
0     0000a566  _DRV8301_getPwmMode                              
0     0000a55f  _DRV8301_getShuntAmpGain                         
0     0000a556  _DRV8301_init                                    
0     0000a550  _DRV8301_isFault                                 
0     0000a549  _DRV8301_isReset                                 
0     0000a4d3  _DRV8301_readData                                
0     0000a353  _DRV8301_readSpi                                 
0     0000a4c4  _DRV8301_reset                                   
0     0000a4a5  _DRV8301_setDcCalMode                            
0     0000a4a3  _DRV8301_setGpioHandle                           
0     0000a4a1  _DRV8301_setGpioNumber                           
0     0000a48d  _DRV8301_setOcLevel                              
0     0000a479  _DRV8301_setOcMode                               
0     0000a465  _DRV8301_setOcOffTimeMode                        
0     0000a451  _DRV8301_setOcTwMode                             
0     0000a43d  _DRV8301_setPeakCurrent                          
0     0000a429  _DRV8301_setPwmMode                              
0     0000a415  _DRV8301_setShuntAmpGain                         
0     0000a413  _DRV8301_setSpiHandle                            
0     0000a38b  _DRV8301_setupSpi                                
0     0000a32a  _DRV8301_writeData                               
0     0000a313  _DRV8301_writeSpi                                
abs   003f9760  _EST_doCurrentCtrl                               
abs   003f9758  _EST_doSpeedCtrl                                 
abs   003f8c0d  _EST_getAngle_pu                                 
abs   003f96be  _EST_getFlux_VpHz                                
abs   003f96ab  _EST_getFlux_pu                                  
abs   003f968e  _EST_getFm_pu                                    
abs   003f9632  _EST_getIdRated                                  
abs   003f95ff  _EST_getLs_coarse_max_pu                         
abs   003f95f5  _EST_getLs_d_H                                   
abs   003f95f0  _EST_getLs_d_pu                                  
abs   003f95ce  _EST_getLs_q_H                                   
abs   003f95c9  _EST_getLs_q_pu                                  
abs   003f95bd  _EST_getMaxCurrentSlope_pu                       
abs   003f95b3  _EST_getOneOverDcBus_pu                          
abs   003f95ad  _EST_getRr_Ohm                                   
abs   003f9513  _EST_getRs_Ohm                                   
abs   003f94c6  _EST_getSpeed_krpm                               
abs   003f861b  _EST_getState                                    
abs   003f9458  _EST_get_krpm_to_pu_sf                           
abs   003f9453  _EST_get_pu_to_krpm_sf                           
abs   003f938d  _EST_isError                                     
abs   003f9386  _EST_isIdle                                      
abs   003f937f  _EST_isLockRotor                                 
abs   003f8679  _EST_isMotorIdentified                           
abs   003f9378  _EST_isOnLine                                    
abs   003f927b  _EST_run                                         
abs   003f8bdb  _EST_setFlag_enableForceAngle                    
abs   003f8bd3  _EST_setFlag_enableRsRecalc                      
abs   003f8b80  _EST_setId_ref_pu                                
abs   003f8b7a  _EST_setIdle                                     
abs   003f8b67  _EST_setIdle_all                                 
abs   003f8b63  _EST_setIq_ref_pu                                
abs   003f8b45  _EST_setLs_d_pu                                  
abs   003f8af1  _EST_setLs_qFmt                                  
abs   003f8ae7  _EST_setLs_q_pu                                  
abs   003f8adb  _EST_setMaxCurrentSlope_pu                       
abs   003f8a18  _EST_setRs_pu                                    
abs   003f89f5  _EST_updateId_ref_pu                             
abs   003f8713  _EST_updateState                                 
abs   003f861d  _EST_useZeroIq_ref                               
0     0000b476  _FILTER_FO_getDenCoeffs                          
0     0000b46f  _FILTER_FO_getInitialConditions                  
0     0000b469  _FILTER_FO_getNumCoeffs                          
0     0000b463  _FILTER_FO_init                                  
0     0000b461  _FILTER_FO_setDenCoeffs                          
0     0000b45c  _FILTER_FO_setInitialConditions                  
0     0000b458  _FILTER_FO_setNumCoeffs                          
0     0000b4b4  _FLASH_clear3VStatus                             
0     0000013b  _FLASH_disablePipelineMode                       
0     00000135  _FLASH_enablePipelineMode                        
0     0000b4b1  _FLASH_get3VStatus                               
0     0000b4ae  _FLASH_getActiveWaitCount                        
0     0000b4aa  _FLASH_getActiveWaitStatus                       
0     0000b4a7  _FLASH_getPowerMode                              
0     0000b4a4  _FLASH_getStandbyWaitCount                       
0     0000b4a0  _FLASH_getStandbyWaitStatus                      
0     0000b49a  _FLASH_init                                      
0     00000130  _FLASH_setActiveWaitCount                        
0     00000129  _FLASH_setNumPagedReadWaitStates                 
0     00000122  _FLASH_setNumRandomReadWaitStates                
0     0000011b  _FLASH_setOtpWaitStates                          
0     00000114  _FLASH_setPowerMode                              
0     0000010f  _FLASH_setStandbyWaitCount                       
0     0000b601  _Flag_Latch_softwareUpdate                       
0     0000ac55  _GPIO_getData                                    
0     0000ac4a  _GPIO_getPortData                                
0     0000ac44  _GPIO_init                                       
0     0000ac3a  _GPIO_lpmSelect                                  
0     0000ac27  _GPIO_read                                       
0     0000ac0d  _GPIO_setDirection                               
0     0000ac02  _GPIO_setExtInt                                  
0     0000abf2  _GPIO_setHigh                                    
0     0000abe2  _GPIO_setLow                                     
0     0000abae  _GPIO_setMode                                    
0     0000aba0  _GPIO_setPortData                                
0     0000ab86  _GPIO_setPullup                                  
0     0000ab49  _GPIO_setQualification                           
0     0000aaf4  _GPIO_setQualificationPeriod                     
0     0000aae4  _GPIO_toggle                                     
0     000085ce  _HAL_AdcCalChanSelect                            
0     00008625  _HAL_AdcCalConversion                            
0     0000877d  _HAL_AdcOffsetSelfCal                            
0     00008843  _HAL_OscTempComp                                 
0     00008898  _HAL_cal                                         
0     00008aef  _HAL_disableGlobalInts                           
0     000089ec  _HAL_disableWdog                                 
0     00008add  _HAL_enableAdcInts                               
0     00008ad9  _HAL_enableDebugInt                              
0     00008ad4  _HAL_enableDrv                                   
0     00008ad0  _HAL_enableGlobalInts                            
0     00008abf  _HAL_enablePwmInt                                
0     000087b0  _HAL_getOscTrimValue                             
0     000089f1  _HAL_init                                        
0     000087c3  _HAL_osc1Comp                                    
0     00008803  _HAL_osc2Comp                                    
0     000089e7  _HAL_readDrvData                                 
0     000089cd  _HAL_setDacParameters                            
0     000088af  _HAL_setParams                                   
0     00008506  _HAL_setupAdcs                                   
0     000084ea  _HAL_setupClks                                   
0     000084e5  _HAL_setupDrvSpi                                 
0     000084c7  _HAL_setupFaults                                 
0     000084a9  _HAL_setupFlash                                  
0     00008494  _HAL_setupGate                                   
0     000082eb  _HAL_setupGpios                                  
0     000082a1  _HAL_setupPeripheralClks                         
0     0000827f  _HAL_setupPie                                    
0     00008240  _HAL_setupPll                                    
0     000081b3  _HAL_setupPwmDacs                                
0     000080db  _HAL_setupPwms                                   
0     00008095  _HAL_setupSpiA                                   
0     0000805f  _HAL_setupSpiB                                   
0     00008005  _HAL_setupTimers                                 
0     00008000  _HAL_writeDrvData                                
0     003fe708  _IQ10mpyRndSatTable                              
0     003fe6fc  _IQ11mpyRndSatTable                              
0     003fe6f0  _IQ12mpyRndSatTable                              
0     003fe6e4  _IQ13mpyRndSatTable                              
0     003fe6d8  _IQ14mpyRndSatTable                              
0     003fe6cc  _IQ15mpyRndSatTable                              
0     003fe6c0  _IQ16mpyRndSatTable                              
0     003fe6b4  _IQ17mpyRndSatTable                              
0     003fe6a8  _IQ18mpyRndSatTable                              
0     003fe69c  _IQ19mpyRndSatTable                              
0     003fe774  _IQ1mpyRndSatTable                               
0     003fe690  _IQ20mpyRndSatTable                              
0     003fe684  _IQ21mpyRndSatTable                              
0     003fe678  _IQ22mpyRndSatTable                              
0     003fe66c  _IQ23mpyRndSatTable                              
0     003fe660  _IQ24mpyRndSatTable                              
0     003fe654  _IQ25mpyRndSatTable                              
0     003fe648  _IQ26mpyRndSatTable                              
0     003fe63c  _IQ27mpyRndSatTable                              
0     003fe630  _IQ28mpyRndSatTable                              
0     003fe624  _IQ29mpyRndSatTable                              
0     003fe768  _IQ2mpyRndSatTable                               
0     003fe618  _IQ30mpyRndSatTable                              
0     003fe75c  _IQ3mpyRndSatTable                               
0     003fe750  _IQ4mpyRndSatTable                               
0     003fe744  _IQ5mpyRndSatTable                               
0     003fe738  _IQ6mpyRndSatTable                               
0     003fe72c  _IQ7mpyRndSatTable                               
0     003fe720  _IQ8mpyRndSatTable                               
0     003fe714  _IQ9mpyRndSatTable                               
0     003fe454  _IQatan2HalfPITable                              
0     003fe492  _IQatan2Table                                    
0     003fe618  _IQatan2TableEnd                                 
0     003fdd30  _IQcosTable                                      
0     003fe132  _IQcosTableEnd                                   
0     003fe132  _IQdivRoundSatTable                              
0     003fe140  _IQdivTable                                      
0     003fe342  _IQdivTableEnd                                   
0     003fe342  _IQisqrtRoundSatTable                            
0     003fe352  _IQisqrtTable                                    
0     003fe454  _IQisqrtTableEnd                                 
0     003fe618  _IQmpyRndSatTable                                
0     003fe780  _IQmpyRndSatTableEnd                             
0     003fdc30  _IQsinTable                                      
0     003fe030  _IQsinTableEnd                                   
0     003fe342  _IQsqrtRoundSatTable                             
0     003fe352  _IQsqrtTable                                     
0     003fe454  _IQsqrtTableEnd                                  
0     0000b2c9  _OFFSET_getBeta                                  
0     0000b2b8  _OFFSET_init                                     
0     0000b2a2  _OFFSET_setBeta                                  
0     0000b293  _OFFSET_setInitCond                              
0     0000b291  _OFFSET_setOffset                                
0     0000b3bb  _OSC_init                                        
0     0000b3ae  _OSC_setCoarseTrim                               
0     0000b39d  _OSC_setFineTrim                                 
0     0000b394  _OSC_setTrim                                     
0     0000ad5e  _PIE_clearAllFlags                               
0     0000ad5b  _PIE_clearAllInts                                
0     0000ad58  _PIE_disable                                     
0     0000ad51  _PIE_disableAllInts                              
0     0000ad4d  _PIE_disableCaptureInt                           
0     0000ad44  _PIE_disableExtInt                               
0     0000ad3a  _PIE_disableInt                                  
0     0000ad37  _PIE_enable                                      
0     0000ad1b  _PIE_enableAdcInt                                
0     0000ad17  _PIE_enableCaptureInt                            
0     0000acfa  _PIE_enableExtInt                                
0     0000acf1  _PIE_enableInt                                   
0     0000acec  _PIE_enablePwmInt                                
0     0000ace7  _PIE_enablePwmTzInt                              
0     0000ace4  _PIE_enableTimer0Int                             
0     0000acdb  _PIE_forceInt                                    
0     0000acd3  _PIE_getExtIntCount                              
0     0000accc  _PIE_getIntEnables                               
0     0000acc5  _PIE_getIntFlags                                 
0     0000b5d1  _PIE_illegalIsr                                  
0     0000acbd  _PIE_init                                        
0     0000acab  _PIE_registerPieIntHandler                       
0     0000aca0  _PIE_registerSystemIntHandler                    
0     0000ac95  _PIE_setDefaultIntVectorTable                    
0     0000ac84  _PIE_setExtIntPolarity                           
0     0000ac70  _PIE_unregisterPieIntHandler                     
0     0000ac63  _PIE_unregisterSystemIntHandler                  
0     0000b1dd  _PLL_disable                                     
0     0000b1d7  _PLL_disableClkDetect                            
0     0000b1d1  _PLL_disableNormRdy                              
0     0000b1cb  _PLL_disableOsc                                  
0     0000b1c5  _PLL_enable                                      
0     0000b1bf  _PLL_enableClkDetect                             
0     0000b1b9  _PLL_enableNormRdy                               
0     0000b1b3  _PLL_enableOsc                                   
0     0000b1af  _PLL_getClkFreq                                  
0     0000b1ac  _PLL_getClkStatus                                
0     0000b1a9  _PLL_getDivideSelect                             
0     0000b1a6  _PLL_getLockStatus                               
0     0000b1a0  _PLL_init                                        
0     0000b19a  _PLL_resetClkDetect                              
0     0000b194  _PLL_setClkFreq                                  
0     0000b18d  _PLL_setDivideSelect                             
0     0000b188  _PLL_setLockPeriod                               
0     0000a30d  _PWM_clearTripZone                               
0     0000a30a  _PWM_decrementDeadBandFallingEdgeDelay           
0     0000a307  _PWM_decrementDeadBandRisingEdgeDelay            
0     0000a300  _PWM_disableAutoConvert                          
0     0000a2fc  _PWM_disableChopping                             
0     0000a2f9  _PWM_disableCounterLoad                          
0     0000a2f6  _PWM_disableDeadBand                             
0     0000a2f2  _PWM_disableDeadBandHalfCycle                    
0     0000a2eb  _PWM_disableDigitalCompareBlankingWindow         
0     0000a2e4  _PWM_disableDigitalCompareBlankingWindowInversion
0     0000a2dd  _PWM_disableHrPeriod                             
0     0000a2d6  _PWM_disableHrPhaseSync                          
0     0000a2d2  _PWM_disableInt                                  
0     0000a2ce  _PWM_disableSocAPulse                            
0     0000a2ca  _PWM_disableSocBPulse                            
0     0000a2c3  _PWM_disableTripZoneInt                          
0     0000a2bc  _PWM_disableTripZoneSrc                          
0     0000a2b6  _PWM_disableTripZones                            
0     0000a2af  _PWM_enableAutoConvert                           
0     0000a2ab  _PWM_enableChopping                              
0     0000a2a8  _PWM_enableCounterLoad                           
0     0000a2a4  _PWM_enableDeadBandHalfCycle                     
0     0000a29d  _PWM_enableDigitalCompareBlankingWindow          
0     0000a296  _PWM_enableDigitalCompareBlankingWindowInversion 
0     0000a28f  _PWM_enableHrPeriod                              
0     0000a288  _PWM_enableHrPhaseSync                           
0     0000a284  _PWM_enableInt                                   
0     0000a280  _PWM_enableSocAPulse                             
0     0000a27c  _PWM_enableSocBPulse                             
0     0000a276  _PWM_enableTripZoneInt                           
0     0000a270  _PWM_enableTripZoneSrc                           
0     0000a26d  _PWM_getDeadBandFallingEdgeDelay                 
0     0000a26a  _PWM_getDeadBandRisingEdgeDelay                  
0     0000a266  _PWM_getIntCount                                 
0     0000a262  _PWM_getShadowStatus_CmpA                        
0     0000a25e  _PWM_getShadowStatus_CmpB                        
0     0000a259  _PWM_getSocACount                                
0     0000a254  _PWM_getSocBCount                                
0     0000a251  _PWM_incrementDeadBandFallingEdgeDelay           
0     0000a24e  _PWM_incrementDeadBandRisingEdgeDelay            
0     0000a248  _PWM_init                                        
0     0000a241  _PWM_setActionQualContSWForce_PwmA               
0     0000a238  _PWM_setActionQualContSWForce_PwmB               
0     0000a22f  _PWM_setActionQual_CntDown_CmpA_PwmA             
0     0000a226  _PWM_setActionQual_CntDown_CmpA_PwmB             
0     0000a21d  _PWM_setActionQual_CntDown_CmpB_PwmA             
0     0000a214  _PWM_setActionQual_CntDown_CmpB_PwmB             
0     0000a20b  _PWM_setActionQual_CntUp_CmpA_PwmA               
0     0000a202  _PWM_setActionQual_CntUp_CmpA_PwmB               
0     0000a1f9  _PWM_setActionQual_CntUp_CmpB_PwmA               
0     0000a1f0  _PWM_setActionQual_CntUp_CmpB_PwmB               
0     0000a1e7  _PWM_setActionQual_Period_PwmA                   
0     0000a1de  _PWM_setActionQual_Period_PwmB                   
0     0000a1d7  _PWM_setActionQual_Zero_PwmA                     
0     0000a1d0  _PWM_setActionQual_Zero_PwmB                     
0     0000a1c9  _PWM_setChoppingClkFreq                          
0     0000a1c2  _PWM_setChoppingDutyCycle                        
0     0000a1bb  _PWM_setChoppingPulseWidth                       
0     0000a1b7  _PWM_setClkDiv                                   
0     0000a1b5  _PWM_setCount                                    
0     0000a1b1  _PWM_setCounterMode                              
0     0000a1ae  _PWM_setDeadBandFallingEdgeDelay                 
0     0000a1a7  _PWM_setDeadBandInputMode                        
0     0000a1a0  _PWM_setDeadBandOutputMode                       
0     0000a199  _PWM_setDeadBandPolarity                         
0     0000a196  _PWM_setDeadBandRisingEdgeDelay                  
0     0000a17c  _PWM_setDigitalCompareAEvent1                    
0     0000a16c  _PWM_setDigitalCompareAEvent2                    
0     0000a152  _PWM_setDigitalCompareBEvent1                    
0     0000a142  _PWM_setDigitalCompareBEvent2                    
0     0000a136  _PWM_setDigitalCompareBlankingPulse              
0     0000a133  _PWM_setDigitalCompareFilterOffset               
0     0000a129  _PWM_setDigitalCompareFilterSource               
0     0000a126  _PWM_setDigitalCompareFilterWindow               
0     0000a117  _PWM_setDigitalCompareInput                      
0     0000a113  _PWM_setHighSpeedClkDiv                          
0     0000a109  _PWM_setHrControlMode                            
0     0000a0ff  _PWM_setHrEdgeMode                               
0     0000a0f5  _PWM_setHrShadowMode                             
0     0000a0ee  _PWM_setIntMode                                  
0     0000a0e7  _PWM_setIntPeriod                                
0     0000a0e3  _PWM_setLoadMode_CmpA                            
0     0000a0dd  _PWM_setLoadMode_CmpB                            
0     0000a0db  _PWM_setPeriod                                   
0     0000a0d6  _PWM_setPeriodHr                                 
0     0000a0d2  _PWM_setPeriodLoad                               
0     0000a0d0  _PWM_setPhase                                    
0     0000a0cc  _PWM_setPhaseDir                                 
0     0000a0c8  _PWM_setRunMode                                  
0     0000a0c2  _PWM_setShadowMode_CmpA                          
0     0000a0bc  _PWM_setShadowMode_CmpB                          
0     0000a0b3  _PWM_setSocAPeriod                               
0     0000a0a9  _PWM_setSocAPulseSrc                             
0     0000a0a0  _PWM_setSocBPeriod                               
0     0000a097  _PWM_setSocBPulseSrc                             
0     0000a094  _PWM_setSwSync                                   
0     0000a090  _PWM_setSyncMode                                 
0     0000a086  _PWM_setTripZoneDCEventSelect_DCAEVT1            
0     0000a07a  _PWM_setTripZoneDCEventSelect_DCAEVT2            
0     0000a06e  _PWM_setTripZoneDCEventSelect_DCBEVT1            
0     0000a062  _PWM_setTripZoneDCEventSelect_DCBEVT2            
0     0000a056  _PWM_setTripZoneState_DCAEVT1                    
0     0000a04a  _PWM_setTripZoneState_DCAEVT2                    
0     0000a03e  _PWM_setTripZoneState_DCBEVT1                    
0     0000a032  _PWM_setTripZoneState_DCBEVT2                    
0     0000a028  _PWM_setTripZoneState_TZA                        
0     0000a01c  _PWM_setTripZoneState_TZB                        
0     0000b35f  _PWR_disableBrownOutReset                        
0     0000b355  _PWR_disableWatchDogInt                          
0     0000b352  _PWR_enableBrownOutReset                         
0     0000b348  _PWR_enableWatchDogInt                           
0     0000b340  _PWR_init                                        
0     0000b32f  _PWR_setLowPowerMode                             
0     0000b31e  _PWR_setNumStandByClocks                         
0     00000145  _RamfuncsLoadEnd                                 
abs   00000036  _RamfuncsLoadSize                                
0     0000010f  _RamfuncsLoadStart                               
0     0000010f  _RamfuncsRunStart                                
0     0000aecb  _SPI_clearRxFifoInt                              
0     0000aec7  _SPI_clearRxFifoOvf                              
0     0000aec3  _SPI_clearTxFifoInt                              
0     0000aec0  _SPI_disableInt                                  
0     0000aebd  _SPI_disableLoopBack                             
0     0000aeba  _SPI_disableOverRunInt                           
0     0000aeb6  _SPI_disableRxFifoInt                            
0     0000aeb3  _SPI_disableTx                                   
0     0000aeaf  _SPI_disableTxFifoEnh                            
0     0000aeab  _SPI_disableTxFifoInt                            
0     0000aea8  _SPI_enable                                      
0     0000aea4  _SPI_enableChannels                              
0     0000aea1  _SPI_enableInt                                   
0     0000ae9e  _SPI_enableLoopBack                              
0     0000ae9b  _SPI_enableOverRunInt                            
0     0000ae97  _SPI_enableRxFifo                                
0     0000ae93  _SPI_enableRxFifoInt                             
0     0000ae90  _SPI_enableTx                                    
0     0000ae8c  _SPI_enableTxFifo                                
0     0000ae88  _SPI_enableTxFifoEnh                             
0     0000ae84  _SPI_enableTxFifoInt                             
0     0000ae81  _SPI_getIntFlagStatus                            
0     0000ae7d  _SPI_getRxFifoStatus                             
0     0000ae7a  _SPI_getTxBufferStatus                           
0     0000ae76  _SPI_getTxFifoStatus                             
0     0000ae70  _SPI_init                                        
0     0000ae6d  _SPI_reset                                       
0     0000ae69  _SPI_resetChannels                               
0     0000ae65  _SPI_resetRxFifo                                 
0     0000ae61  _SPI_resetTxFifo                                 
0     0000ae5f  _SPI_setBaudRate                                 
0     0000ae5b  _SPI_setCharLength                               
0     0000ae59  _SPI_setClkPhase                                 
0     0000ae55  _SPI_setClkPolarity                              
0     0000ae53  _SPI_setMode                                     
0     0000ae4c  _SPI_setPriority                                 
0     0000ae45  _SPI_setRxFifoIntLevel                           
0     0000ae3e  _SPI_setSteInv                                   
0     0000ae37  _SPI_setSuspend                                  
0     0000ae30  _SPI_setTriWire                                  
0     0000ae2d  _SPI_setTxDelay                                  
0     0000ae26  _SPI_setTxFifoIntLevel                           
0     0000b391  _TIMER_clearFlag                                 
0     0000b38e  _TIMER_disableInt                                
0     0000b38b  _TIMER_enableInt                                 
0     0000b388  _TIMER_getStatus                                 
0     0000b382  _TIMER_init                                      
0     0000b374  _TIMER_setDecimationFactor                       
0     0000b370  _TIMER_setEmulationMode                          
0     0000b362  _TIMER_setPreScaler                              
0     000097f7  _USER_calcPIgains                                
0     000097f3  _USER_checkForErrors                             
0     000097e5  _USER_computeFlux                                
0     000097a9  _USER_computeFlux_pu_to_VpHz_sf                  
0     0000976d  _USER_computeFlux_pu_to_Wb_sf                    
0     00009731  _USER_computeTorque_Flux_Iq_pu_to_Nm_sf          
0     000096f7  _USER_computeTorque_Ls_Id_Iq_pu_to_Nm_sf         
0     000096aa  _USER_computeTorque_Nm                           
0     00009652  _USER_computeTorque_lbin                         
0     0000964f  _USER_getErrorCode                               
0     0000964c  _USER_setErrorCode                               
0     0000950a  _USER_setParams                                  
0     00009487  _USER_softwareUpdate1p6                          
0     0000b316  _WDOG_clearCounter                               
0     0000b30e  _WDOG_disable                                    
0     0000b308  _WDOG_disableInt                                 
0     0000b302  _WDOG_disableOverRide                            
0     0000b2f9  _WDOG_enable                                     
0     0000b2f3  _WDOG_enableInt                                  
0     0000b2ed  _WDOG_enableOverRide                             
0     0000b2ea  _WDOG_getIntStatus                               
0     0000b2e4  _WDOG_init                                       
0     0000b2e2  _WDOG_setCount                                   
0     0000b2d8  _WDOG_setPreScaler                               
0     0000b8d5  __IQ24cosPU                                      
0     0000b8ac  __IQ24sinPU                                      
0     0000b86a  __IQ24sqrt                                       
0     0000b8fc  __IQ30toF                                        
1     000007b0  __STACK_END                                      
abs   000003b0  __STACK_SIZE                                     
0     0000b5e0  ___TI_cleanup_ptr                                
0     0000b5e2  ___TI_dtors_ptr                                  
0     0000b5de  ___TI_enable_exit_profile_output                 
abs   ffffffff  ___TI_pprof_out_hndl                             
abs   ffffffff  ___TI_prof_data_size                             
abs   ffffffff  ___TI_prof_data_start                            
abs   ffffffff  ___binit__                                       
abs   ffffffff  ___c_args__                                      
0     00000050  ___cinit__                                       
0     0000b5de  ___etext__                                       
abs   ffffffff  ___pinit__                                       
0     00008000  ___text__                                        
0     0000b563  __args_main                                      
0     0000b5e4  __lock                                           
0     0000b5c8  __nop                                            
0     0000b5c4  __register_lock                                  
0     0000b5c0  __register_unlock                                
1     00000400  __stack                                          
0     0000b5dd  __system_post_cinit                              
0     0000b5db  __system_pre_init                                
0     0000b5e6  __unlock                                         
0     0000b3c1  _abort                                           
0     0000b23d  _c_int00                                         
0     0000b0c2  _ceil                                            
0     0000b0c2  _ceilf                                           
0     0000b60a  _controller_obj                                  
0     0000b434  _copy_in                                         
0     0000b5b6  _copysign                                        
0     0000b5b6  _copysignf                                       
0     0000b5ea  _cpu                                             
0     0000b604  _ctrlHandle                                      
0     0000b5eb  _errno                                           
0     0000b3c3  _exit                                            
0     0000b61a  _gAdcData                                        
0     0000b600  _gCounter_updateGlobals                          
0     0000b640  _gDrvSpi8301Vars                                 
0     0000b60e  _gFlux_pu_to_VpHz_sf                             
0     0000b60c  _gFlux_pu_to_Wb_sf                               
0     0000b602  _gLEDcnt                                         
0     0000b608  _gMaxCurrentSlope                                
0     0000b680  _gMotorVars                                      
0     0000b614  _gPwmData                                        
0     0000b612  _gTorque_Flux_Iq_pu_to_Nm_sf                     
0     0000b610  _gTorque_Ls_Id_Iq_pu_to_Nm_sf                    
0     0000b700  _gUserParams                                     
0     0000b7c0  _hal                                             
0     0000b606  _halHandle                                       
0     0000b12b  _ldexp                                           
0     0000b12b  _ldexpf                                          
0     0000a95d  _log                                             
0     0000a95d  _logf                                            
0     00009ddb  _main                                            
0     0000ad65  _mainISR                                         
0     0000b4f6  _memcpy                                          
0     000098bc  _pow                                             
0     000098bc  _powf                                            
0     0000b12b  _scalbn                                          
0     0000b12b  _scalbnf                                         
0     0000b04d  _sqrt                                            
0     0000b04d  _sqrtf                                           
0     00009d1e  _updateGlobalVariables_motor                     
0     00009cf6  _updateIqRef                                     
0     00009cda  _updateKpKiGains                                 
0     00000141  _usDelay                                         
abs   ffffffff  binit                                            
0     00000050  cinit                                            
0     00000000  code_start                                       
0     0000b5de  etext                                            
abs   ffffffff  pinit                                            


GLOBAL SYMBOLS: SORTED BY Symbol Address 

page  address   name                                             
----  -------   ----                                             
0     00000000  code_start                                       
0     00000050  ___cinit__                                       
0     00000050  cinit                                            
0     0000010f  _FLASH_setStandbyWaitCount                       
0     0000010f  _RamfuncsLoadStart                               
0     0000010f  _RamfuncsRunStart                                
0     00000114  _FLASH_setPowerMode                              
0     0000011b  _FLASH_setOtpWaitStates                          
0     00000122  _FLASH_setNumRandomReadWaitStates                
0     00000129  _FLASH_setNumPagedReadWaitStates                 
0     00000130  _FLASH_setActiveWaitCount                        
0     00000135  _FLASH_enablePipelineMode                        
0     0000013b  _FLASH_disablePipelineMode                       
0     00000141  _usDelay                                         
0     00000145  _RamfuncsLoadEnd                                 
0     00008000  .text                                            
0     00008000  _HAL_writeDrvData                                
0     00008000  ___text__                                        
0     00008005  _HAL_setupTimers                                 
0     0000805f  _HAL_setupSpiB                                   
0     00008095  _HAL_setupSpiA                                   
0     000080db  _HAL_setupPwms                                   
0     000081b3  _HAL_setupPwmDacs                                
0     00008240  _HAL_setupPll                                    
0     0000827f  _HAL_setupPie                                    
0     000082a1  _HAL_setupPeripheralClks                         
0     000082eb  _HAL_setupGpios                                  
0     00008494  _HAL_setupGate                                   
0     000084a9  _HAL_setupFlash                                  
0     000084c7  _HAL_setupFaults                                 
0     000084e5  _HAL_setupDrvSpi                                 
0     000084ea  _HAL_setupClks                                   
0     00008506  _HAL_setupAdcs                                   
0     000085ce  _HAL_AdcCalChanSelect                            
0     00008625  _HAL_AdcCalConversion                            
0     0000877d  _HAL_AdcOffsetSelfCal                            
0     000087b0  _HAL_getOscTrimValue                             
0     000087c3  _HAL_osc1Comp                                    
0     00008803  _HAL_osc2Comp                                    
0     00008843  _HAL_OscTempComp                                 
0     00008898  _HAL_cal                                         
0     000088af  _HAL_setParams                                   
0     000089cd  _HAL_setDacParameters                            
0     000089e7  _HAL_readDrvData                                 
0     000089ec  _HAL_disableWdog                                 
0     000089f1  _HAL_init                                        
0     00008abf  _HAL_enablePwmInt                                
0     00008ad0  _HAL_enableGlobalInts                            
0     00008ad4  _HAL_enableDrv                                   
0     00008ad9  _HAL_enableDebugInt                              
0     00008add  _HAL_enableAdcInts                               
0     00008aef  _HAL_disableGlobalInts                           
0     00008af3  _CTRL_updateState                                
0     00008ba6  _CTRL_setup_user                                 
0     00008c00  _CTRL_setupClarke_V                              
0     00008c16  _CTRL_setupClarke_I                              
0     00008c32  _CTRL_setup                                      
0     00008c3c  _CTRL_setWaitTimes                               
0     00008c45  _CTRL_setSpd_ref_pu                              
0     00008c48  _CTRL_setSpd_ref_krpm                            
0     00008c5b  _CTRL_setGains                                   
0     00008c83  _CTRL_setParams                                  
0     00008ee2  _CTRL_run                                        
0     00009411  _CTRL_getWaitTimes                               
0     0000941a  _CTRL_getVdq_out_pu                              
0     00009421  _CTRL_getVab_out_pu                              
0     00009428  _CTRL_getVab_in_pu                               
0     0000942f  _CTRL_getIdq_ref_pu                              
0     00009436  _CTRL_getIdq_in_pu                               
0     0000943d  _CTRL_getIab_in_pu                               
0     00009444  _CTRL_getIab_filt_pu                             
0     0000944b  _CTRL_getGains                                   
0     0000947b  _CTRL_setMaximumSpeed_pu                         
0     0000947e  _CTRL_setMagCurrent_pu                           
0     00009481  _CTRL_getMaximumSpeed_pu                         
0     00009484  _CTRL_getMagCurrent_pu                           
0     00009487  _USER_softwareUpdate1p6                          
0     0000950a  _USER_setParams                                  
0     0000964c  _USER_setErrorCode                               
0     0000964f  _USER_getErrorCode                               
0     00009652  _USER_computeTorque_lbin                         
0     000096aa  _USER_computeTorque_Nm                           
0     000096f7  _USER_computeTorque_Ls_Id_Iq_pu_to_Nm_sf         
0     00009731  _USER_computeTorque_Flux_Iq_pu_to_Nm_sf          
0     0000976d  _USER_computeFlux_pu_to_Wb_sf                    
0     000097a9  _USER_computeFlux_pu_to_VpHz_sf                  
0     000097e5  _USER_computeFlux                                
0     000097f3  _USER_checkForErrors                             
0     000097f7  _USER_calcPIgains                                
0     000098bc  _pow                                             
0     000098bc  _powf                                            
0     00009cda  _updateKpKiGains                                 
0     00009cf6  _updateIqRef                                     
0     00009d1e  _updateGlobalVariables_motor                     
0     00009ddb  _main                                            
0     0000a01c  _PWM_setTripZoneState_TZB                        
0     0000a028  _PWM_setTripZoneState_TZA                        
0     0000a032  _PWM_setTripZoneState_DCBEVT2                    
0     0000a03e  _PWM_setTripZoneState_DCBEVT1                    
0     0000a04a  _PWM_setTripZoneState_DCAEVT2                    
0     0000a056  _PWM_setTripZoneState_DCAEVT1                    
0     0000a062  _PWM_setTripZoneDCEventSelect_DCBEVT2            
0     0000a06e  _PWM_setTripZoneDCEventSelect_DCBEVT1            
0     0000a07a  _PWM_setTripZoneDCEventSelect_DCAEVT2            
0     0000a086  _PWM_setTripZoneDCEventSelect_DCAEVT1            
0     0000a090  _PWM_setSyncMode                                 
0     0000a094  _PWM_setSwSync                                   
0     0000a097  _PWM_setSocBPulseSrc                             
0     0000a0a0  _PWM_setSocBPeriod                               
0     0000a0a9  _PWM_setSocAPulseSrc                             
0     0000a0b3  _PWM_setSocAPeriod                               
0     0000a0bc  _PWM_setShadowMode_CmpB                          
0     0000a0c2  _PWM_setShadowMode_CmpA                          
0     0000a0c8  _PWM_setRunMode                                  
0     0000a0cc  _PWM_setPhaseDir                                 
0     0000a0d0  _PWM_setPhase                                    
0     0000a0d2  _PWM_setPeriodLoad                               
0     0000a0d6  _PWM_setPeriodHr                                 
0     0000a0db  _PWM_setPeriod                                   
0     0000a0dd  _PWM_setLoadMode_CmpB                            
0     0000a0e3  _PWM_setLoadMode_CmpA                            
0     0000a0e7  _PWM_setIntPeriod                                
0     0000a0ee  _PWM_setIntMode                                  
0     0000a0f5  _PWM_setHrShadowMode                             
0     0000a0ff  _PWM_setHrEdgeMode                               
0     0000a109  _PWM_setHrControlMode                            
0     0000a113  _PWM_setHighSpeedClkDiv                          
0     0000a117  _PWM_setDigitalCompareInput                      
0     0000a126  _PWM_setDigitalCompareFilterWindow               
0     0000a129  _PWM_setDigitalCompareFilterSource               
0     0000a133  _PWM_setDigitalCompareFilterOffset               
0     0000a136  _PWM_setDigitalCompareBlankingPulse              
0     0000a142  _PWM_setDigitalCompareBEvent2                    
0     0000a152  _PWM_setDigitalCompareBEvent1                    
0     0000a16c  _PWM_setDigitalCompareAEvent2                    
0     0000a17c  _PWM_setDigitalCompareAEvent1                    
0     0000a196  _PWM_setDeadBandRisingEdgeDelay                  
0     0000a199  _PWM_setDeadBandPolarity                         
0     0000a1a0  _PWM_setDeadBandOutputMode                       
0     0000a1a7  _PWM_setDeadBandInputMode                        
0     0000a1ae  _PWM_setDeadBandFallingEdgeDelay                 
0     0000a1b1  _PWM_setCounterMode                              
0     0000a1b5  _PWM_setCount                                    
0     0000a1b7  _PWM_setClkDiv                                   
0     0000a1bb  _PWM_setChoppingPulseWidth                       
0     0000a1c2  _PWM_setChoppingDutyCycle                        
0     0000a1c9  _PWM_setChoppingClkFreq                          
0     0000a1d0  _PWM_setActionQual_Zero_PwmB                     
0     0000a1d7  _PWM_setActionQual_Zero_PwmA                     
0     0000a1de  _PWM_setActionQual_Period_PwmB                   
0     0000a1e7  _PWM_setActionQual_Period_PwmA                   
0     0000a1f0  _PWM_setActionQual_CntUp_CmpB_PwmB               
0     0000a1f9  _PWM_setActionQual_CntUp_CmpB_PwmA               
0     0000a202  _PWM_setActionQual_CntUp_CmpA_PwmB               
0     0000a20b  _PWM_setActionQual_CntUp_CmpA_PwmA               
0     0000a214  _PWM_setActionQual_CntDown_CmpB_PwmB             
0     0000a21d  _PWM_setActionQual_CntDown_CmpB_PwmA             
0     0000a226  _PWM_setActionQual_CntDown_CmpA_PwmB             
0     0000a22f  _PWM_setActionQual_CntDown_CmpA_PwmA             
0     0000a238  _PWM_setActionQualContSWForce_PwmB               
0     0000a241  _PWM_setActionQualContSWForce_PwmA               
0     0000a248  _PWM_init                                        
0     0000a24e  _PWM_incrementDeadBandRisingEdgeDelay            
0     0000a251  _PWM_incrementDeadBandFallingEdgeDelay           
0     0000a254  _PWM_getSocBCount                                
0     0000a259  _PWM_getSocACount                                
0     0000a25e  _PWM_getShadowStatus_CmpB                        
0     0000a262  _PWM_getShadowStatus_CmpA                        
0     0000a266  _PWM_getIntCount                                 
0     0000a26a  _PWM_getDeadBandRisingEdgeDelay                  
0     0000a26d  _PWM_getDeadBandFallingEdgeDelay                 
0     0000a270  _PWM_enableTripZoneSrc                           
0     0000a276  _PWM_enableTripZoneInt                           
0     0000a27c  _PWM_enableSocBPulse                             
0     0000a280  _PWM_enableSocAPulse                             
0     0000a284  _PWM_enableInt                                   
0     0000a288  _PWM_enableHrPhaseSync                           
0     0000a28f  _PWM_enableHrPeriod                              
0     0000a296  _PWM_enableDigitalCompareBlankingWindowInversion 
0     0000a29d  _PWM_enableDigitalCompareBlankingWindow          
0     0000a2a4  _PWM_enableDeadBandHalfCycle                     
0     0000a2a8  _PWM_enableCounterLoad                           
0     0000a2ab  _PWM_enableChopping                              
0     0000a2af  _PWM_enableAutoConvert                           
0     0000a2b6  _PWM_disableTripZones                            
0     0000a2bc  _PWM_disableTripZoneSrc                          
0     0000a2c3  _PWM_disableTripZoneInt                          
0     0000a2ca  _PWM_disableSocBPulse                            
0     0000a2ce  _PWM_disableSocAPulse                            
0     0000a2d2  _PWM_disableInt                                  
0     0000a2d6  _PWM_disableHrPhaseSync                          
0     0000a2dd  _PWM_disableHrPeriod                             
0     0000a2e4  _PWM_disableDigitalCompareBlankingWindowInversion
0     0000a2eb  _PWM_disableDigitalCompareBlankingWindow         
0     0000a2f2  _PWM_disableDeadBandHalfCycle                    
0     0000a2f6  _PWM_disableDeadBand                             
0     0000a2f9  _PWM_disableCounterLoad                          
0     0000a2fc  _PWM_disableChopping                             
0     0000a300  _PWM_disableAutoConvert                          
0     0000a307  _PWM_decrementDeadBandRisingEdgeDelay            
0     0000a30a  _PWM_decrementDeadBandFallingEdgeDelay           
0     0000a30d  _PWM_clearTripZone                               
0     0000a313  _DRV8301_writeSpi                                
0     0000a32a  _DRV8301_writeData                               
0     0000a353  _DRV8301_readSpi                                 
0     0000a38b  _DRV8301_setupSpi                                
0     0000a413  _DRV8301_setSpiHandle                            
0     0000a415  _DRV8301_setShuntAmpGain                         
0     0000a429  _DRV8301_setPwmMode                              
0     0000a43d  _DRV8301_setPeakCurrent                          
0     0000a451  _DRV8301_setOcTwMode                             
0     0000a465  _DRV8301_setOcOffTimeMode                        
0     0000a479  _DRV8301_setOcMode                               
0     0000a48d  _DRV8301_setOcLevel                              
0     0000a4a1  _DRV8301_setGpioNumber                           
0     0000a4a3  _DRV8301_setGpioHandle                           
0     0000a4a5  _DRV8301_setDcCalMode                            
0     0000a4c4  _DRV8301_reset                                   
0     0000a4d3  _DRV8301_readData                                
0     0000a549  _DRV8301_isReset                                 
0     0000a550  _DRV8301_isFault                                 
0     0000a556  _DRV8301_init                                    
0     0000a55f  _DRV8301_getShuntAmpGain                         
0     0000a566  _DRV8301_getPwmMode                              
0     0000a56d  _DRV8301_getPeakCurrent                          
0     0000a574  _DRV8301_getOcTwMode                             
0     0000a57b  _DRV8301_getOcOffTimeMode                        
0     0000a582  _DRV8301_getOcMode                               
0     0000a589  _DRV8301_getOcLevel                              
0     0000a590  _DRV8301_getId                                   
0     0000a596  _DRV8301_getFaultType                            
0     0000a5b1  _DRV8301_getDcCalMode                            
0     0000a5c3  _DRV8301_enable                                  
0     0000a5e5  _ADC_setupSocTrigSrc                             
0     0000a610  _ADC_setVoltRefSrc                               
0     0000a621  _ADC_setTempSensorSrc                            
0     0000a632  _ADC_setSocTrigSrc                               
0     0000a646  _ADC_setSocSampleDelay                           
0     0000a65a  _ADC_setSocFrcWord                               
0     0000a661  _ADC_setSocFrc                                   
0     0000a66b  _ADC_setSocChanNumber                            
0     0000a67f  _ADC_setSampleOverlapMode                        
0     0000a692  _ADC_setSampleMode                               
0     0000a6a9  _ADC_setOffTrim                                  
0     0000a6b0  _ADC_setIntSrc                                   
0     0000a6d1  _ADC_setIntPulseGenMode                          
0     0000a6e2  _ADC_setIntMode                                  
0     0000a703  _ADC_setDivideSelect                             
0     0000a714  _ADC_reset                                       
0     0000a71e  _ADC_powerUp                                     
0     0000a728  _ADC_powerDown                                   
0     0000a732  _ADC_init                                        
0     0000a73a  _ADC_getDivideSelect                             
0     0000a742  _ADC_enableVoltRefLoConv                         
0     0000a74c  _ADC_enableRefBuffers                            
0     0000a756  _ADC_enableNoOverlapMode                         
0     0000a760  _ADC_enableInt                                   
[...]
0     0000ad58  _PIE_disable                                     
0     0000ad5b  _PIE_clearAllInts                                
0     0000ad5e  _PIE_clearAllFlags                               
0     0000ad65  _mainISR                                         
0     0000ae26  _SPI_setTxFifoIntLevel                           
0     0000ae2d  _SPI_setTxDelay                                  
0     0000ae30  _SPI_setTriWire                                  
0     0000ae37  _SPI_setSuspend                                  
0     0000ae3e  _SPI_setSteInv                                   
0     0000ae45  _SPI_setRxFifoIntLevel                           
0     0000ae4c  _SPI_setPriority                                 
0     0000ae53  _SPI_setMode                                     
0     0000ae55  _SPI_setClkPolarity                              
0     0000ae59  _SPI_setClkPhase                                 
0     0000ae5b  _SPI_setCharLength                               
0     0000ae5f  _SPI_setBaudRate                                 
0     0000ae61  _SPI_resetTxFifo                                 
0     0000ae65  _SPI_resetRxFifo                                 
0     0000ae69  _SPI_resetChannels                               
0     0000ae6d  _SPI_reset                                       
0     0000ae70  _SPI_init                                        
0     0000ae76  _SPI_getTxFifoStatus                             
0     0000ae7a  _SPI_getTxBufferStatus                           
0     0000ae7d  _SPI_getRxFifoStatus                             
0     0000ae81  _SPI_getIntFlagStatus                            
0     0000ae84  _SPI_enableTxFifoInt                             
0     0000ae88  _SPI_enableTxFifoEnh                             
0     0000ae8c  _SPI_enableTxFifo                                
0     0000ae90  _SPI_enableTx                                    
0     0000ae93  _SPI_enableRxFifoInt                             
0     0000ae97  _SPI_enableRxFifo                                
0     0000ae9b  _SPI_enableOverRunInt                            
0     0000ae9e  _SPI_enableLoopBack                              
0     0000aea1  _SPI_enableInt                                   
0     0000aea4  _SPI_enableChannels                              
0     0000aea8  _SPI_enable                                      
0     0000aeab  _SPI_disableTxFifoInt                            
0     0000aeaf  _SPI_disableTxFifoEnh                            
0     0000aeb3  _SPI_disableTx                                   
0     0000aeb6  _SPI_disableRxFifoInt                            
0     0000aeba  _SPI_disableOverRunInt                           
0     0000aebd  _SPI_disableLoopBack                             
0     0000aec0  _SPI_disableInt                                  
0     0000aec3  _SPI_clearTxFifoInt                              
0     0000aec7  _SPI_clearRxFifoOvf                              
0     0000aecb  _SPI_clearRxFifoInt                              
0     0000aecf  FD$$MPY                                          
0     0000af52  FS$$DIV                                          
0     0000afd5  FS$$SUB                                          
0     0000afda  FS$$ADD                                          
0     0000b04d  _sqrt                                            
0     0000b04d  _sqrtf                                           
0     0000b0c2  _ceil                                            
0     0000b0c2  _ceilf                                           
0     0000b12b  _ldexp                                           
0     0000b12b  _ldexpf                                          
0     0000b12b  _scalbn                                          
0     0000b12b  _scalbnf                                         
0     0000b188  _PLL_setLockPeriod                               
0     0000b18d  _PLL_setDivideSelect                             
0     0000b194  _PLL_setClkFreq                                  
0     0000b19a  _PLL_resetClkDetect                              
0     0000b1a0  _PLL_init                                        
0     0000b1a6  _PLL_getLockStatus                               
0     0000b1a9  _PLL_getDivideSelect                             
0     0000b1ac  _PLL_getClkStatus                                
0     0000b1af  _PLL_getClkFreq                                  
0     0000b1b3  _PLL_enableOsc                                   
0     0000b1b9  _PLL_enableNormRdy                               
0     0000b1bf  _PLL_enableClkDetect                             
0     0000b1c5  _PLL_enable                                      
0     0000b1cb  _PLL_disableOsc                                  
0     0000b1d1  _PLL_disableNormRdy                              
0     0000b1d7  _PLL_disableClkDetect                            
0     0000b1dd  _PLL_disable                                     
0     0000b1e3  FS$$MPY                                          
0     0000b23d  _c_int00                                         
0     0000b291  _OFFSET_setOffset                                
0     0000b293  _OFFSET_setInitCond                              
0     0000b2a2  _OFFSET_setBeta                                  
0     0000b2b8  _OFFSET_init                                     
0     0000b2c9  _OFFSET_getBeta                                  
0     0000b2d8  _WDOG_setPreScaler                               
0     0000b2e2  _WDOG_setCount                                   
0     0000b2e4  _WDOG_init                                       
0     0000b2ea  _WDOG_getIntStatus                               
0     0000b2ed  _WDOG_enableOverRide                             
0     0000b2f3  _WDOG_enableInt                                  
0     0000b2f9  _WDOG_enable                                     
0     0000b302  _WDOG_disableOverRide                            
0     0000b308  _WDOG_disableInt                                 
0     0000b30e  _WDOG_disable                                    
0     0000b316  _WDOG_clearCounter                               
0     0000b31e  _PWR_setNumStandByClocks                         
0     0000b32f  _PWR_setLowPowerMode                             
0     0000b340  _PWR_init                                        
0     0000b348  _PWR_enableWatchDogInt                           
0     0000b352  _PWR_enableBrownOutReset                         
0     0000b355  _PWR_disableWatchDogInt                          
0     0000b35f  _PWR_disableBrownOutReset                        
0     0000b362  _TIMER_setPreScaler                              
0     0000b370  _TIMER_setEmulationMode                          
0     0000b374  _TIMER_setDecimationFactor                       
0     0000b382  _TIMER_init                                      
0     0000b388  _TIMER_getStatus                                 
0     0000b38b  _TIMER_enableInt                                 
0     0000b38e  _TIMER_disableInt                                
0     0000b391  _TIMER_clearFlag                                 
0     0000b394  _OSC_setTrim                                     
0     0000b39d  _OSC_setFineTrim                                 
0     0000b3ae  _OSC_setCoarseTrim                               
0     0000b3bb  _OSC_init                                        
0     0000b3c1  C$$EXIT                                          
0     0000b3c1  _abort                                           
0     0000b3c3  _exit                                            
0     0000b3ea  _CPU_init                                        
0     0000b3ee  _CPU_enableProtectedRegisterWrite                
0     0000b3f1  _CPU_enableInt                                   
0     0000b3f5  _CPU_enableGlobalInts                            
0     0000b3f8  _CPU_enableDebugInt                              
0     0000b3fb  _CPU_disableProtectedRegisterWrite               
0     0000b3fe  _CPU_disableInts                                 
0     0000b401  _CPU_disableInt                                  
0     0000b406  _CPU_disableGlobalInts                           
0     0000b409  _CPU_disableDebugInt                             
0     0000b40c  _CPU_clearIntFlags                               
0     0000b40f  FS$$TOI                                          
0     0000b434  _copy_in                                         
0     0000b458  _FILTER_FO_setNumCoeffs                          
0     0000b45c  _FILTER_FO_setInitialConditions                  
0     0000b461  _FILTER_FO_setDenCoeffs                          
0     0000b463  _FILTER_FO_init                                  
0     0000b469  _FILTER_FO_getNumCoeffs                          
0     0000b46f  _FILTER_FO_getInitialConditions                  
0     0000b476  _FILTER_FO_getDenCoeffs                          
0     0000b479  FS$$TOUL                                         
0     0000b49a  _FLASH_init                                      
0     0000b4a0  _FLASH_getStandbyWaitStatus                      
0     0000b4a4  _FLASH_getStandbyWaitCount                       
0     0000b4a7  _FLASH_getPowerMode                              
0     0000b4aa  _FLASH_getActiveWaitStatus                       
0     0000b4ae  _FLASH_getActiveWaitCount                        
0     0000b4b1  _FLASH_get3VStatus                               
0     0000b4b4  _FLASH_clear3VStatus                             
0     0000b4ba  FD$$TOL                                          
0     0000b4d9  FS$$TOU                                          
0     0000b4f6  _memcpy                                          
0     0000b513  FS$$TOFD                                         
0     0000b52f  I$$TOFS                                          
0     0000b549  L$$TOFS                                          
0     0000b563  __args_main                                      
0     0000b57c  FS$$CMP                                          
0     0000b593  UL$$TOFS                                         
0     0000b5a6  U$$TOFS                                          
0     0000b5b6  _copysign                                        
0     0000b5b6  _copysignf                                       
0     0000b5c0  __register_unlock                                
0     0000b5c4  __register_lock                                  
0     0000b5c8  __nop                                            
0     0000b5d1  _PIE_illegalIsr                                  
0     0000b5d6  FS$$NEG                                          
0     0000b5db  __system_pre_init                                
0     0000b5dd  __system_post_cinit                              
0     0000b5de  ___TI_enable_exit_profile_output                 
0     0000b5de  ___etext__                                       
0     0000b5de  etext                                            
0     0000b5e0  ___TI_cleanup_ptr                                
0     0000b5e2  ___TI_dtors_ptr                                  
0     0000b5e4  __lock                                           
0     0000b5e6  __unlock                                         
0     0000b5ea  _cpu                                             
0     0000b5eb  _errno                                           
0     0000b600  _gCounter_updateGlobals                          
0     0000b601  _Flag_Latch_softwareUpdate                       
0     0000b602  _gLEDcnt                                         
0     0000b604  _ctrlHandle                                      
0     0000b606  _halHandle                                       
0     0000b608  _gMaxCurrentSlope                                
0     0000b60a  _controller_obj                                  
0     0000b60c  _gFlux_pu_to_Wb_sf                               
0     0000b60e  _gFlux_pu_to_VpHz_sf                             
0     0000b610  _gTorque_Ls_Id_Iq_pu_to_Nm_sf                    
0     0000b612  _gTorque_Flux_Iq_pu_to_Nm_sf                     
0     0000b614  _gPwmData                                        
0     0000b61a  _gAdcData                                        
0     0000b640  _gDrvSpi8301Vars                                 
0     0000b680  _gMotorVars                                      
0     0000b700  _gUserParams                                     
0     0000b7c0  _hal                                             
0     0000b86a  __IQ24sqrt                                       
0     0000b8ac  __IQ24sinPU                                      
0     0000b8d5  __IQ24cosPU                                      
0     0000b8fc  __IQ30toF                                        
0     003fdc30  _IQsinTable                                      
0     003fdd30  _IQcosTable                                      
0     003fe030  _IQsinTableEnd                                   
0     003fe132  _IQcosTableEnd                                   
0     003fe132  _IQdivRoundSatTable                              
0     003fe140  _IQdivTable                                      
0     003fe342  _IQdivTableEnd                                   
0     003fe342  _IQisqrtRoundSatTable                            
0     003fe342  _IQsqrtRoundSatTable                             
0     003fe352  _IQisqrtTable                                    
0     003fe352  _IQsqrtTable                                     
0     003fe454  _IQatan2HalfPITable                              
0     003fe454  _IQisqrtTableEnd                                 
0     003fe454  _IQsqrtTableEnd                                  
0     003fe492  _IQatan2Table                                    
0     003fe618  _IQ30mpyRndSatTable                              
0     003fe618  _IQatan2TableEnd                                 
0     003fe618  _IQmpyRndSatTable                                
0     003fe624  _IQ29mpyRndSatTable                              
0     003fe630  _IQ28mpyRndSatTable                              
0     003fe63c  _IQ27mpyRndSatTable                              
0     003fe648  _IQ26mpyRndSatTable                              
0     003fe654  _IQ25mpyRndSatTable                              
0     003fe660  _IQ24mpyRndSatTable                              
0     003fe66c  _IQ23mpyRndSatTable                              
0     003fe678  _IQ22mpyRndSatTable                              
0     003fe684  _IQ21mpyRndSatTable                              
0     003fe690  _IQ20mpyRndSatTable                              
0     003fe69c  _IQ19mpyRndSatTable                              
0     003fe6a8  _IQ18mpyRndSatTable                              
0     003fe6b4  _IQ17mpyRndSatTable                              
0     003fe6c0  _IQ16mpyRndSatTable                              
0     003fe6cc  _IQ15mpyRndSatTable                              
0     003fe6d8  _IQ14mpyRndSatTable                              
0     003fe6e4  _IQ13mpyRndSatTable                              
0     003fe6f0  _IQ12mpyRndSatTable                              
0     003fe6fc  _IQ11mpyRndSatTable                              
0     003fe708  _IQ10mpyRndSatTable                              
0     003fe714  _IQ9mpyRndSatTable                               
0     003fe720  _IQ8mpyRndSatTable                               
0     003fe72c  _IQ7mpyRndSatTable                               
0     003fe738  _IQ6mpyRndSatTable                               
0     003fe744  _IQ5mpyRndSatTable                               
0     003fe750  _IQ4mpyRndSatTable                               
0     003fe75c  _IQ3mpyRndSatTable                               
0     003fe768  _IQ2mpyRndSatTable                               
0     003fe774  _IQ1mpyRndSatTable                               
0     003fe780  _IQmpyRndSatTableEnd                             
1     00000400  __stack                                          
1     000007b0  __STACK_END                                      
abs   00000036  _RamfuncsLoadSize                                
abs   000003b0  __STACK_SIZE                                     
abs   003f861b  _EST_getState                                    
abs   003f861d  _EST_useZeroIq_ref                               
abs   003f8679  _EST_isMotorIdentified                           
abs   003f8713  _EST_updateState                                 
abs   003f89f5  _EST_updateId_ref_pu                             
abs   003f8a18  _EST_setRs_pu                                    
abs   003f8adb  _EST_setMaxCurrentSlope_pu                       
abs   003f8ae7  _EST_setLs_q_pu                                  
abs   003f8af1  _EST_setLs_qFmt                                  
abs   003f8b45  _EST_setLs_d_pu                                  
abs   003f8b63  _EST_setIq_ref_pu                                
abs   003f8b67  _EST_setIdle_all                                 
abs   003f8b7a  _EST_setIdle                                     
abs   003f8b80  _EST_setId_ref_pu                                
abs   003f8bd3  _EST_setFlag_enableRsRecalc                      
abs   003f8bdb  _EST_setFlag_enableForceAngle                    
abs   003f8c0d  _EST_getAngle_pu                                 
abs   003f927b  _EST_run                                         
abs   003f9378  _EST_isOnLine                                    
abs   003f937f  _EST_isLockRotor                                 
abs   003f9386  _EST_isIdle                                      
abs   003f938d  _EST_isError                                     
abs   003f9453  _EST_get_pu_to_krpm_sf                           
abs   003f9458  _EST_get_krpm_to_pu_sf                           
abs   003f94c6  _EST_getSpeed_krpm                               
abs   003f9513  _EST_getRs_Ohm                                   
abs   003f95ad  _EST_getRr_Ohm                                   
abs   003f95b3  _EST_getOneOverDcBus_pu                          
abs   003f95bd  _EST_getMaxCurrentSlope_pu                       
abs   003f95c9  _EST_getLs_q_pu                                  
abs   003f95ce  _EST_getLs_q_H                                   
abs   003f95f0  _EST_getLs_d_pu                                  
abs   003f95f5  _EST_getLs_d_H                                   
abs   003f95ff  _EST_getLs_coarse_max_pu                         
abs   003f9632  _EST_getIdRated                                  
abs   003f968e  _EST_getFm_pu                                    
abs   003f96ab  _EST_getFlux_pu                                  
abs   003f96be  _EST_getFlux_VpHz                                
abs   003f9758  _EST_doSpeedCtrl                                 
abs   003f9760  _EST_doCurrentCtrl                               
abs   003f9806  _CTRL_setupTraj                                  
abs   003f996a  _CTRL_setupEstOnLineState                        
abs   003f99a5  _CTRL_setupEstIdleState                          
abs   003f9b43  _CTRL_setupCtrl                                  
abs   003f9d31  _CTRL_setUserMotorParams                         
abs   003f9e64  _CTRL_setEstParams                               
abs   003fa5d1  _CTRL_runTraj                                    
abs   003fa6fb  _CTRL_initCtrl                                   
abs   003fa721  _CTRL_getVersion                                 
abs   ffffffff  ___TI_pprof_out_hndl                             
abs   ffffffff  ___TI_prof_data_size                             
abs   ffffffff  ___TI_prof_data_start                            
abs   ffffffff  ___binit__                                       
abs   ffffffff  ___c_args__                                      
abs   ffffffff  ___pinit__                                       
abs   ffffffff  binit                                            
abs   ffffffff  pinit                                            

[666 symbols]
