<?xml version="1.0" encoding="ISO-8859-1" ?>
<link_info>
   <banner>TMS320C2000 Linker PC v18.12.3.LTS</banner>
   <copyright>Copyright (c) 1996-2018 Texas Instruments Incorporated</copyright>
   <link_time>0x61ada786</link_time>
   <link_errors>0x0</link_errors>
   <output_file>proj_lab02a.out</output_file>
   <entry_point>
      <name>_c_int00</name>
      <address>0xa8ab</address>
   </entry_point>
   <input_file_list>
      <input_file id="fl-5">
         <path>.\</path>
         <kind>object</kind>
         <file>CodeStartBranch.obj</file>
         <name>CodeStartBranch.obj</name>
      </input_file>
      <input_file id="fl-6">
         <path>.\</path>
         <kind>object</kind>
         <file>adc.obj</file>
         <name>adc.obj</name>
      </input_file>
      <input_file id="fl-7">
         <path>.\</path>
         <kind>object</kind>
         <file>clk.obj</file>
         <name>clk.obj</name>
      </input_file>
      <input_file id="fl-8">
         <path>.\</path>
         <kind>object</kind>
         <file>cpu.obj</file>
         <name>cpu.obj</name>
      </input_file>
      <input_file id="fl-9">
         <path>.\</path>
         <kind>object</kind>
         <file>drv8301.obj</file>
         <name>drv8301.obj</name>
      </input_file>
      <input_file id="fl-a">
         <path>.\</path>
         <kind>object</kind>
         <file>flash.obj</file>
         <name>flash.obj</name>
      </input_file>
      <input_file id="fl-b">
         <path>.\</path>
         <kind>object</kind>
         <file>gpio.obj</file>
         <name>gpio.obj</name>
      </input_file>
      <input_file id="fl-c">
         <path>.\</path>
         <kind>object</kind>
         <file>hal.obj</file>
         <name>hal.obj</name>
      </input_file>
      <input_file id="fl-d">
         <path>.\</path>
         <kind>object</kind>
         <file>osc.obj</file>
         <name>osc.obj</name>
      </input_file>
      <input_file id="fl-e">
         <path>.\</path>
         <kind>object</kind>
         <file>pie.obj</file>
         <name>pie.obj</name>
      </input_file>
      <input_file id="fl-f">
         <path>.\</path>
         <kind>object</kind>
         <file>pll.obj</file>
         <name>pll.obj</name>
      </input_file>
      <input_file id="fl-10">
         <path>.\</path>
         <kind>object</kind>
         <file>proj_lab02a.obj</file>
         <name>proj_lab02a.obj</name>
      </input_file>
      <input_file id="fl-11">
         <path>.\</path>
         <kind>object</kind>
         <file>pwm.obj</file>
         <name>pwm.obj</name>
      </input_file>
      <input_file id="fl-12">
         <path>.\</path>
         <kind>object</kind>
         <file>pwr.obj</file>
         <name>pwr.obj</name>
      </input_file>
      <input_file id="fl-13">
         <path>.\</path>
         <kind>object</kind>
         <file>spi.obj</file>
         <name>spi.obj</name>
      </input_file>
      <input_file id="fl-14">
         <path>.\</path>
         <kind>object</kind>
         <file>timer.obj</file>
         <name>timer.obj</name>
      </input_file>
      <input_file id="fl-15">
         <path>.\</path>
         <kind>object</kind>
         <file>usDelay.obj</file>
         <name>usDelay.obj</name>
      </input_file>
      <input_file id="fl-16">
         <path>.\</path>
         <kind>object</kind>
         <file>user.obj</file>
         <name>user.obj</name>
      </input_file>
      <input_file id="fl-17">
         <path>.\</path>
         <kind>object</kind>
         <file>wdog.obj</file>
         <name>wdog.obj</name>
      </input_file>
      <input_file id="fl-1a">
         <kind>object</kind>
         <file>&lt;internal&gt;</file>
         <name>&lt;internal&gt;</name>
      </input_file>
      <input_file id="fl-1b">
         <path>C:\ti\ccs920\ccs\tools\compiler\ti-cgt-c2000_18.12.3.LTS\lib\</path>
         <kind>archive</kind>
         <file>rts2800_ml.lib</file>
         <name>fd_mpy28.asm.obj</name>
      </input_file>
      <input_file id="fl-1c">
         <path>C:\ti\ccs920\ccs\tools\compiler\ti-cgt-c2000_18.12.3.LTS\lib\</path>
         <kind>archive</kind>
         <file>rts2800_ml.lib</file>
         <name>fd_tol28.asm.obj</name>
      </input_file>
      <input_file id="fl-1d">
         <path>C:\ti\ccs920\ccs\tools\compiler\ti-cgt-c2000_18.12.3.LTS\lib\</path>
         <kind>archive</kind>
         <file>rts2800_ml.lib</file>
         <name>fs_div28.asm.obj</name>
      </input_file>
      <input_file id="fl-1e">
         <path>C:\ti\ccs920\ccs\tools\compiler\ti-cgt-c2000_18.12.3.LTS\lib\</path>
         <kind>archive</kind>
         <file>rts2800_ml.lib</file>
         <name>fs_mpy28.asm.obj</name>
      </input_file>
      <input_file id="fl-1f">
         <path>C:\ti\ccs920\ccs\tools\compiler\ti-cgt-c2000_18.12.3.LTS\lib\</path>
         <kind>archive</kind>
         <file>rts2800_ml.lib</file>
         <name>fs_neg28.asm.obj</name>
      </input_file>
      <input_file id="fl-20">
         <path>C:\ti\ccs920\ccs\tools\compiler\ti-cgt-c2000_18.12.3.LTS\lib\</path>
         <kind>archive</kind>
         <file>rts2800_ml.lib</file>
         <name>fs_tofd28.asm.obj</name>
      </input_file>
      <input_file id="fl-21">
         <path>C:\ti\ccs920\ccs\tools\compiler\ti-cgt-c2000_18.12.3.LTS\lib\</path>
         <kind>archive</kind>
         <file>rts2800_ml.lib</file>
         <name>fs_toi28.asm.obj</name>
      </input_file>
      <input_file id="fl-22">
         <path>C:\ti\ccs920\ccs\tools\compiler\ti-cgt-c2000_18.12.3.LTS\lib\</path>
         <kind>archive</kind>
         <file>rts2800_ml.lib</file>
         <name>fs_tou28.asm.obj</name>
      </input_file>
      <input_file id="fl-23">
         <path>C:\ti\ccs920\ccs\tools\compiler\ti-cgt-c2000_18.12.3.LTS\lib\</path>
         <kind>archive</kind>
         <file>rts2800_ml.lib</file>
         <name>fs_toul28.asm.obj</name>
      </input_file>
      <input_file id="fl-24">
         <path>C:\ti\ccs920\ccs\tools\compiler\ti-cgt-c2000_18.12.3.LTS\lib\</path>
         <kind>archive</kind>
         <file>rts2800_ml.lib</file>
         <name>i_tofs28.asm.obj</name>
      </input_file>
      <input_file id="fl-25">
         <path>C:\ti\ccs920\ccs\tools\compiler\ti-cgt-c2000_18.12.3.LTS\lib\</path>
         <kind>archive</kind>
         <file>rts2800_ml.lib</file>
         <name>u_tofs28.asm.obj</name>
      </input_file>
      <input_file id="fl-26">
         <path>C:\ti\ccs920\ccs\tools\compiler\ti-cgt-c2000_18.12.3.LTS\lib\</path>
         <kind>archive</kind>
         <file>rts2800_ml.lib</file>
         <name>ul_tofs28.asm.obj</name>
      </input_file>
      <input_file id="fl-27">
         <path>E:\motor control\Motor_control-master\motorware\sw\modules\fast\lib\32b\f28x\f2806x\</path>
         <kind>archive</kind>
         <file>2806xRevB_FastSpinROMSymbols.lib</file>
         <name>TMS320x2806x_REVB_boot_rom_out__CTRL_getVersion_tmp.obj</name>
      </input_file>
      <input_file id="fl-28">
         <path>E:\motor control\Motor_control-master\motorware\sw\modules\fast\lib\32b\f28x\f2806x\</path>
         <kind>archive</kind>
         <file>2806xRevB_FastSpinROMSymbols.lib</file>
         <name>TMS320x2806x_REVB_boot_rom_out__CTRL_initCtrl_tmp.obj</name>
      </input_file>
      <input_file id="fl-29">
         <path>E:\motor control\Motor_control-master\motorware\sw\modules\fast\lib\32b\f28x\f2806x\</path>
         <kind>archive</kind>
         <file>2806xRevB_FastSpinROMSymbols.lib</file>
         <name>TMS320x2806x_REVB_boot_rom_out__CTRL_run_tmp.obj</name>
      </input_file>
      <input_file id="fl-2a">
         <path>E:\motor control\Motor_control-master\motorware\sw\modules\fast\lib\32b\f28x\f2806x\</path>
         <kind>archive</kind>
         <file>2806xRevB_FastSpinROMSymbols.lib</file>
         <name>TMS320x2806x_REVB_boot_rom_out__CTRL_setGains_tmp.obj</name>
      </input_file>
      <input_file id="fl-2b">
         <path>E:\motor control\Motor_control-master\motorware\sw\modules\fast\lib\32b\f28x\f2806x\</path>
         <kind>archive</kind>
         <file>2806xRevB_FastSpinROMSymbols.lib</file>
         <name>TMS320x2806x_REVB_boot_rom_out__CTRL_setParams_tmp.obj</name>
      </input_file>
      <input_file id="fl-2c">
         <path>E:\motor control\Motor_control-master\motorware\sw\modules\fast\lib\32b\f28x\f2806x\</path>
         <kind>archive</kind>
         <file>2806xRevB_FastSpinROMSymbols.lib</file>
         <name>TMS320x2806x_REVB_boot_rom_out__CTRL_setSpd_ref_krpm_tmp.obj</name>
      </input_file>
      <input_file id="fl-2d">
         <path>E:\motor control\Motor_control-master\motorware\sw\modules\fast\lib\32b\f28x\f2806x\</path>
         <kind>archive</kind>
         <file>2806xRevB_FastSpinROMSymbols.lib</file>
         <name>TMS320x2806x_REVB_boot_rom_out__CTRL_setup_tmp.obj</name>
      </input_file>
      <input_file id="fl-2e">
         <path>E:\motor control\Motor_control-master\motorware\sw\modules\fast\lib\32b\f28x\f2806x\</path>
         <kind>archive</kind>
         <file>2806xRevB_FastSpinROMSymbols.lib</file>
         <name>TMS320x2806x_REVB_boot_rom_out__CTRL_updateState_tmp.obj</name>
      </input_file>
      <input_file id="fl-2f">
         <path>E:\motor control\Motor_control-master\motorware\sw\modules\fast\lib\32b\f28x\f2806x\</path>
         <kind>archive</kind>
         <file>2806xRevB_FastSpinROMSymbols.lib</file>
         <name>TMS320x2806x_REVB_boot_rom_out__EST_computeDirection_qFmt_tmp.obj</name>
      </input_file>
      <input_file id="fl-30">
         <path>E:\motor control\Motor_control-master\motorware\sw\modules\fast\lib\32b\f28x\f2806x\</path>
         <kind>archive</kind>
         <file>2806xRevB_FastSpinROMSymbols.lib</file>
         <name>TMS320x2806x_REVB_boot_rom_out__EST_getFlux_VpHz_tmp.obj</name>
      </input_file>
      <input_file id="fl-31">
         <path>E:\motor control\Motor_control-master\motorware\sw\modules\fast\lib\32b\f28x\f2806x\</path>
         <kind>archive</kind>
         <file>2806xRevB_FastSpinROMSymbols.lib</file>
         <name>TMS320x2806x_REVB_boot_rom_out__EST_getFlux_pu_tmp.obj</name>
      </input_file>
      <input_file id="fl-32">
         <path>E:\motor control\Motor_control-master\motorware\sw\modules\fast\lib\32b\f28x\f2806x\</path>
         <kind>archive</kind>
         <file>2806xRevB_FastSpinROMSymbols.lib</file>
         <name>TMS320x2806x_REVB_boot_rom_out__EST_getIdRated_tmp.obj</name>
      </input_file>
      <input_file id="fl-33">
         <path>E:\motor control\Motor_control-master\motorware\sw\modules\fast\lib\32b\f28x\f2806x\</path>
         <kind>archive</kind>
         <file>2806xRevB_FastSpinROMSymbols.lib</file>
         <name>TMS320x2806x_REVB_boot_rom_out__EST_getLs_coarse_max_pu_tmp.obj</name>
      </input_file>
      <input_file id="fl-34">
         <path>E:\motor control\Motor_control-master\motorware\sw\modules\fast\lib\32b\f28x\f2806x\</path>
         <kind>archive</kind>
         <file>2806xRevB_FastSpinROMSymbols.lib</file>
         <name>TMS320x2806x_REVB_boot_rom_out__EST_getLs_d_H_tmp.obj</name>
      </input_file>
      <input_file id="fl-35">
         <path>E:\motor control\Motor_control-master\motorware\sw\modules\fast\lib\32b\f28x\f2806x\</path>
         <kind>archive</kind>
         <file>2806xRevB_FastSpinROMSymbols.lib</file>
         <name>TMS320x2806x_REVB_boot_rom_out__EST_getLs_d_pu_tmp.obj</name>
      </input_file>
      <input_file id="fl-36">
         <path>E:\motor control\Motor_control-master\motorware\sw\modules\fast\lib\32b\f28x\f2806x\</path>
         <kind>archive</kind>
         <file>2806xRevB_FastSpinROMSymbols.lib</file>
         <name>TMS320x2806x_REVB_boot_rom_out__EST_getLs_q_H_tmp.obj</name>
      </input_file>
      <input_file id="fl-37">
         <path>E:\motor control\Motor_control-master\motorware\sw\modules\fast\lib\32b\f28x\f2806x\</path>
         <kind>archive</kind>
         <file>2806xRevB_FastSpinROMSymbols.lib</file>
         <name>TMS320x2806x_REVB_boot_rom_out__EST_getLs_q_pu_tmp.obj</name>
      </input_file>
      <input_file id="fl-38">
         <path>E:\motor control\Motor_control-master\motorware\sw\modules\fast\lib\32b\f28x\f2806x\</path>
         <kind>archive</kind>
         <file>2806xRevB_FastSpinROMSymbols.lib</file>
         <name>TMS320x2806x_REVB_boot_rom_out__EST_getMaxCurrentSlope_pu_tmp.obj</name>
      </input_file>
      <input_file id="fl-39">
         <path>E:\motor control\Motor_control-master\motorware\sw\modules\fast\lib\32b\f28x\f2806x\</path>
         <kind>archive</kind>
         <file>2806xRevB_FastSpinROMSymbols.lib</file>
         <name>TMS320x2806x_REVB_boot_rom_out__EST_getRr_Ohm_tmp.obj</name>
      </input_file>
      <input_file id="fl-3a">
         <path>E:\motor control\Motor_control-master\motorware\sw\modules\fast\lib\32b\f28x\f2806x\</path>
         <kind>archive</kind>
         <file>2806xRevB_FastSpinROMSymbols.lib</file>
         <name>TMS320x2806x_REVB_boot_rom_out__EST_getRs_Ohm_tmp.obj</name>
      </input_file>
      <input_file id="fl-3b">
         <path>E:\motor control\Motor_control-master\motorware\sw\modules\fast\lib\32b\f28x\f2806x\</path>
         <kind>archive</kind>
         <file>2806xRevB_FastSpinROMSymbols.lib</file>
         <name>TMS320x2806x_REVB_boot_rom_out__EST_getSpeed_krpm_tmp.obj</name>
      </input_file>
      <input_file id="fl-3c">
         <path>E:\motor control\Motor_control-master\motorware\sw\modules\fast\lib\32b\f28x\f2806x\</path>
         <kind>archive</kind>
         <file>2806xRevB_FastSpinROMSymbols.lib</file>
         <name>TMS320x2806x_REVB_boot_rom_out__EST_getState_tmp.obj</name>
      </input_file>
      <input_file id="fl-3d">
         <path>E:\motor control\Motor_control-master\motorware\sw\modules\fast\lib\32b\f28x\f2806x\</path>
         <kind>archive</kind>
         <file>2806xRevB_FastSpinROMSymbols.lib</file>
         <name>TMS320x2806x_REVB_boot_rom_out__EST_get_pu_to_krpm_sf_tmp.obj</name>
      </input_file>
      <input_file id="fl-3e">
         <path>E:\motor control\Motor_control-master\motorware\sw\modules\fast\lib\32b\f28x\f2806x\</path>
         <kind>archive</kind>
         <file>2806xRevB_FastSpinROMSymbols.lib</file>
         <name>TMS320x2806x_REVB_boot_rom_out__EST_isMotorIdentified_tmp.obj</name>
      </input_file>
      <input_file id="fl-3f">
         <path>E:\motor control\Motor_control-master\motorware\sw\modules\fast\lib\32b\f28x\f2806x\</path>
         <kind>archive</kind>
         <file>2806xRevB_FastSpinROMSymbols.lib</file>
         <name>TMS320x2806x_REVB_boot_rom_out__EST_setDir_qFmt_tmp.obj</name>
      </input_file>
      <input_file id="fl-40">
         <path>E:\motor control\Motor_control-master\motorware\sw\modules\fast\lib\32b\f28x\f2806x\</path>
         <kind>archive</kind>
         <file>2806xRevB_FastSpinROMSymbols.lib</file>
         <name>TMS320x2806x_REVB_boot_rom_out__EST_setFe_neg_max_pu_tmp.obj</name>
      </input_file>
      <input_file id="fl-41">
         <path>E:\motor control\Motor_control-master\motorware\sw\modules\fast\lib\32b\f28x\f2806x\</path>
         <kind>archive</kind>
         <file>2806xRevB_FastSpinROMSymbols.lib</file>
         <name>TMS320x2806x_REVB_boot_rom_out__EST_setFe_pos_min_pu_tmp.obj</name>
      </input_file>
      <input_file id="fl-42">
         <path>E:\motor control\Motor_control-master\motorware\sw\modules\fast\lib\32b\f28x\f2806x\</path>
         <kind>archive</kind>
         <file>2806xRevB_FastSpinROMSymbols.lib</file>
         <name>TMS320x2806x_REVB_boot_rom_out__EST_setFlag_enableForceAngle_tmp.obj</name>
      </input_file>
      <input_file id="fl-43">
         <path>E:\motor control\Motor_control-master\motorware\sw\modules\fast\lib\32b\f28x\f2806x\</path>
         <kind>archive</kind>
         <file>2806xRevB_FastSpinROMSymbols.lib</file>
         <name>TMS320x2806x_REVB_boot_rom_out__EST_setLs_d_pu_tmp.obj</name>
      </input_file>
      <input_file id="fl-44">
         <path>E:\motor control\Motor_control-master\motorware\sw\modules\fast\lib\32b\f28x\f2806x\</path>
         <kind>archive</kind>
         <file>2806xRevB_FastSpinROMSymbols.lib</file>
         <name>TMS320x2806x_REVB_boot_rom_out__EST_setLs_qFmt_tmp.obj</name>
      </input_file>
      <input_file id="fl-45">
         <path>E:\motor control\Motor_control-master\motorware\sw\modules\fast\lib\32b\f28x\f2806x\</path>
         <kind>archive</kind>
         <file>2806xRevB_FastSpinROMSymbols.lib</file>
         <name>TMS320x2806x_REVB_boot_rom_out__EST_setLs_q_pu_tmp.obj</name>
      </input_file>
      <input_file id="fl-46">
         <path>E:\motor control\Motor_control-master\motorware\sw\modules\fast\lib\32b\f28x\f2806x\</path>
         <kind>archive</kind>
         <file>2806xRevB_FastSpinROMSymbols.lib</file>
         <name>TMS320x2806x_REVB_boot_rom_out__EST_setMaxCurrentSlope_pu_tmp.obj</name>
      </input_file>
      <input_file id="fl-47">
         <path>E:\motor control\Motor_control-master\motorware\sw\modules\fast\lib\32b\f28x\f2806x\</path>
         <kind>archive</kind>
         <file>2806xRevB_FastSpinROMSymbols.lib</file>
         <name>TMS320x2806x_REVB_boot_rom_out__OFFSET_init_tmp.obj</name>
      </input_file>
      <input_file id="fl-48">
         <path>E:\motor control\Motor_control-master\motorware\sw\modules\fast\lib\32b\f28x\f2806x\</path>
         <kind>archive</kind>
         <file>2806xRevB_FastSpinROMSymbols.lib</file>
         <name>TMS320x2806x_REVB_boot_rom_out__OFFSET_setBeta_tmp.obj</name>
      </input_file>
      <input_file id="fl-49">
         <path>E:\motor control\Motor_control-master\motorware\sw\modules\fast\lib\32b\f28x\f2806x\</path>
         <kind>archive</kind>
         <file>2806xRevB_FastSpinROMSymbols.lib</file>
         <name>TMS320x2806x_REVB_boot_rom_out__OFFSET_setInitCond_tmp.obj</name>
      </input_file>
      <input_file id="fl-4a">
         <path>E:\motor control\Motor_control-master\motorware\sw\modules\fast\lib\32b\f28x\f2806x\</path>
         <kind>archive</kind>
         <file>2806xRevB_FastSpinROMSymbols.lib</file>
         <name>TMS320x2806x_REVB_boot_rom_out__OFFSET_setOffset_tmp.obj</name>
      </input_file>
      <input_file id="fl-4b">
         <path>E:\motor control\Motor_control-master\motorware\sw\modules\iqmath\lib\f28x\32b\</path>
         <kind>archive</kind>
         <file>IQmath.lib</file>
         <name>IQ30toF.obj</name>
      </input_file>
      <input_file id="fl-4c">
         <path>C:\ti\ccs920\ccs\tools\compiler\ti-cgt-c2000_18.12.3.LTS\lib\</path>
         <kind>archive</kind>
         <file>rts2800_ml.lib</file>
         <name>boot28.asm.obj</name>
      </input_file>
      <input_file id="fl-4d">
         <path>C:\ti\ccs920\ccs\tools\compiler\ti-cgt-c2000_18.12.3.LTS\lib\</path>
         <kind>archive</kind>
         <file>rts2800_ml.lib</file>
         <name>args_main.c.obj</name>
      </input_file>
      <input_file id="fl-4e">
         <path>C:\ti\ccs920\ccs\tools\compiler\ti-cgt-c2000_18.12.3.LTS\lib\</path>
         <kind>archive</kind>
         <file>rts2800_ml.lib</file>
         <name>startup.c.obj</name>
      </input_file>
      <input_file id="fl-4f">
         <path>C:\ti\ccs920\ccs\tools\compiler\ti-cgt-c2000_18.12.3.LTS\lib\</path>
         <kind>archive</kind>
         <file>rts2800_ml.lib</file>
         <name>pre_init.c.obj</name>
      </input_file>
      <input_file id="fl-50">
         <path>C:\ti\ccs920\ccs\tools\compiler\ti-cgt-c2000_18.12.3.LTS\lib\</path>
         <kind>archive</kind>
         <file>rts2800_ml.lib</file>
         <name>s_ceilf.c.obj</name>
      </input_file>
      <input_file id="fl-51">
         <path>C:\ti\ccs920\ccs\tools\compiler\ti-cgt-c2000_18.12.3.LTS\lib\</path>
         <kind>archive</kind>
         <file>rts2800_ml.lib</file>
         <name>fs_add28.asm.obj</name>
      </input_file>
      <input_file id="fl-52">
         <path>C:\ti\ccs920\ccs\tools\compiler\ti-cgt-c2000_18.12.3.LTS\lib\</path>
         <kind>archive</kind>
         <file>rts2800_ml.lib</file>
         <name>fs_cmp28.asm.obj</name>
      </input_file>
      <input_file id="fl-53">
         <path>C:\ti\ccs920\ccs\tools\compiler\ti-cgt-c2000_18.12.3.LTS\lib\</path>
         <kind>archive</kind>
         <file>rts2800_ml.lib</file>
         <name>cpy_tbl.c.obj</name>
      </input_file>
      <input_file id="fl-54">
         <path>C:\ti\ccs920\ccs\tools\compiler\ti-cgt-c2000_18.12.3.LTS\lib\</path>
         <kind>archive</kind>
         <file>rts2800_ml.lib</file>
         <name>exit.c.obj</name>
      </input_file>
      <input_file id="fl-55">
         <path>C:\ti\ccs920\ccs\tools\compiler\ti-cgt-c2000_18.12.3.LTS\lib\</path>
         <kind>archive</kind>
         <file>rts2800_ml.lib</file>
         <name>_lock.c.obj</name>
      </input_file>
      <input_file id="fl-56">
         <path>C:\ti\ccs920\ccs\tools\compiler\ti-cgt-c2000_18.12.3.LTS\lib\</path>
         <kind>archive</kind>
         <file>rts2800_ml.lib</file>
         <name>e_logf.c.obj</name>
      </input_file>
      <input_file id="fl-57">
         <path>C:\ti\ccs920\ccs\tools\compiler\ti-cgt-c2000_18.12.3.LTS\lib\</path>
         <kind>archive</kind>
         <file>rts2800_ml.lib</file>
         <name>l_tofs28.asm.obj</name>
      </input_file>
      <input_file id="fl-58">
         <path>C:\ti\ccs920\ccs\tools\compiler\ti-cgt-c2000_18.12.3.LTS\lib\</path>
         <kind>archive</kind>
         <file>rts2800_ml.lib</file>
         <name>errno.c.obj</name>
      </input_file>
      <input_file id="fl-59">
         <path>C:\ti\ccs920\ccs\tools\compiler\ti-cgt-c2000_18.12.3.LTS\lib\</path>
         <kind>archive</kind>
         <file>rts2800_ml.lib</file>
         <name>memcpy.c.obj</name>
      </input_file>
      <input_file id="fl-5a">
         <path>C:\ti\ccs920\ccs\tools\compiler\ti-cgt-c2000_18.12.3.LTS\lib\</path>
         <kind>archive</kind>
         <file>rts2800_ml.lib</file>
         <name>e_powf.c.obj</name>
      </input_file>
      <input_file id="fl-5b">
         <path>C:\ti\ccs920\ccs\tools\compiler\ti-cgt-c2000_18.12.3.LTS\lib\</path>
         <kind>archive</kind>
         <file>rts2800_ml.lib</file>
         <name>s_scalbnf.c.obj</name>
      </input_file>
      <input_file id="fl-5c">
         <path>C:\ti\ccs920\ccs\tools\compiler\ti-cgt-c2000_18.12.3.LTS\lib\</path>
         <kind>archive</kind>
         <file>rts2800_ml.lib</file>
         <name>s_copysignf.c.obj</name>
      </input_file>
      <input_file id="fl-5d">
         <path>C:\ti\ccs920\ccs\tools\compiler\ti-cgt-c2000_18.12.3.LTS\lib\</path>
         <kind>archive</kind>
         <file>rts2800_ml.lib</file>
         <name>e_sqrtf.c.obj</name>
      </input_file>
   </input_file_list>
   <object_component_list>
      <object_component id="oc-3a">
         <name>codestart</name>
         <load_address>0x0</load_address>
         <run_address>0x0</run_address>
         <size>0x2</size>
         <input_file_ref idref="fl-5"/>
      </object_component>
      <object_component id="oc-158">
         <name>ramfuncs</name>
         <load_address>0x10f</load_address>
         <run_address>0x10f</run_address>
         <size>0x32</size>
         <input_file_ref idref="fl-a"/>
      </object_component>
      <object_component id="oc-94">
         <name>ramfuncs</name>
         <load_address>0x141</load_address>
         <run_address>0x141</run_address>
         <size>0x4</size>
         <input_file_ref idref="fl-15"/>
      </object_component>
      <object_component id="oc-14d">
         <name>.text</name>
         <load_address>0x8000</load_address>
         <run_address>0x8000</run_address>
         <size>0xaf3</size>
         <input_file_ref idref="fl-c"/>
      </object_component>
      <object_component id="oc-14e">
         <name>.text</name>
         <load_address>0x8af3</load_address>
         <run_address>0x8af3</run_address>
         <size>0x424</size>
         <input_file_ref idref="fl-16"/>
      </object_component>
      <object_component id="oc-161">
         <name>.text</name>
         <load_address>0x8f17</load_address>
         <run_address>0x8f17</run_address>
         <size>0x41e</size>
         <input_file_ref idref="fl-5a"/>
      </object_component>
      <object_component id="oc-14a">
         <name>.text</name>
         <load_address>0x9335</load_address>
         <run_address>0x9335</run_address>
         <size>0x32f</size>
         <input_file_ref idref="fl-10"/>
      </object_component>
      <object_component id="oc-155">
         <name>.text</name>
         <load_address>0x9664</load_address>
         <run_address>0x9664</run_address>
         <size>0x2f7</size>
         <input_file_ref idref="fl-11"/>
      </object_component>
      <object_component id="oc-151">
         <name>.text</name>
         <load_address>0x995b</load_address>
         <run_address>0x995b</run_address>
         <size>0x2d2</size>
         <input_file_ref idref="fl-9"/>
      </object_component>
      <object_component id="oc-159">
         <name>.text</name>
         <load_address>0x9c2d</load_address>
         <run_address>0x9c2d</run_address>
         <size>0x1ee</size>
         <input_file_ref idref="fl-6"/>
      </object_component>
      <object_component id="oc-154">
         <name>.text</name>
         <load_address>0x9e1b</load_address>
         <run_address>0x9e1b</run_address>
         <size>0x18a</size>
         <input_file_ref idref="fl-7"/>
      </object_component>
      <object_component id="oc-15f">
         <name>.text</name>
         <load_address>0x9fa5</load_address>
         <run_address>0x9fa5</run_address>
         <size>0x187</size>
         <input_file_ref idref="fl-56"/>
      </object_component>
      <object_component id="oc-148">
         <name>.text</name>
         <load_address>0xa12c</load_address>
         <run_address>0xa12c</run_address>
         <size>0x17f</size>
         <input_file_ref idref="fl-b"/>
      </object_component>
      <object_component id="oc-157">
         <name>.text</name>
         <load_address>0xa2ab</load_address>
         <run_address>0xa2ab</run_address>
         <size>0x102</size>
         <input_file_ref idref="fl-e"/>
      </object_component>
      <object_component id="oc-7a">
         <name>.text:retain</name>
         <load_address>0xa3ad</load_address>
         <run_address>0xa3ad</run_address>
         <size>0xe7</size>
         <input_file_ref idref="fl-10"/>
      </object_component>
      <object_component id="oc-153">
         <name>.text</name>
         <load_address>0xa494</load_address>
         <run_address>0xa494</run_address>
         <size>0xa9</size>
         <input_file_ref idref="fl-13"/>
      </object_component>
      <object_component id="oc-a4">
         <name>.text</name>
         <load_address>0xa53d</load_address>
         <run_address>0xa53d</run_address>
         <size>0x83</size>
         <input_file_ref idref="fl-1b"/>
      </object_component>
      <object_component id="oc-ae">
         <name>.text</name>
         <load_address>0xa5c0</load_address>
         <run_address>0xa5c0</run_address>
         <size>0x83</size>
         <input_file_ref idref="fl-1d"/>
      </object_component>
      <object_component id="oc-fc">
         <name>.text</name>
         <load_address>0xa643</load_address>
         <run_address>0xa643</run_address>
         <size>0x78</size>
         <input_file_ref idref="fl-51"/>
      </object_component>
      <object_component id="oc-163">
         <name>.text</name>
         <load_address>0xa6bb</load_address>
         <run_address>0xa6bb</run_address>
         <size>0x75</size>
         <input_file_ref idref="fl-5d"/>
      </object_component>
      <object_component id="oc-160">
         <name>.text</name>
         <load_address>0xa730</load_address>
         <run_address>0xa730</run_address>
         <size>0x69</size>
         <input_file_ref idref="fl-50"/>
      </object_component>
      <object_component id="oc-167">
         <name>.text</name>
         <load_address>0xa799</load_address>
         <run_address>0xa799</run_address>
         <size>0x5d</size>
         <input_file_ref idref="fl-5b"/>
      </object_component>
      <object_component id="oc-156">
         <name>.text</name>
         <load_address>0xa7f6</load_address>
         <run_address>0xa7f6</run_address>
         <size>0x5b</size>
         <input_file_ref idref="fl-f"/>
      </object_component>
      <object_component id="oc-b3">
         <name>.text</name>
         <load_address>0xa851</load_address>
         <run_address>0xa851</run_address>
         <size>0x5a</size>
         <input_file_ref idref="fl-1e"/>
      </object_component>
      <object_component id="oc-14">
         <name>.text</name>
         <load_address>0xa8ab</load_address>
         <run_address>0xa8ab</run_address>
         <size>0x54</size>
         <input_file_ref idref="fl-4c"/>
      </object_component>
      <object_component id="oc-15c">
         <name>.text</name>
         <load_address>0xa8ff</load_address>
         <run_address>0xa8ff</run_address>
         <size>0x46</size>
         <input_file_ref idref="fl-17"/>
      </object_component>
      <object_component id="oc-15e">
         <name>.text</name>
         <load_address>0xa945</load_address>
         <run_address>0xa945</run_address>
         <size>0x44</size>
         <input_file_ref idref="fl-12"/>
      </object_component>
      <object_component id="oc-152">
         <name>.text</name>
         <load_address>0xa989</load_address>
         <run_address>0xa989</run_address>
         <size>0x32</size>
         <input_file_ref idref="fl-14"/>
      </object_component>
      <object_component id="oc-15a">
         <name>.text</name>
         <load_address>0xa9bb</load_address>
         <run_address>0xa9bb</run_address>
         <size>0x2d</size>
         <input_file_ref idref="fl-d"/>
      </object_component>
      <object_component id="oc-146">
         <name>.text</name>
         <load_address>0xa9e8</load_address>
         <run_address>0xa9e8</run_address>
         <size>0x29</size>
         <input_file_ref idref="fl-54"/>
      </object_component>
      <object_component id="oc-15b">
         <name>.text</name>
         <load_address>0xaa11</load_address>
         <run_address>0xaa11</run_address>
         <size>0x25</size>
         <input_file_ref idref="fl-8"/>
      </object_component>
      <object_component id="oc-c2">
         <name>.text</name>
         <load_address>0xaa36</load_address>
         <run_address>0xaa36</run_address>
         <size>0x25</size>
         <input_file_ref idref="fl-21"/>
      </object_component>
      <object_component id="oc-143">
         <name>.text</name>
         <load_address>0xaa5b</load_address>
         <run_address>0xaa5b</run_address>
         <size>0x24</size>
         <input_file_ref idref="fl-53"/>
      </object_component>
      <object_component id="oc-cc">
         <name>.text</name>
         <load_address>0xaa7f</load_address>
         <run_address>0xaa7f</run_address>
         <size>0x21</size>
         <input_file_ref idref="fl-23"/>
      </object_component>
      <object_component id="oc-15d">
         <name>.text</name>
         <load_address>0xaaa0</load_address>
         <run_address>0xaaa0</run_address>
         <size>0x20</size>
         <input_file_ref idref="fl-a"/>
      </object_component>
      <object_component id="oc-a9">
         <name>.text</name>
         <load_address>0xaac0</load_address>
         <run_address>0xaac0</run_address>
         <size>0x1f</size>
         <input_file_ref idref="fl-1c"/>
      </object_component>
      <object_component id="oc-c7">
         <name>.text</name>
         <load_address>0xaadf</load_address>
         <run_address>0xaadf</run_address>
         <size>0x1d</size>
         <input_file_ref idref="fl-22"/>
      </object_component>
      <object_component id="oc-149">
         <name>.text</name>
         <load_address>0xaafc</load_address>
         <run_address>0xaafc</run_address>
         <size>0x1d</size>
         <input_file_ref idref="fl-59"/>
      </object_component>
      <object_component id="oc-bd">
         <name>.text</name>
         <load_address>0xab19</load_address>
         <run_address>0xab19</run_address>
         <size>0x1c</size>
         <input_file_ref idref="fl-20"/>
      </object_component>
      <object_component id="oc-d1">
         <name>.text</name>
         <load_address>0xab35</load_address>
         <run_address>0xab35</run_address>
         <size>0x1a</size>
         <input_file_ref idref="fl-24"/>
      </object_component>
      <object_component id="oc-11d">
         <name>.text</name>
         <load_address>0xab4f</load_address>
         <run_address>0xab4f</run_address>
         <size>0x1a</size>
         <input_file_ref idref="fl-57"/>
      </object_component>
      <object_component id="oc-145">
         <name>.text</name>
         <load_address>0xab69</load_address>
         <run_address>0xab69</run_address>
         <size>0x19</size>
         <input_file_ref idref="fl-4d"/>
      </object_component>
      <object_component id="oc-101">
         <name>.text</name>
         <load_address>0xab82</load_address>
         <run_address>0xab82</run_address>
         <size>0x17</size>
         <input_file_ref idref="fl-52"/>
      </object_component>
      <object_component id="oc-db">
         <name>.text</name>
         <load_address>0xab99</load_address>
         <run_address>0xab99</run_address>
         <size>0x13</size>
         <input_file_ref idref="fl-26"/>
      </object_component>
      <object_component id="oc-d6">
         <name>.text</name>
         <load_address>0xabac</load_address>
         <run_address>0xabac</run_address>
         <size>0x10</size>
         <input_file_ref idref="fl-25"/>
      </object_component>
      <object_component id="oc-168">
         <name>.text</name>
         <load_address>0xabbc</load_address>
         <run_address>0xabbc</run_address>
         <size>0xa</size>
         <input_file_ref idref="fl-5c"/>
      </object_component>
      <object_component id="oc-14f">
         <name>.text</name>
         <load_address>0xabc6</load_address>
         <run_address>0xabc6</run_address>
         <size>0x9</size>
         <input_file_ref idref="fl-55"/>
      </object_component>
      <object_component id="oc-39">
         <name>.text</name>
         <load_address>0xabcf</load_address>
         <run_address>0xabcf</run_address>
         <size>0x8</size>
         <input_file_ref idref="fl-5"/>
      </object_component>
      <object_component id="oc-6d">
         <name>.text:retain</name>
         <load_address>0xabd7</load_address>
         <run_address>0xabd7</run_address>
         <size>0x5</size>
         <input_file_ref idref="fl-e"/>
      </object_component>
      <object_component id="oc-b8">
         <name>.text</name>
         <load_address>0xabdc</load_address>
         <run_address>0xabdc</run_address>
         <size>0x5</size>
         <input_file_ref idref="fl-1f"/>
      </object_component>
      <object_component id="oc-142">
         <name>.text</name>
         <load_address>0xabe1</load_address>
         <run_address>0xabe1</run_address>
         <size>0x2</size>
         <input_file_ref idref="fl-4f"/>
      </object_component>
      <object_component id="oc-144">
         <name>.text</name>
         <load_address>0xabe3</load_address>
         <run_address>0xabe3</run_address>
         <size>0x1</size>
         <input_file_ref idref="fl-4e"/>
      </object_component>
      <object_component id="oc-78">
         <name>.cinit</name>
         <load_address>0x50</load_address>
         <run_address>0x50</run_address>
         <size>0x9d</size>
         <input_file_ref idref="fl-10"/>
      </object_component>
      <object_component id="oc-10c">
         <name>.cinit</name>
         <load_address>0xed</load_address>
         <run_address>0xed</run_address>
         <size>0xe</size>
         <input_file_ref idref="fl-54"/>
      </object_component>
      <object_component id="oc-14c">
         <name>.cinit:__lock</name>
         <load_address>0xfb</load_address>
         <run_address>0xfb</run_address>
         <size>0x5</size>
         <input_file_ref idref="fl-55"/>
      </object_component>
      <object_component id="oc-150">
         <name>.cinit:__unlock</name>
         <load_address>0x100</load_address>
         <run_address>0x100</run_address>
         <size>0x5</size>
         <input_file_ref idref="fl-55"/>
      </object_component>
      <object_component id="oc-50">
         <name>.cinit</name>
         <load_address>0x105</load_address>
         <run_address>0x105</run_address>
         <size>0x4</size>
         <input_file_ref idref="fl-9"/>
      </object_component>
      <object_component id="oc-123">
         <name>.cinit</name>
         <load_address>0x109</load_address>
         <run_address>0x109</run_address>
         <size>0x4</size>
         <input_file_ref idref="fl-58"/>
      </object_component>
      <object_component id="oc-e2">
         <name>.reset</name>
         <load_address>0x3fffc0</load_address>
         <run_address>0x3fffc0</run_address>
         <size>0x2</size>
         <input_file_ref idref="fl-4c"/>
      </object_component>
      <object_component id="oc-e1">
         <name>.stack</name>
         <uninitialized>true</uninitialized>
         <run_address>0x400</run_address>
         <size>0x0</size>
         <input_file_ref idref="fl-4c"/>
      </object_component>
      <object_component id="oc-186">
         <name>.stack</name>
         <uninitialized>true</uninitialized>
         <run_address>0x400</run_address>
         <size>0x0</size>
      </object_component>
      <object_component id="oc-4a">
         <name>.ebss</name>
         <uninitialized>true</uninitialized>
         <run_address>0xabf0</run_address>
         <size>0x1</size>
         <input_file_ref idref="fl-8"/>
      </object_component>
      <object_component id="oc-51">
         <name>.ebss</name>
         <uninitialized>true</uninitialized>
         <run_address>0xabee</run_address>
         <size>0x2</size>
         <input_file_ref idref="fl-9"/>
      </object_component>
      <object_component id="oc-61">
         <name>.ebss</name>
         <uninitialized>true</uninitialized>
         <run_address>0xad80</run_address>
         <size>0xaa</size>
         <input_file_ref idref="fl-c"/>
      </object_component>
      <object_component id="oc-79">
         <name>.ebss</name>
         <uninitialized>true</uninitialized>
         <run_address>0xac00</run_address>
         <size>0x16c</size>
         <input_file_ref idref="fl-10"/>
      </object_component>
      <object_component id="oc-10d">
         <name>.ebss</name>
         <uninitialized>true</uninitialized>
         <run_address>0xabe4</run_address>
         <size>0x6</size>
         <input_file_ref idref="fl-54"/>
      </object_component>
      <object_component id="oc-14b">
         <name>.ebss:__lock</name>
         <uninitialized>true</uninitialized>
         <run_address>0xabea</run_address>
         <size>0x2</size>
         <input_file_ref idref="fl-55"/>
      </object_component>
      <object_component id="oc-162">
         <name>.ebss:__unlock</name>
         <uninitialized>true</uninitialized>
         <run_address>0xabec</run_address>
         <size>0x2</size>
         <input_file_ref idref="fl-55"/>
      </object_component>
      <object_component id="oc-124">
         <name>.ebss</name>
         <uninitialized>true</uninitialized>
         <run_address>0xabf1</run_address>
         <size>0x1</size>
         <input_file_ref idref="fl-58"/>
      </object_component>
      <object_component id="oc-12c">
         <name>.econst</name>
         <load_address>0xae2a</load_address>
         <run_address>0xae2a</run_address>
         <size>0x32</size>
         <input_file_ref idref="fl-5a"/>
      </object_component>
      <object_component id="oc-118">
         <name>.econst</name>
         <load_address>0xae5c</load_address>
         <run_address>0xae5c</run_address>
         <size>0x10</size>
         <input_file_ref idref="fl-56"/>
      </object_component>
      <object_component id="oc-9a">
         <name>.econst</name>
         <load_address>0xae6c</load_address>
         <run_address>0xae6c</run_address>
         <size>0x8</size>
         <input_file_ref idref="fl-16"/>
      </object_component>
      <object_component id="oc-147">
         <name>.econst:_$P$T0$1</name>
         <load_address>0xae74</load_address>
         <run_address>0xae74</run_address>
         <size>0x6</size>
         <input_file_ref idref="fl-10"/>
      </object_component>
      <object_component id="oc-132">
         <name>.econst</name>
         <load_address>0xae7a</load_address>
         <run_address>0xae7a</run_address>
         <size>0x6</size>
         <input_file_ref idref="fl-5b"/>
      </object_component>
      <object_component id="oc-164">
         <name>.econst:_bp</name>
         <load_address>0xae80</load_address>
         <run_address>0xae80</run_address>
         <size>0x4</size>
         <input_file_ref idref="fl-5a"/>
      </object_component>
      <object_component id="oc-165">
         <name>.econst:_dp_h</name>
         <load_address>0xae84</load_address>
         <run_address>0xae84</run_address>
         <size>0x4</size>
         <input_file_ref idref="fl-5a"/>
      </object_component>
      <object_component id="oc-166">
         <name>.econst:_dp_l</name>
         <load_address>0xae88</load_address>
         <run_address>0xae88</run_address>
         <size>0x4</size>
         <input_file_ref idref="fl-5a"/>
      </object_component>
      <object_component id="oc-62">
         <name>.econst</name>
         <load_address>0xae8c</load_address>
         <run_address>0xae8c</run_address>
         <size>0x4</size>
         <input_file_ref idref="fl-c"/>
      </object_component>
      <object_component id="oc-7b">
         <name>.econst</name>
         <load_address>0xae90</load_address>
         <run_address>0xae90</run_address>
         <size>0x4</size>
         <input_file_ref idref="fl-10"/>
      </object_component>
      <object_component id="oc-13d">
         <name>.econst</name>
         <load_address>0xae94</load_address>
         <run_address>0xae94</run_address>
         <size>0x4</size>
         <input_file_ref idref="fl-5d"/>
      </object_component>
      <object_component id="oc-f7">
         <name>.econst</name>
         <load_address>0xae98</load_address>
         <run_address>0xae98</run_address>
         <size>0x2</size>
         <input_file_ref idref="fl-50"/>
      </object_component>
      <object_component id="oc-e0">
         <name>IQmath</name>
         <load_address>0xae9a</load_address>
         <run_address>0xae9a</run_address>
         <size>0x14</size>
         <input_file_ref idref="fl-4b"/>
      </object_component>
      <object_component id="oc-3b">
         <name>.debug_line</name>
         <load_address>0x0</load_address>
         <run_address>0x0</run_address>
         <size>0xab</size>
         <input_file_ref idref="fl-5"/>
      </object_component>
      <object_component id="oc-41">
         <name>.debug_line</name>
         <load_address>0xab</load_address>
         <run_address>0xab</run_address>
         <size>0x37b</size>
         <input_file_ref idref="fl-6"/>
      </object_component>
      <object_component id="oc-46">
         <name>.debug_line</name>
         <load_address>0x426</load_address>
         <run_address>0x426</run_address>
         <size>0x591</size>
         <input_file_ref idref="fl-7"/>
      </object_component>
      <object_component id="oc-4c">
         <name>.debug_line</name>
         <load_address>0x9b7</load_address>
         <run_address>0x9b7</run_address>
         <size>0x158</size>
         <input_file_ref idref="fl-8"/>
      </object_component>
      <object_component id="oc-53">
         <name>.debug_line</name>
         <load_address>0xb0f</load_address>
         <run_address>0xb0f</run_address>
         <size>0x5b3</size>
         <input_file_ref idref="fl-9"/>
      </object_component>
      <object_component id="oc-58">
         <name>.debug_line</name>
         <load_address>0x10c2</load_address>
         <run_address>0x10c2</run_address>
         <size>0x1e0</size>
         <input_file_ref idref="fl-a"/>
      </object_component>
      <object_component id="oc-5d">
         <name>.debug_line</name>
         <load_address>0x12a2</load_address>
         <run_address>0x12a2</run_address>
         <size>0x2be</size>
         <input_file_ref idref="fl-b"/>
      </object_component>
      <object_component id="oc-64">
         <name>.debug_line</name>
         <load_address>0x1560</load_address>
         <run_address>0x1560</run_address>
         <size>0xd7f</size>
         <input_file_ref idref="fl-c"/>
      </object_component>
      <object_component id="oc-69">
         <name>.debug_line</name>
         <load_address>0x22df</load_address>
         <run_address>0x22df</run_address>
         <size>0xe0</size>
         <input_file_ref idref="fl-d"/>
      </object_component>
      <object_component id="oc-6f">
         <name>.debug_line</name>
         <load_address>0x23bf</load_address>
         <run_address>0x23bf</run_address>
         <size>0x30a</size>
         <input_file_ref idref="fl-e"/>
      </object_component>
      <object_component id="oc-74">
         <name>.debug_line</name>
         <load_address>0x26c9</load_address>
         <run_address>0x26c9</run_address>
         <size>0x1ef</size>
         <input_file_ref idref="fl-f"/>
      </object_component>
      <object_component id="oc-7d">
         <name>.debug_line</name>
         <load_address>0x28b8</load_address>
         <run_address>0x28b8</run_address>
         <size>0x878</size>
         <input_file_ref idref="fl-10"/>
      </object_component>
      <object_component id="oc-82">
         <name>.debug_line</name>
         <load_address>0x3130</load_address>
         <run_address>0x3130</run_address>
         <size>0xa3d</size>
         <input_file_ref idref="fl-11"/>
      </object_component>
      <object_component id="oc-87">
         <name>.debug_line</name>
         <load_address>0x3b6d</load_address>
         <run_address>0x3b6d</run_address>
         <size>0x118</size>
         <input_file_ref idref="fl-12"/>
      </object_component>
      <object_component id="oc-8c">
         <name>.debug_line</name>
         <load_address>0x3c85</load_address>
         <run_address>0x3c85</run_address>
         <size>0x41c</size>
         <input_file_ref idref="fl-13"/>
      </object_component>
      <object_component id="oc-91">
         <name>.debug_line</name>
         <load_address>0x40a1</load_address>
         <run_address>0x40a1</run_address>
         <size>0x12d</size>
         <input_file_ref idref="fl-14"/>
      </object_component>
      <object_component id="oc-95">
         <name>.debug_line</name>
         <load_address>0x41ce</load_address>
         <run_address>0x41ce</run_address>
         <size>0x8c</size>
         <input_file_ref idref="fl-15"/>
      </object_component>
      <object_component id="oc-9c">
         <name>.debug_line</name>
         <load_address>0x425a</load_address>
         <run_address>0x425a</run_address>
         <size>0x45a</size>
         <input_file_ref idref="fl-16"/>
      </object_component>
      <object_component id="oc-a1">
         <name>.debug_line</name>
         <load_address>0x46b4</load_address>
         <run_address>0x46b4</run_address>
         <size>0x177</size>
         <input_file_ref idref="fl-17"/>
      </object_component>
      <object_component id="oc-a6">
         <name>.debug_line</name>
         <load_address>0x482b</load_address>
         <run_address>0x482b</run_address>
         <size>0xa2</size>
         <input_file_ref idref="fl-1b"/>
      </object_component>
      <object_component id="oc-ab">
         <name>.debug_line</name>
         <load_address>0x48cd</load_address>
         <run_address>0x48cd</run_address>
         <size>0x58</size>
         <input_file_ref idref="fl-1c"/>
      </object_component>
      <object_component id="oc-b0">
         <name>.debug_line</name>
         <load_address>0x4925</load_address>
         <run_address>0x4925</run_address>
         <size>0xab</size>
         <input_file_ref idref="fl-1d"/>
      </object_component>
      <object_component id="oc-b5">
         <name>.debug_line</name>
         <load_address>0x49d0</load_address>
         <run_address>0x49d0</run_address>
         <size>0x8d</size>
         <input_file_ref idref="fl-1e"/>
      </object_component>
      <object_component id="oc-ba">
         <name>.debug_line</name>
         <load_address>0x4a5d</load_address>
         <run_address>0x4a5d</run_address>
         <size>0x41</size>
         <input_file_ref idref="fl-1f"/>
      </object_component>
      <object_component id="oc-bf">
         <name>.debug_line</name>
         <load_address>0x4a9e</load_address>
         <run_address>0x4a9e</run_address>
         <size>0x56</size>
         <input_file_ref idref="fl-20"/>
      </object_component>
      <object_component id="oc-c4">
         <name>.debug_line</name>
         <load_address>0x4af4</load_address>
         <run_address>0x4af4</run_address>
         <size>0x5e</size>
         <input_file_ref idref="fl-21"/>
      </object_component>
      <object_component id="oc-c9">
         <name>.debug_line</name>
         <load_address>0x4b52</load_address>
         <run_address>0x4b52</run_address>
         <size>0x56</size>
         <input_file_ref idref="fl-22"/>
      </object_component>
      <object_component id="oc-ce">
         <name>.debug_line</name>
         <load_address>0x4ba8</load_address>
         <run_address>0x4ba8</run_address>
         <size>0x59</size>
         <input_file_ref idref="fl-23"/>
      </object_component>
      <object_component id="oc-d3">
         <name>.debug_line</name>
         <load_address>0x4c01</load_address>
         <run_address>0x4c01</run_address>
         <size>0x52</size>
         <input_file_ref idref="fl-24"/>
      </object_component>
      <object_component id="oc-d8">
         <name>.debug_line</name>
         <load_address>0x4c53</load_address>
         <run_address>0x4c53</run_address>
         <size>0x49</size>
         <input_file_ref idref="fl-25"/>
      </object_component>
      <object_component id="oc-dd">
         <name>.debug_line</name>
         <load_address>0x4c9c</load_address>
         <run_address>0x4c9c</run_address>
         <size>0x4f</size>
         <input_file_ref idref="fl-26"/>
      </object_component>
      <object_component id="oc-e4">
         <name>.debug_line</name>
         <load_address>0x4ceb</load_address>
         <run_address>0x4ceb</run_address>
         <size>0x7d</size>
         <input_file_ref idref="fl-4c"/>
      </object_component>
      <object_component id="oc-e9">
         <name>.debug_line</name>
         <load_address>0x4d68</load_address>
         <run_address>0x4d68</run_address>
         <size>0x55</size>
         <input_file_ref idref="fl-4d"/>
      </object_component>
      <object_component id="oc-ee">
         <name>.debug_line</name>
         <load_address>0x4dbd</load_address>
         <run_address>0x4dbd</run_address>
         <size>0x3a</size>
         <input_file_ref idref="fl-4e"/>
      </object_component>
      <object_component id="oc-f3">
         <name>.debug_line</name>
         <load_address>0x4df7</load_address>
         <run_address>0x4df7</run_address>
         <size>0x3e</size>
         <input_file_ref idref="fl-4f"/>
      </object_component>
      <object_component id="oc-f9">
         <name>.debug_line</name>
         <load_address>0x4e35</load_address>
         <run_address>0x4e35</run_address>
         <size>0x7f</size>
         <input_file_ref idref="fl-50"/>
      </object_component>
      <object_component id="oc-fe">
         <name>.debug_line</name>
         <load_address>0x4eb4</load_address>
         <run_address>0x4eb4</run_address>
         <size>0xa9</size>
         <input_file_ref idref="fl-51"/>
      </object_component>
      <object_component id="oc-103">
         <name>.debug_line</name>
         <load_address>0x4f5d</load_address>
         <run_address>0x4f5d</run_address>
         <size>0x52</size>
         <input_file_ref idref="fl-52"/>
      </object_component>
      <object_component id="oc-108">
         <name>.debug_line</name>
         <load_address>0x4faf</load_address>
         <run_address>0x4faf</run_address>
         <size>0x50</size>
         <input_file_ref idref="fl-53"/>
      </object_component>
      <object_component id="oc-10f">
         <name>.debug_line</name>
         <load_address>0x4fff</load_address>
         <run_address>0x4fff</run_address>
         <size>0x65</size>
         <input_file_ref idref="fl-54"/>
      </object_component>
      <object_component id="oc-114">
         <name>.debug_line</name>
         <load_address>0x5064</load_address>
         <run_address>0x5064</run_address>
         <size>0x5e</size>
         <input_file_ref idref="fl-55"/>
      </object_component>
      <object_component id="oc-11a">
         <name>.debug_line</name>
         <load_address>0x50c2</load_address>
         <run_address>0x50c2</run_address>
         <size>0xb9</size>
         <input_file_ref idref="fl-56"/>
      </object_component>
      <object_component id="oc-11f">
         <name>.debug_line</name>
         <load_address>0x517b</load_address>
         <run_address>0x517b</run_address>
         <size>0x53</size>
         <input_file_ref idref="fl-57"/>
      </object_component>
      <object_component id="oc-128">
         <name>.debug_line</name>
         <load_address>0x51ce</load_address>
         <run_address>0x51ce</run_address>
         <size>0x62</size>
         <input_file_ref idref="fl-59"/>
      </object_component>
      <object_component id="oc-12e">
         <name>.debug_line</name>
         <load_address>0x5230</load_address>
         <run_address>0x5230</run_address>
         <size>0x1d8</size>
         <input_file_ref idref="fl-5a"/>
      </object_component>
      <object_component id="oc-134">
         <name>.debug_line</name>
         <load_address>0x5408</load_address>
         <run_address>0x5408</run_address>
         <size>0x73</size>
         <input_file_ref idref="fl-5b"/>
      </object_component>
      <object_component id="oc-139">
         <name>.debug_line</name>
         <load_address>0x547b</load_address>
         <run_address>0x547b</run_address>
         <size>0x49</size>
         <input_file_ref idref="fl-5c"/>
      </object_component>
      <object_component id="oc-13f">
         <name>.debug_line</name>
         <load_address>0x54c4</load_address>
         <run_address>0x54c4</run_address>
         <size>0xb5</size>
         <input_file_ref idref="fl-5d"/>
      </object_component>
      <object_component id="oc-3c">
         <name>.debug_info</name>
         <load_address>0x0</load_address>
         <run_address>0x0</run_address>
         <size>0x258</size>
         <input_file_ref idref="fl-5"/>
      </object_component>
      <object_component id="oc-3f">
         <name>.debug_info</name>
         <load_address>0x258</load_address>
         <run_address>0x258</run_address>
         <size>0x46ee</size>
         <input_file_ref idref="fl-6"/>
      </object_component>
      <object_component id="oc-44">
         <name>.debug_info</name>
         <load_address>0x4946</load_address>
         <run_address>0x4946</run_address>
         <size>0x4f85</size>
         <input_file_ref idref="fl-7"/>
      </object_component>
      <object_component id="oc-49">
         <name>.debug_info</name>
         <load_address>0x98cb</load_address>
         <run_address>0x98cb</run_address>
         <size>0x1183</size>
         <input_file_ref idref="fl-8"/>
      </object_component>
      <object_component id="oc-4f">
         <name>.debug_info</name>
         <load_address>0xaa4e</load_address>
         <run_address>0xaa4e</run_address>
         <size>0x5035</size>
         <input_file_ref idref="fl-9"/>
      </object_component>
      <object_component id="oc-56">
         <name>.debug_info</name>
         <load_address>0xfa83</load_address>
         <run_address>0xfa83</run_address>
         <size>0x21d9</size>
         <input_file_ref idref="fl-a"/>
      </object_component>
      <object_component id="oc-5b">
         <name>.debug_info</name>
         <load_address>0x11c5c</load_address>
         <run_address>0x11c5c</run_address>
         <size>0x389c</size>
         <input_file_ref idref="fl-b"/>
      </object_component>
      <object_component id="oc-60">
         <name>.debug_info</name>
         <load_address>0x154f8</load_address>
         <run_address>0x154f8</run_address>
         <size>0x12ab1</size>
         <input_file_ref idref="fl-c"/>
      </object_component>
      <object_component id="oc-67">
         <name>.debug_info</name>
         <load_address>0x27fa9</load_address>
         <run_address>0x27fa9</run_address>
         <size>0xaa8</size>
         <input_file_ref idref="fl-d"/>
      </object_component>
      <object_component id="oc-6c">
         <name>.debug_info</name>
         <load_address>0x28a51</load_address>
         <run_address>0x28a51</run_address>
         <size>0x47cb</size>
         <input_file_ref idref="fl-e"/>
      </object_component>
      <object_component id="oc-72">
         <name>.debug_info</name>
         <load_address>0x2d21c</load_address>
         <run_address>0x2d21c</run_address>
         <size>0x1bef</size>
         <input_file_ref idref="fl-f"/>
      </object_component>
      <object_component id="oc-77">
         <name>.debug_info</name>
         <load_address>0x2ee0b</load_address>
         <run_address>0x2ee0b</run_address>
         <size>0x930d</size>
         <input_file_ref idref="fl-10"/>
      </object_component>
      <object_component id="oc-80">
         <name>.debug_info</name>
         <load_address>0x38118</load_address>
         <run_address>0x38118</run_address>
         <size>0xb808</size>
         <input_file_ref idref="fl-11"/>
      </object_component>
      <object_component id="oc-85">
         <name>.debug_info</name>
         <load_address>0x43920</load_address>
         <run_address>0x43920</run_address>
         <size>0x1441</size>
         <input_file_ref idref="fl-12"/>
      </object_component>
      <object_component id="oc-8a">
         <name>.debug_info</name>
         <load_address>0x44d61</load_address>
         <run_address>0x44d61</run_address>
         <size>0x3e2e</size>
         <input_file_ref idref="fl-13"/>
      </object_component>
      <object_component id="oc-8f">
         <name>.debug_info</name>
         <load_address>0x48b8f</load_address>
         <run_address>0x48b8f</run_address>
         <size>0xff6</size>
         <input_file_ref idref="fl-14"/>
      </object_component>
      <object_component id="oc-96">
         <name>.debug_info</name>
         <load_address>0x49b85</load_address>
         <run_address>0x49b85</run_address>
         <size>0x1d3</size>
         <input_file_ref idref="fl-15"/>
      </object_component>
      <object_component id="oc-99">
         <name>.debug_info</name>
         <load_address>0x49d58</load_address>
         <run_address>0x49d58</run_address>
         <size>0x4adf</size>
         <input_file_ref idref="fl-16"/>
      </object_component>
      <object_component id="oc-9f">
         <name>.debug_info</name>
         <load_address>0x4e837</load_address>
         <run_address>0x4e837</run_address>
         <size>0x13ef</size>
         <input_file_ref idref="fl-17"/>
      </object_component>
      <object_component id="oc-a5">
         <name>.debug_info</name>
         <load_address>0x4fc26</load_address>
         <run_address>0x4fc26</run_address>
         <size>0x115</size>
         <input_file_ref idref="fl-1b"/>
      </object_component>
      <object_component id="oc-aa">
         <name>.debug_info</name>
         <load_address>0x4fd3b</load_address>
         <run_address>0x4fd3b</run_address>
         <size>0x115</size>
         <input_file_ref idref="fl-1c"/>
      </object_component>
      <object_component id="oc-af">
         <name>.debug_info</name>
         <load_address>0x4fe50</load_address>
         <run_address>0x4fe50</run_address>
         <size>0x115</size>
         <input_file_ref idref="fl-1d"/>
      </object_component>
      <object_component id="oc-b4">
         <name>.debug_info</name>
         <load_address>0x4ff65</load_address>
         <run_address>0x4ff65</run_address>
         <size>0x115</size>
         <input_file_ref idref="fl-1e"/>
      </object_component>
      <object_component id="oc-b9">
         <name>.debug_info</name>
         <load_address>0x5007a</load_address>
         <run_address>0x5007a</run_address>
         <size>0x115</size>
         <input_file_ref idref="fl-1f"/>
      </object_component>
      <object_component id="oc-be">
         <name>.debug_info</name>
         <load_address>0x5018f</load_address>
         <run_address>0x5018f</run_address>
         <size>0x118</size>
         <input_file_ref idref="fl-20"/>
      </object_component>
      <object_component id="oc-c3">
         <name>.debug_info</name>
         <load_address>0x502a7</load_address>
         <run_address>0x502a7</run_address>
         <size>0x121</size>
         <input_file_ref idref="fl-21"/>
      </object_component>
      <object_component id="oc-c8">
         <name>.debug_info</name>
         <load_address>0x503c8</load_address>
         <run_address>0x503c8</run_address>
         <size>0x121</size>
         <input_file_ref idref="fl-22"/>
      </object_component>
      <object_component id="oc-cd">
         <name>.debug_info</name>
         <load_address>0x504e9</load_address>
         <run_address>0x504e9</run_address>
         <size>0x124</size>
         <input_file_ref idref="fl-23"/>
      </object_component>
      <object_component id="oc-d2">
         <name>.debug_info</name>
         <load_address>0x5060d</load_address>
         <run_address>0x5060d</run_address>
         <size>0x11f</size>
         <input_file_ref idref="fl-24"/>
      </object_component>
      <object_component id="oc-d7">
         <name>.debug_info</name>
         <load_address>0x5072c</load_address>
         <run_address>0x5072c</run_address>
         <size>0x119</size>
         <input_file_ref idref="fl-25"/>
      </object_component>
      <object_component id="oc-dc">
         <name>.debug_info</name>
         <load_address>0x50845</load_address>
         <run_address>0x50845</run_address>
         <size>0x11c</size>
         <input_file_ref idref="fl-26"/>
      </object_component>
      <object_component id="oc-e3">
         <name>.debug_info</name>
         <load_address>0x50961</load_address>
         <run_address>0x50961</run_address>
         <size>0x174</size>
         <input_file_ref idref="fl-4c"/>
      </object_component>
      <object_component id="oc-e7">
         <name>.debug_info</name>
         <load_address>0x50ad5</load_address>
         <run_address>0x50ad5</run_address>
         <size>0x401</size>
         <input_file_ref idref="fl-4d"/>
      </object_component>
      <object_component id="oc-ec">
         <name>.debug_info</name>
         <load_address>0x50ed6</load_address>
         <run_address>0x50ed6</run_address>
         <size>0x344</size>
         <input_file_ref idref="fl-4e"/>
      </object_component>
      <object_component id="oc-f1">
         <name>.debug_info</name>
         <load_address>0x5121a</load_address>
         <run_address>0x5121a</run_address>
         <size>0x347</size>
         <input_file_ref idref="fl-4f"/>
      </object_component>
      <object_component id="oc-f6">
         <name>.debug_info</name>
         <load_address>0x51561</load_address>
         <run_address>0x51561</run_address>
         <size>0x412</size>
         <input_file_ref idref="fl-50"/>
      </object_component>
      <object_component id="oc-fd">
         <name>.debug_info</name>
         <load_address>0x51973</load_address>
         <run_address>0x51973</run_address>
         <size>0x115</size>
         <input_file_ref idref="fl-51"/>
      </object_component>
      <object_component id="oc-102">
         <name>.debug_info</name>
         <load_address>0x51a88</load_address>
         <run_address>0x51a88</run_address>
         <size>0x115</size>
         <input_file_ref idref="fl-52"/>
      </object_component>
      <object_component id="oc-106">
         <name>.debug_info</name>
         <load_address>0x51b9d</load_address>
         <run_address>0x51b9d</run_address>
         <size>0x4fb</size>
         <input_file_ref idref="fl-53"/>
      </object_component>
      <object_component id="oc-10b">
         <name>.debug_info</name>
         <load_address>0x52098</load_address>
         <run_address>0x52098</run_address>
         <size>0x4de</size>
         <input_file_ref idref="fl-54"/>
      </object_component>
      <object_component id="oc-112">
         <name>.debug_info</name>
         <load_address>0x52576</load_address>
         <run_address>0x52576</run_address>
         <size>0x466</size>
         <input_file_ref idref="fl-55"/>
      </object_component>
      <object_component id="oc-117">
         <name>.debug_info</name>
         <load_address>0x529dc</load_address>
         <run_address>0x529dc</run_address>
         <size>0x73b</size>
         <input_file_ref idref="fl-56"/>
      </object_component>
      <object_component id="oc-11e">
         <name>.debug_info</name>
         <load_address>0x53117</load_address>
         <run_address>0x53117</run_address>
         <size>0x11f</size>
         <input_file_ref idref="fl-57"/>
      </object_component>
      <object_component id="oc-122">
         <name>.debug_info</name>
         <load_address>0x53236</load_address>
         <run_address>0x53236</run_address>
         <size>0x1c7</size>
         <input_file_ref idref="fl-58"/>
      </object_component>
      <object_component id="oc-126">
         <name>.debug_info</name>
         <load_address>0x533fd</load_address>
         <run_address>0x533fd</run_address>
         <size>0x3d4</size>
         <input_file_ref idref="fl-59"/>
      </object_component>
      <object_component id="oc-12b">
         <name>.debug_info</name>
         <load_address>0x537d1</load_address>
         <run_address>0x537d1</run_address>
         <size>0xe2a</size>
         <input_file_ref idref="fl-5a"/>
      </object_component>
      <object_component id="oc-131">
         <name>.debug_info</name>
         <load_address>0x545fb</load_address>
         <run_address>0x545fb</run_address>
         <size>0x476</size>
         <input_file_ref idref="fl-5b"/>
      </object_component>
      <object_component id="oc-137">
         <name>.debug_info</name>
         <load_address>0x54a71</load_address>
         <run_address>0x54a71</run_address>
         <size>0x387</size>
         <input_file_ref idref="fl-5c"/>
      </object_component>
      <object_component id="oc-13c">
         <name>.debug_info</name>
         <load_address>0x54df8</load_address>
         <run_address>0x54df8</run_address>
         <size>0x43f</size>
         <input_file_ref idref="fl-5d"/>
      </object_component>
      <object_component id="oc-187">
         <name>.debug_info</name>
         <load_address>0x55237</load_address>
         <run_address>0x55237</run_address>
         <size>0x104</size>
      </object_component>
      <object_component id="oc-3d">
         <name>.debug_abbrev</name>
         <load_address>0x0</load_address>
         <run_address>0x0</run_address>
         <size>0x21</size>
         <input_file_ref idref="fl-5"/>
      </object_component>
      <object_component id="oc-42">
         <name>.debug_abbrev</name>
         <load_address>0x21</load_address>
         <run_address>0x21</run_address>
         <size>0x18a</size>
         <input_file_ref idref="fl-6"/>
      </object_component>
      <object_component id="oc-47">
         <name>.debug_abbrev</name>
         <load_address>0x1ab</load_address>
         <run_address>0x1ab</run_address>
         <size>0x16b</size>
         <input_file_ref idref="fl-7"/>
      </object_component>
      <object_component id="oc-4d">
         <name>.debug_abbrev</name>
         <load_address>0x316</load_address>
         <run_address>0x316</run_address>
         <size>0x112</size>
         <input_file_ref idref="fl-8"/>
      </object_component>
      <object_component id="oc-54">
         <name>.debug_abbrev</name>
         <load_address>0x428</load_address>
         <run_address>0x428</run_address>
         <size>0x1d6</size>
         <input_file_ref idref="fl-9"/>
      </object_component>
      <object_component id="oc-59">
         <name>.debug_abbrev</name>
         <load_address>0x5fe</load_address>
         <run_address>0x5fe</run_address>
         <size>0x157</size>
         <input_file_ref idref="fl-a"/>
      </object_component>
      <object_component id="oc-5e">
         <name>.debug_abbrev</name>
         <load_address>0x755</load_address>
         <run_address>0x755</run_address>
         <size>0x162</size>
         <input_file_ref idref="fl-b"/>
      </object_component>
      <object_component id="oc-65">
         <name>.debug_abbrev</name>
         <load_address>0x8b7</load_address>
         <run_address>0x8b7</run_address>
         <size>0x232</size>
         <input_file_ref idref="fl-c"/>
      </object_component>
      <object_component id="oc-6a">
         <name>.debug_abbrev</name>
         <load_address>0xae9</load_address>
         <run_address>0xae9</run_address>
         <size>0x100</size>
         <input_file_ref idref="fl-d"/>
      </object_component>
      <object_component id="oc-70">
         <name>.debug_abbrev</name>
         <load_address>0xbe9</load_address>
         <run_address>0xbe9</run_address>
         <size>0x189</size>
         <input_file_ref idref="fl-e"/>
      </object_component>
      <object_component id="oc-75">
         <name>.debug_abbrev</name>
         <load_address>0xd72</load_address>
         <run_address>0xd72</run_address>
         <size>0x16b</size>
         <input_file_ref idref="fl-f"/>
      </object_component>
      <object_component id="oc-7e">
         <name>.debug_abbrev</name>
         <load_address>0xedd</load_address>
         <run_address>0xedd</run_address>
         <size>0x1cb</size>
         <input_file_ref idref="fl-10"/>
      </object_component>
      <object_component id="oc-83">
         <name>.debug_abbrev</name>
         <load_address>0x10a8</load_address>
         <run_address>0x10a8</run_address>
         <size>0x174</size>
         <input_file_ref idref="fl-11"/>
      </object_component>
      <object_component id="oc-88">
         <name>.debug_abbrev</name>
         <load_address>0x121c</load_address>
         <run_address>0x121c</run_address>
         <size>0x114</size>
         <input_file_ref idref="fl-12"/>
      </object_component>
      <object_component id="oc-8d">
         <name>.debug_abbrev</name>
         <load_address>0x1330</load_address>
         <run_address>0x1330</run_address>
         <size>0x16b</size>
         <input_file_ref idref="fl-13"/>
      </object_component>
      <object_component id="oc-92">
         <name>.debug_abbrev</name>
         <load_address>0x149b</load_address>
         <run_address>0x149b</run_address>
         <size>0x112</size>
         <input_file_ref idref="fl-14"/>
      </object_component>
      <object_component id="oc-97">
         <name>.debug_abbrev</name>
         <load_address>0x15ad</load_address>
         <run_address>0x15ad</run_address>
         <size>0x2f</size>
         <input_file_ref idref="fl-15"/>
      </object_component>
      <object_component id="oc-9d">
         <name>.debug_abbrev</name>
         <load_address>0x15dc</load_address>
         <run_address>0x15dc</run_address>
         <size>0x1a6</size>
         <input_file_ref idref="fl-16"/>
      </object_component>
      <object_component id="oc-a2">
         <name>.debug_abbrev</name>
         <load_address>0x1782</load_address>
         <run_address>0x1782</run_address>
         <size>0x114</size>
         <input_file_ref idref="fl-17"/>
      </object_component>
      <object_component id="oc-a7">
         <name>.debug_abbrev</name>
         <load_address>0x1896</load_address>
         <run_address>0x1896</run_address>
         <size>0x38</size>
         <input_file_ref idref="fl-1b"/>
      </object_component>
      <object_component id="oc-ac">
         <name>.debug_abbrev</name>
         <load_address>0x18ce</load_address>
         <run_address>0x18ce</run_address>
         <size>0x38</size>
         <input_file_ref idref="fl-1c"/>
      </object_component>
      <object_component id="oc-b1">
         <name>.debug_abbrev</name>
         <load_address>0x1906</load_address>
         <run_address>0x1906</run_address>
         <size>0x38</size>
         <input_file_ref idref="fl-1d"/>
      </object_component>
      <object_component id="oc-b6">
         <name>.debug_abbrev</name>
         <load_address>0x193e</load_address>
         <run_address>0x193e</run_address>
         <size>0x38</size>
         <input_file_ref idref="fl-1e"/>
      </object_component>
      <object_component id="oc-bb">
         <name>.debug_abbrev</name>
         <load_address>0x1976</load_address>
         <run_address>0x1976</run_address>
         <size>0x38</size>
         <input_file_ref idref="fl-1f"/>
      </object_component>
      <object_component id="oc-c0">
         <name>.debug_abbrev</name>
         <load_address>0x19ae</load_address>
         <run_address>0x19ae</run_address>
         <size>0x38</size>
         <input_file_ref idref="fl-20"/>
      </object_component>
      <object_component id="oc-c5">
         <name>.debug_abbrev</name>
         <load_address>0x19e6</load_address>
         <run_address>0x19e6</run_address>
         <size>0x38</size>
         <input_file_ref idref="fl-21"/>
      </object_component>
      <object_component id="oc-ca">
         <name>.debug_abbrev</name>
         <load_address>0x1a1e</load_address>
         <run_address>0x1a1e</run_address>
         <size>0x38</size>
         <input_file_ref idref="fl-22"/>
      </object_component>
      <object_component id="oc-cf">
         <name>.debug_abbrev</name>
         <load_address>0x1a56</load_address>
         <run_address>0x1a56</run_address>
         <size>0x38</size>
         <input_file_ref idref="fl-23"/>
      </object_component>
      <object_component id="oc-d4">
         <name>.debug_abbrev</name>
         <load_address>0x1a8e</load_address>
         <run_address>0x1a8e</run_address>
         <size>0x38</size>
         <input_file_ref idref="fl-24"/>
      </object_component>
      <object_component id="oc-d9">
         <name>.debug_abbrev</name>
         <load_address>0x1ac6</load_address>
         <run_address>0x1ac6</run_address>
         <size>0x38</size>
         <input_file_ref idref="fl-25"/>
      </object_component>
      <object_component id="oc-de">
         <name>.debug_abbrev</name>
         <load_address>0x1afe</load_address>
         <run_address>0x1afe</run_address>
         <size>0x38</size>
         <input_file_ref idref="fl-26"/>
      </object_component>
      <object_component id="oc-e5">
         <name>.debug_abbrev</name>
         <load_address>0x1b36</load_address>
         <run_address>0x1b36</run_address>
         <size>0x46</size>
         <input_file_ref idref="fl-4c"/>
      </object_component>
      <object_component id="oc-ea">
         <name>.debug_abbrev</name>
         <load_address>0x1b7c</load_address>
         <run_address>0x1b7c</run_address>
         <size>0xee</size>
         <input_file_ref idref="fl-4d"/>
      </object_component>
      <object_component id="oc-ef">
         <name>.debug_abbrev</name>
         <load_address>0x1c6a</load_address>
         <run_address>0x1c6a</run_address>
         <size>0x66</size>
         <input_file_ref idref="fl-4e"/>
      </object_component>
      <object_component id="oc-f4">
         <name>.debug_abbrev</name>
         <load_address>0x1cd0</load_address>
         <run_address>0x1cd0</run_address>
         <size>0x68</size>
         <input_file_ref idref="fl-4f"/>
      </object_component>
      <object_component id="oc-fa">
         <name>.debug_abbrev</name>
         <load_address>0x1d38</load_address>
         <run_address>0x1d38</run_address>
         <size>0xad</size>
         <input_file_ref idref="fl-50"/>
      </object_component>
      <object_component id="oc-ff">
         <name>.debug_abbrev</name>
         <load_address>0x1de5</load_address>
         <run_address>0x1de5</run_address>
         <size>0x38</size>
         <input_file_ref idref="fl-51"/>
      </object_component>
      <object_component id="oc-104">
         <name>.debug_abbrev</name>
         <load_address>0x1e1d</load_address>
         <run_address>0x1e1d</run_address>
         <size>0x38</size>
         <input_file_ref idref="fl-52"/>
      </object_component>
      <object_component id="oc-109">
         <name>.debug_abbrev</name>
         <load_address>0x1e55</load_address>
         <run_address>0x1e55</run_address>
         <size>0xe3</size>
         <input_file_ref idref="fl-53"/>
      </object_component>
      <object_component id="oc-110">
         <name>.debug_abbrev</name>
         <load_address>0x1f38</load_address>
         <run_address>0x1f38</run_address>
         <size>0x130</size>
         <input_file_ref idref="fl-54"/>
      </object_component>
      <object_component id="oc-115">
         <name>.debug_abbrev</name>
         <load_address>0x2068</load_address>
         <run_address>0x2068</run_address>
         <size>0xb2</size>
         <input_file_ref idref="fl-55"/>
      </object_component>
      <object_component id="oc-11b">
         <name>.debug_abbrev</name>
         <load_address>0x211a</load_address>
         <run_address>0x211a</run_address>
         <size>0xbd</size>
         <input_file_ref idref="fl-56"/>
      </object_component>
      <object_component id="oc-120">
         <name>.debug_abbrev</name>
         <load_address>0x21d7</load_address>
         <run_address>0x21d7</run_address>
         <size>0x38</size>
         <input_file_ref idref="fl-57"/>
      </object_component>
      <object_component id="oc-125">
         <name>.debug_abbrev</name>
         <load_address>0x220f</load_address>
         <run_address>0x220f</run_address>
         <size>0x31</size>
         <input_file_ref idref="fl-58"/>
      </object_component>
      <object_component id="oc-129">
         <name>.debug_abbrev</name>
         <load_address>0x2240</load_address>
         <run_address>0x2240</run_address>
         <size>0xa8</size>
         <input_file_ref idref="fl-59"/>
      </object_component>
      <object_component id="oc-12f">
         <name>.debug_abbrev</name>
         <load_address>0x22e8</load_address>
         <run_address>0x22e8</run_address>
         <size>0xea</size>
         <input_file_ref idref="fl-5a"/>
      </object_component>
      <object_component id="oc-135">
         <name>.debug_abbrev</name>
         <load_address>0x23d2</load_address>
         <run_address>0x23d2</run_address>
         <size>0xd6</size>
         <input_file_ref idref="fl-5b"/>
      </object_component>
      <object_component id="oc-13a">
         <name>.debug_abbrev</name>
         <load_address>0x24a8</load_address>
         <run_address>0x24a8</run_address>
         <size>0x8f</size>
         <input_file_ref idref="fl-5c"/>
      </object_component>
[...]
         <object_component_ref idref="oc-153"/>
      </symbol>
      <symbol id="sm-336">
         <name>_SPI_setBaudRate</name>
         <value>0xa4cd</value>
         <object_component_ref idref="oc-153"/>
      </symbol>
      <symbol id="sm-337">
         <name>_SPI_reset</name>
         <value>0xa4db</value>
         <object_component_ref idref="oc-153"/>
      </symbol>
      <symbol id="sm-338">
         <name>_SPI_setSuspend</name>
         <value>0xa4a5</value>
         <object_component_ref idref="oc-153"/>
      </symbol>
      <symbol id="sm-339">
         <name>_SPI_setClkPolarity</name>
         <value>0xa4c3</value>
         <object_component_ref idref="oc-153"/>
      </symbol>
      <symbol id="sm-33a">
         <name>_SPI_enableTx</name>
         <value>0xa4fe</value>
         <object_component_ref idref="oc-153"/>
      </symbol>
      <symbol id="sm-33b">
         <name>_SPI_enableLoopBack</name>
         <value>0xa50c</value>
         <object_component_ref idref="oc-153"/>
      </symbol>
      <symbol id="sm-33c">
         <name>_SPI_clearRxFifoOvf</name>
         <value>0xa535</value>
         <object_component_ref idref="oc-153"/>
      </symbol>
      <symbol id="sm-33d">
         <name>_SPI_clearTxFifoInt</name>
         <value>0xa531</value>
         <object_component_ref idref="oc-153"/>
      </symbol>
      <symbol id="sm-33e">
         <name>_SPI_setSteInv</name>
         <value>0xa4ac</value>
         <object_component_ref idref="oc-153"/>
      </symbol>
      <symbol id="sm-33f">
         <name>_SPI_enableRxFifoInt</name>
         <value>0xa501</value>
         <object_component_ref idref="oc-153"/>
      </symbol>
      <symbol id="sm-340">
         <name>_SPI_getTxFifoStatus</name>
         <value>0xa4e4</value>
         <object_component_ref idref="oc-153"/>
      </symbol>
      <symbol id="sm-341">
         <name>_SPI_setTriWire</name>
         <value>0xa49e</value>
         <object_component_ref idref="oc-153"/>
      </symbol>
      <symbol id="sm-342">
         <name>_SPI_disableInt</name>
         <value>0xa52e</value>
         <object_component_ref idref="oc-153"/>
      </symbol>
      <symbol id="sm-343">
         <name>_SPI_enableTxFifo</name>
         <value>0xa4fa</value>
         <object_component_ref idref="oc-153"/>
      </symbol>
      <symbol id="sm-344">
         <name>_SPI_enableRxFifo</name>
         <value>0xa505</value>
         <object_component_ref idref="oc-153"/>
      </symbol>
      <symbol id="sm-345">
         <name>_SPI_enableInt</name>
         <value>0xa50f</value>
         <object_component_ref idref="oc-153"/>
      </symbol>
      <symbol id="sm-352">
         <name>_TIMER_setEmulationMode</name>
         <value>0xa997</value>
         <object_component_ref idref="oc-152"/>
      </symbol>
      <symbol id="sm-353">
         <name>_TIMER_disableInt</name>
         <value>0xa9b5</value>
         <object_component_ref idref="oc-152"/>
      </symbol>
      <symbol id="sm-354">
         <name>_TIMER_setPreScaler</name>
         <value>0xa989</value>
         <object_component_ref idref="oc-152"/>
      </symbol>
      <symbol id="sm-355">
         <name>_TIMER_setDecimationFactor</name>
         <value>0xa99b</value>
         <object_component_ref idref="oc-152"/>
      </symbol>
      <symbol id="sm-356">
         <name>_TIMER_getStatus</name>
         <value>0xa9af</value>
         <object_component_ref idref="oc-152"/>
      </symbol>
      <symbol id="sm-357">
         <name>_TIMER_init</name>
         <value>0xa9a9</value>
         <object_component_ref idref="oc-152"/>
      </symbol>
      <symbol id="sm-358">
         <name>_TIMER_clearFlag</name>
         <value>0xa9b8</value>
         <object_component_ref idref="oc-152"/>
      </symbol>
      <symbol id="sm-359">
         <name>_TIMER_enableInt</name>
         <value>0xa9b2</value>
         <object_component_ref idref="oc-152"/>
      </symbol>
      <symbol id="sm-365">
         <name>_usDelay</name>
         <value>0x141</value>
         <object_component_ref idref="oc-94"/>
      </symbol>
      <symbol id="sm-375">
         <name>_USER_computeFlux_pu_to_VpHz_sf</name>
         <value>0x8e05</value>
         <object_component_ref idref="oc-14e"/>
      </symbol>
      <symbol id="sm-376">
         <name>_USER_calcPIgains</name>
         <value>0x8e52</value>
         <object_component_ref idref="oc-14e"/>
      </symbol>
      <symbol id="sm-377">
         <name>_USER_computeTorque_Ls_Id_Iq_pu_to_Nm_sf</name>
         <value>0x8d57</value>
         <object_component_ref idref="oc-14e"/>
      </symbol>
      <symbol id="sm-378">
         <name>_USER_computeTorque_lbin</name>
         <value>0x8cb2</value>
         <object_component_ref idref="oc-14e"/>
      </symbol>
      <symbol id="sm-379">
         <name>_USER_getErrorCode</name>
         <value>0x8caf</value>
         <object_component_ref idref="oc-14e"/>
      </symbol>
      <symbol id="sm-37a">
         <name>_USER_computeFlux</name>
         <value>0x8e40</value>
         <object_component_ref idref="oc-14e"/>
      </symbol>
      <symbol id="sm-37b">
         <name>_USER_checkForErrors</name>
         <value>0x8e4e</value>
         <object_component_ref idref="oc-14e"/>
      </symbol>
      <symbol id="sm-37c">
         <name>_USER_computeFlux_pu_to_Wb_sf</name>
         <value>0x8dca</value>
         <object_component_ref idref="oc-14e"/>
      </symbol>
      <symbol id="sm-37d">
         <name>_USER_computeTorque_Flux_Iq_pu_to_Nm_sf</name>
         <value>0x8d8f</value>
         <object_component_ref idref="oc-14e"/>
      </symbol>
      <symbol id="sm-37e">
         <name>_USER_softwareUpdate1p6</name>
         <value>0x8af3</value>
         <object_component_ref idref="oc-14e"/>
      </symbol>
      <symbol id="sm-37f">
         <name>_USER_setErrorCode</name>
         <value>0x8cac</value>
         <object_component_ref idref="oc-14e"/>
      </symbol>
      <symbol id="sm-380">
         <name>_USER_setParams</name>
         <value>0x8b76</value>
         <object_component_ref idref="oc-14e"/>
      </symbol>
      <symbol id="sm-381">
         <name>_USER_computeTorque_Nm</name>
         <value>0x8d0a</value>
         <object_component_ref idref="oc-14e"/>
      </symbol>
      <symbol id="sm-38e">
         <name>_WDOG_disableInt</name>
         <value>0xa92f</value>
         <object_component_ref idref="oc-15c"/>
      </symbol>
      <symbol id="sm-38f">
         <name>_WDOG_setPreScaler</name>
         <value>0xa8ff</value>
         <object_component_ref idref="oc-15c"/>
      </symbol>
      <symbol id="sm-390">
         <name>_WDOG_enableInt</name>
         <value>0xa91a</value>
         <object_component_ref idref="oc-15c"/>
      </symbol>
      <symbol id="sm-391">
         <name>_WDOG_enable</name>
         <value>0xa920</value>
         <object_component_ref idref="oc-15c"/>
      </symbol>
      <symbol id="sm-392">
         <name>_WDOG_setCount</name>
         <value>0xa909</value>
         <object_component_ref idref="oc-15c"/>
      </symbol>
      <symbol id="sm-393">
         <name>_WDOG_init</name>
         <value>0xa90b</value>
         <object_component_ref idref="oc-15c"/>
      </symbol>
      <symbol id="sm-394">
         <name>_WDOG_getIntStatus</name>
         <value>0xa911</value>
         <object_component_ref idref="oc-15c"/>
      </symbol>
      <symbol id="sm-395">
         <name>_WDOG_disable</name>
         <value>0xa935</value>
         <object_component_ref idref="oc-15c"/>
      </symbol>
      <symbol id="sm-396">
         <name>_WDOG_enableOverRide</name>
         <value>0xa914</value>
         <object_component_ref idref="oc-15c"/>
      </symbol>
      <symbol id="sm-397">
         <name>_WDOG_disableOverRide</name>
         <value>0xa929</value>
         <object_component_ref idref="oc-15c"/>
      </symbol>
      <symbol id="sm-398">
         <name>_WDOG_clearCounter</name>
         <value>0xa93d</value>
         <object_component_ref idref="oc-15c"/>
      </symbol>
      <symbol id="sm-3aa">
         <name>FD$$MPY</name>
         <value>0xa53d</value>
         <object_component_ref idref="oc-a4"/>
      </symbol>
      <symbol id="sm-3b9">
         <name>FD$$TOL</name>
         <value>0xaac0</value>
         <object_component_ref idref="oc-a9"/>
      </symbol>
      <symbol id="sm-3ca">
         <name>FS$$DIV</name>
         <value>0xa5c0</value>
         <object_component_ref idref="oc-ae"/>
      </symbol>
      <symbol id="sm-3db">
         <name>FS$$MPY</name>
         <value>0xa851</value>
         <object_component_ref idref="oc-b3"/>
      </symbol>
      <symbol id="sm-3e8">
         <name>FS$$NEG</name>
         <value>0xabdc</value>
         <object_component_ref idref="oc-b8"/>
      </symbol>
      <symbol id="sm-3f8">
         <name>FS$$TOFD</name>
         <value>0xab19</value>
         <object_component_ref idref="oc-bd"/>
      </symbol>
      <symbol id="sm-409">
         <name>FS$$TOI</name>
         <value>0xaa36</value>
         <object_component_ref idref="oc-c2"/>
      </symbol>
      <symbol id="sm-41a">
         <name>FS$$TOU</name>
         <value>0xaadf</value>
         <object_component_ref idref="oc-c7"/>
      </symbol>
      <symbol id="sm-42b">
         <name>FS$$TOUL</name>
         <value>0xaa7f</value>
         <object_component_ref idref="oc-cc"/>
      </symbol>
      <symbol id="sm-43a">
         <name>I$$TOFS</name>
         <value>0xab35</value>
         <object_component_ref idref="oc-d1"/>
      </symbol>
      <symbol id="sm-448">
         <name>U$$TOFS</name>
         <value>0xabac</value>
         <object_component_ref idref="oc-d6"/>
      </symbol>
      <symbol id="sm-458">
         <name>UL$$TOFS</name>
         <value>0xab99</value>
         <object_component_ref idref="oc-db"/>
      </symbol>
      <symbol id="sm-45a">
         <name>_CTRL_getVersion</name>
         <value>0x3fa721</value>
      </symbol>
      <symbol id="sm-45c">
         <name>_CTRL_initCtrl</name>
         <value>0x3fa6fb</value>
      </symbol>
      <symbol id="sm-45e">
         <name>_CTRL_run</name>
         <value>0x3faab6</value>
      </symbol>
      <symbol id="sm-460">
         <name>_CTRL_setGains</name>
         <value>0x3fa83e</value>
      </symbol>
      <symbol id="sm-462">
         <name>_CTRL_setParams</name>
         <value>0x3fa866</value>
      </symbol>
      <symbol id="sm-464">
         <name>_CTRL_setSpd_ref_krpm</name>
         <value>0x3fa82b</value>
      </symbol>
      <symbol id="sm-466">
         <name>_CTRL_setup</name>
         <value>0x3fa80c</value>
      </symbol>
      <symbol id="sm-468">
         <name>_CTRL_updateState</name>
         <value>0x3fa72b</value>
      </symbol>
      <symbol id="sm-46a">
         <name>_EST_computeDirection_qFmt</name>
         <value>0x3f86ad</value>
      </symbol>
      <symbol id="sm-46c">
         <name>_EST_getFlux_VpHz</name>
         <value>0x3f96be</value>
      </symbol>
      <symbol id="sm-46e">
         <name>_EST_getFlux_pu</name>
         <value>0x3f96ab</value>
      </symbol>
      <symbol id="sm-470">
         <name>_EST_getIdRated</name>
         <value>0x3f9632</value>
      </symbol>
      <symbol id="sm-472">
         <name>_EST_getLs_coarse_max_pu</name>
         <value>0x3f95ff</value>
      </symbol>
      <symbol id="sm-474">
         <name>_EST_getLs_d_H</name>
         <value>0x3f95f5</value>
      </symbol>
      <symbol id="sm-476">
         <name>_EST_getLs_d_pu</name>
         <value>0x3f95f0</value>
      </symbol>
      <symbol id="sm-478">
         <name>_EST_getLs_q_H</name>
         <value>0x3f95ce</value>
      </symbol>
      <symbol id="sm-47a">
         <name>_EST_getLs_q_pu</name>
         <value>0x3f95c9</value>
      </symbol>
      <symbol id="sm-47c">
         <name>_EST_getMaxCurrentSlope_pu</name>
         <value>0x3f95bd</value>
      </symbol>
      <symbol id="sm-47e">
         <name>_EST_getRr_Ohm</name>
         <value>0x3f95ad</value>
      </symbol>
      <symbol id="sm-480">
         <name>_EST_getRs_Ohm</name>
         <value>0x3f9513</value>
      </symbol>
      <symbol id="sm-482">
         <name>_EST_getSpeed_krpm</name>
         <value>0x3f94c6</value>
      </symbol>
      <symbol id="sm-484">
         <name>_EST_getState</name>
         <value>0x3f861b</value>
      </symbol>
      <symbol id="sm-486">
         <name>_EST_get_pu_to_krpm_sf</name>
         <value>0x3f9453</value>
      </symbol>
      <symbol id="sm-488">
         <name>_EST_isMotorIdentified</name>
         <value>0x3f8679</value>
      </symbol>
      <symbol id="sm-48a">
         <name>_EST_setDir_qFmt</name>
         <value>0x3f8bf5</value>
      </symbol>
      <symbol id="sm-48c">
         <name>_EST_setFe_neg_max_pu</name>
         <value>0x3f8be8</value>
      </symbol>
      <symbol id="sm-48e">
         <name>_EST_setFe_pos_min_pu</name>
         <value>0x3f8be4</value>
      </symbol>
      <symbol id="sm-490">
         <name>_EST_setFlag_enableForceAngle</name>
         <value>0x3f8bdb</value>
      </symbol>
      <symbol id="sm-492">
         <name>_EST_setLs_d_pu</name>
         <value>0x3f8b45</value>
      </symbol>
      <symbol id="sm-494">
         <name>_EST_setLs_qFmt</name>
         <value>0x3f8af1</value>
      </symbol>
      <symbol id="sm-496">
         <name>_EST_setLs_q_pu</name>
         <value>0x3f8ae7</value>
      </symbol>
      <symbol id="sm-498">
         <name>_EST_setMaxCurrentSlope_pu</name>
         <value>0x3f8adb</value>
      </symbol>
      <symbol id="sm-49a">
         <name>_OFFSET_init</name>
         <value>0x3fb4dc</value>
      </symbol>
      <symbol id="sm-49c">
         <name>_OFFSET_setBeta</name>
         <value>0x3fb4c6</value>
      </symbol>
      <symbol id="sm-49e">
         <name>_OFFSET_setInitCond</name>
         <value>0x3fb4bd</value>
      </symbol>
      <symbol id="sm-4a0">
         <name>_OFFSET_setOffset</name>
         <value>0x3fb4bb</value>
      </symbol>
      <symbol id="sm-4aa">
         <name>__IQ30toF</name>
         <value>0xae9a</value>
         <object_component_ref idref="oc-e0"/>
      </symbol>
      <symbol id="sm-4c5">
         <name>_c_int00</name>
         <value>0xa8ab</value>
         <object_component_ref idref="oc-14"/>
      </symbol>
      <symbol id="sm-4c6">
         <name>__stack</name>
         <value>0x400</value>
         <object_component_ref idref="oc-e1"/>
      </symbol>
      <symbol id="sm-4d5">
         <name>__args_main</name>
         <value>0xab69</value>
         <object_component_ref idref="oc-145"/>
      </symbol>
      <symbol id="sm-4e2">
         <name>__system_post_cinit</name>
         <value>0xabe3</value>
         <object_component_ref idref="oc-144"/>
      </symbol>
      <symbol id="sm-4ee">
         <name>__system_pre_init</name>
         <value>0xabe1</value>
         <object_component_ref idref="oc-142"/>
      </symbol>
      <symbol id="sm-506">
         <name>_ceilf</name>
         <value>0xa730</value>
         <object_component_ref idref="oc-160"/>
      </symbol>
      <symbol id="sm-507">
         <name>_ceil</name>
         <value>0xa730</value>
         <object_component_ref idref="oc-160"/>
      </symbol>
      <symbol id="sm-521">
         <name>FS$$ADD</name>
         <value>0xa648</value>
         <object_component_ref idref="oc-fc"/>
      </symbol>
      <symbol id="sm-522">
         <name>FS$$SUB</name>
         <value>0xa643</value>
         <object_component_ref idref="oc-fc"/>
      </symbol>
      <symbol id="sm-534">
         <name>FS$$CMP</name>
         <value>0xab82</value>
         <object_component_ref idref="oc-101"/>
      </symbol>
      <symbol id="sm-543">
         <name>_copy_in</name>
         <value>0xaa5b</value>
         <object_component_ref idref="oc-143"/>
      </symbol>
      <symbol id="sm-557">
         <name>C$$EXIT</name>
         <value>0xa9e8</value>
         <object_component_ref idref="oc-146"/>
      </symbol>
      <symbol id="sm-558">
         <name>_exit</name>
         <value>0xa9ea</value>
         <object_component_ref idref="oc-146"/>
      </symbol>
      <symbol id="sm-559">
         <name>___TI_cleanup_ptr</name>
         <value>0xabe6</value>
         <object_component_ref idref="oc-10d"/>
      </symbol>
      <symbol id="sm-55a">
         <name>___TI_enable_exit_profile_output</name>
         <value>0xabe4</value>
         <object_component_ref idref="oc-10d"/>
      </symbol>
      <symbol id="sm-55b">
         <name>_abort</name>
         <value>0xa9e8</value>
         <object_component_ref idref="oc-146"/>
      </symbol>
      <symbol id="sm-55c">
         <name>___TI_dtors_ptr</name>
         <value>0xabe8</value>
         <object_component_ref idref="oc-10d"/>
      </symbol>
      <symbol id="sm-570">
         <name>__unlock</name>
         <value>0xabec</value>
         <object_component_ref idref="oc-162"/>
      </symbol>
      <symbol id="sm-571">
         <name>__lock</name>
         <value>0xabea</value>
         <object_component_ref idref="oc-14b"/>
      </symbol>
      <symbol id="sm-572">
         <name>__register_lock</name>
         <value>0xabca</value>
         <object_component_ref idref="oc-14f"/>
      </symbol>
      <symbol id="sm-573">
         <name>__nop</name>
         <value>0xabce</value>
         <object_component_ref idref="oc-14f"/>
      </symbol>
      <symbol id="sm-574">
         <name>__register_unlock</name>
         <value>0xabc6</value>
         <object_component_ref idref="oc-14f"/>
      </symbol>
      <symbol id="sm-59c">
         <name>_logf</name>
         <value>0x9fa5</value>
         <object_component_ref idref="oc-15f"/>
      </symbol>
      <symbol id="sm-59d">
         <name>_log</name>
         <value>0x9fa5</value>
         <object_component_ref idref="oc-15f"/>
      </symbol>
      <symbol id="sm-5ac">
         <name>L$$TOFS</name>
         <value>0xab4f</value>
         <object_component_ref idref="oc-11d"/>
      </symbol>
      <symbol id="sm-5b6">
         <name>_errno</name>
         <value>0xabf1</value>
         <object_component_ref idref="oc-124"/>
      </symbol>
      <symbol id="sm-5c7">
         <name>_memcpy</name>
         <value>0xaafc</value>
         <object_component_ref idref="oc-149"/>
      </symbol>
      <symbol id="sm-621">
         <name>_powf</name>
         <value>0x8f17</value>
         <object_component_ref idref="oc-161"/>
      </symbol>
      <symbol id="sm-622">
         <name>_pow</name>
         <value>0x8f17</value>
         <object_component_ref idref="oc-161"/>
      </symbol>
      <symbol id="sm-63b">
         <name>_scalbn</name>
         <value>0xa799</value>
         <object_component_ref idref="oc-167"/>
      </symbol>
      <symbol id="sm-63c">
         <name>_ldexp</name>
         <value>0xa799</value>
         <object_component_ref idref="oc-167"/>
      </symbol>
      <symbol id="sm-63d">
         <name>_scalbnf</name>
         <value>0xa799</value>
         <object_component_ref idref="oc-167"/>
      </symbol>
      <symbol id="sm-63e">
         <name>_ldexpf</name>
         <value>0xa799</value>
         <object_component_ref idref="oc-167"/>
      </symbol>
      <symbol id="sm-64a">
         <name>_copysignf</name>
         <value>0xabbc</value>
         <object_component_ref idref="oc-168"/>
      </symbol>
      <symbol id="sm-64b">
         <name>_copysign</name>
         <value>0xabbc</value>
         <object_component_ref idref="oc-168"/>
      </symbol>
      <symbol id="sm-666">
         <name>_sqrtf</name>
         <value>0xa6bb</value>
         <object_component_ref idref="oc-163"/>
      </symbol>
      <symbol id="sm-667">
         <name>_sqrt</name>
         <value>0xa6bb</value>
         <object_component_ref idref="oc-163"/>
      </symbol>
   </symbol_table>
   <title>Link successful</title>
</link_info>
